PLINK v2.00a2.3LM 64-bit Intel (24 Jan 2020)
Options in effect:
  --out Boltonia_decurrens_100kb0.8_pca
  --pca 424
  --pfile Boltonia_decurrens_100kb0.8

Hostname: compute1-exec-135.ris.wustl.edu
Working directory: /storage1/fs1/christine.e.edwards/Active/Wen/IMLS_analyses/Boltonia
Start time: Sun Jul 20 19:02:31 2025

Random number seed: 1753038151
385047 MiB RAM detected; reserving 192523 MiB for main workspace.
Using up to 64 threads (change this with --threads).
424 samples (0 females, 0 males, 424 ambiguous; 424 founders) loaded from
Boltonia_decurrens_100kb0.8.psam.
1536138 variants loaded from Boltonia_decurrens_100kb0.8.pvar.
Note: No phenotype data present.
Calculating allele frequencies... done.
Constructing GRM: done.
Extracting eigenvalues and eigenvectors... done.
--pca: Eigenvectors written to Boltonia_decurrens_100kb0.8_pca.eigenvec , and
eigenvalues written to Boltonia_decurrens_100kb0.8_pca.eigenval .

End time: Sun Jul 20 19:02:33 2025
