****                   ADMIXTURE Version 1.3.0                  ****
****                    Copyright 2008-2015                     ****
****           David Alexander, Suyash Shringarpure,            ****
****                John  Novembre, Ken Lange                   ****
****                                                            ****
****                 Please cite our paper!                     ****
****   Information at www.genetics.ucla.edu/software/admixture  ****

Parallel execution requested.  Will use 16 threads.
Cross-validation will be performed.  Folds=5.
Random seed: 43
Point estimation method: Block relaxation algorithm
Convergence acceleration algorithm: QuasiNewton, 3 secant conditions
Point estimation will terminate when objective function delta < 0.0001
Estimation of standard errors disabled; will compute point estimates only.
Size of G: 460x226161
Performing five EM steps to prime main algorithm
1 (EM) 	Elapsed: 58.241	Loglikelihood: -6.21336e+07	(delta): 8.79366e+07
2 (EM) 	Elapsed: 54.486	Loglikelihood: -5.87822e+07	(delta): 3.35138e+06
3 (EM) 	Elapsed: 54.002	Loglikelihood: -5.8337e+07	(delta): 445225
4 (EM) 	Elapsed: 48.627	Loglikelihood: -5.81073e+07	(delta): 229682
5 (EM) 	Elapsed: 51.022	Loglikelihood: -5.79327e+07	(delta): 174615
Initial loglikelihood: -5.79327e+07
Starting main algorithm
1 (QN/Block) 	Elapsed: 59.139	Loglikelihood: -5.45351e+07	(delta): 3.39761e+06
2 (QN/Block) 	Elapsed: 63.381	Loglikelihood: -5.28317e+07	(delta): 1.70341e+06
3 (QN/Block) 	Elapsed: 65.173	Loglikelihood: -5.22985e+07	(delta): 533196
4 (QN/Block) 	Elapsed: 70.92	Loglikelihood: -5.19721e+07	(delta): 326422
5 (QN/Block) 	Elapsed: 54.879	Loglikelihood: -5.17425e+07	(delta): 229547
6 (QN/Block) 	Elapsed: 53.905	Loglikelihood: -5.16048e+07	(delta): 137737
7 (QN/Block) 	Elapsed: 54.095	Loglikelihood: -5.15189e+07	(delta): 85876.3
8 (QN/Block) 	Elapsed: 66.285	Loglikelihood: -5.1488e+07	(delta): 30965.7
9 (QN/Block) 	Elapsed: 66.426	Loglikelihood: -5.14791e+07	(delta): 8812.75
10 (QN/Block) 	Elapsed: 65.387	Loglikelihood: -5.14761e+07	(delta): 3054.39
11 (QN/Block) 	Elapsed: 46.148	Loglikelihood: -5.14753e+07	(delta): 750.956
12 (QN/Block) 	Elapsed: 59.203	Loglikelihood: -5.14752e+07	(delta): 158.05
13 (QN/Block) 	Elapsed: 68.533	Loglikelihood: -5.14751e+07	(delta): 43.0106
14 (QN/Block) 	Elapsed: 69.943	Loglikelihood: -5.14751e+07	(delta): 7.65185
15 (QN/Block) 	Elapsed: 69.706	Loglikelihood: -5.14751e+07	(delta): 2.10674
16 (QN/Block) 	Elapsed: 65.123	Loglikelihood: -5.14751e+07	(delta): 0.302214
17 (QN/Block) 	Elapsed: 52.395	Loglikelihood: -5.14751e+07	(delta): 0.06919
18 (QN/Block) 	Elapsed: 62.723	Loglikelihood: -5.14751e+07	(delta): 0.0100921
19 (QN/Block) 	Elapsed: 57.733	Loglikelihood: -5.14751e+07	(delta): 0.00243818
20 (QN/Block) 	Elapsed: 64.602	Loglikelihood: -5.14751e+07	(delta): 7.68229e-05
Summary: 
Converged in 20 iterations (1510.75 sec)
Loglikelihood: -51475130.896740
Fst divergences between estimated populations: 
	Pop0	Pop1	Pop2	Pop3	Pop4	Pop5	Pop6	Pop7	Pop8	Pop9	Pop10	
Pop0	
Pop1	0.082	
Pop2	0.096	0.126	
Pop3	0.076	0.108	0.117	
Pop4	0.048	0.070	0.094	0.073	
Pop5	0.050	0.085	0.098	0.078	0.049	
Pop6	0.057	0.089	0.096	0.074	0.055	0.058	
Pop7	0.089	0.119	0.109	0.111	0.088	0.091	0.092	
Pop8	0.082	0.115	0.127	0.108	0.081	0.084	0.089	0.120	
Pop9	0.063	0.098	0.111	0.090	0.063	0.056	0.071	0.103	0.096	
Pop10	0.078	0.106	0.121	0.102	0.071	0.078	0.084	0.115	0.110	0.091	
Pop11	0.110	0.137	0.119	0.129	0.109	0.113	0.109	0.110	0.141	0.123	0.134	
CV error (K=12): 0.30792
Writing output files.
