****                   ADMIXTURE Version 1.3.0                  ****
****                    Copyright 2008-2015                     ****
****           David Alexander, Suyash Shringarpure,            ****
****                John  Novembre, Ken Lange                   ****
****                                                            ****
****                 Please cite our paper!                     ****
****   Information at www.genetics.ucla.edu/software/admixture  ****

Parallel execution requested.  Will use 16 threads.
Cross-validation will be performed.  Folds=5.
Random seed: 43
Point estimation method: Block relaxation algorithm
Convergence acceleration algorithm: QuasiNewton, 3 secant conditions
Point estimation will terminate when objective function delta < 0.0001
Estimation of standard errors disabled; will compute point estimates only.
Size of G: 460x226161
Performing five EM steps to prime main algorithm
1 (EM) 	Elapsed: 85.079	Loglikelihood: -6.19926e+07	(delta): 8.61061e+07
2 (EM) 	Elapsed: 86.735	Loglikelihood: -5.85519e+07	(delta): 3.44069e+06
3 (EM) 	Elapsed: 86.07	Loglikelihood: -5.81447e+07	(delta): 407245
4 (EM) 	Elapsed: 83.641	Loglikelihood: -5.7941e+07	(delta): 203632
5 (EM) 	Elapsed: 88.471	Loglikelihood: -5.77805e+07	(delta): 160549
Initial loglikelihood: -5.77805e+07
Starting main algorithm
1 (QN/Block) 	Elapsed: 100.758	Loglikelihood: -5.39174e+07	(delta): 3.86308e+06
2 (QN/Block) 	Elapsed: 98.292	Loglikelihood: -5.19895e+07	(delta): 1.9279e+06
3 (QN/Block) 	Elapsed: 98.152	Loglikelihood: -5.13109e+07	(delta): 678593
4 (QN/Block) 	Elapsed: 97.461	Loglikelihood: -5.09479e+07	(delta): 363040
5 (QN/Block) 	Elapsed: 97.119	Loglikelihood: -5.06976e+07	(delta): 250248
6 (QN/Block) 	Elapsed: 97.127	Loglikelihood: -5.0485e+07	(delta): 212655
7 (QN/Block) 	Elapsed: 97.549	Loglikelihood: -5.03193e+07	(delta): 165625
8 (QN/Block) 	Elapsed: 96.882	Loglikelihood: -5.02529e+07	(delta): 66404.4
9 (QN/Block) 	Elapsed: 98.103	Loglikelihood: -5.02041e+07	(delta): 48799.6
10 (QN/Block) 	Elapsed: 97.837	Loglikelihood: -5.01796e+07	(delta): 24529.4
11 (QN/Block) 	Elapsed: 99.787	Loglikelihood: -5.01657e+07	(delta): 13908.6
12 (QN/Block) 	Elapsed: 99.771	Loglikelihood: -5.01631e+07	(delta): 2620.66
13 (QN/Block) 	Elapsed: 99.097	Loglikelihood: -5.01621e+07	(delta): 976.759
14 (QN/Block) 	Elapsed: 99.732	Loglikelihood: -5.01618e+07	(delta): 313.113
15 (QN/Block) 	Elapsed: 99.361	Loglikelihood: -5.01617e+07	(delta): 122.608
16 (QN/Block) 	Elapsed: 100.215	Loglikelihood: -5.01616e+07	(delta): 29.938
17 (QN/Block) 	Elapsed: 98.795	Loglikelihood: -5.01616e+07	(delta): 23.3717
18 (QN/Block) 	Elapsed: 99.807	Loglikelihood: -5.01616e+07	(delta): 4.36788
19 (QN/Block) 	Elapsed: 99.635	Loglikelihood: -5.01616e+07	(delta): 1.24254
20 (QN/Block) 	Elapsed: 97.99	Loglikelihood: -5.01616e+07	(delta): 0.462967
21 (QN/Block) 	Elapsed: 99.927	Loglikelihood: -5.01616e+07	(delta): 0.146881
22 (QN/Block) 	Elapsed: 100.807	Loglikelihood: -5.01616e+07	(delta): 0.0400337
23 (QN/Block) 	Elapsed: 101.527	Loglikelihood: -5.01616e+07	(delta): 0.0155338
24 (QN/Block) 	Elapsed: 101.747	Loglikelihood: -5.01616e+07	(delta): 0.00431035
25 (QN/Block) 	Elapsed: 97.932	Loglikelihood: -5.01616e+07	(delta): 0.00132601
26 (QN/Block) 	Elapsed: 99.483	Loglikelihood: -5.01616e+07	(delta): 7.1533e-05
Summary: 
Converged in 26 iterations (3010.09 sec)
Loglikelihood: -50161614.281222
Fst divergences between estimated populations: 
	Pop0	Pop1	Pop2	Pop3	Pop4	Pop5	Pop6	Pop7	Pop8	Pop9	Pop10	Pop11	Pop12	Pop13	Pop14	Pop15	Pop16	
Pop0	
Pop1	0.122	
Pop2	0.134	0.121	
Pop3	0.097	0.078	0.105	
Pop4	0.111	0.102	0.116	0.079	
Pop5	0.106	0.117	0.128	0.089	0.105	
Pop6	0.140	0.147	0.157	0.126	0.137	0.137	
Pop7	0.096	0.103	0.114	0.078	0.092	0.091	0.094	
Pop8	0.108	0.114	0.127	0.090	0.103	0.102	0.133	0.088	
Pop9	0.127	0.133	0.145	0.110	0.123	0.122	0.124	0.084	0.118	
Pop10	0.103	0.097	0.111	0.071	0.078	0.097	0.130	0.084	0.095	0.116	
Pop11	0.090	0.096	0.109	0.070	0.086	0.084	0.113	0.065	0.075	0.096	0.077	
Pop12	0.141	0.148	0.160	0.125	0.139	0.138	0.136	0.089	0.134	0.128	0.131	0.112	
Pop13	0.145	0.152	0.165	0.126	0.140	0.140	0.170	0.126	0.138	0.156	0.132	0.120	0.172	
Pop14	0.083	0.089	0.102	0.062	0.080	0.079	0.114	0.066	0.077	0.098	0.068	0.058	0.113	0.114	
Pop15	0.178	0.185	0.195	0.164	0.175	0.176	0.083	0.132	0.170	0.161	0.168	0.151	0.173	0.209	0.152	
Pop16	0.070	0.088	0.099	0.061	0.078	0.071	0.112	0.063	0.073	0.095	0.067	0.055	0.110	0.111	0.049	0.151	
Pop17	0.119	0.126	0.139	0.100	0.115	0.114	0.146	0.101	0.113	0.131	0.106	0.093	0.147	0.078	0.088	0.185	0.085	
CV error (K=18): 0.31928
Writing output files.
