****                   ADMIXTURE Version 1.3.0                  ****
****                    Copyright 2008-2015                     ****
****           David Alexander, Suyash Shringarpure,            ****
****                John  Novembre, Ken Lange                   ****
****                                                            ****
****                 Please cite our paper!                     ****
****   Information at www.genetics.ucla.edu/software/admixture  ****

Parallel execution requested.  Will use 16 threads.
Cross-validation will be performed.  Folds=5.
Random seed: 43
Point estimation method: Block relaxation algorithm
Convergence acceleration algorithm: QuasiNewton, 3 secant conditions
Point estimation will terminate when objective function delta < 0.0001
Estimation of standard errors disabled; will compute point estimates only.
Size of G: 460x226161
Performing five EM steps to prime main algorithm
1 (EM) 	Elapsed: 32.692	Loglikelihood: -6.21623e+07	(delta): 8.85708e+07
2 (EM) 	Elapsed: 32.69	Loglikelihood: -5.88281e+07	(delta): 3.3342e+06
3 (EM) 	Elapsed: 31.507	Loglikelihood: -5.83667e+07	(delta): 461342
4 (EM) 	Elapsed: 31.471	Loglikelihood: -5.81244e+07	(delta): 242385
5 (EM) 	Elapsed: 33.739	Loglikelihood: -5.79406e+07	(delta): 183770
Initial loglikelihood: -5.79406e+07
Starting main algorithm
1 (QN/Block) 	Elapsed: 64.199	Loglikelihood: -5.48134e+07	(delta): 3.12724e+06
2 (QN/Block) 	Elapsed: 63.375	Loglikelihood: -5.3062e+07	(delta): 1.75137e+06
3 (QN/Block) 	Elapsed: 63.942	Loglikelihood: -5.24264e+07	(delta): 635620
4 (QN/Block) 	Elapsed: 63.65	Loglikelihood: -5.21208e+07	(delta): 305593
5 (QN/Block) 	Elapsed: 64.911	Loglikelihood: -5.1939e+07	(delta): 181765
6 (QN/Block) 	Elapsed: 63.188	Loglikelihood: -5.18418e+07	(delta): 97241.6
7 (QN/Block) 	Elapsed: 65.005	Loglikelihood: -5.18114e+07	(delta): 30382.8
8 (QN/Block) 	Elapsed: 63.793	Loglikelihood: -5.18016e+07	(delta): 9836.5
9 (QN/Block) 	Elapsed: 63.384	Loglikelihood: -5.17974e+07	(delta): 4151.68
10 (QN/Block) 	Elapsed: 65.226	Loglikelihood: -5.1796e+07	(delta): 1414.18
11 (QN/Block) 	Elapsed: 64.346	Loglikelihood: -5.17954e+07	(delta): 542.287
12 (QN/Block) 	Elapsed: 65.681	Loglikelihood: -5.17952e+07	(delta): 229.573
13 (QN/Block) 	Elapsed: 66.008	Loglikelihood: -5.17951e+07	(delta): 138.232
14 (QN/Block) 	Elapsed: 66.326	Loglikelihood: -5.17949e+07	(delta): 150.681
15 (QN/Block) 	Elapsed: 62.03	Loglikelihood: -5.17948e+07	(delta): 107.796
16 (QN/Block) 	Elapsed: 61.566	Loglikelihood: -5.17947e+07	(delta): 75.4442
17 (QN/Block) 	Elapsed: 53.8	Loglikelihood: -5.17947e+07	(delta): 68.3408
18 (QN/Block) 	Elapsed: 59.833	Loglikelihood: -5.17946e+07	(delta): 52.3021
19 (QN/Block) 	Elapsed: 64.66	Loglikelihood: -5.17946e+07	(delta): 31.364
20 (QN/Block) 	Elapsed: 64.547	Loglikelihood: -5.17946e+07	(delta): 22.7396
21 (QN/Block) 	Elapsed: 61.385	Loglikelihood: -5.17946e+07	(delta): 12.7772
22 (QN/Block) 	Elapsed: 61.512	Loglikelihood: -5.17945e+07	(delta): 8.60713
23 (QN/Block) 	Elapsed: 64.172	Loglikelihood: -5.17945e+07	(delta): 3.8592
24 (QN/Block) 	Elapsed: 62.167	Loglikelihood: -5.17945e+07	(delta): 3.7731
25 (QN/Block) 	Elapsed: 61.822	Loglikelihood: -5.17945e+07	(delta): 2.13846
26 (QN/Block) 	Elapsed: 63.755	Loglikelihood: -5.17945e+07	(delta): 0.513848
27 (QN/Block) 	Elapsed: 63.206	Loglikelihood: -5.17945e+07	(delta): 0.265674
28 (QN/Block) 	Elapsed: 62.295	Loglikelihood: -5.17945e+07	(delta): 0.105205
29 (QN/Block) 	Elapsed: 65.448	Loglikelihood: -5.17945e+07	(delta): 0.173908
30 (QN/Block) 	Elapsed: 66.657	Loglikelihood: -5.17945e+07	(delta): 0.0105704
31 (QN/Block) 	Elapsed: 64.815	Loglikelihood: -5.17945e+07	(delta): 0.00569364
32 (QN/Block) 	Elapsed: 62.423	Loglikelihood: -5.17945e+07	(delta): 0.000390396
33 (QN/Block) 	Elapsed: 63.644	Loglikelihood: -5.17945e+07	(delta): 7.86483e-05
Summary: 
Converged in 33 iterations (2260.74 sec)
Loglikelihood: -51794533.614325
Fst divergences between estimated populations: 
	Pop0	Pop1	Pop2	Pop3	Pop4	Pop5	Pop6	Pop7	Pop8	Pop9	
Pop0	
Pop1	0.127	
Pop2	0.118	0.107	
Pop3	0.110	0.121	0.113	
Pop4	0.140	0.119	0.108	0.134	
Pop5	0.089	0.097	0.090	0.083	0.111	
Pop6	0.093	0.106	0.097	0.086	0.120	0.070	
Pop7	0.076	0.089	0.081	0.067	0.104	0.052	0.057	
Pop8	0.122	0.132	0.124	0.117	0.144	0.096	0.076	0.084	
Pop9	0.097	0.111	0.102	0.092	0.122	0.071	0.067	0.060	0.093	
Pop10	0.137	0.145	0.137	0.130	0.156	0.111	0.105	0.097	0.122	0.108	
CV error (K=11): 0.30418
Writing output files.
