INFO [2025-11-18 11:11:33] $x
INFO [2025-11-18 11:11:33] venn_list
INFO [2025-11-18 11:11:33] 
INFO [2025-11-18 11:11:33] $filename
INFO [2025-11-18 11:11:33] [1] "./figures/asteroides_decurrens/venn_decurrens.svg"
INFO [2025-11-18 11:11:33] 
INFO [2025-11-18 11:11:33] $width
INFO [2025-11-18 11:11:33] [1] 2000
INFO [2025-11-18 11:11:33] 
INFO [2025-11-18 11:11:33] $height
INFO [2025-11-18 11:11:33] [1] 2000
INFO [2025-11-18 11:11:33] 
INFO [2025-11-18 11:11:33] $resolution
INFO [2025-11-18 11:11:33] [1] 300
INFO [2025-11-18 11:11:33] 
INFO [2025-11-18 11:11:33] $imagetype
INFO [2025-11-18 11:11:33] [1] "png"
INFO [2025-11-18 11:11:33] 
INFO [2025-11-18 11:11:33] $col
INFO [2025-11-18 11:11:33] [1] "black"
INFO [2025-11-18 11:11:33] 
INFO [2025-11-18 11:11:33] $lwd
INFO [2025-11-18 11:11:33] [1] 2
INFO [2025-11-18 11:11:33] 
INFO [2025-11-18 11:11:33] $fill
INFO [2025-11-18 11:11:33] c("#E69F00", "#56B4E9", "#009E73")
INFO [2025-11-18 11:11:33] 
INFO [2025-11-18 11:11:33] $alpha
INFO [2025-11-18 11:11:33] [1] 0.5
INFO [2025-11-18 11:11:33] 
INFO [2025-11-18 11:11:33] $cex
INFO [2025-11-18 11:11:33] [1] 1.4
INFO [2025-11-18 11:11:33] 
INFO [2025-11-18 11:11:33] $fontface
INFO [2025-11-18 11:11:33] [1] "bold"
INFO [2025-11-18 11:11:33] 
INFO [2025-11-18 11:11:33] $cat.cex
INFO [2025-11-18 11:11:33] [1] 1.5
INFO [2025-11-18 11:11:33] 
INFO [2025-11-18 11:11:33] $cat.fontface
INFO [2025-11-18 11:11:33] [1] "bold"
INFO [2025-11-18 11:11:33] 
INFO [2025-11-18 11:11:33] $cat.col
INFO [2025-11-18 11:11:33] c("#E69F00", "#56B4E9", "#009E73")
INFO [2025-11-18 11:11:33] 
INFO [2025-11-18 11:11:33] $cat.dist
INFO [2025-11-18 11:11:33] c(0.05, 0.05, 0.05)
INFO [2025-11-18 11:11:33] 
INFO [2025-11-18 11:11:33] $main
INFO [2025-11-18 11:11:33] [1] "Overlap among Fst, π and Tajima's D outliers in B. decurrens"
INFO [2025-11-18 11:11:33] 
INFO [2025-11-18 11:11:33] $main.cex
INFO [2025-11-18 11:11:33] [1] 1.5
INFO [2025-11-18 11:11:33] 
