INFO [2025-11-18 11:17:09] $x
INFO [2025-11-18 11:17:09] venn_list
INFO [2025-11-18 11:17:09] 
INFO [2025-11-18 11:17:09] $filename
INFO [2025-11-18 11:17:09] [1] "./figures/asteroides_decurrens/venn_decurrens.svg"
INFO [2025-11-18 11:17:09] 
INFO [2025-11-18 11:17:09] $imagetype
INFO [2025-11-18 11:17:09] [1] "svg"
INFO [2025-11-18 11:17:09] 
INFO [2025-11-18 11:17:09] $col
INFO [2025-11-18 11:17:09] [1] "black"
INFO [2025-11-18 11:17:09] 
INFO [2025-11-18 11:17:09] $lwd
INFO [2025-11-18 11:17:09] [1] 2
INFO [2025-11-18 11:17:09] 
INFO [2025-11-18 11:17:09] $fill
INFO [2025-11-18 11:17:09] c("#E69F00", "#56B4E9", "#009E73")
INFO [2025-11-18 11:17:09] 
INFO [2025-11-18 11:17:09] $alpha
INFO [2025-11-18 11:17:09] [1] 0.5
INFO [2025-11-18 11:17:09] 
INFO [2025-11-18 11:17:09] $cex
INFO [2025-11-18 11:17:09] [1] 1.4
INFO [2025-11-18 11:17:09] 
INFO [2025-11-18 11:17:09] $fontface
INFO [2025-11-18 11:17:09] [1] "bold"
INFO [2025-11-18 11:17:09] 
INFO [2025-11-18 11:17:09] $cat.cex
INFO [2025-11-18 11:17:09] [1] 1.5
INFO [2025-11-18 11:17:09] 
INFO [2025-11-18 11:17:09] $cat.fontface
INFO [2025-11-18 11:17:09] [1] "bold"
INFO [2025-11-18 11:17:09] 
INFO [2025-11-18 11:17:09] $cat.col
INFO [2025-11-18 11:17:09] c("#E69F00", "#56B4E9", "#009E73")
INFO [2025-11-18 11:17:09] 
INFO [2025-11-18 11:17:09] $cat.dist
INFO [2025-11-18 11:17:09] c(0.05, 0.05, 0.05)
INFO [2025-11-18 11:17:09] 
INFO [2025-11-18 11:17:09] $main
INFO [2025-11-18 11:17:09] [1] "Overlap among Fst, π and Tajima's D outliers in B. decurrens"
INFO [2025-11-18 11:17:09] 
INFO [2025-11-18 11:17:09] $main.cex
INFO [2025-11-18 11:17:09] [1] 1.5
INFO [2025-11-18 11:17:09] 
