INFO [2025-11-18 11:16:37] $x
INFO [2025-11-18 11:16:37] venn_list
INFO [2025-11-18 11:16:37] 
INFO [2025-11-18 11:16:37] $filename
INFO [2025-11-18 11:16:37] [1] "./figures/asteroides_decurrens/venn_decurrens.pdf"
INFO [2025-11-18 11:16:37] 
INFO [2025-11-18 11:16:37] $width
INFO [2025-11-18 11:16:37] [1] 2000
INFO [2025-11-18 11:16:37] 
INFO [2025-11-18 11:16:37] $height
INFO [2025-11-18 11:16:37] [1] 2000
INFO [2025-11-18 11:16:37] 
INFO [2025-11-18 11:16:37] $resolution
INFO [2025-11-18 11:16:37] [1] 300
INFO [2025-11-18 11:16:37] 
INFO [2025-11-18 11:16:37] $imagetype
INFO [2025-11-18 11:16:37] [1] "pdf"
INFO [2025-11-18 11:16:37] 
INFO [2025-11-18 11:16:37] $col
INFO [2025-11-18 11:16:37] [1] "black"
INFO [2025-11-18 11:16:37] 
INFO [2025-11-18 11:16:37] $lwd
INFO [2025-11-18 11:16:37] [1] 2
INFO [2025-11-18 11:16:37] 
INFO [2025-11-18 11:16:37] $fill
INFO [2025-11-18 11:16:37] c("#E69F00", "#56B4E9", "#009E73")
INFO [2025-11-18 11:16:37] 
INFO [2025-11-18 11:16:37] $alpha
INFO [2025-11-18 11:16:37] [1] 0.5
INFO [2025-11-18 11:16:37] 
INFO [2025-11-18 11:16:37] $cex
INFO [2025-11-18 11:16:37] [1] 1.4
INFO [2025-11-18 11:16:37] 
INFO [2025-11-18 11:16:37] $fontface
INFO [2025-11-18 11:16:37] [1] "bold"
INFO [2025-11-18 11:16:37] 
INFO [2025-11-18 11:16:37] $cat.cex
INFO [2025-11-18 11:16:37] [1] 1.5
INFO [2025-11-18 11:16:37] 
INFO [2025-11-18 11:16:37] $cat.fontface
INFO [2025-11-18 11:16:37] [1] "bold"
INFO [2025-11-18 11:16:37] 
INFO [2025-11-18 11:16:37] $cat.col
INFO [2025-11-18 11:16:37] c("#E69F00", "#56B4E9", "#009E73")
INFO [2025-11-18 11:16:37] 
INFO [2025-11-18 11:16:37] $cat.dist
INFO [2025-11-18 11:16:37] c(0.05, 0.05, 0.05)
INFO [2025-11-18 11:16:37] 
INFO [2025-11-18 11:16:37] $main
INFO [2025-11-18 11:16:37] [1] "Overlap among Fst, π and Tajima's D outliers in B. decurrens"
INFO [2025-11-18 11:16:37] 
INFO [2025-11-18 11:16:37] $main.cex
INFO [2025-11-18 11:16:37] [1] 1.5
INFO [2025-11-18 11:16:37] 
ERROR [2025-11-18 11:16:37] You have misspelled your "imagetype", please try again
