INFO [2025-11-18 11:13:00] $x
INFO [2025-11-18 11:13:00] venn_list
INFO [2025-11-18 11:13:00] 
INFO [2025-11-18 11:13:00] $filename
INFO [2025-11-18 11:13:00] [1] "./figures/asteroides_decurrens/venn_decurrens.svg"
INFO [2025-11-18 11:13:00] 
INFO [2025-11-18 11:13:00] $width
INFO [2025-11-18 11:13:00] [1] 2000
INFO [2025-11-18 11:13:00] 
INFO [2025-11-18 11:13:00] $height
INFO [2025-11-18 11:13:00] [1] 2000
INFO [2025-11-18 11:13:00] 
INFO [2025-11-18 11:13:00] $resolution
INFO [2025-11-18 11:13:00] [1] 300
INFO [2025-11-18 11:13:00] 
INFO [2025-11-18 11:13:00] $imagetype
INFO [2025-11-18 11:13:00] [1] "svg"
INFO [2025-11-18 11:13:00] 
INFO [2025-11-18 11:13:00] $col
INFO [2025-11-18 11:13:00] [1] "black"
INFO [2025-11-18 11:13:00] 
INFO [2025-11-18 11:13:00] $lwd
INFO [2025-11-18 11:13:00] [1] 2
INFO [2025-11-18 11:13:00] 
INFO [2025-11-18 11:13:00] $fill
INFO [2025-11-18 11:13:00] c("#E69F00", "#56B4E9", "#009E73")
INFO [2025-11-18 11:13:00] 
INFO [2025-11-18 11:13:00] $alpha
INFO [2025-11-18 11:13:00] [1] 0.5
INFO [2025-11-18 11:13:00] 
INFO [2025-11-18 11:13:00] $cex
INFO [2025-11-18 11:13:00] [1] 1.4
INFO [2025-11-18 11:13:00] 
INFO [2025-11-18 11:13:00] $fontface
INFO [2025-11-18 11:13:00] [1] "bold"
INFO [2025-11-18 11:13:00] 
INFO [2025-11-18 11:13:00] $cat.cex
INFO [2025-11-18 11:13:00] [1] 1.5
INFO [2025-11-18 11:13:00] 
INFO [2025-11-18 11:13:00] $cat.fontface
INFO [2025-11-18 11:13:00] [1] "bold"
INFO [2025-11-18 11:13:00] 
INFO [2025-11-18 11:13:00] $cat.col
INFO [2025-11-18 11:13:00] c("#E69F00", "#56B4E9", "#009E73")
INFO [2025-11-18 11:13:00] 
INFO [2025-11-18 11:13:00] $cat.dist
INFO [2025-11-18 11:13:00] c(0.05, 0.05, 0.05)
INFO [2025-11-18 11:13:00] 
INFO [2025-11-18 11:13:00] $main
INFO [2025-11-18 11:13:00] [1] "Overlap among Fst, π and Tajima's D outliers in B. decurrens"
INFO [2025-11-18 11:13:00] 
INFO [2025-11-18 11:13:00] $main.cex
INFO [2025-11-18 11:13:00] [1] 1.5
INFO [2025-11-18 11:13:00] 
