INFO [2025-11-18 11:10:34] $x
INFO [2025-11-18 11:10:34] venn_list
INFO [2025-11-18 11:10:34] 
INFO [2025-11-18 11:10:34] $filename
INFO [2025-11-18 11:10:34] [1] "./figures/asteroides_decurrens/venn_decurrens.png"
INFO [2025-11-18 11:10:34] 
INFO [2025-11-18 11:10:34] $width
INFO [2025-11-18 11:10:34] [1] 2000
INFO [2025-11-18 11:10:34] 
INFO [2025-11-18 11:10:34] $height
INFO [2025-11-18 11:10:34] [1] 2000
INFO [2025-11-18 11:10:34] 
INFO [2025-11-18 11:10:34] $resolution
INFO [2025-11-18 11:10:34] [1] 300
INFO [2025-11-18 11:10:34] 
INFO [2025-11-18 11:10:34] $imagetype
INFO [2025-11-18 11:10:34] [1] "png"
INFO [2025-11-18 11:10:34] 
INFO [2025-11-18 11:10:34] $col
INFO [2025-11-18 11:10:34] [1] "black"
INFO [2025-11-18 11:10:34] 
INFO [2025-11-18 11:10:34] $lwd
INFO [2025-11-18 11:10:34] [1] 2
INFO [2025-11-18 11:10:34] 
INFO [2025-11-18 11:10:34] $fill
INFO [2025-11-18 11:10:34] c("#E69F00", "#56B4E9", "#009E73")
INFO [2025-11-18 11:10:34] 
INFO [2025-11-18 11:10:34] $alpha
INFO [2025-11-18 11:10:34] [1] 0.5
INFO [2025-11-18 11:10:34] 
INFO [2025-11-18 11:10:34] $cex
INFO [2025-11-18 11:10:34] [1] 1.4
INFO [2025-11-18 11:10:34] 
INFO [2025-11-18 11:10:34] $fontface
INFO [2025-11-18 11:10:34] [1] "bold"
INFO [2025-11-18 11:10:34] 
INFO [2025-11-18 11:10:34] $cat.cex
INFO [2025-11-18 11:10:34] [1] 1.5
INFO [2025-11-18 11:10:34] 
INFO [2025-11-18 11:10:34] $cat.fontface
INFO [2025-11-18 11:10:34] [1] "bold"
INFO [2025-11-18 11:10:34] 
INFO [2025-11-18 11:10:34] $cat.col
INFO [2025-11-18 11:10:34] c("#E69F00", "#56B4E9", "#009E73")
INFO [2025-11-18 11:10:34] 
INFO [2025-11-18 11:10:34] $cat.dist
INFO [2025-11-18 11:10:34] c(0.05, 0.05, 0.05)
INFO [2025-11-18 11:10:34] 
INFO [2025-11-18 11:10:34] $main
INFO [2025-11-18 11:10:34] [1] "Overlap among Fst, π and Tajima's D outliers in B. decurrens"
INFO [2025-11-18 11:10:34] 
INFO [2025-11-18 11:10:34] $main.cex
INFO [2025-11-18 11:10:34] [1] 1.5
INFO [2025-11-18 11:10:34] 
