INFO [2025-11-18 11:18:01] $x
INFO [2025-11-18 11:18:01] venn_list
INFO [2025-11-18 11:18:01] 
INFO [2025-11-18 11:18:01] $filename
INFO [2025-11-18 11:18:01] [1] "./figures/asteroides_decurrens/venn_decurrens.png"
INFO [2025-11-18 11:18:01] 
INFO [2025-11-18 11:18:01] $width
INFO [2025-11-18 11:18:01] [1] 2000
INFO [2025-11-18 11:18:01] 
INFO [2025-11-18 11:18:01] $height
INFO [2025-11-18 11:18:01] [1] 2000
INFO [2025-11-18 11:18:01] 
INFO [2025-11-18 11:18:01] $resolution
INFO [2025-11-18 11:18:01] [1] 300
INFO [2025-11-18 11:18:01] 
INFO [2025-11-18 11:18:01] $imagetype
INFO [2025-11-18 11:18:01] [1] "png"
INFO [2025-11-18 11:18:01] 
INFO [2025-11-18 11:18:01] $col
INFO [2025-11-18 11:18:01] [1] "black"
INFO [2025-11-18 11:18:01] 
INFO [2025-11-18 11:18:01] $lwd
INFO [2025-11-18 11:18:01] [1] 2
INFO [2025-11-18 11:18:01] 
INFO [2025-11-18 11:18:01] $fill
INFO [2025-11-18 11:18:01] c("#E69F00", "#56B4E9", "#009E73")
INFO [2025-11-18 11:18:01] 
INFO [2025-11-18 11:18:01] $alpha
INFO [2025-11-18 11:18:01] [1] 0.5
INFO [2025-11-18 11:18:01] 
INFO [2025-11-18 11:18:01] $cex
INFO [2025-11-18 11:18:01] [1] 1.4
INFO [2025-11-18 11:18:01] 
INFO [2025-11-18 11:18:01] $fontface
INFO [2025-11-18 11:18:01] [1] "bold"
INFO [2025-11-18 11:18:01] 
INFO [2025-11-18 11:18:01] $cat.cex
INFO [2025-11-18 11:18:01] [1] 1.5
INFO [2025-11-18 11:18:01] 
INFO [2025-11-18 11:18:01] $cat.fontface
INFO [2025-11-18 11:18:01] [1] "bold"
INFO [2025-11-18 11:18:01] 
INFO [2025-11-18 11:18:01] $cat.col
INFO [2025-11-18 11:18:01] c("#E69F00", "#56B4E9", "#009E73")
INFO [2025-11-18 11:18:01] 
INFO [2025-11-18 11:18:01] $cat.dist
INFO [2025-11-18 11:18:01] c(0.05, 0.05, 0.05)
INFO [2025-11-18 11:18:01] 
INFO [2025-11-18 11:18:01] $main
INFO [2025-11-18 11:18:01] [1] "Overlap among Fst, π and Tajima's D outliers in B. decurrens"
INFO [2025-11-18 11:18:01] 
INFO [2025-11-18 11:18:01] $main.cex
INFO [2025-11-18 11:18:01] [1] 1.5
INFO [2025-11-18 11:18:01] 
