== run_046 ==
Prefix: upstream
FSC_BIN: fastsimcoal2
Flags: -m -0 -C 10 -n 200000 -L 25 -s 0 -M
PWD: /storage1/fs1/kolsen/Active/Wen/IMLS_analysis/fastsimcoal2/runs/upstream
Start: 2025-11-07T06:13:28+00:00
Seed: 10046
fastsimcoal was invoked with the following command line arguments:
fastsimcoal2 -t upstream.tpl -e upstream.est -m -0 -C 10 -n 200000 -L 25 -s 0 -M -r 10046 
Reading parameter settings file upstream.est...
done reading parameter settings file!

Random generator seed : 10046

Deme sizes
Deme 0	62607
Deme 1	92318
Deme 2	23574
Deme 3	1558
Deme 4	61633
Deme 5	48405


Sample sizes
Deme 0	106
Deme 1	70
Deme 2	234
Deme 3	90
Deme 4	144
Deme 5	164

Sample ages
Deme 0	0
Deme 1	0
Deme 2	0
Deme 3	0
Deme 4	0
Deme 5	0


Inbreeding coefficients
Deme 0	0
Deme 1	0
Deme 2	0
Deme 3	0
Deme 4	0
Deme 5	0

Growth rates
Deme 0	0
Deme 1	0
Deme 2	0
Deme 3	0
Deme 4	0
Deme 5	0


Migration matrix 0	(note that migration rates have been pre-multiplied by 1e+06n
 0.0000000  0.0000000  0.0000000  0.0000000  0.0000000  0.0000000 
48.3941714  0.0000000  0.0000000  0.0000000  0.0000000  0.0000000 
21.4409859 32.8192823  0.0000000  0.0000000  0.0000000  0.0000000 
 0.0000000 14.5405480 128.5225242  0.0000000  0.0000000  0.0000000 
 0.0000000  0.0000000 56.9417670 1944.9249643  0.0000000  0.0000000 
 0.0000000  0.0000000  0.0000000 861.6969275 49.1593079  0.0000000 


Migration matrix 1	(note that migration rates have been pre-multiplied by 1000000.0000000n
 0.0000000  0.0000000  0.0000000  0.0000000  0.0000000  0.0000000 
 0.0000000  0.0000000  0.0000000  0.0000000  0.0000000  0.0000000 
 0.0000000  0.0000000  0.0000000  0.0000000  0.0000000  0.0000000 
 0.0000000  0.0000000  0.0000000  0.0000000  0.0000000  0.0000000 
 0.0000000  0.0000000  0.0000000  0.0000000  0.0000000  0.0000000 
 0.0000000  0.0000000  0.0000000  0.0000000  0.0000000  0.0000000 


Historical events
Event 0

#Time              : 78
#Source            : 1
#Sink              : 0
#Migrants          : 1.0000000
#New relative size : 1.0000000
#New growth rate   : 0.0000000
#New migr. matrix  : 1
Event 1

#Time              : 78
#Source            : 2
#Sink              : 0
#Migrants          : 1.0000000
#New relative size : 1.0000000
#New growth rate   : 0.0000000
#New migr. matrix  : 1
Event 2

#Time              : 78
#Source            : 3
#Sink              : 0
#Migrants          : 1.0000000
#New relative size : 1.0000000
#New growth rate   : 0.0000000
#New migr. matrix  : 1
Event 3

#Time              : 78
#Source            : 4
#Sink              : 0
#Migrants          : 1.0000000
#New relative size : 1.0000000
#New growth rate   : 0.0000000
#New migr. matrix  : 1
Event 4

#Time              : 78
#Source            : 5
#Sink              : 0
#Migrants          : 1.0000000
#New relative size : 1.0000000
#New growth rate   : 0.0000000
#New migr. matrix  : 1


Number of independent loci to simulate : 1
with the same chromosomal structure

Number of linkage blocks to simulate in structure 1: 1
Data type: FREQ   :  recombination and mutation rates
0.0000000000   0.0000000250   
   Do not output expected MAF spectrum
   Do not output expected DAF spectrum

No population growth detected in input file

Estimating model parameters using 12 batches and 1 thread

Estimation of parameters by conditional maximization via Brent algorithm (initial lhood = -214000.5990334642)

Initial parameters:
62607	92318	23574	1558	61633	48405	3.0298208	1.3423589	78	4.83942e-05	3.28193e-05	1.28523e-04	0.0019449	4.91593e-05	2.14410e-05	1.45405e-05	5.69418e-05	8.61697e-04	lhood=-214000.5990334642



Current parameters:
62607	92318	23574	1558	61633	48405	3.0298208	1.3423589	78	4.83942e-05	3.28193e-05	1.28523e-04	0.0019449	4.91593e-05	2.14410e-05	1.45405e-05	5.69418e-05	8.61697e-04

200000 simulations per lhood estimation

Current search range : [  1.00000e+02  ;  1.00000e+05  ]
Brent minimization result: N_A = 1.50975e+04 (lhood = -2.13376e+05)

Current parameters:
15098	92318	23574	1558	61633	48405	3.0298208	1.3423589	78	2.00684e-04	3.28193e-05	1.28523e-04	0.0019449	4.91593e-05	8.89126e-05	1.45405e-05	5.69418e-05	8.61697e-04	(lhood=-2.13376e+05)

Current search range : [  1.00000e+02  ;  1.00000e+05  ]
Brent minimization result: N_B = 7.05825e+02 (lhood = -1.98061e+05)

Current parameters:
15098	706	23574	1558	61633	48405	3.0298208	1.3423589	78	2.00684e-04	0.0042926	1.28523e-04	0.0019449	4.91593e-05	8.89126e-05	0.0019018	5.69418e-05	8.61697e-04	(lhood=-1.98061e+05)

Current search range : [  1.00000e+02  ;  1.00000e+05  ]
Brent minimization result: N_C = 3.48960e+03 (lhood = -1.96392e+05)

Current parameters:
15098	706	3490	1558	61633	48405	3.0298208	1.3423589	78	2.00684e-04	0.0042926	8.68244e-04	0.0019449	4.91593e-05	8.89126e-05	0.0019018	3.84674e-04	8.61697e-04	(lhood=-1.96392e+05)

Current search range : [  1.00000e+02  ;  1.00000e+05  ]
Brent minimization result: N_D = 2.34039e+02 (lhood = -1.89836e+05)

Current parameters:
15098	706	3490	234	61633	48405	3.0298208	1.3423589	78	2.00684e-04	0.0042926	8.68244e-04	0.0129458	4.91593e-05	8.89126e-05	0.0019018	3.84674e-04	0.0057356	(lhood=-189836.0277989)

Current search range : [  100.0000000  ;  100000.0000000  ]
Brent minimization result: N_E = 1423.8977289 (lhood = -187171.8937997)

Current parameters:
15098	706	3490	234	1424	48405	3.0298208	1.3423589	78	2.00684e-04	0.0042926	8.68244e-04	0.0129458	0.0021278	8.89126e-05	0.0019018	3.84674e-04	0.0057356	(lhood=-187171.8937997)

Current search range : [  100.0000000  ;  100000.0000000  ]
Brent minimization result: N_F = 747.0482538 (lhood = -181483.1932574)

Current parameters:
15098	706	3490	234	1424	747	3.0298208	1.3423589	78	2.00684e-04	0.0042926	8.68244e-04	0.0129458	0.0021278	8.89126e-05	0.0019018	3.84674e-04	0.0057356	(lhood=-181483.1932574)

Current search range : [  0.0100000  ;  20.0000000  ]
Brent minimization result: NMIG_1POP = 3.0298208 (lhood = -181479.7849460)

Current parameters:
15098	706	3490	234	1424	747	3.0298208	1.3423589	78	2.00684e-04	0.0042926	8.68244e-04	0.0129458	0.0021278	8.89126e-05	0.0019018	3.84674e-04	0.0057356	(lhood=-181479.7849460)

Current search range : [  0.0010000  ;  2.0000000  ]
Brent minimization result: NMIG_2POP = 1.9625136 (lhood = -181318.2038699)

Current parameters:
15098	706	3490	234	1424	747	3.0298208	1.9625136	78	2.00684e-04	0.0042926	8.68244e-04	0.0129458	0.0021278	1.29989e-04	0.0027805	5.62390e-04	0.0083854	(lhood=-181318.2038699)

Current search range : [  10.0000000  ;  200.0000000  ]
Brent minimization result: TDIV = 86.4205788 (lhood = -181266.9380957)

Current parameters:
15098	706	3490	234	1424	747	3.0298208	1.9625136	86	2.00684e-04	0.0042926	8.68244e-04	0.0129458	0.0021278	1.29989e-04	0.0027805	5.62390e-04	0.0083854	(lhood=-181266.9380957)

Iter 1	Curr best params:	15098	706	3490	234	1424	747	3.0298208	1.9625136	86	2.00684e-04	0.0042926	8.68244e-04	0.0129458	0.0021278	1.29989e-04	0.0027805	5.62390e-04	0.0083854	lhood=-181266.9380957

200000 simulations per lhood estimation

Current search range : [  100.0000000  ;  100000.0000000  ]
Brent minimization result: N_A = 24770.4532260 (lhood = -181219.4632493)

Current parameters:
24770	706	3490	234	1424	747	3.0298208	1.9625136	86	1.22316e-04	0.0042926	8.68244e-04	0.0129458	0.0021278	7.92280e-05	0.0027805	5.62390e-04	0.0083854	(lhood=-181219.4632493)

Current search range : [  100.0000000  ;  100000.0000000  ]
Brent minimization result: N_B = 623.9358007 (lhood = -181148.8839006)

Current parameters:
24770	624	3490	234	1424	747	3.0298208	1.9625136	86	1.22316e-04	0.0048560	8.68244e-04	0.0129458	0.0021278	7.92280e-05	0.0031454	5.62390e-04	0.0083854	(lhood=-181148.8839006)

Current search range : [  100.0000000  ;  100000.0000000  ]
Brent minimization result: N_C = 1802.6109864 (lhood = -180775.4834843)

Current parameters:
24770	624	1803	234	1424	747	3.0298208	1.9625136	86	1.22316e-04	0.0048560	0.0016808	0.0129458	0.0021278	7.92280e-05	0.0031454	0.0010887	0.0083854	(lhood=-180775.4834843)

Current search range : [  100.0000000  ;  100000.0000000  ]
Brent minimization result: N_D = 263.3976791 (lhood = -180742.6609535)

Current parameters:
24770	624	1803	263	1424	747	3.0298208	1.9625136	86	1.22316e-04	0.0048560	0.0016808	0.0115028	0.0021278	7.92280e-05	0.0031454	0.0010887	0.0074508	(lhood=-180742.6609535)

Current search range : [  100.0000000  ;  100000.0000000  ]
Brent minimization result: N_E = 1807.5794485 (lhood = -180737.9166040)

Current parameters:
24770	624	1803	263	1808	747	3.0298208	1.9625136	86	1.22316e-04	0.0048560	0.0016808	0.0115028	0.0016762	7.92280e-05	0.0031454	0.0010887	0.0074508	(lhood=-180737.9166040)

Current search range : [  100.0000000  ;  100000.0000000  ]
Brent minimization result: N_F = 806.2318030 (lhood = -180751.7687334)

Current parameters:
24770	624	1803	263	1808	806	3.0298208	1.9625136	86	1.22316e-04	0.0048560	0.0016808	0.0115028	0.0016762	7.92280e-05	0.0031454	0.0010887	0.0074508	(lhood=-180751.7687334)

Current search range : [  0.0100000  ;  20.0000000  ]
Brent minimization result: NMIG_1POP = 3.4119500 (lhood = -180738.0284418)

Current parameters:
24770	624	1803	263	1808	806	3.4119500	1.9625136	86	1.37743e-04	0.0054684	0.0018928	0.0129536	0.0018876	7.92280e-05	0.0031454	0.0010887	0.0074508	(lhood=-180738.0284418)

Current search range : [  0.0010000  ;  2.0000000  ]
Brent minimization result: NMIG_2POP = 1.9168426 (lhood = -180747.2910705)

Current parameters:
24770	624	1803	263	1808	806	3.4119500	1.9168426	86	1.37743e-04	0.0054684	0.0018928	0.0129536	0.0018876	7.73842e-05	0.0030722	0.0010634	0.0072774	(lhood=-180747.2910705)

Current search range : [  10.0000000  ;  200.0000000  ]
Brent minimization result: TDIV = 86.4205788 (lhood = -180751.8042054)

Current parameters:
24770	624	1803	263	1808	806	3.4119500	1.9168426	86	1.37743e-04	0.0054684	0.0018928	0.0129536	0.0018876	7.73842e-05	0.0030722	0.0010634	0.0072774	(lhood=-180751.8042054)

Iter 2	Curr best params:	24770	624	1803	263	1808	747	3.0298208	1.9625136	86	1.22316e-04	0.0048560	0.0016808	0.0115028	0.0016762	7.92280e-05	0.0031454	0.0010887	0.0074508	lhood=-180737.9166040

200000 simulations per lhood estimation

Current search range : [  100.0000000  ;  100000.0000000  ]
Brent minimization result: N_A = 19680.0591743 (lhood = -180732.5595624)

Current parameters:
19680	624	1803	263	1808	806	3.4119500	1.9168426	86	1.73371e-04	0.0054684	0.0018928	0.0129536	0.0018876	9.74002e-05	0.0030722	0.0010634	0.0072774	(lhood=-180732.5595624)

Current search range : [  100.0000000  ;  100000.0000000  ]
Brent minimization result: N_B = 623.9358007 (lhood = -180720.7309984)

Current parameters:
19680	624	1803	263	1808	806	3.4119500	1.9168426	86	1.73371e-04	0.0054684	0.0018928	0.0129536	0.0018876	9.74002e-05	0.0030722	0.0010634	0.0072774	(lhood=-180720.7309984)

Current search range : [  100.0000000  ;  100000.0000000  ]
Brent minimization result: N_C = 1895.8340427 (lhood = -180730.3816657)

Current parameters:
19680	624	1896	263	1808	806	3.4119500	1.9168426	86	1.73371e-04	0.0054684	0.0017997	0.0129536	0.0018876	9.74002e-05	0.0030722	0.0010111	0.0072774	(lhood=-180730.3816657)

Current search range : [  100.0000000  ;  100000.0000000  ]
Brent minimization result: N_D = 276.8022831 (lhood = -180735.5424152)

Current parameters:
19680	624	1896	277	1808	806	3.4119500	1.9168426	86	1.73371e-04	0.0054684	0.0017997	0.0123263	0.0018876	9.74002e-05	0.0030722	0.0010111	0.0069250	(lhood=-180735.5424152)

Current search range : [  100.0000000  ;  100000.0000000  ]
Brent minimization result: N_E = 1569.4924885 (lhood = -180722.2877113)

Current parameters:
19680	624	1896	277	1569	806	3.4119500	1.9168426	86	1.73371e-04	0.0054684	0.0017997	0.0123263	0.0021739	9.74002e-05	0.0030722	0.0010111	0.0069250	(lhood=-180722.2877113)

Current search range : [  100.0000000  ;  100000.0000000  ]
Brent minimization result: N_F = 738.7900654 (lhood = -180704.4892053)

Current parameters:
19680	624	1896	277	1569	739	3.4119500	1.9168426	86	1.73371e-04	0.0054684	0.0017997	0.0123263	0.0021739	9.74002e-05	0.0030722	0.0010111	0.0069250	(lhood=-180704.4892053)

Current search range : [  0.0100000  ;  20.0000000  ]
Brent minimization result: NMIG_1POP = 3.6729923 (lhood = -180698.4769199)

Current parameters:
19680	624	1896	277	1569	739	3.6729923	1.9168426	86	1.86635e-04	0.0058868	0.0019374	0.0132694	0.0023402	9.74002e-05	0.0030722	0.0010111	0.0069250	(lhood=-180698.4769199)

Current search range : [  0.0010000  ;  2.0000000  ]
Brent minimization result: NMIG_2POP = 1.6319715 (lhood = -180714.8474316)

Current parameters:
19680	624	1896	277	1569	739	3.6729923	1.6319715	86	1.86635e-04	0.0058868	0.0019374	0.0132694	0.0023402	8.29251e-05	0.0026156	8.60820e-04	0.0058958	(lhood=-180714.8474316)

Current search range : [  10.0000000  ;  200.0000000  ]
Brent minimization result: TDIV = 87.2847846 (lhood = -180711.5787898)

Current parameters:
19680	624	1896	277	1569	739	3.6729923	1.6319715	87	1.86635e-04	0.0058868	0.0019374	0.0132694	0.0023402	8.29251e-05	0.0026156	8.60820e-04	0.0058958	(lhood=-180711.5787898)

Iter 3	Curr best params:	19680	624	1896	277	1569	739	3.6729923	1.9168426	86	1.86635e-04	0.0058868	0.0019374	0.0132694	0.0023402	9.74002e-05	0.0030722	0.0010111	0.0069250	lhood=-180698.4769199

200000 simulations per lhood estimation

Current search range : [  100.0000000  ;  100000.0000000  ]
Brent minimization result: N_A = 19930.8515085 (lhood = -180712.8031571)

Current parameters:
19931	624	1896	277	1569	739	3.6729923	1.6319715	87	1.84287e-04	0.0058868	0.0019374	0.0132694	0.0023402	8.18817e-05	0.0026156	8.60820e-04	0.0058958	(lhood=-180712.8031571)

Current search range : [  100.0000000  ;  100000.0000000  ]
Brent minimization result: N_B = 656.0342298 (lhood = -180703.9792404)

Current parameters:
19931	656	1896	277	1569	739	3.6729923	1.6319715	87	1.84287e-04	0.0055988	0.0019374	0.0132694	0.0023402	8.18817e-05	0.0024876	8.60820e-04	0.0058958	(lhood=-180703.9792404)

Current search range : [  100.0000000  ;  100000.0000000  ]
Brent minimization result: N_C = 1895.8340427 (lhood = -180702.0414820)

Current parameters:
19931	656	1896	277	1569	739	3.6729923	1.6319715	87	1.84287e-04	0.0055988	0.0019374	0.0132694	0.0023402	8.18817e-05	0.0024876	8.60820e-04	0.0058958	(lhood=-180702.0414820)

Current search range : [  100.0000000  ;  100000.0000000  ]
Brent minimization result: N_D = 293.3833320 (lhood = -180698.9898532)

Current parameters:
19931	656	1896	293	1569	739	3.6729923	1.6319715	87	1.84287e-04	0.0055988	0.0019374	0.0125194	0.0023402	8.18817e-05	0.0024876	8.60820e-04	0.0055626	(lhood=-180698.9898532)

Current search range : [  100.0000000  ;  100000.0000000  ]
Brent minimization result: N_E = 1553.7975636 (lhood = -180702.2284720)

Current parameters:
19931	656	1896	293	1554	739	3.6729923	1.6319715	87	1.84287e-04	0.0055988	0.0019374	0.0125194	0.0023639	8.18817e-05	0.0024876	8.60820e-04	0.0055626	(lhood=-180702.2284720)

Current search range : [  100.0000000  ;  100000.0000000  ]
Brent minimization result: N_F = 731.4021648 (lhood = -180691.5095293)

Current parameters:
19931	656	1896	293	1554	731	3.6729923	1.6319715	87	1.84287e-04	0.0055988	0.0019374	0.0125194	0.0023639	8.18817e-05	0.0024876	8.60820e-04	0.0055626	(lhood=-180691.5095293)

Current search range : [  0.0100000  ;  20.0000000  ]
Brent minimization result: NMIG_1POP = 3.2788270 (lhood = -180700.4387596)

Current parameters:
19931	656	1896	293	1554	731	3.2788270	1.6319715	87	1.64510e-04	0.0049980	0.0017295	0.0111759	0.0021102	8.18817e-05	0.0024876	8.60820e-04	0.0055626	(lhood=-180700.4387596)

Current search range : [  0.0010000  ;  2.0000000  ]
Brent minimization result: NMIG_2POP = 1.6401557 (lhood = -180698.7145001)

Current parameters:
19931	656	1896	293	1554	731	3.2788270	1.6401557	87	1.64510e-04	0.0049980	0.0017295	0.0111759	0.0021102	8.22923e-05	0.0025001	8.65137e-04	0.0055905	(lhood=-180698.7145001)

Current search range : [  10.0000000  ;  200.0000000  ]
Brent minimization result: TDIV = 86.4119367 (lhood = -180696.6771107)

Current parameters:
19931	656	1896	293	1554	731	3.2788270	1.6401557	86	1.64510e-04	0.0049980	0.0017295	0.0111759	0.0021102	8.22923e-05	0.0025001	8.65137e-04	0.0055905	(lhood=-180696.6771107)

Iter 4	Curr best params:	19931	656	1896	293	1554	731	3.6729923	1.6319715	87	1.84287e-04	0.0055988	0.0019374	0.0125194	0.0023639	8.18817e-05	0.0024876	8.60820e-04	0.0055626	lhood=-180691.5095293

200000 simulations per lhood estimation

Current search range : [  100.0000000  ;  100000.0000000  ]
Brent minimization result: N_A = 16770.7386281 (lhood = -180700.1055288)

Current parameters:
16771	656	1896	293	1554	731	3.2788270	1.6401557	86	1.95509e-04	0.0049980	0.0017295	0.0111759	0.0021102	9.77987e-05	0.0025001	8.65137e-04	0.0055905	(lhood=-180700.1055288)

Current search range : [  100.0000000  ;  100000.0000000  ]
Brent minimization result: N_B = 665.2217370 (lhood = -180688.7136767)

Current parameters:
16771	665	1896	293	1554	731	3.2788270	1.6401557	86	1.95509e-04	0.0049289	0.0017295	0.0111759	0.0021102	9.77987e-05	0.0024656	8.65137e-04	0.0055905	(lhood=-180688.7136767)

Current search range : [  100.0000000  ;  100000.0000000  ]
Brent minimization result: N_C = 1895.8340427 (lhood = -180695.0303087)

Current parameters:
16771	665	1896	293	1554	731	3.2788270	1.6401557	86	1.95509e-04	0.0049289	0.0017295	0.0111759	0.0021102	9.77987e-05	0.0024656	8.65137e-04	0.0055905	(lhood=-180695.0303087)

Current search range : [  100.0000000  ;  100000.0000000  ]
Brent minimization result: N_D = 287.1164886 (lhood = -180693.2058965)

Current parameters:
16771	665	1896	287	1554	731	3.2788270	1.6401557	86	1.95509e-04	0.0049289	0.0017295	0.0114198	0.0021102	9.77987e-05	0.0024656	8.65137e-04	0.0057125	(lhood=-180693.2058965)

Current search range : [  100.0000000  ;  100000.0000000  ]
Brent minimization result: N_E = 1553.7975636 (lhood = -180701.0639925)

Current parameters:
16771	665	1896	287	1554	731	3.2788270	1.6401557	86	1.95509e-04	0.0049289	0.0017295	0.0114198	0.0021102	9.77987e-05	0.0024656	8.65137e-04	0.0057125	(lhood=-180701.0639925)

Current search range : [  100.0000000  ;  100000.0000000  ]
Brent minimization result: N_F = 668.5113765 (lhood = -180705.1454556)

Current parameters:
16771	665	1896	287	1554	669	3.2788270	1.6401557	86	1.95509e-04	0.0049289	0.0017295	0.0114198	0.0021102	9.77987e-05	0.0024656	8.65137e-04	0.0057125	(lhood=-180705.1454556)

Current search range : [  0.0100000  ;  20.0000000  ]
Brent minimization result: NMIG_1POP = 3.2257356 (lhood = -180701.5729805)

Current parameters:
16771	665	1896	287	1554	669	3.2257356	1.6401557	86	1.92343e-04	0.0048491	0.0017015	0.0112349	0.0020760	9.77987e-05	0.0024656	8.65137e-04	0.0057125	(lhood=-180701.5729805)

Current search range : [  0.0010000  ;  2.0000000  ]
Brent minimization result: NMIG_2POP = 1.8540676 (lhood = -180693.6547028)

Current parameters:
16771	665	1896	287	1554	669	3.2257356	1.8540676	86	1.92343e-04	0.0048491	0.0017015	0.0112349	0.0020760	1.10554e-04	0.0027871	9.77969e-04	0.0064575	(lhood=-180693.6547028)

Current search range : [  10.0000000  ;  200.0000000  ]
Brent minimization result: TDIV = 86.4119367 (lhood = -180698.5500033)

Current parameters:
16771	665	1896	287	1554	669	3.2257356	1.8540676	86	1.92343e-04	0.0048491	0.0017015	0.0112349	0.0020760	1.10554e-04	0.0027871	9.77969e-04	0.0064575	(lhood=-180698.5500033)

Iter 5	Curr best params:	16771	665	1896	293	1554	731	3.2788270	1.6401557	86	1.95509e-04	0.0049289	0.0017295	0.0111759	0.0021102	9.77987e-05	0.0024656	8.65137e-04	0.0055905	lhood=-180688.7136767

200000 simulations per lhood estimation

Current search range : [  100.0000000  ;  100000.0000000  ]
Brent minimization result: N_A = 19911.8942282 (lhood = -180695.6124949)

Current parameters:
19912	665	1896	287	1554	669	3.2257356	1.8540676	86	1.62000e-04	0.0048491	0.0017015	0.0112349	0.0020760	9.31136e-05	0.0027871	9.77969e-04	0.0064575	(lhood=-180695.6124949)

Current search range : [  100.0000000  ;  100000.0000000  ]
Brent minimization result: N_B = 665.2217370 (lhood = -180700.5353007)

Current parameters:
19912	665	1896	287	1554	669	3.2257356	1.8540676	86	1.62000e-04	0.0048491	0.0017015	0.0112349	0.0020760	9.31136e-05	0.0027871	9.77969e-04	0.0064575	(lhood=-180700.5353007)

Current search range : [  100.0000000  ;  100000.0000000  ]
Brent minimization result: N_C = 1895.8340427 (lhood = -180694.1153563)

Current parameters:
19912	665	1896	287	1554	669	3.2257356	1.8540676	86	1.62000e-04	0.0048491	0.0017015	0.0112349	0.0020760	9.31136e-05	0.0027871	9.77969e-04	0.0064575	(lhood=-180694.1153563)

Current search range : [  100.0000000  ;  100000.0000000  ]
Brent minimization result: N_D = 287.1164886 (lhood = -180707.3111617)

Current parameters:
19912	665	1896	287	1554	669	3.2257356	1.8540676	86	1.62000e-04	0.0048491	0.0017015	0.0112349	0.0020760	9.31136e-05	0.0027871	9.77969e-04	0.0064575	(lhood=-180707.3111617)

Current search range : [  100.0000000  ;  100000.0000000  ]
Brent minimization result: N_E = 1521.3347815 (lhood = -180692.5564968)

Current parameters:
19912	665	1896	287	1521	669	3.2257356	1.8540676	86	1.62000e-04	0.0048491	0.0017015	0.0112349	0.0021203	9.31136e-05	0.0027871	9.77969e-04	0.0064575	(lhood=-180692.5564968)

Current search range : [  100.0000000  ;  100000.0000000  ]
Brent minimization result: N_F = 702.2760810 (lhood = -180698.0740856)

Current parameters:
19912	665	1896	287	1521	702	3.2257356	1.8540676	86	1.62000e-04	0.0048491	0.0017015	0.0112349	0.0021203	9.31136e-05	0.0027871	9.77969e-04	0.0064575	(lhood=-180698.0740856)

Current search range : [  0.0100000  ;  20.0000000  ]
Brent minimization result: NMIG_1POP = 3.3744340 (lhood = -180680.1963083)

Current parameters:
19912	665	1896	287	1521	702	3.3744340	1.8540676	86	1.69468e-04	0.0050726	0.0017799	0.0117528	0.0022181	9.31136e-05	0.0027871	9.77969e-04	0.0064575	(lhood=-180680.1963083)

Current search range : [  0.0010000  ;  2.0000000  ]
Brent minimization result: NMIG_2POP = 1.8540676 (lhood = -180686.5939223)

Current parameters:
19912	665	1896	287	1521	702	3.3744340	1.8540676	86	1.69468e-04	0.0050726	0.0017799	0.0117528	0.0022181	9.31136e-05	0.0027871	9.77969e-04	0.0064575	(lhood=-180686.5939223)

Current search range : [  10.0000000  ;  200.0000000  ]
Brent minimization result: TDIV = 85.5478174 (lhood = -180693.3642678)

Current parameters:
19912	665	1896	287	1521	702	3.3744340	1.8540676	86	1.69468e-04	0.0050726	0.0017799	0.0117528	0.0022181	9.31136e-05	0.0027871	9.77969e-04	0.0064575	(lhood=-180693.3642678)

Iter 6	Curr best params:	19912	665	1896	287	1521	702	3.3744340	1.8540676	86	1.69468e-04	0.0050726	0.0017799	0.0117528	0.0022181	9.31136e-05	0.0027871	9.77969e-04	0.0064575	lhood=-180680.1963083

200000 simulations per lhood estimation

Current search range : [  100.0000000  ;  100000.0000000  ]
Brent minimization result: N_A = 19095.2655067 (lhood = -180691.6155384)

Current parameters:
19095	665	1896	287	1521	702	3.3744340	1.8540676	86	1.76716e-04	0.0050726	0.0017799	0.0117528	0.0022181	9.70957e-05	0.0027871	9.77969e-04	0.0064575	(lhood=-180691.6155384)

Current search range : [  100.0000000  ;  100000.0000000  ]
Brent minimization result: N_B = 665.2217370 (lhood = -180690.3736203)

Current parameters:
19095	665	1896	287	1521	702	3.3744340	1.8540676	86	1.76716e-04	0.0050726	0.0017799	0.0117528	0.0022181	9.70957e-05	0.0027871	9.77969e-04	0.0064575	(lhood=-180690.3736203)

Current search range : [  100.0000000  ;  100000.0000000  ]
Brent minimization result: N_C = 1914.7923831 (lhood = -180687.2147083)

Current parameters:
19095	665	1915	287	1521	702	3.3744340	1.8540676	86	1.76716e-04	0.0050726	0.0017623	0.0117528	0.0022181	9.70957e-05	0.0027871	9.68286e-04	0.0064575	(lhood=-180687.2147083)

Current search range : [  100.0000000  ;  100000.0000000  ]
Brent minimization result: N_D = 287.1164886 (lhood = -180690.7668232)

Current parameters:
19095	665	1915	287	1521	702	3.3744340	1.8540676	86	1.76716e-04	0.0050726	0.0017623	0.0117528	0.0022181	9.70957e-05	0.0027871	9.68286e-04	0.0064575	(lhood=-180690.7668232)

Current search range : [  100.0000000  ;  100000.0000000  ]
Brent minimization result: N_E = 1521.3347815 (lhood = -180695.1336652)

Current parameters:
19095	665	1915	287	1521	702	3.3744340	1.8540676	86	1.76716e-04	0.0050726	0.0017623	0.0117528	0.0022181	9.70957e-05	0.0027871	9.68286e-04	0.0064575	(lhood=-180695.1336652)

Current search range : [  100.0000000  ;  100000.0000000  ]
Brent minimization result: N_F = 709.9785949 (lhood = -180689.2365177)

Current parameters:
19095	665	1915	287	1521	710	3.3744340	1.8540676	86	1.76716e-04	0.0050726	0.0017623	0.0117528	0.0022181	9.70957e-05	0.0027871	9.68286e-04	0.0064575	(lhood=-180689.2365177)

Current search range : [  0.0100000  ;  20.0000000  ]
Brent minimization result: NMIG_1POP = 3.6233640 (lhood = -180684.3555609)

Current parameters:
19095	665	1915	287	1521	710	3.6233640	1.8540676	86	1.89752e-04	0.0054469	0.0018923	0.0126198	0.0023817	9.70957e-05	0.0027871	9.68286e-04	0.0064575	(lhood=-180684.3555609)

Current search range : [  0.0010000  ;  2.0000000  ]
Brent minimization result: NMIG_2POP = 1.8426239 (lhood = -180692.7411799)

Current parameters:
19095	665	1915	287	1521	710	3.6233640	1.8426239	86	1.89752e-04	0.0054469	0.0018923	0.0126198	0.0023817	9.64964e-05	0.0027699	9.62310e-04	0.0064177	(lhood=-180692.7411799)

Current search range : [  10.0000000  ;  200.0000000  ]
Brent minimization result: TDIV = 85.5478174 (lhood = -180683.9696259)

Current parameters:
19095	665	1915	287	1521	710	3.6233640	1.8426239	86	1.89752e-04	0.0054469	0.0018923	0.0126198	0.0023817	9.64964e-05	0.0027699	9.62310e-04	0.0064177	(lhood=-180683.9696259)

Iter 7	Curr best params:	19912	665	1896	287	1521	702	3.3744340	1.8540676	86	1.69468e-04	0.0050726	0.0017799	0.0117528	0.0022181	9.31136e-05	0.0027871	9.77969e-04	0.0064575	lhood=-180680.1963083

200000 simulations per lhood estimation

Current search range : [  100.0000000  ;  100000.0000000  ]
Brent minimization result: N_A = 18036.6957345 (lhood = -180694.1713039)

Current parameters:
18037	665	1915	287	1521	710	3.6233640	1.8426239	86	2.00888e-04	0.0054469	0.0018923	0.0126198	0.0023817	1.02160e-04	0.0027699	9.62310e-04	0.0064177	(lhood=-180694.1713039)

Current search range : [  100.0000000  ;  100000.0000000  ]
Brent minimization result: N_B = 648.2646152 (lhood = -180692.4776694)

Current parameters:
18037	648	1915	287	1521	710	3.6233640	1.8426239	86	2.00888e-04	0.0055893	0.0018923	0.0126198	0.0023817	1.02160e-04	0.0028424	9.62310e-04	0.0064177	(lhood=-180692.4776694)

Current search range : [  100.0000000  ;  100000.0000000  ]
Brent minimization result: N_C = 2013.6336599 (lhood = -180691.8182408)

Current parameters:
18037	648	2014	287	1521	710	3.6233640	1.8426239	86	2.00888e-04	0.0055893	0.0017994	0.0126198	0.0023817	1.02160e-04	0.0028424	9.15074e-04	0.0064177	(lhood=-180691.8182408)

Current search range : [  100.0000000  ;  100000.0000000  ]
Brent minimization result: N_D = 287.1164886 (lhood = -180698.8581204)

Current parameters:
18037	648	2014	287	1521	710	3.6233640	1.8426239	86	2.00888e-04	0.0055893	0.0017994	0.0126198	0.0023817	1.02160e-04	0.0028424	9.15074e-04	0.0064177	(lhood=-180698.8581204)

Current search range : [  100.0000000  ;  100000.0000000  ]
Brent minimization result: N_E = 1622.4710541 (lhood = -180703.3763840)

Current parameters:
18037	648	2014	287	1622	710	3.6233640	1.8426239	86	2.00888e-04	0.0055893	0.0017994	0.0126198	0.0022332	1.02160e-04	0.0028424	9.15074e-04	0.0064177	(lhood=-180703.3763840)

Current search range : [  100.0000000  ;  100000.0000000  ]
Brent minimization result: N_F = 709.9785949 (lhood = -180699.3141847)

Current parameters:
18037	648	2014	287	1622	710	3.6233640	1.8426239	86	2.00888e-04	0.0055893	0.0017994	0.0126198	0.0022332	1.02160e-04	0.0028424	9.15074e-04	0.0064177	(lhood=-180699.3141847)

Current search range : [  0.0100000  ;  20.0000000  ]
Brent minimization result: NMIG_1POP = 3.1769785 (lhood = -180689.4253907)

Current parameters:
18037	648	2014	287	1622	710	3.1769785	1.8426239	86	1.76140e-04	0.0049007	0.0015777	0.0110651	0.0019581	1.02160e-04	0.0028424	9.15074e-04	0.0064177	(lhood=-180689.4253907)

Current search range : [  0.0010000  ;  2.0000000  ]
Brent minimization result: NMIG_2POP = 1.9012189 (lhood = -180701.8762868)

Current parameters:
18037	648	2014	287	1622	710	3.1769785	1.9012189	86	1.76140e-04	0.0049007	0.0015777	0.0110651	0.0019581	1.05408e-04	0.0029328	9.44173e-04	0.0066218	(lhood=-180701.8762868)

Current search range : [  10.0000000  ;  200.0000000  ]
Brent minimization result: TDIV = 84.6923392 (lhood = -180702.0630160)

Current parameters:
18037	648	2014	287	1622	710	3.1769785	1.9012189	85	1.76140e-04	0.0049007	0.0015777	0.0110651	0.0019581	1.05408e-04	0.0029328	9.44173e-04	0.0066218	(lhood=-180702.0630160)

Iter 8	Curr best params:	19912	665	1896	287	1521	702	3.3744340	1.8540676	86	1.69468e-04	0.0050726	0.0017799	0.0117528	0.0022181	9.31136e-05	0.0027871	9.77969e-04	0.0064575	lhood=-180680.1963083

200000 simulations per lhood estimation

Current search range : [  100.0000000  ;  100000.0000000  ]
Brent minimization result: N_A = 17263.2269664 (lhood = -180698.5403631)

Current parameters:
17263	648	2014	287	1622	710	3.1769785	1.9012189	85	1.84032e-04	0.0049007	0.0015777	0.0110651	0.0019581	1.10131e-04	0.0029328	9.44173e-04	0.0066218	(lhood=-180698.5403631)

Current search range : [  100.0000000  ;  100000.0000000  ]
Brent minimization result: N_B = 689.6072990 (lhood = -180712.4603820)

Current parameters:
17263	690	2014	287	1622	710	3.1769785	1.9012189	85	1.84032e-04	0.0046069	0.0015777	0.0110651	0.0019581	1.10131e-04	0.0027570	9.44173e-04	0.0066218	(lhood=-180712.4603820)

Current search range : [  100.0000000  ;  100000.0000000  ]
Brent minimization result: N_C = 1821.4259141 (lhood = -180708.6511225)

Current parameters:
17263	690	1821	287	1622	710	3.1769785	1.9012189	85	1.84032e-04	0.0046069	0.0017442	0.0110651	0.0019581	1.10131e-04	0.0027570	0.0010438	0.0066218	(lhood=-180708.6511225)

Current search range : [  100.0000000  ;  100000.0000000  ]
Brent minimization result: N_D = 287.1164886 (lhood = -180703.9702084)

Current parameters:
17263	690	1821	287	1622	710	3.1769785	1.9012189	85	1.84032e-04	0.0046069	0.0017442	0.0110651	0.0019581	1.10131e-04	0.0027570	0.0010438	0.0066218	(lhood=-180703.9702084)

Current search range : [  100.0000000  ;  100000.0000000  ]
Brent minimization result: N_E = 1606.2463436 (lhood = -180699.6656155)

Current parameters:
17263	690	1821	287	1606	710	3.1769785	1.9012189	85	1.84032e-04	0.0046069	0.0017442	0.0110651	0.0019779	1.10131e-04	0.0027570	0.0010438	0.0066218	(lhood=-180699.6656155)

Current search range : [  100.0000000  ;  100000.0000000  ]
Brent minimization result: N_F = 709.9785949 (lhood = -180706.9797715)

Current parameters:
17263	690	1821	287	1606	710	3.1769785	1.9012189	85	1.84032e-04	0.0046069	0.0017442	0.0110651	0.0019779	1.10131e-04	0.0027570	0.0010438	0.0066218	(lhood=-180706.9797715)

Current search range : [  0.0100000  ;  20.0000000  ]
Brent minimization result: NMIG_1POP = 3.1769785 (lhood = -180702.5877400)

Current parameters:
17263	690	1821	287	1606	710	3.1769785	1.9012189	85	1.84032e-04	0.0046069	0.0017442	0.0110651	0.0019779	1.10131e-04	0.0027570	0.0010438	0.0066218	(lhood=-180702.5877400)

Current search range : [  0.0010000  ;  2.0000000  ]
Brent minimization result: NMIG_2POP = 1.7984373 (lhood = -180701.6015828)

Current parameters:
17263	690	1821	287	1606	710	3.1769785	1.7984373	85	1.84032e-04	0.0046069	0.0017442	0.0110651	0.0019779	1.04177e-04	0.0026079	9.87379e-04	0.0062638	(lhood=-180701.6015828)

Current search range : [  10.0000000  ;  200.0000000  ]
Brent minimization result: TDIV = 89.3548128 (lhood = -180702.2887973)

Current parameters:
17263	690	1821	287	1606	710	3.1769785	1.7984373	89	1.84032e-04	0.0046069	0.0017442	0.0110651	0.0019779	1.04177e-04	0.0026079	9.87379e-04	0.0062638	(lhood=-180702.2887973)

Iter 9	Curr best params:	19912	665	1896	287	1521	702	3.3744340	1.8540676	86	1.69468e-04	0.0050726	0.0017799	0.0117528	0.0022181	9.31136e-05	0.0027871	9.77969e-04	0.0064575	lhood=-180680.1963083

200000 simulations per lhood estimation

Current search range : [  100.0000000  ;  100000.0000000  ]
Brent minimization result: N_A = 19225.4748801 (lhood = -180705.0304362)

Current parameters:
19225	690	1821	287	1606	710	3.1769785	1.7984373	89	1.65248e-04	0.0046069	0.0017442	0.0110651	0.0019779	9.35445e-05	0.0026079	9.87379e-04	0.0062638	(lhood=-180705.0304362)

Current search range : [  100.0000000  ;  100000.0000000  ]
Brent minimization result: N_B = 665.6437551 (lhood = -180697.3553164)

Current parameters:
19225	666	1821	287	1606	710	3.1769785	1.7984373	89	1.65248e-04	0.0047728	0.0017442	0.0110651	0.0019779	9.35445e-05	0.0027018	9.87379e-04	0.0062638	(lhood=-180697.3553164)

Current search range : [  100.0000000  ;  100000.0000000  ]
Brent minimization result: N_C = 1854.1290536 (lhood = -180694.0403122)

Current parameters:
19225	666	1854	287	1606	710	3.1769785	1.7984373	89	1.65248e-04	0.0047728	0.0017135	0.0110651	0.0019779	9.35445e-05	0.0027018	9.69963e-04	0.0062638	(lhood=-180694.0403122)

Current search range : [  100.0000000  ;  100000.0000000  ]
Brent minimization result: N_D = 275.9561003 (lhood = -180690.8605160)

Current parameters:
19225	666	1854	276	1606	710	3.1769785	1.7984373	89	1.65248e-04	0.0047728	0.0017135	0.0115126	0.0019779	9.35445e-05	0.0027018	9.69963e-04	0.0065171	(lhood=-180690.8605160)

Current search range : [  100.0000000  ;  100000.0000000  ]
Brent minimization result: N_E = 1606.2463436 (lhood = -180701.4956524)

Current parameters:
19225	666	1854	276	1606	710	3.1769785	1.7984373	89	1.65248e-04	0.0047728	0.0017135	0.0115126	0.0019779	9.35445e-05	0.0027018	9.69963e-04	0.0065171	(lhood=-180701.4956524)

Current search range : [  100.0000000  ;  100000.0000000  ]
Brent minimization result: N_F = 773.2331468 (lhood = -180699.8419397)

Current parameters:
19225	666	1854	276	1606	773	3.1769785	1.7984373	89	1.65248e-04	0.0047728	0.0017135	0.0115126	0.0019779	9.35445e-05	0.0027018	9.69963e-04	0.0065171	(lhood=-180699.8419397)

Current search range : [  0.0100000  ;  20.0000000  ]
Brent minimization result: NMIG_1POP = 3.1047325 (lhood = -180692.2072807)

Current parameters:
19225	666	1854	276	1606	773	3.1047325	1.7984373	89	1.61491e-04	0.0046643	0.0016745	0.0112508	0.0019329	9.35445e-05	0.0027018	9.69963e-04	0.0065171	(lhood=-180692.2072807)

Current search range : [  0.0010000  ;  2.0000000  ]
Brent minimization result: NMIG_2POP = 1.8631492 (lhood = -180701.1463390)

Current parameters:
19225	666	1854	276	1606	773	3.1047325	1.8631492	89	1.61491e-04	0.0046643	0.0016745	0.0112508	0.0019329	9.69104e-05	0.0027990	0.0010049	0.0067516	(lhood=-180701.1463390)

Current search range : [  10.0000000  ;  200.0000000  ]
Brent minimization result: TDIV = 83.7178308 (lhood = -180707.5216290)

Current parameters:
19225	666	1854	276	1606	773	3.1047325	1.8631492	84	1.61491e-04	0.0046643	0.0016745	0.0112508	0.0019329	9.69104e-05	0.0027990	0.0010049	0.0067516	(lhood=-180707.5216290)

Iter 10	Curr best params:	19912	665	1896	287	1521	702	3.3744340	1.8540676	86	1.69468e-04	0.0050726	0.0017799	0.0117528	0.0022181	9.31136e-05	0.0027871	9.77969e-04	0.0064575	lhood=-180680.1963083

200000 simulations per lhood estimation

Current search range : [  100.0000000  ;  100000.0000000  ]
Brent minimization result: N_A = 21423.1924926 (lhood = -180709.4794482)

Current parameters:
21423	666	1854	276	1606	773	3.1047325	1.8631492	84	1.44924e-04	0.0046643	0.0016745	0.0112508	0.0019329	8.69688e-05	0.0027990	0.0010049	0.0067516	(lhood=-180709.4794482)

Current search range : [  100.0000000  ;  100000.0000000  ]
Brent minimization result: N_B = 693.2566473 (lhood = -180705.3854106)

Current parameters:
21423	693	1854	276	1606	773	3.1047325	1.8631492	84	1.44924e-04	0.0044785	0.0016745	0.0112508	0.0019329	8.69688e-05	0.0026875	0.0010049	0.0067516	(lhood=-180705.3854106)

Current search range : [  100.0000000  ;  100000.0000000  ]
Brent minimization result: N_C = 1872.6703441 (lhood = -180718.9011463)

Current parameters:
21423	693	1873	276	1606	773	3.1047325	1.8631492	84	1.44924e-04	0.0044785	0.0016579	0.0112508	0.0019329	8.69688e-05	0.0026875	9.94916e-04	0.0067516	(lhood=-180718.9011463)

Current search range : [  100.0000000  ;  100000.0000000  ]
Brent minimization result: N_D = 275.9561003 (lhood = -180711.7399865)

Current parameters:
21423	693	1873	276	1606	773	3.1047325	1.8631492	84	1.44924e-04	0.0044785	0.0016579	0.0112508	0.0019329	8.69688e-05	0.0026875	9.94916e-04	0.0067516	(lhood=-180711.7399865)

Current search range : [  100.0000000  ;  100000.0000000  ]
Brent minimization result: N_E = 1606.2463436 (lhood = -180719.7318826)

Current parameters:
21423	693	1873	276	1606	773	3.1047325	1.8631492	84	1.44924e-04	0.0044785	0.0016579	0.0112508	0.0019329	8.69688e-05	0.0026875	9.94916e-04	0.0067516	(lhood=-180719.7318826)

Current search range : [  100.0000000  ;  100000.0000000  ]
Brent minimization result: N_F = 798.2890303 (lhood = -180718.9036675)

Current parameters:
21423	693	1873	276	1606	798	3.1047325	1.8631492	84	1.44924e-04	0.0044785	0.0016579	0.0112508	0.0019329	8.69688e-05	0.0026875	9.94916e-04	0.0067516	(lhood=-180718.9036675)

Current search range : [  0.0100000  ;  20.0000000  ]
Brent minimization result: NMIG_1POP = 3.2562325 (lhood = -180715.9346370)

Current parameters:
21423	693	1873	276	1606	798	3.2562325	1.8631492	84	1.51996e-04	0.0046970	0.0017388	0.0117998	0.0020272	8.69688e-05	0.0026875	9.94916e-04	0.0067516	(lhood=-180715.9346370)

Current search range : [  0.0010000  ;  2.0000000  ]
Brent minimization result: NMIG_2POP = 1.7510888 (lhood = -180721.2199696)

Current parameters:
21423	693	1873	276	1606	798	3.2562325	1.7510888	84	1.51996e-04	0.0046970	0.0017388	0.0117998	0.0020272	8.17380e-05	0.0025259	9.35076e-04	0.0063455	(lhood=-180721.2199696)

Current search range : [  10.0000000  ;  200.0000000  ]
Brent minimization result: TDIV = 90.6534293 (lhood = -180711.5194577)

Current parameters:
21423	693	1873	276	1606	798	3.2562325	1.7510888	91	1.51996e-04	0.0046970	0.0017388	0.0117998	0.0020272	8.17380e-05	0.0025259	9.35076e-04	0.0063455	(lhood=-180711.5194577)

Iter 11	Curr best params:	19912	665	1896	287	1521	702	3.3744340	1.8540676	86	1.69468e-04	0.0050726	0.0017799	0.0117528	0.0022181	9.31136e-05	0.0027871	9.77969e-04	0.0064575	lhood=-180680.1963083

200000 simulations per lhood estimation

Current search range : [  100.0000000  ;  100000.0000000  ]
Brent minimization result: N_A = 23851.7746904 (lhood = -180724.0002376)

Current parameters:
23852	693	1873	276	1606	798	3.2562325	1.7510888	91	1.36520e-04	0.0046970	0.0017388	0.0117998	0.0020272	7.34155e-05	0.0025259	9.35076e-04	0.0063455	(lhood=-180724.0002376)

Current search range : [  100.0000000  ;  100000.0000000  ]
Brent minimization result: N_B = 693.2566473 (lhood = -180730.4315255)

Current parameters:
23852	693	1873	276	1606	798	3.2562325	1.7510888	91	1.36520e-04	0.0046970	0.0017388	0.0117998	0.0020272	7.34155e-05	0.0025259	9.35076e-04	0.0063455	(lhood=-180730.4315255)

Current search range : [  100.0000000  ;  100000.0000000  ]
Brent minimization result: N_C = 2049.1370085 (lhood = -180721.0760141)

Current parameters:
23852	693	2049	276	1606	798	3.2562325	1.7510888	91	1.36520e-04	0.0046970	0.0015891	0.0117998	0.0020272	7.34155e-05	0.0025259	8.54549e-04	0.0063455	(lhood=-180721.0760141)

Current search range : [  100.0000000  ;  100000.0000000  ]
Brent minimization result: N_D = 297.0869402 (lhood = -180708.7245320)

Current parameters:
23852	693	2049	297	1606	798	3.2562325	1.7510888	91	1.36520e-04	0.0046970	0.0015891	0.0109605	0.0020272	7.34155e-05	0.0025259	8.54549e-04	0.0058942	(lhood=-180708.7245320)

Current search range : [  100.0000000  ;  100000.0000000  ]
Brent minimization result: N_E = 1606.2463436 (lhood = -180699.4792376)

Current parameters:
23852	693	2049	297	1606	798	3.2562325	1.7510888	91	1.36520e-04	0.0046970	0.0015891	0.0109605	0.0020272	7.34155e-05	0.0025259	8.54549e-04	0.0058942	(lhood=-180699.4792376)

Current search range : [  100.0000000  ;  100000.0000000  ]
Brent minimization result: N_F = 790.1632508 (lhood = -180697.2431432)

Current parameters:
23852	693	2049	297	1606	790	3.2562325	1.7510888	91	1.36520e-04	0.0046970	0.0015891	0.0109605	0.0020272	7.34155e-05	0.0025259	8.54549e-04	0.0058942	(lhood=-180697.2431432)

Current search range : [  0.0100000  ;  20.0000000  ]
Brent minimization result: NMIG_1POP = 3.3229376 (lhood = -180703.2561854)

Current parameters:
23852	693	2049	297	1606	790	3.3229376	1.7510888	91	1.39316e-04	0.0047932	0.0016216	0.0111851	0.0020688	7.34155e-05	0.0025259	8.54549e-04	0.0058942	(lhood=-180703.2561854)

Current search range : [  0.0010000  ;  2.0000000  ]
Brent minimization result: NMIG_2POP = 1.9189047 (lhood = -180696.7000732)

Current parameters:
23852	693	2049	297	1606	790	3.3229376	1.9189047	91	1.39316e-04	0.0047932	0.0016216	0.0111851	0.0020688	8.04512e-05	0.0027680	9.36445e-04	0.0064591	(lhood=-180696.7000732)

Current search range : [  10.0000000  ;  200.0000000  ]
Brent minimization result: TDIV = 90.6534293 (lhood = -180696.8198322)

Current parameters:
23852	693	2049	297	1606	790	3.3229376	1.9189047	91	1.39316e-04	0.0047932	0.0016216	0.0111851	0.0020688	8.04512e-05	0.0027680	9.36445e-04	0.0064591	(lhood=-180696.8198322)

Iter 12	Curr best params:	19912	665	1896	287	1521	702	3.3744340	1.8540676	86	1.69468e-04	0.0050726	0.0017799	0.0117528	0.0022181	9.31136e-05	0.0027871	9.77969e-04	0.0064575	lhood=-180680.1963083

200000 simulations per lhood estimation

Current search range : [  100.0000000  ;  100000.0000000  ]
Brent minimization result: N_A = 24334.3828587 (lhood = -180704.6525495)

Current parameters:
24334	693	2049	297	1606	790	3.3229376	1.9189047	91	1.36553e-04	0.0047932	0.0016216	0.0111851	0.0020688	7.88557e-05	0.0027680	9.36445e-04	0.0064591	(lhood=-180704.6525495)

Current search range : [  100.0000000  ;  100000.0000000  ]
Brent minimization result: N_B = 702.3345949 (lhood = -180705.5781469)

Current parameters:
24334	702	2049	297	1606	790	3.3229376	1.9189047	91	1.36553e-04	0.0047313	0.0016216	0.0111851	0.0020688	7.88557e-05	0.0027322	9.36445e-04	0.0064591	(lhood=-180705.5781469)

Current search range : [  100.0000000  ;  100000.0000000  ]
Brent minimization result: N_C = 2028.6456384 (lhood = -180697.8683407)

Current parameters:
24334	702	2029	297	1606	790	3.3229376	1.9189047	91	1.36553e-04	0.0047313	0.0016380	0.0111851	0.0020688	7.88557e-05	0.0027322	9.45904e-04	0.0064591	(lhood=-180697.8683407)

Current search range : [  100.0000000  ;  100000.0000000  ]
Brent minimization result: N_D = 312.1625928 (lhood = -180709.4220733)

Current parameters:
24334	702	2029	312	1606	790	3.3229376	1.9189047	91	1.36553e-04	0.0047313	0.0016380	0.0106449	0.0020688	7.88557e-05	0.0027322	9.45904e-04	0.0061471	(lhood=-180709.4220733)

Current search range : [  100.0000000  ;  100000.0000000  ]
Brent minimization result: N_E = 1671.1103805 (lhood = -180710.0341189)

Current parameters:
24334	702	2029	312	1671	790	3.3229376	1.9189047	91	1.36553e-04	0.0047313	0.0016380	0.0106449	0.0019885	7.88557e-05	0.0027322	9.45904e-04	0.0061471	(lhood=-180710.0341189)

Current search range : [  100.0000000  ;  100000.0000000  ]
Brent minimization result: N_F = 802.0064345 (lhood = -180697.6593544)

Current parameters:
24334	702	2029	312	1671	802	3.3229376	1.9189047	91	1.36553e-04	0.0047313	0.0016380	0.0106449	0.0019885	7.88557e-05	0.0027322	9.45904e-04	0.0061471	(lhood=-180697.6593544)

Current search range : [  0.0100000  ;  20.0000000  ]
Brent minimization result: NMIG_1POP = 3.3229376 (lhood = -180706.3574118)

Current parameters:
24334	702	2029	312	1671	802	3.3229376	1.9189047	91	1.36553e-04	0.0047313	0.0016380	0.0106449	0.0019885	7.88557e-05	0.0027322	9.45904e-04	0.0061471	(lhood=-180706.3574118)

Current search range : [  0.0010000  ;  2.0000000  ]
Brent minimization result: NMIG_2POP = 1.9189047 (lhood = -180694.4219360)

Current parameters:
24334	702	2029	312	1671	802	3.3229376	1.9189047	91	1.36553e-04	0.0047313	0.0016380	0.0106449	0.0019885	7.88557e-05	0.0027322	9.45904e-04	0.0061471	(lhood=-180694.4219360)

Current search range : [  10.0000000  ;  200.0000000  ]
Brent minimization result: TDIV = 89.7468950 (lhood = -180703.0015174)

Current parameters:
24334	702	2029	312	1671	802	3.3229376	1.9189047	90	1.36553e-04	0.0047313	0.0016380	0.0106449	0.0019885	7.88557e-05	0.0027322	9.45904e-04	0.0061471	(lhood=-180703.0015174)

Iter 13	Curr best params:	19912	665	1896	287	1521	702	3.3744340	1.8540676	86	1.69468e-04	0.0050726	0.0017799	0.0117528	0.0022181	9.31136e-05	0.0027871	9.77969e-04	0.0064575	lhood=-180680.1963083

200000 simulations per lhood estimation

Current search range : [  100.0000000  ;  100000.0000000  ]
Brent minimization result: N_A = 18594.6662362 (lhood = -180704.4986271)

Current parameters:
18595	702	2029	312	1671	802	3.3229376	1.9189047	90	1.78704e-04	0.0047313	0.0016380	0.0106449	0.0019885	1.03197e-04	0.0027322	9.45904e-04	0.0061471	(lhood=-180704.4986271)

Current search range : [  100.0000000  ;  100000.0000000  ]
Brent minimization result: N_B = 713.5439762 (lhood = -180698.4458187)

Current parameters:
18595	714	2029	312	1671	802	3.3229376	1.9189047	90	1.78704e-04	0.0046569	0.0016380	0.0106449	0.0019885	1.03197e-04	0.0026893	9.45904e-04	0.0061471	(lhood=-180698.4458187)

Current search range : [  100.0000000  ;  100000.0000000  ]
Brent minimization result: N_C = 2028.6456384 (lhood = -180708.5371849)

Current parameters:
18595	714	2029	312	1671	802	3.3229376	1.9189047	90	1.78704e-04	0.0046569	0.0016380	0.0106449	0.0019885	1.03197e-04	0.0026893	9.45904e-04	0.0061471	(lhood=-180708.5371849)

Current search range : [  100.0000000  ;  100000.0000000  ]
Brent minimization result: N_D = 281.9548449 (lhood = -180693.8876054)

Current parameters:
18595	714	2029	282	1671	802	3.3229376	1.9189047	90	1.78704e-04	0.0046569	0.0016380	0.0117854	0.0019885	1.03197e-04	0.0026893	9.45904e-04	0.0068057	(lhood=-180693.8876054)

Current search range : [  100.0000000  ;  100000.0000000  ]
Brent minimization result: N_E = 1691.4658393 (lhood = -180710.3225513)

Current parameters:
18595	714	2029	282	1691	802	3.3229376	1.9189047	90	1.78704e-04	0.0046569	0.0016380	0.0117854	0.0019645	1.03197e-04	0.0026893	9.45904e-04	0.0068057	(lhood=-180710.3225513)

Current search range : [  100.0000000  ;  100000.0000000  ]
Brent minimization result: N_F = 778.3134295 (lhood = -180697.8400330)

Current parameters:
18595	714	2029	282	1691	778	3.3229376	1.9189047	90	1.78704e-04	0.0046569	0.0016380	0.0117854	0.0019645	1.03197e-04	0.0026893	9.45904e-04	0.0068057	(lhood=-180697.8400330)

Current search range : [  0.0100000  ;  20.0000000  ]
Brent minimization result: NMIG_1POP = 2.8480424 (lhood = -180704.8517057)

Current parameters:
18595	714	2029	282	1691	778	2.8480424	1.9189047	90	1.53164e-04	0.0039914	0.0014039	0.0101011	0.0016838	1.03197e-04	0.0026893	9.45904e-04	0.0068057	(lhood=-180704.8517057)

Current search range : [  0.0010000  ;  2.0000000  ]
Brent minimization result: NMIG_2POP = 1.9686275 (lhood = -180703.6406535)

Current parameters:
18595	714	2029	282	1691	778	2.8480424	1.9686275	90	1.53164e-04	0.0039914	0.0014039	0.0101011	0.0016838	1.05871e-04	0.0027589	9.70415e-04	0.0069821	(lhood=-180703.6406535)

Current search range : [  10.0000000  ;  200.0000000  ]
Brent minimization result: TDIV = 95.3105836 (lhood = -180711.9765214)

Current parameters:
18595	714	2029	282	1691	778	2.8480424	1.9686275	95	1.53164e-04	0.0039914	0.0014039	0.0101011	0.0016838	1.05871e-04	0.0027589	9.70415e-04	0.0069821	(lhood=-180711.9765214)

Iter 14	Curr best params:	19912	665	1896	287	1521	702	3.3744340	1.8540676	86	1.69468e-04	0.0050726	0.0017799	0.0117528	0.0022181	9.31136e-05	0.0027871	9.77969e-04	0.0064575	lhood=-180680.1963083

200000 simulations per lhood estimation

Current search range : [  100.0000000  ;  100000.0000000  ]
Brent minimization result: N_A = 17608.0553546 (lhood = -180706.0463238)

Current parameters:
17608	714	2029	282	1691	778	2.8480424	1.9686275	95	1.61747e-04	0.0039914	0.0014039	0.0101011	0.0016838	1.11803e-04	0.0027589	9.70415e-04	0.0069821	(lhood=-180706.0463238)

Current search range : [  100.0000000  ;  100000.0000000  ]
Brent minimization result: N_B = 679.3523453 (lhood = -180715.9477104)

Current parameters:
17608	679	2029	282	1691	778	2.8480424	1.9686275	95	1.61747e-04	0.0041923	0.0014039	0.0101011	0.0016838	1.11803e-04	0.0028978	9.70415e-04	0.0069821	(lhood=-180715.9477104)

Current search range : [  100.0000000  ;  100000.0000000  ]
Brent minimization result: N_C = 2028.6456384 (lhood = -180724.1201510)

Current parameters:
17608	679	2029	282	1691	778	2.8480424	1.9686275	95	1.61747e-04	0.0041923	0.0014039	0.0101011	0.0016838	1.11803e-04	0.0028978	9.70415e-04	0.0069821	(lhood=-180724.1201510)

Current search range : [  100.0000000  ;  100000.0000000  ]
Brent minimization result: N_D = 309.3317762 (lhood = -180714.7356229)

Current parameters:
17608	679	2029	309	1691	778	2.8480424	1.9686275	95	1.61747e-04	0.0041923	0.0014039	0.0092071	0.0016838	1.11803e-04	0.0028978	9.70415e-04	0.0063641	(lhood=-180714.7356229)

Current search range : [  100.0000000  ;  100000.0000000  ]
Brent minimization result: N_E = 1647.5057164 (lhood = -180711.2755127)

Current parameters:
17608	679	2029	309	1648	778	2.8480424	1.9686275	95	1.61747e-04	0.0041923	0.0014039	0.0092071	0.0017287	1.11803e-04	0.0028978	9.70415e-04	0.0063641	(lhood=-180711.2755127)

Current search range : [  100.0000000  ;  100000.0000000  ]
Brent minimization result: N_F = 808.0462152 (lhood = -180723.4652309)

Current parameters:
17608	679	2029	309	1648	808	2.8480424	1.9686275	95	1.61747e-04	0.0041923	0.0014039	0.0092071	0.0017287	1.11803e-04	0.0028978	9.70415e-04	0.0063641	(lhood=-180723.4652309)

Current search range : [  0.0100000  ;  20.0000000  ]
Brent minimization result: NMIG_1POP = 3.1402061 (lhood = -180711.6498983)

Current parameters:
17608	679	2029	309	1648	808	3.1402061	1.9686275	95	1.78339e-04	0.0046224	0.0015479	0.0101516	0.0019060	1.11803e-04	0.0028978	9.70415e-04	0.0063641	(lhood=-180711.6498983)

Current search range : [  0.0010000  ;  2.0000000  ]
Brent minimization result: NMIG_2POP = 1.9509938 (lhood = -180704.0880717)

Current parameters:
17608	679	2029	309	1648	808	3.1402061	1.9509938	95	1.78339e-04	0.0046224	0.0015479	0.0101516	0.0019060	1.10801e-04	0.0028718	9.61722e-04	0.0063071	(lhood=-180704.0880717)

Current search range : [  10.0000000  ;  200.0000000  ]
Brent minimization result: TDIV = 95.3105836 (lhood = -180702.6183929)

Current parameters:
17608	679	2029	309	1648	808	3.1402061	1.9509938	95	1.78339e-04	0.0046224	0.0015479	0.0101516	0.0019060	1.10801e-04	0.0028718	9.61722e-04	0.0063071	(lhood=-180702.6183929)

Iter 15	Curr best params:	19912	665	1896	287	1521	702	3.3744340	1.8540676	86	1.69468e-04	0.0050726	0.0017799	0.0117528	0.0022181	9.31136e-05	0.0027871	9.77969e-04	0.0064575	lhood=-180680.1963083

200000 simulations per lhood estimation

Current search range : [  100.0000000  ;  100000.0000000  ]
Brent minimization result: N_A = 17608.0553546 (lhood = -180707.1844383)

Current parameters:
17608	679	2029	309	1648	808	3.1402061	1.9509938	95	1.78339e-04	0.0046224	0.0015479	0.0101516	0.0019060	1.10801e-04	0.0028718	9.61722e-04	0.0063071	(lhood=-180707.1844383)

Current search range : [  100.0000000  ;  100000.0000000  ]
Brent minimization result: N_B = 719.5050885 (lhood = -180685.7626743)

Current parameters:
17608	720	2029	309	1648	808	3.1402061	1.9509938	95	1.78339e-04	0.0043644	0.0015479	0.0101516	0.0019060	1.10801e-04	0.0027116	9.61722e-04	0.0063071	(lhood=-180685.7626743)

Current search range : [  100.0000000  ;  100000.0000000  ]
Brent minimization result: N_C = 1941.2879849 (lhood = -180695.1202559)

Current parameters:
17608	720	1941	309	1648	808	3.1402061	1.9509938	95	1.78339e-04	0.0043644	0.0016176	0.0101516	0.0019060	1.10801e-04	0.0027116	0.0010050	0.0063071	(lhood=-180695.1202559)

Current search range : [  100.0000000  ;  100000.0000000  ]
Brent minimization result: N_D = 297.9001657 (lhood = -180673.5265420)

Current parameters:
17608	720	1941	298	1648	808	3.1402061	1.9509938	95	1.78339e-04	0.0043644	0.0016176	0.0105411	0.0019060	1.10801e-04	0.0027116	0.0010050	0.0065492	(lhood=-180673.5265420)

Current search range : [  100.0000000  ;  100000.0000000  ]
Brent minimization result: N_E = 1647.5057164 (lhood = -180702.0749136)

Current parameters:
17608	720	1941	298	1648	808	3.1402061	1.9509938	95	1.78339e-04	0.0043644	0.0016176	0.0105411	0.0019060	1.10801e-04	0.0027116	0.0010050	0.0065492	(lhood=-180702.0749136)

Current search range : [  100.0000000  ;  100000.0000000  ]
Brent minimization result: N_F = 848.5374397 (lhood = -180700.4124146)

Current parameters:
17608	720	1941	298	1648	849	3.1402061	1.9509938	95	1.78339e-04	0.0043644	0.0016176	0.0105411	0.0019060	1.10801e-04	0.0027116	0.0010050	0.0065492	(lhood=-180700.4124146)

Current search range : [  0.0100000  ;  20.0000000  ]
Brent minimization result: NMIG_1POP = 3.4377396 (lhood = -180699.1508794)

Current parameters:
17608	720	1941	298	1648	849	3.4377396	1.9509938	95	1.95237e-04	0.0047779	0.0017709	0.0115399	0.0020866	1.10801e-04	0.0027116	0.0010050	0.0065492	(lhood=-180699.1508794)

Current search range : [  0.0010000  ;  2.0000000  ]
Brent minimization result: NMIG_2POP = 1.8848964 (lhood = -180697.6127101)

Current parameters:
17608	720	1941	298	1648	849	3.4377396	1.8848964	95	1.95237e-04	0.0047779	0.0017709	0.0115399	0.0020866	1.07047e-04	0.0026197	9.70951e-04	0.0063273	(lhood=-180697.6127101)

Current search range : [  10.0000000  ;  200.0000000  ]
Brent minimization result: TDIV = 95.3105836 (lhood = -180690.1221167)

Current parameters:
17608	720	1941	298	1648	849	3.4377396	1.8848964	95	1.95237e-04	0.0047779	0.0017709	0.0115399	0.0020866	1.07047e-04	0.0026197	9.70951e-04	0.0063273	(lhood=-180690.1221167)

Iter 16	Curr best params:	17608	720	1941	298	1648	808	3.1402061	1.9509938	95	1.78339e-04	0.0043644	0.0016176	0.0105411	0.0019060	1.10801e-04	0.0027116	0.0010050	0.0065492	lhood=-180673.5265420

200000 simulations per lhood estimation

Current search range : [  100.0000000  ;  100000.0000000  ]
Brent minimization result: N_A = 20135.8685657 (lhood = -180701.7077182)

Current parameters:
20136	720	1941	298	1648	849	3.4377396	1.8848964	95	1.70727e-04	0.0047779	0.0017709	0.0115399	0.0020866	9.36089e-05	0.0026197	9.70951e-04	0.0063273	(lhood=-180701.7077182)

Current search range : [  100.0000000  ;  100000.0000000  ]
Brent minimization result: N_B = 747.8385983 (lhood = -180712.5151269)

Current parameters:
20136	748	1941	298	1648	849	3.4377396	1.8848964	95	1.70727e-04	0.0045969	0.0017709	0.0115399	0.0020866	9.36089e-05	0.0025205	9.70951e-04	0.0063273	(lhood=-180712.5151269)

Current search range : [  100.0000000  ;  100000.0000000  ]
Brent minimization result: N_C = 1960.7008647 (lhood = -180707.0857293)

Current parameters:
20136	748	1961	298	1648	849	3.4377396	1.8848964	95	1.70727e-04	0.0045969	0.0017533	0.0115399	0.0020866	9.36089e-05	0.0025205	9.61338e-04	0.0063273	(lhood=-180707.0857293)

Current search range : [  100.0000000  ;  100000.0000000  ]
Brent minimization result: N_D = 320.2545729 (lhood = -180698.4413401)

Current parameters:
20136	748	1961	320	1648	849	3.4377396	1.8848964	95	1.70727e-04	0.0045969	0.0017533	0.0107344	0.0020866	9.36089e-05	0.0025205	9.61338e-04	0.0058856	(lhood=-180698.4413401)

Current search range : [  100.0000000  ;  100000.0000000  ]
Brent minimization result: N_E = 1706.8124614 (lhood = -180701.9543856)

Current parameters:
20136	748	1961	320	1707	849	3.4377396	1.8848964	95	1.70727e-04	0.0045969	0.0017533	0.0107344	0.0020141	9.36089e-05	0.0025205	9.61338e-04	0.0058856	(lhood=-180701.9543856)

Current search range : [  100.0000000  ;  100000.0000000  ]
Brent minimization result: N_F = 796.1809647 (lhood = -180693.2322901)

Current parameters:
20136	748	1961	320	1707	796	3.4377396	1.8848964	95	1.70727e-04	0.0045969	0.0017533	0.0107344	0.0020141	9.36089e-05	0.0025205	9.61338e-04	0.0058856	(lhood=-180693.2322901)

Current search range : [  0.0100000  ;  20.0000000  ]
Brent minimization result: NMIG_1POP = 3.0421929 (lhood = -180704.9316526)

Current parameters:
20136	748	1961	320	1707	796	3.0421929	1.8848964	95	1.51083e-04	0.0040680	0.0015516	0.0094993	0.0017824	9.36089e-05	0.0025205	9.61338e-04	0.0058856	(lhood=-180704.9316526)

Current search range : [  0.0010000  ;  2.0000000  ]
Brent minimization result: NMIG_2POP = 1.8525368 (lhood = -180694.0741474)

Current parameters:
20136	748	1961	320	1707	796	3.0421929	1.8525368	95	1.51083e-04	0.0040680	0.0015516	0.0094993	0.0017824	9.20018e-05	0.0024772	9.44834e-04	0.0057846	(lhood=-180694.0741474)

Current search range : [  10.0000000  ;  200.0000000  ]
Brent minimization result: TDIV = 94.3574777 (lhood = -180706.4454752)

Current parameters:
20136	748	1961	320	1707	796	3.0421929	1.8525368	94	1.51083e-04	0.0040680	0.0015516	0.0094993	0.0017824	9.20018e-05	0.0024772	9.44834e-04	0.0057846	(lhood=-180706.4454752)

Iter 17	Curr best params:	17608	720	1941	298	1648	808	3.1402061	1.9509938	95	1.78339e-04	0.0043644	0.0016176	0.0105411	0.0019060	1.10801e-04	0.0027116	0.0010050	0.0065492	lhood=-180673.5265420

200000 simulations per lhood estimation

Current search range : [  100.0000000  ;  100000.0000000  ]
Brent minimization result: N_A = 19800.2481497 (lhood = -180708.2100889)

Current parameters:
19800	748	1961	320	1707	796	3.0421929	1.8525368	94	1.53644e-04	0.0040680	0.0015516	0.0094993	0.0017824	9.35613e-05	0.0024772	9.44834e-04	0.0057846	(lhood=-180708.2100889)

Current search range : [  100.0000000  ;  100000.0000000  ]
Brent minimization result: N_B = 747.8385983 (lhood = -180699.1998757)

Current parameters:
19800	748	1961	320	1707	796	3.0421929	1.8525368	94	1.53644e-04	0.0040680	0.0015516	0.0094993	0.0017824	9.35613e-05	0.0024772	9.44834e-04	0.0057846	(lhood=-180699.1998757)

Current search range : [  100.0000000  ;  100000.0000000  ]
Brent minimization result: N_C = 2184.8696763 (lhood = -180697.6356949)

Current parameters:
19800	748	2185	320	1707	796	3.0421929	1.8525368	94	1.53644e-04	0.0040680	0.0013924	0.0094993	0.0017824	9.35613e-05	0.0024772	8.47893e-04	0.0057846	(lhood=-180697.6356949)

Current search range : [  100.0000000  ;  100000.0000000  ]
Brent minimization result: N_D = 317.0520272 (lhood = -180699.8478770)

Current parameters:
19800	748	2185	317	1707	796	3.0421929	1.8525368	94	1.53644e-04	0.0040680	0.0013924	0.0095952	0.0017824	9.35613e-05	0.0024772	8.47893e-04	0.0058430	(lhood=-180699.8478770)

Current search range : [  100.0000000  ;  100000.0000000  ]
Brent minimization result: N_E = 1689.7443368 (lhood = -180694.0526829)

Current parameters:
19800	748	2185	317	1690	796	3.0421929	1.8525368	94	1.53644e-04	0.0040680	0.0013924	0.0095952	0.0018004	9.35613e-05	0.0024772	8.47893e-04	0.0058430	(lhood=-180694.0526829)

Current search range : [  100.0000000  ;  100000.0000000  ]
Brent minimization result: N_F = 796.1809647 (lhood = -180699.3871952)

Current parameters:
19800	748	2185	317	1690	796	3.0421929	1.8525368	94	1.53644e-04	0.0040680	0.0013924	0.0095952	0.0018004	9.35613e-05	0.0024772	8.47893e-04	0.0058430	(lhood=-180699.3871952)

Current search range : [  0.0100000  ;  20.0000000  ]
Brent minimization result: NMIG_1POP = 3.0085337 (lhood = -180698.5074772)

Current parameters:
19800	748	2185	317	1690	796	3.0085337	1.8525368	94	1.51944e-04	0.0040230	0.0013770	0.0094891	0.0017805	9.35613e-05	0.0024772	8.47893e-04	0.0058430	(lhood=-180698.5074772)

Current search range : [  0.0010000  ;  2.0000000  ]
Brent minimization result: NMIG_2POP = 1.9688586 (lhood = -180701.4529089)

Current parameters:
19800	748	2185	317	1690	796	3.0085337	1.9688586	94	1.51944e-04	0.0040230	0.0013770	0.0094891	0.0017805	9.94361e-05	0.0026327	9.01133e-04	0.0062099	(lhood=-180701.4529089)

Current search range : [  10.0000000  ;  200.0000000  ]
Brent minimization result: TDIV = 99.1164680 (lhood = -180688.5354975)

Current parameters:
19800	748	2185	317	1690	796	3.0085337	1.9688586	99	1.51944e-04	0.0040230	0.0013770	0.0094891	0.0017805	9.94361e-05	0.0026327	9.01133e-04	0.0062099	(lhood=-180688.5354975)

Iter 18	Curr best params:	17608	720	1941	298	1648	808	3.1402061	1.9509938	95	1.78339e-04	0.0043644	0.0016176	0.0105411	0.0019060	1.10801e-04	0.0027116	0.0010050	0.0065492	lhood=-180673.5265420

200000 simulations per lhood estimation

Current search range : [  100.0000000  ;  100000.0000000  ]
Brent minimization result: N_A = 22124.4716877 (lhood = -180692.2575650)

Current parameters:
22124	748	2185	317	1690	796	3.0085337	1.9688586	99	1.35982e-04	0.0040230	0.0013770	0.0094891	0.0017805	8.89901e-05	0.0026327	9.01133e-04	0.0062099	(lhood=-180692.2575650)

Current search range : [  100.0000000  ;  100000.0000000  ]
Brent minimization result: N_B = 747.8385983 (lhood = -180700.7271900)

Current parameters:
22124	748	2185	317	1690	796	3.0085337	1.9688586	99	1.35982e-04	0.0040230	0.0013770	0.0094891	0.0017805	8.89901e-05	0.0026327	9.01133e-04	0.0062099	(lhood=-180700.7271900)

Current search range : [  100.0000000  ;  100000.0000000  ]
Brent minimization result: N_C = 2254.1177246 (lhood = -180702.2188119)

Current parameters:
22124	748	2254	317	1690	796	3.0085337	1.9688586	99	1.35982e-04	0.0040230	0.0013347	0.0094891	0.0017805	8.89901e-05	0.0026327	8.73450e-04	0.0062099	(lhood=-180702.2188119)

Current search range : [  100.0000000  ;  100000.0000000  ]
Brent minimization result: N_D = 317.0520272 (lhood = -180691.1766761)

Current parameters:
22124	748	2254	317	1690	796	3.0085337	1.9688586	99	1.35982e-04	0.0040230	0.0013347	0.0094891	0.0017805	8.89901e-05	0.0026327	8.73450e-04	0.0062099	(lhood=-180691.1766761)

Current search range : [  100.0000000  ;  100000.0000000  ]
Brent minimization result: N_E = 1822.9051883 (lhood = -180694.2794347)

Current parameters:
22124	748	2254	317	1823	796	3.0085337	1.9688586	99	1.35982e-04	0.0040230	0.0013347	0.0094891	0.0016504	8.89901e-05	0.0026327	8.73450e-04	0.0062099	(lhood=-180694.2794347)

Current search range : [  100.0000000  ;  100000.0000000  ]
Brent minimization result: N_F = 779.9144489 (lhood = -180695.9779285)

Current parameters:
22124	748	2254	317	1823	780	3.0085337	1.9688586	99	1.35982e-04	0.0040230	0.0013347	0.0094891	0.0016504	8.89901e-05	0.0026327	8.73450e-04	0.0062099	(lhood=-180695.9779285)

Current search range : [  0.0100000  ;  20.0000000  ]
Brent minimization result: NMIG_1POP = 3.7545535 (lhood = -180688.9337300)

Current parameters:
22124	748	2254	317	1823	780	3.7545535	1.9688586	99	1.69701e-04	0.0050205	0.0016656	0.0118421	0.0020597	8.89901e-05	0.0026327	8.73450e-04	0.0062099	(lhood=-180688.9337300)

Current search range : [  0.0010000  ;  2.0000000  ]
Brent minimization result: NMIG_2POP = 1.6753020 (lhood = -180698.9996518)

Current parameters:
22124	748	2254	317	1823	780	3.7545535	1.6753020	99	1.69701e-04	0.0050205	0.0016656	0.0118421	0.0020597	7.57217e-05	0.0022402	7.43218e-04	0.0052840	(lhood=-180698.9996518)

Current search range : [  10.0000000  ;  200.0000000  ]
Brent minimization result: TDIV = 98.1253033 (lhood = -180703.1118713)

Current parameters:
22124	748	2254	317	1823	780	3.7545535	1.6753020	98	1.69701e-04	0.0050205	0.0016656	0.0118421	0.0020597	7.57217e-05	0.0022402	7.43218e-04	0.0052840	(lhood=-180703.1118713)

Iter 19	Curr best params:	17608	720	1941	298	1648	808	3.1402061	1.9509938	95	1.78339e-04	0.0043644	0.0016176	0.0105411	0.0019060	1.10801e-04	0.0027116	0.0010050	0.0065492	lhood=-180673.5265420

200000 simulations per lhood estimation

Current search range : [  100.0000000  ;  100000.0000000  ]
Brent minimization result: N_A = 22124.4716877 (lhood = -180706.4045008)

Current parameters:
22124	748	2254	317	1823	780	3.7545535	1.6753020	98	1.69701e-04	0.0050205	0.0016656	0.0118421	0.0020597	7.57217e-05	0.0022402	7.43218e-04	0.0052840	(lhood=-180706.4045008)

Current search range : [  100.0000000  ;  100000.0000000  ]
Brent minimization result: N_B = 763.1743963 (lhood = -180700.0901701)

Current parameters:
22124	763	2254	317	1823	780	3.7545535	1.6753020	98	1.69701e-04	0.0049197	0.0016656	0.0118421	0.0020597	7.57217e-05	0.0021952	7.43218e-04	0.0052840	(lhood=-180700.0901701)

Current search range : [  100.0000000  ;  100000.0000000  ]
Brent minimization result: N_C = 1983.8151837 (lhood = -180708.2734395)

Current parameters:
22124	763	1984	317	1823	780	3.7545535	1.6753020	98	1.69701e-04	0.0049197	0.0018926	0.0118421	0.0020597	7.57217e-05	0.0021952	8.44485e-04	0.0052840	(lhood=-180708.2734395)

Current search range : [  100.0000000  ;  100000.0000000  ]
Brent minimization result: N_D = 317.0520272 (lhood = -180702.7932385)

Current parameters:
22124	763	1984	317	1823	780	3.7545535	1.6753020	98	1.69701e-04	0.0049197	0.0018926	0.0118421	0.0020597	7.57217e-05	0.0021952	8.44485e-04	0.0052840	(lhood=-180702.7932385)

Current search range : [  100.0000000  ;  100000.0000000  ]
Brent minimization result: N_E = 1804.6761364 (lhood = -180710.5752299)

Current parameters:
22124	763	1984	317	1805	780	3.7545535	1.6753020	98	1.69701e-04	0.0049197	0.0018926	0.0118421	0.0020805	7.57217e-05	0.0021952	8.44485e-04	0.0052840	(lhood=-180710.5752299)

Current search range : [  100.0000000  ;  100000.0000000  ]
Brent minimization result: N_F = 779.9144489 (lhood = -180708.1554031)

Current parameters:
22124	763	1984	317	1805	780	3.7545535	1.6753020	98	1.69701e-04	0.0049197	0.0018926	0.0118421	0.0020805	7.57217e-05	0.0021952	8.44485e-04	0.0052840	(lhood=-180708.1554031)

Current search range : [  0.0100000  ;  20.0000000  ]
Brent minimization result: NMIG_1POP = 3.0329145 (lhood = -180710.5304435)

Current parameters:
22124	763	1984	317	1805	780	3.0329145	1.6753020	98	1.37084e-04	0.0039741	0.0015288	0.0095660	0.0016806	7.57217e-05	0.0021952	8.44485e-04	0.0052840	(lhood=-180710.5304435)

Current search range : [  0.0010000  ;  2.0000000  ]
Brent minimization result: NMIG_2POP = 1.5789606 (lhood = -180720.9140677)

Current parameters:
22124	763	1984	317	1805	780	3.0329145	1.5789606	98	1.37084e-04	0.0039741	0.0015288	0.0095660	0.0016806	7.13672e-05	0.0020689	7.95921e-04	0.0049801	(lhood=-180720.9140677)

Current search range : [  10.0000000  ;  200.0000000  ]
Brent minimization result: TDIV = 96.6332013 (lhood = -180717.9149296)

Current parameters:
22124	763	1984	317	1805	780	3.0329145	1.5789606	97	1.37084e-04	0.0039741	0.0015288	0.0095660	0.0016806	7.13672e-05	0.0020689	7.95921e-04	0.0049801	(lhood=-180717.9149296)

Iter 20	Curr best params:	17608	720	1941	298	1648	808	3.1402061	1.9509938	95	1.78339e-04	0.0043644	0.0016176	0.0105411	0.0019060	1.10801e-04	0.0027116	0.0010050	0.0065492	lhood=-180673.5265420

200000 simulations per lhood estimation

Current search range : [  100.0000000  ;  100000.0000000  ]
Brent minimization result: N_A = 22124.4716877 (lhood = -180718.2423733)

Current parameters:
22124	763	1984	317	1805	780	3.0329145	1.5789606	97	1.37084e-04	0.0039741	0.0015288	0.0095660	0.0016806	7.13672e-05	0.0020689	7.95921e-04	0.0049801	(lhood=-180718.2423733)

Current search range : [  100.0000000  ;  100000.0000000  ]
Brent minimization result: N_B = 720.9625802 (lhood = -180720.7487673)

Current parameters:
22124	721	1984	317	1805	780	3.0329145	1.5789606	97	1.37084e-04	0.0042068	0.0015288	0.0095660	0.0016806	7.13672e-05	0.0021901	7.95921e-04	0.0049801	(lhood=-180720.7487673)

Current search range : [  100.0000000  ;  100000.0000000  ]
Brent minimization result: N_C = 2199.4901006 (lhood = -180727.8487624)

Current parameters:
22124	721	2199	317	1805	780	3.0329145	1.5789606	97	1.37084e-04	0.0042068	0.0013789	0.0095660	0.0016806	7.13672e-05	0.0021901	7.17876e-04	0.0049801	(lhood=-180727.8487624)

Current search range : [  100.0000000  ;  100000.0000000  ]
Brent minimization result: N_D = 317.0520272 (lhood = -180724.1597075)

Current parameters:
22124	721	2199	317	1805	780	3.0329145	1.5789606	97	1.37084e-04	0.0042068	0.0013789	0.0095660	0.0016806	7.13672e-05	0.0021901	7.17876e-04	0.0049801	(lhood=-180724.1597075)

Current search range : [  100.0000000  ;  100000.0000000  ]
Brent minimization result: N_E = 1804.6761364 (lhood = -180719.5994815)

Current parameters:
22124	721	2199	317	1805	780	3.0329145	1.5789606	97	1.37084e-04	0.0042068	0.0013789	0.0095660	0.0016806	7.13672e-05	0.0021901	7.17876e-04	0.0049801	(lhood=-180719.5994815)

Current search range : [  100.0000000  ;  100000.0000000  ]
Brent minimization result: N_F = 772.1153044 (lhood = -180714.5500689)

Current parameters:
22124	721	2199	317	1805	772	3.0329145	1.5789606	97	1.37084e-04	0.0042068	0.0013789	0.0095660	0.0016806	7.13672e-05	0.0021901	7.17876e-04	0.0049801	(lhood=-180714.5500689)

Current search range : [  0.0100000  ;  20.0000000  ]
Brent minimization result: NMIG_1POP = 3.5321543 (lhood = -180709.3335107)

Current parameters:
22124	721	2199	317	1805	772	3.5321543	1.5789606	97	1.59649e-04	0.0048992	0.0016059	0.0111406	0.0019572	7.13672e-05	0.0021901	7.17876e-04	0.0049801	(lhood=-180709.3335107)

Current search range : [  0.0010000  ;  2.0000000  ]
Brent minimization result: NMIG_2POP = 1.6848381 (lhood = -180700.7733941)

Current parameters:
22124	721	2199	317	1805	772	3.5321543	1.6848381	97	1.59649e-04	0.0048992	0.0016059	0.0111406	0.0019572	7.61527e-05	0.0023369	7.66013e-04	0.0053141	(lhood=-180700.7733941)

Current search range : [  10.0000000  ;  200.0000000  ]
Brent minimization result: TDIV = 89.6373461 (lhood = -180710.7996671)

Current parameters:
22124	721	2199	317	1805	772	3.5321543	1.6848381	90	1.59649e-04	0.0048992	0.0016059	0.0111406	0.0019572	7.61527e-05	0.0023369	7.66013e-04	0.0053141	(lhood=-180710.7996671)

Iter 21	Curr best params:	17608	720	1941	298	1648	808	3.1402061	1.9509938	95	1.78339e-04	0.0043644	0.0016176	0.0105411	0.0019060	1.10801e-04	0.0027116	0.0010050	0.0065492	lhood=-180673.5265420

200000 simulations per lhood estimation

Current search range : [  100.0000000  ;  100000.0000000  ]
Brent minimization result: N_A = 24727.9250885 (lhood = -180712.1102090)

Current parameters:
24728	721	2199	317	1805	772	3.5321543	1.6848381	90	1.42841e-04	0.0048992	0.0016059	0.0111406	0.0019572	6.81350e-05	0.0023369	7.66013e-04	0.0053141	(lhood=-180712.1102090)

Current search range : [  100.0000000  ;  100000.0000000  ]
Brent minimization result: N_B = 720.9625802 (lhood = -180710.7075303)

Current parameters:
24728	721	2199	317	1805	772	3.5321543	1.6848381	90	1.42841e-04	0.0048992	0.0016059	0.0111406	0.0019572	6.81350e-05	0.0023369	7.66013e-04	0.0053141	(lhood=-180710.7075303)

Current search range : [  100.0000000  ;  100000.0000000  ]
Brent minimization result: N_C = 2177.4951996 (lhood = -180715.9097648)

Current parameters:
24728	721	2177	317	1805	772	3.5321543	1.6848381	90	1.42841e-04	0.0048992	0.0016221	0.0111406	0.0019572	6.81350e-05	0.0023369	7.73751e-04	0.0053141	(lhood=-180715.9097648)

Current search range : [  100.0000000  ;  100000.0000000  ]
Brent minimization result: N_D = 317.0520272 (lhood = -180710.5838185)

Current parameters:
24728	721	2177	317	1805	772	3.5321543	1.6848381	90	1.42841e-04	0.0048992	0.0016221	0.0111406	0.0019572	6.81350e-05	0.0023369	7.73751e-04	0.0053141	(lhood=-180710.5838185)

Current search range : [  100.0000000  ;  100000.0000000  ]
Brent minimization result: N_E = 1894.5414289 (lhood = -180715.2644835)

Current parameters:
24728	721	2177	317	1895	772	3.5321543	1.6848381	90	1.42841e-04	0.0048992	0.0016221	0.0111406	0.0018644	6.81350e-05	0.0023369	7.73751e-04	0.0053141	(lhood=-180715.2644835)

Current search range : [  100.0000000  ;  100000.0000000  ]
Brent minimization result: N_F = 782.8966046 (lhood = -180716.0071696)

Current parameters:
24728	721	2177	317	1895	783	3.5321543	1.6848381	90	1.42841e-04	0.0048992	0.0016221	0.0111406	0.0018644	6.81350e-05	0.0023369	7.73751e-04	0.0053141	(lhood=-180716.0071696)

Current search range : [  0.0100000  ;  20.0000000  ]
Brent minimization result: NMIG_1POP = 2.9291793 (lhood = -180719.2293317)

Current parameters:
24728	721	2177	317	1895	783	2.9291793	1.6848381	90	1.18456e-04	0.0040629	0.0013452	0.0092388	0.0015461	6.81350e-05	0.0023369	7.73751e-04	0.0053141	(lhood=-180719.2293317)

Current search range : [  0.0010000  ;  2.0000000  ]
Brent minimization result: NMIG_2POP = 1.6848381 (lhood = -180718.1463935)

Current parameters:
24728	721	2177	317	1895	783	2.9291793	1.6848381	90	1.18456e-04	0.0040629	0.0013452	0.0092388	0.0015461	6.81350e-05	0.0023369	7.73751e-04	0.0053141	(lhood=-180718.1463935)

Current search range : [  10.0000000  ;  200.0000000  ]
Brent minimization result: TDIV = 94.0782477 (lhood = -180722.1871836)

Current parameters:
24728	721	2177	317	1895	783	2.9291793	1.6848381	94	1.18456e-04	0.0040629	0.0013452	0.0092388	0.0015461	6.81350e-05	0.0023369	7.73751e-04	0.0053141	(lhood=-180722.1871836)

Iter 22	Curr best params:	17608	720	1941	298	1648	808	3.1402061	1.9509938	95	1.78339e-04	0.0043644	0.0016176	0.0105411	0.0019060	1.10801e-04	0.0027116	0.0010050	0.0065492	lhood=-180673.5265420

200000 simulations per lhood estimation

Current search range : [  100.0000000  ;  100000.0000000  ]
Brent minimization result: N_A = 25721.0112408 (lhood = -180722.1714793)

Current parameters:
25721	721	2177	317	1895	783	2.9291793	1.6848381	94	1.13883e-04	0.0040629	0.0013452	0.0092388	0.0015461	6.55044e-05	0.0023369	7.73751e-04	0.0053141	(lhood=-180722.1714793)

Current search range : [  100.0000000  ;  100000.0000000  ]
Brent minimization result: N_B = 746.3613286 (lhood = -180722.1617137)

Current parameters:
25721	746	2177	317	1895	783	2.9291793	1.6848381	94	1.13883e-04	0.0039246	0.0013452	0.0092388	0.0015461	6.55044e-05	0.0022574	7.73751e-04	0.0053141	(lhood=-180722.1617137)

Current search range : [  100.0000000  ;  100000.0000000  ]
Brent minimization result: N_C = 2232.2805547 (lhood = -180719.4572931)

Current parameters:
25721	746	2232	317	1895	783	2.9291793	1.6848381	94	1.13883e-04	0.0039246	0.0013122	0.0092388	0.0015461	6.55044e-05	0.0022574	7.54761e-04	0.0053141	(lhood=-180719.4572931)

Current search range : [  100.0000000  ;  100000.0000000  ]
Brent minimization result: N_D = 317.0520272 (lhood = -180724.5534990)

Current parameters:
25721	746	2232	317	1895	783	2.9291793	1.6848381	94	1.13883e-04	0.0039246	0.0013122	0.0092388	0.0015461	6.55044e-05	0.0022574	7.54761e-04	0.0053141	(lhood=-180724.5534990)

Current search range : [  100.0000000  ;  100000.0000000  ]
Brent minimization result: N_E = 1749.7583367 (lhood = -180717.4166719)

Current parameters:
25721	746	2232	317	1750	783	2.9291793	1.6848381	94	1.13883e-04	0.0039246	0.0013122	0.0092388	0.0016740	6.55044e-05	0.0022574	7.54761e-04	0.0053141	(lhood=-180717.4166719)

Current search range : [  100.0000000  ;  100000.0000000  ]
Brent minimization result: N_F = 818.7265799 (lhood = -180717.3954216)

Current parameters:
25721	746	2232	317	1750	819	2.9291793	1.6848381	94	1.13883e-04	0.0039246	0.0013122	0.0092388	0.0016740	6.55044e-05	0.0022574	7.54761e-04	0.0053141	(lhood=-180717.3954216)

Current search range : [  0.0100000  ;  20.0000000  ]
Brent minimization result: NMIG_1POP = 3.5255428 (lhood = -180702.2358653)

Current parameters:
25721	746	2232	317	1750	819	3.5255428	1.6848381	94	1.37069e-04	0.0047236	0.0015793	0.0111198	0.0020149	6.55044e-05	0.0022574	7.54761e-04	0.0053141	(lhood=-180702.2358653)

Current search range : [  0.0010000  ;  2.0000000  ]
Brent minimization result: NMIG_2POP = 1.7654898 (lhood = -180701.8511748)

Current parameters:
25721	746	2232	317	1750	819	3.5255428	1.7654898	94	1.37069e-04	0.0047236	0.0015793	0.0111198	0.0020149	6.86400e-05	0.0023655	7.90891e-04	0.0055685	(lhood=-180701.8511748)

Current search range : [  10.0000000  ;  200.0000000  ]
Brent minimization result: TDIV = 95.3871199 (lhood = -180710.8272319)

Current parameters:
25721	746	2232	317	1750	819	3.5255428	1.7654898	95	1.37069e-04	0.0047236	0.0015793	0.0111198	0.0020149	6.86400e-05	0.0023655	7.90891e-04	0.0055685	(lhood=-180710.8272319)

Iter 23	Curr best params:	17608	720	1941	298	1648	808	3.1402061	1.9509938	95	1.78339e-04	0.0043644	0.0016176	0.0105411	0.0019060	1.10801e-04	0.0027116	0.0010050	0.0065492	lhood=-180673.5265420

200000 simulations per lhood estimation

Current search range : [  100.0000000  ;  100000.0000000  ]
Brent minimization result: N_A = 25463.8011284 (lhood = -180701.3335099)

Current parameters:
25464	746	2232	317	1750	819	3.5255428	1.7654898	95	1.38453e-04	0.0047236	0.0015793	0.0111198	0.0020149	6.93333e-05	0.0023655	7.90891e-04	0.0055685	(lhood=-180701.3335099)

Current search range : [  100.0000000  ;  100000.0000000  ]
Brent minimization result: N_B = 763.9325416 (lhood = -180703.4111857)

Current parameters:
25464	764	2232	317	1750	819	3.5255428	1.7654898	95	1.38453e-04	0.0046150	0.0015793	0.0111198	0.0020149	6.93333e-05	0.0023111	7.90891e-04	0.0055685	(lhood=-180703.4111857)

Current search range : [  100.0000000  ;  100000.0000000  ]
Brent minimization result: N_C = 2232.2805547 (lhood = -180706.7202232)

Current parameters:
25464	764	2232	317	1750	819	3.5255428	1.7654898	95	1.38453e-04	0.0046150	0.0015793	0.0111198	0.0020149	6.93333e-05	0.0023111	7.90891e-04	0.0055685	(lhood=-180706.7202232)

Current search range : [  100.0000000  ;  100000.0000000  ]
Brent minimization result: N_D = 317.0520272 (lhood = -180705.3315898)

Current parameters:
25464	764	2232	317	1750	819	3.5255428	1.7654898	95	1.38453e-04	0.0046150	0.0015793	0.0111198	0.0020149	6.93333e-05	0.0023111	7.90891e-04	0.0055685	(lhood=-180705.3315898)

Current search range : [  100.0000000  ;  100000.0000000  ]
Brent minimization result: N_E = 1749.7583367 (lhood = -180699.5455108)

Current parameters:
25464	764	2232	317	1750	819	3.5255428	1.7654898	95	1.38453e-04	0.0046150	0.0015793	0.0111198	0.0020149	6.93333e-05	0.0023111	7.90891e-04	0.0055685	(lhood=-180699.5455108)

Current search range : [  100.0000000  ;  100000.0000000  ]
Brent minimization result: N_F = 850.4128966 (lhood = -180707.1628816)

Current parameters:
25464	764	2232	317	1750	850	3.5255428	1.7654898	95	1.38453e-04	0.0046150	0.0015793	0.0111198	0.0020149	6.93333e-05	0.0023111	7.90891e-04	0.0055685	(lhood=-180707.1628816)

Current search range : [  0.0100000  ;  20.0000000  ]
Brent minimization result: NMIG_1POP = 3.2960655 (lhood = -180703.4523046)

Current parameters:
25464	764	2232	317	1750	850	3.2960655	1.7654898	95	1.29441e-04	0.0043146	0.0014765	0.0103960	0.0018837	6.93333e-05	0.0023111	7.90891e-04	0.0055685	(lhood=-180703.4523046)

Current search range : [  0.0010000  ;  2.0000000  ]
Brent minimization result: NMIG_2POP = 1.6793018 (lhood = -180707.7326650)

Current parameters:
25464	764	2232	317	1750	850	3.2960655	1.6793018	95	1.29441e-04	0.0043146	0.0014765	0.0103960	0.0018837	6.59486e-05	0.0021982	7.52281e-04	0.0052966	(lhood=-180707.7326650)

Current search range : [  10.0000000  ;  200.0000000  ]
Brent minimization result: TDIV = 101.0938833 (lhood = -180701.6080784)

Current parameters:
25464	764	2232	317	1750	850	3.2960655	1.6793018	101	1.29441e-04	0.0043146	0.0014765	0.0103960	0.0018837	6.59486e-05	0.0021982	7.52281e-04	0.0052966	(lhood=-180701.6080784)

Iter 24	Curr best params:	17608	720	1941	298	1648	808	3.1402061	1.9509938	95	1.78339e-04	0.0043644	0.0016176	0.0105411	0.0019060	1.10801e-04	0.0027116	0.0010050	0.0065492	lhood=-180673.5265420

200000 simulations per lhood estimation

Current search range : [  100.0000000  ;  100000.0000000  ]
Brent minimization result: N_A = 25463.8011284 (lhood = -180715.8348616)

Current parameters:
25464	764	2232	317	1750	850	3.2960655	1.6793018	101	1.29441e-04	0.0043146	0.0014765	0.0103960	0.0018837	6.59486e-05	0.0021982	7.52281e-04	0.0052966	(lhood=-180715.8348616)

Current search range : [  100.0000000  ;  100000.0000000  ]
Brent minimization result: N_B = 763.9325416 (lhood = -180711.5090143)

Current parameters:
25464	764	2232	317	1750	850	3.2960655	1.6793018	101	1.29441e-04	0.0043146	0.0014765	0.0103960	0.0018837	6.59486e-05	0.0021982	7.52281e-04	0.0052966	(lhood=-180711.5090143)

Current search range : [  100.0000000  ;  100000.0000000  ]
Brent minimization result: N_C = 2232.2805547 (lhood = -180707.7134755)

Current parameters:
25464	764	2232	317	1750	850	3.2960655	1.6793018	101	1.29441e-04	0.0043146	0.0014765	0.0103960	0.0018837	6.59486e-05	0.0021982	7.52281e-04	0.0052966	(lhood=-180707.7134755)

Current search range : [  100.0000000  ;  100000.0000000  ]
Brent minimization result: N_D = 326.7528212 (lhood = -180701.5988943)

Current parameters:
25464	764	2232	327	1750	850	3.2960655	1.6793018	101	1.29441e-04	0.0043146	0.0014765	0.0100873	0.0018837	6.59486e-05	0.0021982	7.52281e-04	0.0051394	(lhood=-180701.5988943)

Current search range : [  100.0000000  ;  100000.0000000  ]
Brent minimization result: N_E = 1908.6803380 (lhood = -180699.1031687)

Current parameters:
25464	764	2232	327	1909	850	3.2960655	1.6793018	101	1.29441e-04	0.0043146	0.0014765	0.0100873	0.0017269	6.59486e-05	0.0021982	7.52281e-04	0.0051394	(lhood=-180699.1031687)

Current search range : [  100.0000000  ;  100000.0000000  ]
Brent minimization result: N_F = 900.4348560 (lhood = -180708.5481667)

Current parameters:
25464	764	2232	327	1909	900	3.2960655	1.6793018	101	1.29441e-04	0.0043146	0.0014765	0.0100873	0.0017269	6.59486e-05	0.0021982	7.52281e-04	0.0051394	(lhood=-180708.5481667)

Current search range : [  0.0100000  ;  20.0000000  ]
Brent minimization result: NMIG_1POP = 3.3777124 (lhood = -180710.7087500)

Current parameters:
25464	764	2232	327	1909	900	3.3777124	1.6793018	101	1.32648e-04	0.0044215	0.0015131	0.0103372	0.0017697	6.59486e-05	0.0021982	7.52281e-04	0.0051394	(lhood=-180710.7087500)

Current search range : [  0.0010000  ;  2.0000000  ]
Brent minimization result: NMIG_2POP = 1.7304196 (lhood = -180690.9466556)

Current parameters:
25464	764	2232	327	1909	900	3.3777124	1.7304196	101	1.32648e-04	0.0044215	0.0015131	0.0103372	0.0017697	6.79561e-05	0.0022651	7.75180e-04	0.0052958	(lhood=-180690.9466556)

Current search range : [  10.0000000  ;  200.0000000  ]
Brent minimization result: TDIV = 101.0938833 (lhood = -180705.9560401)

Current parameters:
25464	764	2232	327	1909	900	3.3777124	1.7304196	101	1.32648e-04	0.0044215	0.0015131	0.0103372	0.0017697	6.79561e-05	0.0022651	7.75180e-04	0.0052958	(lhood=-180705.9560401)

Iter 25	Curr best params:	17608	720	1941	298	1648	808	3.1402061	1.9509938	95	1.78339e-04	0.0043644	0.0016176	0.0105411	0.0019060	1.10801e-04	0.0027116	0.0010050	0.0065492	lhood=-180673.5265420

Program total execution time: 171945.508 seconds

Finish: 2025-11-09T05:59:18+00:00
