****                   ADMIXTURE Version 1.3.0                  ****
****                    Copyright 2008-2015                     ****
****           David Alexander, Suyash Shringarpure,            ****
****                John  Novembre, Ken Lange                   ****
****                                                            ****
****                 Please cite our paper!                     ****
****   Information at www.genetics.ucla.edu/software/admixture  ****

Parallel execution requested.  Will use 16 threads.
Cross-validation will be performed.  Folds=5.
Random seed: 43
Point estimation method: Block relaxation algorithm
Convergence acceleration algorithm: QuasiNewton, 3 secant conditions
Point estimation will terminate when objective function delta < 0.0001
Estimation of standard errors disabled; will compute point estimates only.
Size of G: 424x1863350
Performing five EM steps to prime main algorithm
1 (EM) 	Elapsed: 193.674	Loglikelihood: -5.84516e+08	(delta): 5.70234e+08
2 (EM) 	Elapsed: 151.884	Loglikelihood: -5.59681e+08	(delta): 2.48351e+07
3 (EM) 	Elapsed: 153.232	Loglikelihood: -5.55551e+08	(delta): 4.13039e+06
4 (EM) 	Elapsed: 155.863	Loglikelihood: -5.53267e+08	(delta): 2.2841e+06
5 (EM) 	Elapsed: 152.562	Loglikelihood: -5.51536e+08	(delta): 1.73066e+06
Initial loglikelihood: -5.51536e+08
Starting main algorithm
1 (QN/Block) 	Elapsed: 268.19	Loglikelihood: -5.22709e+08	(delta): 2.88271e+07
2 (QN/Block) 	Elapsed: 266.599	Loglikelihood: -5.0998e+08	(delta): 1.2729e+07
3 (QN/Block) 	Elapsed: 276.991	Loglikelihood: -5.05392e+08	(delta): 4.58799e+06
4 (QN/Block) 	Elapsed: 276.901	Loglikelihood: -5.03086e+08	(delta): 2.30607e+06
5 (QN/Block) 	Elapsed: 276.824	Loglikelihood: -5.013e+08	(delta): 1.78635e+06
6 (QN/Block) 	Elapsed: 274.945	Loglikelihood: -5.00289e+08	(delta): 1.01033e+06
7 (QN/Block) 	Elapsed: 280.245	Loglikelihood: -4.99961e+08	(delta): 328695
8 (QN/Block) 	Elapsed: 285.695	Loglikelihood: -4.99813e+08	(delta): 147894
9 (QN/Block) 	Elapsed: 287.026	Loglikelihood: -4.9962e+08	(delta): 193244
10 (QN/Block) 	Elapsed: 278.491	Loglikelihood: -4.99426e+08	(delta): 193761
11 (QN/Block) 	Elapsed: 287.673	Loglikelihood: -4.99182e+08	(delta): 243948
12 (QN/Block) 	Elapsed: 275.636	Loglikelihood: -4.99073e+08	(delta): 108756
13 (QN/Block) 	Elapsed: 275.168	Loglikelihood: -4.99009e+08	(delta): 63912.2
14 (QN/Block) 	Elapsed: 284.249	Loglikelihood: -4.9899e+08	(delta): 19148.6
15 (QN/Block) 	Elapsed: 277.821	Loglikelihood: -4.98981e+08	(delta): 8607.87
16 (QN/Block) 	Elapsed: 274.916	Loglikelihood: -4.98976e+08	(delta): 4970.61
17 (QN/Block) 	Elapsed: 281.61	Loglikelihood: -4.98975e+08	(delta): 1460.45
18 (QN/Block) 	Elapsed: 292.708	Loglikelihood: -4.98974e+08	(delta): 558.41
19 (QN/Block) 	Elapsed: 283.908	Loglikelihood: -4.98974e+08	(delta): 285.623
20 (QN/Block) 	Elapsed: 278.329	Loglikelihood: -4.98974e+08	(delta): 226.623
21 (QN/Block) 	Elapsed: 279.278	Loglikelihood: -4.98974e+08	(delta): 87.3616
22 (QN/Block) 	Elapsed: 275.476	Loglikelihood: -4.98974e+08	(delta): 23.5769
23 (QN/Block) 	Elapsed: 280.138	Loglikelihood: -4.98974e+08	(delta): 8.06134
24 (QN/Block) 	Elapsed: 277.838	Loglikelihood: -4.98974e+08	(delta): 5.14525
25 (QN/Block) 	Elapsed: 280.749	Loglikelihood: -4.98974e+08	(delta): 0.473496
26 (QN/Block) 	Elapsed: 281.718	Loglikelihood: -4.98974e+08	(delta): 0.158026
27 (QN/Block) 	Elapsed: 277.794	Loglikelihood: -4.98974e+08	(delta): 0.00625145
28 (QN/Block) 	Elapsed: 284.621	Loglikelihood: -4.98974e+08	(delta): 0.00152278
29 (QN/Block) 	Elapsed: 282.26	Loglikelihood: -4.98974e+08	(delta): 0.000107586
30 (QN/Block) 	Elapsed: 287.018	Loglikelihood: -4.98974e+08	(delta): 1.2815e-05
Summary: 
Converged in 30 iterations (9273.48 sec)
Loglikelihood: -498973782.817420
Fst divergences between estimated populations: 
	Pop0	Pop1	Pop2	Pop3	Pop4	Pop5	Pop6	Pop7	
Pop0	
Pop1	0.130	
Pop2	0.117	0.071	
Pop3	0.131	0.126	0.113	
Pop4	0.156	0.111	0.085	0.151	
Pop5	0.142	0.108	0.094	0.138	0.138	
Pop6	0.106	0.072	0.059	0.103	0.102	0.080	
Pop7	0.121	0.092	0.080	0.120	0.121	0.104	0.070	
Pop8	0.152	0.119	0.108	0.148	0.151	0.133	0.095	0.116	
CV error (K=9): 0.38005
Writing output files.
