****                   ADMIXTURE Version 1.3.0                  ****
****                    Copyright 2008-2015                     ****
****           David Alexander, Suyash Shringarpure,            ****
****                John  Novembre, Ken Lange                   ****
****                                                            ****
****                 Please cite our paper!                     ****
****   Information at www.genetics.ucla.edu/software/admixture  ****

Parallel execution requested.  Will use 16 threads.
Cross-validation will be performed.  Folds=5.
Random seed: 43
Point estimation method: Block relaxation algorithm
Convergence acceleration algorithm: QuasiNewton, 3 secant conditions
Point estimation will terminate when objective function delta < 0.0001
Estimation of standard errors disabled; will compute point estimates only.
Size of G: 424x1863350
Performing five EM steps to prime main algorithm
1 (EM) 	Elapsed: 341.189	Loglikelihood: -5.82251e+08	(delta): 5.48236e+08
2 (EM) 	Elapsed: 268.01	Loglikelihood: -5.568e+08	(delta): 2.54513e+07
3 (EM) 	Elapsed: 275.879	Loglikelihood: -5.53272e+08	(delta): 3.52796e+06
4 (EM) 	Elapsed: 268.745	Loglikelihood: -5.51411e+08	(delta): 1.86133e+06
5 (EM) 	Elapsed: 256.711	Loglikelihood: -5.49932e+08	(delta): 1.47915e+06
Initial loglikelihood: -5.49932e+08
Starting main algorithm
1 (QN/Block) 	Elapsed: 490.494	Loglikelihood: -5.14522e+08	(delta): 3.54095e+07
2 (QN/Block) 	Elapsed: 470.16	Loglikelihood: -4.99818e+08	(delta): 1.4704e+07
3 (QN/Block) 	Elapsed: 458.257	Loglikelihood: -4.93036e+08	(delta): 6.78204e+06
4 (QN/Block) 	Elapsed: 457.03	Loglikelihood: -4.89038e+08	(delta): 3.99816e+06
5 (QN/Block) 	Elapsed: 455.368	Loglikelihood: -4.86752e+08	(delta): 2.28557e+06
6 (QN/Block) 	Elapsed: 480.692	Loglikelihood: -4.85592e+08	(delta): 1.16018e+06
7 (QN/Block) 	Elapsed: 481.339	Loglikelihood: -4.85011e+08	(delta): 580868
8 (QN/Block) 	Elapsed: 475.916	Loglikelihood: -4.84399e+08	(delta): 612649
9 (QN/Block) 	Elapsed: 434.814	Loglikelihood: -4.83991e+08	(delta): 407229
10 (QN/Block) 	Elapsed: 473.267	Loglikelihood: -4.83709e+08	(delta): 282725
11 (QN/Block) 	Elapsed: 467.639	Loglikelihood: -4.83606e+08	(delta): 102841
12 (QN/Block) 	Elapsed: 490.775	Loglikelihood: -4.83574e+08	(delta): 32292.1
13 (QN/Block) 	Elapsed: 459.319	Loglikelihood: -4.83566e+08	(delta): 7383.87
14 (QN/Block) 	Elapsed: 459.004	Loglikelihood: -4.83564e+08	(delta): 2269.43
15 (QN/Block) 	Elapsed: 479.986	Loglikelihood: -4.83563e+08	(delta): 520.304
16 (QN/Block) 	Elapsed: 488.51	Loglikelihood: -4.83563e+08	(delta): 204.579
17 (QN/Block) 	Elapsed: 458.916	Loglikelihood: -4.83563e+08	(delta): 97.5727
18 (QN/Block) 	Elapsed: 478.323	Loglikelihood: -4.83563e+08	(delta): 55.3752
19 (QN/Block) 	Elapsed: 510.694	Loglikelihood: -4.83563e+08	(delta): 21.9828
20 (QN/Block) 	Elapsed: 529.448	Loglikelihood: -4.83563e+08	(delta): 10.5323
21 (QN/Block) 	Elapsed: 512.351	Loglikelihood: -4.83563e+08	(delta): 5.47573
22 (QN/Block) 	Elapsed: 448.865	Loglikelihood: -4.83563e+08	(delta): 2.89415
23 (QN/Block) 	Elapsed: 452.269	Loglikelihood: -4.83563e+08	(delta): 1.46542
24 (QN/Block) 	Elapsed: 477.732	Loglikelihood: -4.83563e+08	(delta): 0.697418
25 (QN/Block) 	Elapsed: 440.58	Loglikelihood: -4.83563e+08	(delta): 0.0593736
26 (QN/Block) 	Elapsed: 489.49	Loglikelihood: -4.83563e+08	(delta): 0.0124099
27 (QN/Block) 	Elapsed: 513.068	Loglikelihood: -4.83563e+08	(delta): 0.00313222
28 (QN/Block) 	Elapsed: 488.707	Loglikelihood: -4.83563e+08	(delta): 0.00106966
29 (QN/Block) 	Elapsed: 467.259	Loglikelihood: -4.83563e+08	(delta): 0.000400305
30 (QN/Block) 	Elapsed: 530.737	Loglikelihood: -4.83563e+08	(delta): 7.38502e-05
Summary: 
Converged in 30 iterations (15813.1 sec)
Loglikelihood: -483563020.318593
Fst divergences between estimated populations: 
	Pop0	Pop1	Pop2	Pop3	Pop4	Pop5	Pop6	Pop7	Pop8	Pop9	Pop10	Pop11	Pop12	Pop13	
Pop0	
Pop1	0.083	
Pop2	0.090	0.082	
Pop3	0.133	0.126	0.113	
Pop4	0.143	0.131	0.140	0.179	
Pop5	0.113	0.105	0.098	0.141	0.162	
Pop6	0.129	0.122	0.112	0.154	0.178	0.137	
Pop7	0.135	0.127	0.112	0.134	0.180	0.142	0.156	
Pop8	0.079	0.072	0.063	0.110	0.129	0.083	0.103	0.111	
Pop9	0.095	0.098	0.105	0.147	0.157	0.128	0.143	0.149	0.096	
Pop10	0.161	0.154	0.146	0.186	0.211	0.169	0.097	0.187	0.136	0.175	
Pop11	0.116	0.109	0.090	0.140	0.165	0.124	0.139	0.141	0.089	0.130	0.171	
Pop12	0.121	0.114	0.104	0.146	0.169	0.123	0.142	0.148	0.082	0.136	0.176	0.130	
Pop13	0.079	0.071	0.066	0.112	0.130	0.090	0.105	0.113	0.056	0.096	0.137	0.093	0.096	
Pop14	0.116	0.094	0.114	0.154	0.153	0.138	0.154	0.156	0.105	0.126	0.186	0.140	0.146	0.105	
CV error (K=15): 0.38508
Writing output files.
