****                   ADMIXTURE Version 1.3.0                  ****
****                    Copyright 2008-2015                     ****
****           David Alexander, Suyash Shringarpure,            ****
****                John  Novembre, Ken Lange                   ****
****                                                            ****
****                 Please cite our paper!                     ****
****   Information at www.genetics.ucla.edu/software/admixture  ****

Parallel execution requested.  Will use 16 threads.
Cross-validation will be performed.  Folds=5.
Random seed: 43
Point estimation method: Block relaxation algorithm
Convergence acceleration algorithm: QuasiNewton, 3 secant conditions
Point estimation will terminate when objective function delta < 0.0001
Estimation of standard errors disabled; will compute point estimates only.
Size of G: 424x1863350
Performing five EM steps to prime main algorithm
1 (EM) 	Elapsed: 94.662	Loglikelihood: -5.8528e+08	(delta): 5.85767e+08
2 (EM) 	Elapsed: 84.652	Loglikelihood: -5.60744e+08	(delta): 2.4536e+07
3 (EM) 	Elapsed: 84.67	Loglikelihood: -5.5629e+08	(delta): 4.45404e+06
4 (EM) 	Elapsed: 85.273	Loglikelihood: -5.53798e+08	(delta): 2.49255e+06
5 (EM) 	Elapsed: 89.569	Loglikelihood: -5.5196e+08	(delta): 1.83798e+06
Initial loglikelihood: -5.5196e+08
Starting main algorithm
1 (QN/Block) 	Elapsed: 251.829	Loglikelihood: -5.27685e+08	(delta): 2.4275e+07
2 (QN/Block) 	Elapsed: 238.812	Loglikelihood: -5.15592e+08	(delta): 1.20927e+07
3 (QN/Block) 	Elapsed: 254.634	Loglikelihood: -5.12e+08	(delta): 3.59212e+06
4 (QN/Block) 	Elapsed: 248.711	Loglikelihood: -5.10217e+08	(delta): 1.78316e+06
5 (QN/Block) 	Elapsed: 252.438	Loglikelihood: -5.08746e+08	(delta): 1.47094e+06
6 (QN/Block) 	Elapsed: 253.976	Loglikelihood: -5.0787e+08	(delta): 875380
7 (QN/Block) 	Elapsed: 252.242	Loglikelihood: -5.07349e+08	(delta): 521701
8 (QN/Block) 	Elapsed: 246.862	Loglikelihood: -5.0706e+08	(delta): 288417
9 (QN/Block) 	Elapsed: 248.836	Loglikelihood: -5.06848e+08	(delta): 212483
10 (QN/Block) 	Elapsed: 252.201	Loglikelihood: -5.0678e+08	(delta): 67454.2
11 (QN/Block) 	Elapsed: 248.291	Loglikelihood: -5.06735e+08	(delta): 45187.2
12 (QN/Block) 	Elapsed: 250.059	Loglikelihood: -5.06622e+08	(delta): 113524
13 (QN/Block) 	Elapsed: 247.966	Loglikelihood: -5.06503e+08	(delta): 119048
14 (QN/Block) 	Elapsed: 252.521	Loglikelihood: -5.06296e+08	(delta): 206122
15 (QN/Block) 	Elapsed: 247.333	Loglikelihood: -5.06212e+08	(delta): 84880.7
16 (QN/Block) 	Elapsed: 252.585	Loglikelihood: -5.06166e+08	(delta): 45675.6
17 (QN/Block) 	Elapsed: 245.948	Loglikelihood: -5.06145e+08	(delta): 20952.3
18 (QN/Block) 	Elapsed: 258.574	Loglikelihood: -5.06138e+08	(delta): 6826.41
19 (QN/Block) 	Elapsed: 245.706	Loglikelihood: -5.06136e+08	(delta): 2323.73
20 (QN/Block) 	Elapsed: 248.852	Loglikelihood: -5.06135e+08	(delta): 684.85
21 (QN/Block) 	Elapsed: 256.09	Loglikelihood: -5.06135e+08	(delta): 337.838
22 (QN/Block) 	Elapsed: 254.184	Loglikelihood: -5.06135e+08	(delta): 43.3581
23 (QN/Block) 	Elapsed: 248.19	Loglikelihood: -5.06135e+08	(delta): 11.9278
24 (QN/Block) 	Elapsed: 245.882	Loglikelihood: -5.06135e+08	(delta): 3.47721
25 (QN/Block) 	Elapsed: 243.883	Loglikelihood: -5.06135e+08	(delta): 1.29302
26 (QN/Block) 	Elapsed: 247.466	Loglikelihood: -5.06135e+08	(delta): 0.130149
27 (QN/Block) 	Elapsed: 243.341	Loglikelihood: -5.06135e+08	(delta): 0.0142208
28 (QN/Block) 	Elapsed: 250.274	Loglikelihood: -5.06135e+08	(delta): 0.000676811
29 (QN/Block) 	Elapsed: 246.115	Loglikelihood: -5.06135e+08	(delta): 0.000118375
30 (QN/Block) 	Elapsed: 248.741	Loglikelihood: -5.06135e+08	(delta): 5.1856e-06
Summary: 
Converged in 30 iterations (7989 sec)
Loglikelihood: -506134708.630719
Fst divergences between estimated populations: 
	Pop0	Pop1	Pop2	Pop3	Pop4	Pop5	
Pop0	
Pop1	0.069	
Pop2	0.091	0.077	
Pop3	0.119	0.106	0.115	
Pop4	0.107	0.093	0.104	0.133	
Pop5	0.072	0.057	0.070	0.095	0.079	
Pop6	0.099	0.083	0.091	0.121	0.110	0.075	
CV error (K=7): 0.38184
Writing output files.
