****                   ADMIXTURE Version 1.3.0                  ****
****                    Copyright 2008-2015                     ****
****           David Alexander, Suyash Shringarpure,            ****
****                John  Novembre, Ken Lange                   ****
****                                                            ****
****                 Please cite our paper!                     ****
****   Information at www.genetics.ucla.edu/software/admixture  ****

Parallel execution requested.  Will use 16 threads.
Cross-validation will be performed.  Folds=5.
Random seed: 43
Point estimation method: Block relaxation algorithm
Convergence acceleration algorithm: QuasiNewton, 3 secant conditions
Point estimation will terminate when objective function delta < 0.0001
Estimation of standard errors disabled; will compute point estimates only.
Size of G: 424x1863350
Performing five EM steps to prime main algorithm
1 (EM) 	Elapsed: 239.8	Loglikelihood: -5.83626e+08	(delta): 5.60299e+08
2 (EM) 	Elapsed: 243.637	Loglikelihood: -5.58539e+08	(delta): 2.50868e+07
3 (EM) 	Elapsed: 192.944	Loglikelihood: -5.54617e+08	(delta): 3.92255e+06
4 (EM) 	Elapsed: 251.893	Loglikelihood: -5.52459e+08	(delta): 2.15785e+06
5 (EM) 	Elapsed: 274.976	Loglikelihood: -5.50784e+08	(delta): 1.67469e+06
Initial loglikelihood: -5.50784e+08
Starting main algorithm
1 (QN/Block) 	Elapsed: 482.194	Loglikelihood: -5.17365e+08	(delta): 3.34192e+07
2 (QN/Block) 	Elapsed: 451.091	Loglikelihood: -5.04696e+08	(delta): 1.26695e+07
3 (QN/Block) 	Elapsed: 417.134	Loglikelihood: -5.00215e+08	(delta): 4.48048e+06
4 (QN/Block) 	Elapsed: 427.435	Loglikelihood: -4.97526e+08	(delta): 2.6892e+06
5 (QN/Block) 	Elapsed: 415.379	Loglikelihood: -4.95979e+08	(delta): 1.54741e+06
6 (QN/Block) 	Elapsed: 412.319	Loglikelihood: -4.95043e+08	(delta): 935628
7 (QN/Block) 	Elapsed: 407.999	Loglikelihood: -4.94548e+08	(delta): 494420
8 (QN/Block) 	Elapsed: 369.4	Loglikelihood: -4.94243e+08	(delta): 305005
9 (QN/Block) 	Elapsed: 387.14	Loglikelihood: -4.94047e+08	(delta): 196231
10 (QN/Block) 	Elapsed: 438.464	Loglikelihood: -4.93944e+08	(delta): 103166
11 (QN/Block) 	Elapsed: 377.228	Loglikelihood: -4.93911e+08	(delta): 33338.7
12 (QN/Block) 	Elapsed: 438.769	Loglikelihood: -4.93895e+08	(delta): 15410.1
13 (QN/Block) 	Elapsed: 387.56	Loglikelihood: -4.93888e+08	(delta): 7416.69
14 (QN/Block) 	Elapsed: 402.825	Loglikelihood: -4.93886e+08	(delta): 2136.5
15 (QN/Block) 	Elapsed: 356.021	Loglikelihood: -4.93885e+08	(delta): 991.979
16 (QN/Block) 	Elapsed: 382.997	Loglikelihood: -4.93885e+08	(delta): 248.709
17 (QN/Block) 	Elapsed: 386.025	Loglikelihood: -4.93884e+08	(delta): 88.0242
18 (QN/Block) 	Elapsed: 448.604	Loglikelihood: -4.93884e+08	(delta): 22.4367
19 (QN/Block) 	Elapsed: 466.721	Loglikelihood: -4.93884e+08	(delta): 6.55815
20 (QN/Block) 	Elapsed: 456.892	Loglikelihood: -4.93884e+08	(delta): 1.96927
21 (QN/Block) 	Elapsed: 477.016	Loglikelihood: -4.93884e+08	(delta): 1.09699
22 (QN/Block) 	Elapsed: 471.779	Loglikelihood: -4.93884e+08	(delta): 0.0757162
23 (QN/Block) 	Elapsed: 466.767	Loglikelihood: -4.93884e+08	(delta): 0.00778359
24 (QN/Block) 	Elapsed: 471.921	Loglikelihood: -4.93884e+08	(delta): 0.000266075
25 (QN/Block) 	Elapsed: 472.925	Loglikelihood: -4.93884e+08	(delta): 4.98891e-05
Summary: 
Converged in 25 iterations (11906 sec)
Loglikelihood: -493884433.995171
Fst divergences between estimated populations: 
	Pop0	Pop1	Pop2	Pop3	Pop4	Pop5	Pop6	Pop7	Pop8	Pop9	
Pop0	
Pop1	0.114	
Pop2	0.134	0.069	
Pop3	0.101	0.064	0.083	
Pop4	0.110	0.073	0.092	0.061	
Pop5	0.124	0.075	0.092	0.075	0.085	
Pop6	0.137	0.097	0.118	0.081	0.095	0.109	
Pop7	0.155	0.120	0.137	0.108	0.110	0.132	0.142	
Pop8	0.097	0.146	0.167	0.134	0.143	0.157	0.169	0.187	
Pop9	0.154	0.118	0.136	0.107	0.111	0.130	0.141	0.134	0.186	
Pop10	0.138	0.101	0.120	0.087	0.087	0.112	0.123	0.141	0.171	0.140	
CV error (K=11): 0.38202
Writing output files.
