****                   ADMIXTURE Version 1.3.0                  ****
****                    Copyright 2008-2015                     ****
****           David Alexander, Suyash Shringarpure,            ****
****                John  Novembre, Ken Lange                   ****
****                                                            ****
****                 Please cite our paper!                     ****
****   Information at www.genetics.ucla.edu/software/admixture  ****

Parallel execution requested.  Will use 16 threads.
Cross-validation will be performed.  Folds=5.
Random seed: 43
Point estimation method: Block relaxation algorithm
Convergence acceleration algorithm: QuasiNewton, 3 secant conditions
Point estimation will terminate when objective function delta < 0.0001
Estimation of standard errors disabled; will compute point estimates only.
Size of G: 424x1863350
Performing five EM steps to prime main algorithm
1 (EM) 	Elapsed: 147.248	Loglikelihood: -5.84901e+08	(delta): 5.76795e+08
2 (EM) 	Elapsed: 118.801	Loglikelihood: -5.60206e+08	(delta): 2.4695e+07
3 (EM) 	Elapsed: 118.67	Loglikelihood: -5.55963e+08	(delta): 4.24271e+06
4 (EM) 	Elapsed: 122.232	Loglikelihood: -5.53615e+08	(delta): 2.34793e+06
5 (EM) 	Elapsed: 114.997	Loglikelihood: -5.51858e+08	(delta): 1.75755e+06
Initial loglikelihood: -5.51858e+08
Starting main algorithm
1 (QN/Block) 	Elapsed: 263.807	Loglikelihood: -5.24119e+08	(delta): 2.77386e+07
2 (QN/Block) 	Elapsed: 275.007	Loglikelihood: -5.13529e+08	(delta): 1.05902e+07
3 (QN/Block) 	Elapsed: 268.365	Loglikelihood: -5.0998e+08	(delta): 3.54856e+06
4 (QN/Block) 	Elapsed: 270.898	Loglikelihood: -5.06952e+08	(delta): 3.02788e+06
5 (QN/Block) 	Elapsed: 270.97	Loglikelihood: -5.04663e+08	(delta): 2.2896e+06
6 (QN/Block) 	Elapsed: 274.641	Loglikelihood: -5.03238e+08	(delta): 1.4253e+06
7 (QN/Block) 	Elapsed: 283.255	Loglikelihood: -5.02552e+08	(delta): 685777
8 (QN/Block) 	Elapsed: 268.191	Loglikelihood: -5.02195e+08	(delta): 356954
9 (QN/Block) 	Elapsed: 271.146	Loglikelihood: -5.02062e+08	(delta): 132767
10 (QN/Block) 	Elapsed: 272.159	Loglikelihood: -5.01999e+08	(delta): 63521.4
11 (QN/Block) 	Elapsed: 267.547	Loglikelihood: -5.01967e+08	(delta): 31122.5
12 (QN/Block) 	Elapsed: 268.921	Loglikelihood: -5.01947e+08	(delta): 20223.4
13 (QN/Block) 	Elapsed: 269.793	Loglikelihood: -5.01938e+08	(delta): 9277.4
14 (QN/Block) 	Elapsed: 268.277	Loglikelihood: -5.01935e+08	(delta): 2427.99
15 (QN/Block) 	Elapsed: 269.03	Loglikelihood: -5.01934e+08	(delta): 1053.13
16 (QN/Block) 	Elapsed: 271.799	Loglikelihood: -5.01934e+08	(delta): 558.944
17 (QN/Block) 	Elapsed: 270.393	Loglikelihood: -5.01934e+08	(delta): 135.658
18 (QN/Block) 	Elapsed: 270.321	Loglikelihood: -5.01934e+08	(delta): 29.6084
19 (QN/Block) 	Elapsed: 268.853	Loglikelihood: -5.01934e+08	(delta): 7.36597
20 (QN/Block) 	Elapsed: 266.412	Loglikelihood: -5.01934e+08	(delta): 2.05843
21 (QN/Block) 	Elapsed: 275.581	Loglikelihood: -5.01934e+08	(delta): 0.190235
22 (QN/Block) 	Elapsed: 268.595	Loglikelihood: -5.01934e+08	(delta): 0.0163591
23 (QN/Block) 	Elapsed: 272.312	Loglikelihood: -5.01934e+08	(delta): 0.000456333
24 (QN/Block) 	Elapsed: 273.457	Loglikelihood: -5.01934e+08	(delta): 4.5836e-05
Summary: 
Converged in 24 iterations (7185.86 sec)
Loglikelihood: -501933684.113039
Fst divergences between estimated populations: 
	Pop0	Pop1	Pop2	Pop3	Pop4	Pop5	Pop6	
Pop0	
Pop1	0.111	
Pop2	0.103	0.057	
Pop3	0.125	0.069	0.072	
Pop4	0.138	0.093	0.080	0.107	
Pop5	0.148	0.106	0.095	0.119	0.133	
Pop6	0.120	0.077	0.070	0.091	0.104	0.116	
Pop7	0.131	0.115	0.106	0.130	0.142	0.152	0.121	
CV error (K=8): 0.38027
Writing output files.
