****                   ADMIXTURE Version 1.3.0                  ****
****                    Copyright 2008-2015                     ****
****           David Alexander, Suyash Shringarpure,            ****
****                John  Novembre, Ken Lange                   ****
****                                                            ****
****                 Please cite our paper!                     ****
****   Information at www.genetics.ucla.edu/software/admixture  ****

Parallel execution requested.  Will use 16 threads.
Cross-validation will be performed.  Folds=5.
Random seed: 43
Point estimation method: Block relaxation algorithm
Convergence acceleration algorithm: QuasiNewton, 3 secant conditions
Point estimation will terminate when objective function delta < 0.0001
Estimation of standard errors disabled; will compute point estimates only.
Size of G: 424x1863350
Performing five EM steps to prime main algorithm
1 (EM) 	Elapsed: 48.386	Loglikelihood: -5.7508e+08	(delta): 7.82714e+08
2 (EM) 	Elapsed: 48.302	Loglikelihood: -5.56676e+08	(delta): 1.84037e+07
3 (EM) 	Elapsed: 44.936	Loglikelihood: -5.52297e+08	(delta): 4.37929e+06
4 (EM) 	Elapsed: 50.199	Loglikelihood: -5.50238e+08	(delta): 2.059e+06
5 (EM) 	Elapsed: 50.187	Loglikelihood: -5.49225e+08	(delta): 1.01302e+06
Initial loglikelihood: -5.49225e+08
Starting main algorithm
1 (QN/Block) 	Elapsed: 123.684	Loglikelihood: -5.44125e+08	(delta): 5.09946e+06
2 (QN/Block) 	Elapsed: 126.843	Loglikelihood: -5.42074e+08	(delta): 2.0516e+06
3 (QN/Block) 	Elapsed: 127.844	Loglikelihood: -5.40335e+08	(delta): 1.7384e+06
4 (QN/Block) 	Elapsed: 129.108	Loglikelihood: -5.39003e+08	(delta): 1.33263e+06
5 (QN/Block) 	Elapsed: 128.386	Loglikelihood: -5.3854e+08	(delta): 462794
6 (QN/Block) 	Elapsed: 126.386	Loglikelihood: -5.38189e+08	(delta): 350881
7 (QN/Block) 	Elapsed: 136.961	Loglikelihood: -5.37987e+08	(delta): 202325
8 (QN/Block) 	Elapsed: 133.35	Loglikelihood: -5.37919e+08	(delta): 67336
9 (QN/Block) 	Elapsed: 131.895	Loglikelihood: -5.37893e+08	(delta): 26625.4
10 (QN/Block) 	Elapsed: 136.067	Loglikelihood: -5.37866e+08	(delta): 26818.2
11 (QN/Block) 	Elapsed: 135.901	Loglikelihood: -5.37825e+08	(delta): 41519
12 (QN/Block) 	Elapsed: 136.935	Loglikelihood: -5.37816e+08	(delta): 8608.28
13 (QN/Block) 	Elapsed: 131.192	Loglikelihood: -5.37812e+08	(delta): 3670.46
14 (QN/Block) 	Elapsed: 134.425	Loglikelihood: -5.37811e+08	(delta): 1694.5
15 (QN/Block) 	Elapsed: 134.648	Loglikelihood: -5.3781e+08	(delta): 325.669
16 (QN/Block) 	Elapsed: 140.195	Loglikelihood: -5.3781e+08	(delta): 174.622
17 (QN/Block) 	Elapsed: 136.07	Loglikelihood: -5.3781e+08	(delta): 22.9274
18 (QN/Block) 	Elapsed: 129.885	Loglikelihood: -5.3781e+08	(delta): 2.83809
19 (QN/Block) 	Elapsed: 131.737	Loglikelihood: -5.3781e+08	(delta): 0.214463
20 (QN/Block) 	Elapsed: 131.677	Loglikelihood: -5.3781e+08	(delta): 0.0823592
21 (QN/Block) 	Elapsed: 131.762	Loglikelihood: -5.3781e+08	(delta): 0.00398636
22 (QN/Block) 	Elapsed: 131.675	Loglikelihood: -5.3781e+08	(delta): 0.000126958
23 (QN/Block) 	Elapsed: 131.592	Loglikelihood: -5.3781e+08	(delta): 3.93391e-06
Summary: 
Converged in 23 iterations (3303.87 sec)
Loglikelihood: -537810033.185255
Fst divergences between estimated populations: 
	Pop0	
Pop0	
Pop1	0.085	
CV error (K=2): 0.40482
Writing output files.
