****                   ADMIXTURE Version 1.3.0                  ****
****                    Copyright 2008-2015                     ****
****           David Alexander, Suyash Shringarpure,            ****
****                John  Novembre, Ken Lange                   ****
****                                                            ****
****                 Please cite our paper!                     ****
****   Information at www.genetics.ucla.edu/software/admixture  ****

Parallel execution requested.  Will use 16 threads.
Cross-validation will be performed.  Folds=5.
Random seed: 43
Point estimation method: Block relaxation algorithm
Convergence acceleration algorithm: QuasiNewton, 3 secant conditions
Point estimation will terminate when objective function delta < 0.0001
Estimation of standard errors disabled; will compute point estimates only.
Size of G: 424x1863350
Performing five EM steps to prime main algorithm
1 (EM) 	Elapsed: 199.494	Loglikelihood: -5.8281e+08	(delta): 5.53132e+08
2 (EM) 	Elapsed: 197.926	Loglikelihood: -5.57525e+08	(delta): 2.52845e+07
3 (EM) 	Elapsed: 203.168	Loglikelihood: -5.53865e+08	(delta): 3.65998e+06
4 (EM) 	Elapsed: 207.487	Loglikelihood: -5.51909e+08	(delta): 1.95625e+06
5 (EM) 	Elapsed: 194.962	Loglikelihood: -5.50371e+08	(delta): 1.53837e+06
Initial loglikelihood: -5.50371e+08
Starting main algorithm
1 (QN/Block) 	Elapsed: 384.034	Loglikelihood: -5.16998e+08	(delta): 3.33727e+07
2 (QN/Block) 	Elapsed: 400.36	Loglikelihood: -5.0305e+08	(delta): 1.3948e+07
3 (QN/Block) 	Elapsed: 374.081	Loglikelihood: -4.97622e+08	(delta): 5.42777e+06
4 (QN/Block) 	Elapsed: 378.764	Loglikelihood: -4.93642e+08	(delta): 3.98023e+06
5 (QN/Block) 	Elapsed: 386.566	Loglikelihood: -4.91318e+08	(delta): 2.32359e+06
6 (QN/Block) 	Elapsed: 394.788	Loglikelihood: -4.8995e+08	(delta): 1.36814e+06
7 (QN/Block) 	Elapsed: 400.571	Loglikelihood: -4.89028e+08	(delta): 922730
8 (QN/Block) 	Elapsed: 370.635	Loglikelihood: -4.88281e+08	(delta): 746353
9 (QN/Block) 	Elapsed: 374.186	Loglikelihood: -4.87947e+08	(delta): 334156
10 (QN/Block) 	Elapsed: 374.898	Loglikelihood: -4.87813e+08	(delta): 134376
11 (QN/Block) 	Elapsed: 352.831	Loglikelihood: -4.87761e+08	(delta): 51130.7
12 (QN/Block) 	Elapsed: 369.893	Loglikelihood: -4.8774e+08	(delta): 21989.8
13 (QN/Block) 	Elapsed: 386.203	Loglikelihood: -4.87733e+08	(delta): 6641.17
14 (QN/Block) 	Elapsed: 371.06	Loglikelihood: -4.8773e+08	(delta): 2570.55
15 (QN/Block) 	Elapsed: 378.019	Loglikelihood: -4.87729e+08	(delta): 1429.78
16 (QN/Block) 	Elapsed: 388.406	Loglikelihood: -4.87728e+08	(delta): 857.21
17 (QN/Block) 	Elapsed: 359.871	Loglikelihood: -4.87727e+08	(delta): 583.761
18 (QN/Block) 	Elapsed: 378.602	Loglikelihood: -4.87727e+08	(delta): 797.567
19 (QN/Block) 	Elapsed: 391.309	Loglikelihood: -4.87726e+08	(delta): 360.891
20 (QN/Block) 	Elapsed: 384.45	Loglikelihood: -4.87726e+08	(delta): 199.979
21 (QN/Block) 	Elapsed: 392.128	Loglikelihood: -4.87726e+08	(delta): 36.8514
22 (QN/Block) 	Elapsed: 369.512	Loglikelihood: -4.87726e+08	(delta): 15.2937
23 (QN/Block) 	Elapsed: 368.191	Loglikelihood: -4.87726e+08	(delta): 6.16027
24 (QN/Block) 	Elapsed: 418.178	Loglikelihood: -4.87726e+08	(delta): 0.305298
25 (QN/Block) 	Elapsed: 410.787	Loglikelihood: -4.87726e+08	(delta): 0.158823
26 (QN/Block) 	Elapsed: 393.724	Loglikelihood: -4.87726e+08	(delta): 0.0787656
27 (QN/Block) 	Elapsed: 389.659	Loglikelihood: -4.87726e+08	(delta): 0.00868577
28 (QN/Block) 	Elapsed: 418.924	Loglikelihood: -4.87726e+08	(delta): 0.00124383
29 (QN/Block) 	Elapsed: 393.26	Loglikelihood: -4.87726e+08	(delta): 0.000197768
30 (QN/Block) 	Elapsed: 372.884	Loglikelihood: -4.87726e+08	(delta): 4.80413e-05
Summary: 
Converged in 30 iterations (12573.4 sec)
Loglikelihood: -487726003.500021
Fst divergences between estimated populations: 
	Pop0	Pop1	Pop2	Pop3	Pop4	Pop5	Pop6	Pop7	Pop8	Pop9	Pop10	Pop11	
Pop0	
Pop1	0.093	
Pop2	0.090	0.124	
Pop3	0.067	0.105	0.101	
Pop4	0.105	0.140	0.138	0.091	
Pop5	0.101	0.135	0.133	0.114	0.151	
Pop6	0.076	0.112	0.110	0.079	0.112	0.121	
Pop7	0.129	0.159	0.160	0.141	0.173	0.170	0.148	
Pop8	0.055	0.089	0.083	0.068	0.105	0.098	0.075	0.126	
Pop9	0.113	0.142	0.143	0.125	0.157	0.153	0.133	0.149	0.110	
Pop10	0.131	0.165	0.162	0.130	0.153	0.175	0.139	0.198	0.129	0.181	
Pop11	0.076	0.106	0.106	0.088	0.122	0.118	0.095	0.103	0.073	0.098	0.146	
Pop12	0.066	0.091	0.098	0.078	0.115	0.109	0.087	0.128	0.063	0.113	0.140	0.075	
CV error (K=13): 0.38512
Writing output files.
