****                   ADMIXTURE Version 1.3.0                  ****
****                    Copyright 2008-2015                     ****
****           David Alexander, Suyash Shringarpure,            ****
****                John  Novembre, Ken Lange                   ****
****                                                            ****
****                 Please cite our paper!                     ****
****   Information at www.genetics.ucla.edu/software/admixture  ****

Parallel execution requested.  Will use 16 threads.
Cross-validation will be performed.  Folds=5.
Random seed: 43
Point estimation method: Block relaxation algorithm
Convergence acceleration algorithm: QuasiNewton, 3 secant conditions
Point estimation will terminate when objective function delta < 0.0001
Estimation of standard errors disabled; will compute point estimates only.
Size of G: 424x1863350
Performing five EM steps to prime main algorithm
1 (EM) 	Elapsed: 36.983	Loglikelihood: -5.49285e+08	(delta): 1.0305e+09
2 (EM) 	Elapsed: 37.201	Loglikelihood: -5.49285e+08	(delta): 0
3 (EM) 	Elapsed: 37.691	Loglikelihood: -5.49285e+08	(delta): -1.19209e-07
4 (EM) 	Elapsed: 36.037	Loglikelihood: -5.49285e+08	(delta): 1.19209e-07
5 (EM) 	Elapsed: 36.098	Loglikelihood: -5.49285e+08	(delta): 0
Initial loglikelihood: -5.49285e+08
Starting main algorithm
1 (QN/Block) 	Elapsed: 63.926	Loglikelihood: -5.49285e+08	(delta): 0
Summary: 
Converged in 1 iterations (255.986 sec)
Loglikelihood: -549284684.542282
CV error (K=1): 0.41641
Writing output files.
