****                   ADMIXTURE Version 1.3.0                  ****
****                    Copyright 2008-2015                     ****
****           David Alexander, Suyash Shringarpure,            ****
****                John  Novembre, Ken Lange                   ****
****                                                            ****
****                 Please cite our paper!                     ****
****   Information at www.genetics.ucla.edu/software/admixture  ****

Parallel execution requested.  Will use 16 threads.
Cross-validation will be performed.  Folds=5.
Random seed: 43
Point estimation method: Block relaxation algorithm
Convergence acceleration algorithm: QuasiNewton, 3 secant conditions
Point estimation will terminate when objective function delta < 0.0001
Estimation of standard errors disabled; will compute point estimates only.
Size of G: 424x1863350
Performing five EM steps to prime main algorithm
1 (EM) 	Elapsed: 145.045	Loglikelihood: -5.8556e+08	(delta): 5.98166e+08
2 (EM) 	Elapsed: 123.587	Loglikelihood: -5.61183e+08	(delta): 2.43768e+07
3 (EM) 	Elapsed: 122.982	Loglikelihood: -5.56457e+08	(delta): 4.72642e+06
4 (EM) 	Elapsed: 125.116	Loglikelihood: -5.53786e+08	(delta): 2.67043e+06
5 (EM) 	Elapsed: 126.752	Loglikelihood: -5.51847e+08	(delta): 1.93959e+06
Initial loglikelihood: -5.51847e+08
Starting main algorithm
1 (QN/Block) 	Elapsed: 238.083	Loglikelihood: -5.27158e+08	(delta): 2.46887e+07
2 (QN/Block) 	Elapsed: 247.166	Loglikelihood: -5.1815e+08	(delta): 9.00746e+06
3 (QN/Block) 	Elapsed: 260.205	Loglikelihood: -5.14493e+08	(delta): 3.65764e+06
4 (QN/Block) 	Elapsed: 252.465	Loglikelihood: -5.12219e+08	(delta): 2.27338e+06
5 (QN/Block) 	Elapsed: 268.675	Loglikelihood: -5.11205e+08	(delta): 1.01406e+06
6 (QN/Block) 	Elapsed: 273.841	Loglikelihood: -5.10822e+08	(delta): 383699
7 (QN/Block) 	Elapsed: 277.091	Loglikelihood: -5.10659e+08	(delta): 162294
8 (QN/Block) 	Elapsed: 280.453	Loglikelihood: -5.10602e+08	(delta): 56980.1
9 (QN/Block) 	Elapsed: 263.635	Loglikelihood: -5.10561e+08	(delta): 41223.6
10 (QN/Block) 	Elapsed: 274.31	Loglikelihood: -5.10541e+08	(delta): 20073.9
11 (QN/Block) 	Elapsed: 286.34	Loglikelihood: -5.105e+08	(delta): 40926.6
12 (QN/Block) 	Elapsed: 237.688	Loglikelihood: -5.10461e+08	(delta): 38792.8
13 (QN/Block) 	Elapsed: 239.082	Loglikelihood: -5.1042e+08	(delta): 41306.3
14 (QN/Block) 	Elapsed: 249.884	Loglikelihood: -5.10366e+08	(delta): 53849.2
15 (QN/Block) 	Elapsed: 239.941	Loglikelihood: -5.1033e+08	(delta): 36100.6
16 (QN/Block) 	Elapsed: 277.295	Loglikelihood: -5.10261e+08	(delta): 69233.7
17 (QN/Block) 	Elapsed: 268.875	Loglikelihood: -5.10223e+08	(delta): 37371.7
18 (QN/Block) 	Elapsed: 249.664	Loglikelihood: -5.102e+08	(delta): 23299.5
19 (QN/Block) 	Elapsed: 275.439	Loglikelihood: -5.1019e+08	(delta): 9668.29
20 (QN/Block) 	Elapsed: 289.203	Loglikelihood: -5.10187e+08	(delta): 3580.63
21 (QN/Block) 	Elapsed: 276.1	Loglikelihood: -5.10186e+08	(delta): 1366.28
22 (QN/Block) 	Elapsed: 254.791	Loglikelihood: -5.10184e+08	(delta): 1377.82
23 (QN/Block) 	Elapsed: 261.089	Loglikelihood: -5.10184e+08	(delta): 327.353
24 (QN/Block) 	Elapsed: 250.858	Loglikelihood: -5.10184e+08	(delta): 71.2916
25 (QN/Block) 	Elapsed: 308.286	Loglikelihood: -5.10184e+08	(delta): 6.73682
26 (QN/Block) 	Elapsed: 307.542	Loglikelihood: -5.10184e+08	(delta): 0.512686
27 (QN/Block) 	Elapsed: 318.288	Loglikelihood: -5.10184e+08	(delta): 0.155405
28 (QN/Block) 	Elapsed: 320.09	Loglikelihood: -5.10184e+08	(delta): 0.00665981
29 (QN/Block) 	Elapsed: 307.075	Loglikelihood: -5.10184e+08	(delta): 0.000407696
30 (QN/Block) 	Elapsed: 305.85	Loglikelihood: -5.10184e+08	(delta): 4.71473e-05
Summary: 
Converged in 30 iterations (8846.74 sec)
Loglikelihood: -510183731.841132
Fst divergences between estimated populations: 
	Pop0	Pop1	Pop2	Pop3	Pop4	
Pop0	
Pop1	0.068	
Pop2	0.093	0.115	
Pop3	0.079	0.104	0.132	
Pop4	0.055	0.074	0.103	0.091	
Pop5	0.073	0.091	0.121	0.110	0.081	
CV error (K=6): 0.38325
Writing output files.
