****                   ADMIXTURE Version 1.3.0                  ****
****                    Copyright 2008-2015                     ****
****           David Alexander, Suyash Shringarpure,            ****
****                John  Novembre, Ken Lange                   ****
****                                                            ****
****                 Please cite our paper!                     ****
****   Information at www.genetics.ucla.edu/software/admixture  ****

Parallel execution requested.  Will use 16 threads.
Cross-validation will be performed.  Folds=5.
Random seed: 43
Point estimation method: Block relaxation algorithm
Convergence acceleration algorithm: QuasiNewton, 3 secant conditions
Point estimation will terminate when objective function delta < 0.0001
Estimation of standard errors disabled; will compute point estimates only.
Size of G: 424x1863350
Performing five EM steps to prime main algorithm
1 (EM) 	Elapsed: 50.973	Loglikelihood: -5.82918e+08	(delta): 6.88605e+08
2 (EM) 	Elapsed: 47.56	Loglikelihood: -5.60559e+08	(delta): 2.23591e+07
3 (EM) 	Elapsed: 48.166	Loglikelihood: -5.55232e+08	(delta): 5.32748e+06
4 (EM) 	Elapsed: 54.105	Loglikelihood: -5.52327e+08	(delta): 2.90464e+06
5 (EM) 	Elapsed: 50.544	Loglikelihood: -5.505e+08	(delta): 1.82685e+06
Initial loglikelihood: -5.505e+08
Starting main algorithm
1 (QN/Block) 	Elapsed: 169.351	Loglikelihood: -5.40085e+08	(delta): 1.04155e+07
2 (QN/Block) 	Elapsed: 173.486	Loglikelihood: -5.35835e+08	(delta): 4.25027e+06
3 (QN/Block) 	Elapsed: 178.115	Loglikelihood: -5.33635e+08	(delta): 2.19984e+06
4 (QN/Block) 	Elapsed: 172.524	Loglikelihood: -5.30904e+08	(delta): 2.73121e+06
5 (QN/Block) 	Elapsed: 182.698	Loglikelihood: -5.29535e+08	(delta): 1.36856e+06
6 (QN/Block) 	Elapsed: 183.573	Loglikelihood: -5.29057e+08	(delta): 477911
7 (QN/Block) 	Elapsed: 188.664	Loglikelihood: -5.2885e+08	(delta): 207028
8 (QN/Block) 	Elapsed: 180.127	Loglikelihood: -5.28664e+08	(delta): 185752
9 (QN/Block) 	Elapsed: 180.861	Loglikelihood: -5.28562e+08	(delta): 102285
10 (QN/Block) 	Elapsed: 184.618	Loglikelihood: -5.28536e+08	(delta): 26376.9
11 (QN/Block) 	Elapsed: 181.435	Loglikelihood: -5.28523e+08	(delta): 12769.7
12 (QN/Block) 	Elapsed: 181.228	Loglikelihood: -5.28517e+08	(delta): 6272.56
13 (QN/Block) 	Elapsed: 192.026	Loglikelihood: -5.2851e+08	(delta): 6900.66
14 (QN/Block) 	Elapsed: 190.497	Loglikelihood: -5.28499e+08	(delta): 10281
15 (QN/Block) 	Elapsed: 188.311	Loglikelihood: -5.28483e+08	(delta): 16706.3
16 (QN/Block) 	Elapsed: 185.731	Loglikelihood: -5.28472e+08	(delta): 10428.1
17 (QN/Block) 	Elapsed: 184.636	Loglikelihood: -5.28466e+08	(delta): 6306.32
18 (QN/Block) 	Elapsed: 186.275	Loglikelihood: -5.28459e+08	(delta): 6717.62
19 (QN/Block) 	Elapsed: 185.894	Loglikelihood: -5.28457e+08	(delta): 1799.73
20 (QN/Block) 	Elapsed: 183.957	Loglikelihood: -5.28457e+08	(delta): 668.559
21 (QN/Block) 	Elapsed: 182.203	Loglikelihood: -5.28457e+08	(delta): 152.412
22 (QN/Block) 	Elapsed: 180.552	Loglikelihood: -5.28456e+08	(delta): 161.505
23 (QN/Block) 	Elapsed: 183.947	Loglikelihood: -5.28456e+08	(delta): 11.9619
24 (QN/Block) 	Elapsed: 179.502	Loglikelihood: -5.28456e+08	(delta): 3.18817
25 (QN/Block) 	Elapsed: 181.229	Loglikelihood: -5.28456e+08	(delta): 0.502755
26 (QN/Block) 	Elapsed: 179.809	Loglikelihood: -5.28456e+08	(delta): 0.147253
27 (QN/Block) 	Elapsed: 181.4	Loglikelihood: -5.28456e+08	(delta): 0.0032894
28 (QN/Block) 	Elapsed: 178.968	Loglikelihood: -5.28456e+08	(delta): 0.00178385
29 (QN/Block) 	Elapsed: 180.684	Loglikelihood: -5.28456e+08	(delta): 0.000237644
30 (QN/Block) 	Elapsed: 179.048	Loglikelihood: -5.28456e+08	(delta): 1.11461e-05
Summary: 
Converged in 30 iterations (5737.62 sec)
Loglikelihood: -528456430.578259
Fst divergences between estimated populations: 
	Pop0	Pop1	
Pop0	
Pop1	0.098	
Pop2	0.100	0.061	
CV error (K=3): 0.39622
Writing output files.
