****                   ADMIXTURE Version 1.3.0                  ****
****                    Copyright 2008-2015                     ****
****           David Alexander, Suyash Shringarpure,            ****
****                John  Novembre, Ken Lange                   ****
****                                                            ****
****                 Please cite our paper!                     ****
****   Information at www.genetics.ucla.edu/software/admixture  ****

Parallel execution requested.  Will use 16 threads.
Cross-validation will be performed.  Folds=5.
Random seed: 43
Point estimation method: Block relaxation algorithm
Convergence acceleration algorithm: QuasiNewton, 3 secant conditions
Point estimation will terminate when objective function delta < 0.0001
Estimation of standard errors disabled; will compute point estimates only.
Size of G: 424x1536138
Performing five EM steps to prime main algorithm
1 (EM) 	Elapsed: 138.468	Loglikelihood: -4.74128e+08	(delta): 4.91293e+08
2 (EM) 	Elapsed: 128.937	Loglikelihood: -4.53822e+08	(delta): 2.03056e+07
3 (EM) 	Elapsed: 137.756	Loglikelihood: -4.50181e+08	(delta): 3.64146e+06
4 (EM) 	Elapsed: 143.892	Loglikelihood: -4.48151e+08	(delta): 2.02965e+06
5 (EM) 	Elapsed: 149.736	Loglikelihood: -4.46656e+08	(delta): 1.49551e+06
Initial loglikelihood: -4.46656e+08
Starting main algorithm
1 (QN/Block) 	Elapsed: 277.542	Loglikelihood: -4.26935e+08	(delta): 1.97208e+07
2 (QN/Block) 	Elapsed: 278.637	Loglikelihood: -4.17027e+08	(delta): 9.90771e+06
3 (QN/Block) 	Elapsed: 281.841	Loglikelihood: -4.14088e+08	(delta): 2.9388e+06
4 (QN/Block) 	Elapsed: 278.086	Loglikelihood: -4.12653e+08	(delta): 1.43513e+06
5 (QN/Block) 	Elapsed: 281.862	Loglikelihood: -4.11428e+08	(delta): 1.2253e+06
6 (QN/Block) 	Elapsed: 274.831	Loglikelihood: -4.10718e+08	(delta): 710097
7 (QN/Block) 	Elapsed: 278.922	Loglikelihood: -4.10263e+08	(delta): 454966
8 (QN/Block) 	Elapsed: 276.676	Loglikelihood: -4.10035e+08	(delta): 227471
9 (QN/Block) 	Elapsed: 268.22	Loglikelihood: -4.09886e+08	(delta): 148958
10 (QN/Block) 	Elapsed: 271.179	Loglikelihood: -4.09839e+08	(delta): 46997
11 (QN/Block) 	Elapsed: 271.809	Loglikelihood: -4.09817e+08	(delta): 22156
12 (QN/Block) 	Elapsed: 275.189	Loglikelihood: -4.09801e+08	(delta): 15691.2
13 (QN/Block) 	Elapsed: 273.05	Loglikelihood: -4.09773e+08	(delta): 27995.9
14 (QN/Block) 	Elapsed: 277.512	Loglikelihood: -4.09748e+08	(delta): 25455
15 (QN/Block) 	Elapsed: 271.142	Loglikelihood: -4.09736e+08	(delta): 12324.5
16 (QN/Block) 	Elapsed: 275.996	Loglikelihood: -4.09723e+08	(delta): 12683.6
17 (QN/Block) 	Elapsed: 280.569	Loglikelihood: -4.09707e+08	(delta): 15812.8
18 (QN/Block) 	Elapsed: 276.797	Loglikelihood: -4.09686e+08	(delta): 20930.4
19 (QN/Block) 	Elapsed: 274.539	Loglikelihood: -4.09658e+08	(delta): 27887.2
20 (QN/Block) 	Elapsed: 279.567	Loglikelihood: -4.0962e+08	(delta): 37885.1
21 (QN/Block) 	Elapsed: 277.952	Loglikelihood: -4.09567e+08	(delta): 53507.2
22 (QN/Block) 	Elapsed: 278.939	Loglikelihood: -4.09492e+08	(delta): 75390.1
23 (QN/Block) 	Elapsed: 288.609	Loglikelihood: -4.09394e+08	(delta): 97991.9
24 (QN/Block) 	Elapsed: 279.478	Loglikelihood: -4.09297e+08	(delta): 96335.1
25 (QN/Block) 	Elapsed: 284.593	Loglikelihood: -4.09238e+08	(delta): 59074.5
26 (QN/Block) 	Elapsed: 279.949	Loglikelihood: -4.09218e+08	(delta): 20139.2
27 (QN/Block) 	Elapsed: 284.996	Loglikelihood: -4.09203e+08	(delta): 14533.3
28 (QN/Block) 	Elapsed: 278.597	Loglikelihood: -4.09199e+08	(delta): 4513.77
29 (QN/Block) 	Elapsed: 275.667	Loglikelihood: -4.09197e+08	(delta): 1692.1
30 (QN/Block) 	Elapsed: 272.372	Loglikelihood: -4.09197e+08	(delta): 720.531
31 (QN/Block) 	Elapsed: 271.865	Loglikelihood: -4.09196e+08	(delta): 118.736
32 (QN/Block) 	Elapsed: 269.568	Loglikelihood: -4.09196e+08	(delta): 25.9949
33 (QN/Block) 	Elapsed: 273.174	Loglikelihood: -4.09196e+08	(delta): 9.20566
34 (QN/Block) 	Elapsed: 279.529	Loglikelihood: -4.09196e+08	(delta): 2.80007
35 (QN/Block) 	Elapsed: 279.657	Loglikelihood: -4.09196e+08	(delta): 0.108889
36 (QN/Block) 	Elapsed: 280.339	Loglikelihood: -4.09196e+08	(delta): 0.0246484
37 (QN/Block) 	Elapsed: 277.497	Loglikelihood: -4.09196e+08	(delta): 0.00166398
38 (QN/Block) 	Elapsed: 277.685	Loglikelihood: -4.09196e+08	(delta): 0.000415266
39 (QN/Block) 	Elapsed: 273.711	Loglikelihood: -4.09196e+08	(delta): 6.67572e-06
Summary: 
Converged in 39 iterations (11534.5 sec)
Loglikelihood: -409196405.268025
Fst divergences between estimated populations: 
	Pop0	Pop1	Pop2	Pop3	Pop4	Pop5	
Pop0	
Pop1	0.069	
Pop2	0.090	0.076	
Pop3	0.118	0.106	0.115	
Pop4	0.107	0.093	0.103	0.133	
Pop5	0.072	0.056	0.069	0.095	0.079	
Pop6	0.099	0.083	0.090	0.121	0.110	0.075	
CV error (K=7): 0.37536
Writing output files.
