****                   ADMIXTURE Version 1.3.0                  ****
****                    Copyright 2008-2015                     ****
****           David Alexander, Suyash Shringarpure,            ****
****                John  Novembre, Ken Lange                   ****
****                                                            ****
****                 Please cite our paper!                     ****
****   Information at www.genetics.ucla.edu/software/admixture  ****

Parallel execution requested.  Will use 16 threads.
Cross-validation will be performed.  Folds=5.
Random seed: 43
Point estimation method: Block relaxation algorithm
Convergence acceleration algorithm: QuasiNewton, 3 secant conditions
Point estimation will terminate when objective function delta < 0.0001
Estimation of standard errors disabled; will compute point estimates only.
Size of G: 424x1536138
Performing five EM steps to prime main algorithm
1 (EM) 	Elapsed: 99.042	Loglikelihood: -4.73162e+08	(delta): 4.73843e+08
2 (EM) 	Elapsed: 97.567	Loglikelihood: -4.52496e+08	(delta): 2.06658e+07
3 (EM) 	Elapsed: 97.053	Loglikelihood: -4.49209e+08	(delta): 3.28707e+06
4 (EM) 	Elapsed: 112.617	Loglikelihood: -4.47412e+08	(delta): 1.79775e+06
5 (EM) 	Elapsed: 98.956	Loglikelihood: -4.46038e+08	(delta): 1.3734e+06
Initial loglikelihood: -4.46038e+08
Starting main algorithm
1 (QN/Block) 	Elapsed: 226.539	Loglikelihood: -4.23373e+08	(delta): 2.26649e+07
2 (QN/Block) 	Elapsed: 231.01	Loglikelihood: -4.12146e+08	(delta): 1.12275e+07
3 (QN/Block) 	Elapsed: 242.434	Loglikelihood: -4.07635e+08	(delta): 4.51057e+06
4 (QN/Block) 	Elapsed: 278.982	Loglikelihood: -4.04793e+08	(delta): 2.84188e+06
5 (QN/Block) 	Elapsed: 267.049	Loglikelihood: -4.03666e+08	(delta): 1.12691e+06
6 (QN/Block) 	Elapsed: 273.161	Loglikelihood: -4.0299e+08	(delta): 676506
7 (QN/Block) 	Elapsed: 271.016	Loglikelihood: -4.02645e+08	(delta): 344632
8 (QN/Block) 	Elapsed: 294.682	Loglikelihood: -4.02419e+08	(delta): 226192
9 (QN/Block) 	Elapsed: 309.201	Loglikelihood: -4.01939e+08	(delta): 479971
10 (QN/Block) 	Elapsed: 297.156	Loglikelihood: -4.01291e+08	(delta): 648293
11 (QN/Block) 	Elapsed: 267.977	Loglikelihood: -4.01038e+08	(delta): 253172
12 (QN/Block) 	Elapsed: 258.399	Loglikelihood: -4.00937e+08	(delta): 100454
13 (QN/Block) 	Elapsed: 252.337	Loglikelihood: -4.00879e+08	(delta): 57841.1
14 (QN/Block) 	Elapsed: 257.534	Loglikelihood: -4.00841e+08	(delta): 38804.9
15 (QN/Block) 	Elapsed: 266.484	Loglikelihood: -4.00809e+08	(delta): 31118.8
16 (QN/Block) 	Elapsed: 268.605	Loglikelihood: -4.00768e+08	(delta): 41368.7
17 (QN/Block) 	Elapsed: 282.986	Loglikelihood: -4.00704e+08	(delta): 63751.3
18 (QN/Block) 	Elapsed: 269.437	Loglikelihood: -4.00671e+08	(delta): 32968.1
19 (QN/Block) 	Elapsed: 272.443	Loglikelihood: -4.00655e+08	(delta): 16150.4
20 (QN/Block) 	Elapsed: 283.811	Loglikelihood: -4.0065e+08	(delta): 5565.99
21 (QN/Block) 	Elapsed: 301.725	Loglikelihood: -4.00649e+08	(delta): 815.976
22 (QN/Block) 	Elapsed: 309.735	Loglikelihood: -4.00648e+08	(delta): 382.453
23 (QN/Block) 	Elapsed: 295.175	Loglikelihood: -4.00648e+08	(delta): 81.055
24 (QN/Block) 	Elapsed: 277.733	Loglikelihood: -4.00648e+08	(delta): 13.4547
25 (QN/Block) 	Elapsed: 288.466	Loglikelihood: -4.00648e+08	(delta): 2.58638
26 (QN/Block) 	Elapsed: 265.619	Loglikelihood: -4.00648e+08	(delta): 0.533567
27 (QN/Block) 	Elapsed: 273.451	Loglikelihood: -4.00648e+08	(delta): 0.120401
28 (QN/Block) 	Elapsed: 268.317	Loglikelihood: -4.00648e+08	(delta): 0.00656545
29 (QN/Block) 	Elapsed: 255.326	Loglikelihood: -4.00648e+08	(delta): 0.00083679
30 (QN/Block) 	Elapsed: 264.817	Loglikelihood: -4.00648e+08	(delta): 0.000208855
31 (QN/Block) 	Elapsed: 302.949	Loglikelihood: -4.00648e+08	(delta): 1.19209e-05
Summary: 
Converged in 31 iterations (9018.78 sec)
Loglikelihood: -400648392.636672
Fst divergences between estimated populations: 
	Pop0	Pop1	Pop2	Pop3	Pop4	Pop5	Pop6	Pop7	Pop8	
Pop0	
Pop1	0.117	
Pop2	0.153	0.108	
Pop3	0.142	0.094	0.133	
Pop4	0.109	0.070	0.106	0.095	
Pop5	0.156	0.085	0.150	0.138	0.111	
Pop6	0.131	0.071	0.119	0.108	0.084	0.111	
Pop7	0.108	0.060	0.097	0.081	0.061	0.104	0.073	
Pop8	0.133	0.115	0.150	0.140	0.110	0.154	0.128	0.106	
Pop9	0.141	0.098	0.135	0.123	0.087	0.139	0.110	0.087	0.139	
CV error (K=10): 0.37464
Writing output files.
