****                   ADMIXTURE Version 1.3.0                  ****
****                    Copyright 2008-2015                     ****
****           David Alexander, Suyash Shringarpure,            ****
****                John  Novembre, Ken Lange                   ****
****                                                            ****
****                 Please cite our paper!                     ****
****   Information at www.genetics.ucla.edu/software/admixture  ****

Parallel execution requested.  Will use 16 threads.
Cross-validation will be performed.  Folds=5.
Random seed: 43
Point estimation method: Block relaxation algorithm
Convergence acceleration algorithm: QuasiNewton, 3 secant conditions
Point estimation will terminate when objective function delta < 0.0001
Estimation of standard errors disabled; will compute point estimates only.
Size of G: 424x1536138
Performing five EM steps to prime main algorithm
1 (EM) 	Elapsed: 217.561	Loglikelihood: -4.71487e+08	(delta): 4.58409e+08
2 (EM) 	Elapsed: 209.537	Loglikelihood: -4.50322e+08	(delta): 2.11656e+07
3 (EM) 	Elapsed: 237.978	Loglikelihood: -4.47473e+08	(delta): 2.84904e+06
4 (EM) 	Elapsed: 257.668	Loglikelihood: -4.45986e+08	(delta): 1.48632e+06
5 (EM) 	Elapsed: 244.216	Loglikelihood: -4.44798e+08	(delta): 1.18886e+06
Initial loglikelihood: -4.44798e+08
Starting main algorithm
1 (QN/Block) 	Elapsed: 381.361	Loglikelihood: -4.14055e+08	(delta): 3.07423e+07
2 (QN/Block) 	Elapsed: 388.29	Loglikelihood: -4.01286e+08	(delta): 1.27694e+07
3 (QN/Block) 	Elapsed: 382.178	Loglikelihood: -3.95826e+08	(delta): 5.45974e+06
4 (QN/Block) 	Elapsed: 401.646	Loglikelihood: -3.92785e+08	(delta): 3.04149e+06
5 (QN/Block) 	Elapsed: 380.34	Loglikelihood: -3.90739e+08	(delta): 2.04509e+06
6 (QN/Block) 	Elapsed: 341.805	Loglikelihood: -3.89568e+08	(delta): 1.17113e+06
7 (QN/Block) 	Elapsed: 351.304	Loglikelihood: -3.88978e+08	(delta): 590622
8 (QN/Block) 	Elapsed: 350.739	Loglikelihood: -3.88786e+08	(delta): 191515
9 (QN/Block) 	Elapsed: 347.524	Loglikelihood: -3.88716e+08	(delta): 70273.9
10 (QN/Block) 	Elapsed: 360.989	Loglikelihood: -3.88697e+08	(delta): 19046
11 (QN/Block) 	Elapsed: 331.146	Loglikelihood: -3.88691e+08	(delta): 5375.91
12 (QN/Block) 	Elapsed: 328.813	Loglikelihood: -3.8869e+08	(delta): 1519.25
13 (QN/Block) 	Elapsed: 342.914	Loglikelihood: -3.8869e+08	(delta): 376.78
14 (QN/Block) 	Elapsed: 335.904	Loglikelihood: -3.88689e+08	(delta): 148.68
15 (QN/Block) 	Elapsed: 351.828	Loglikelihood: -3.88689e+08	(delta): 64.8911
16 (QN/Block) 	Elapsed: 336.504	Loglikelihood: -3.88689e+08	(delta): 32.07
17 (QN/Block) 	Elapsed: 348.357	Loglikelihood: -3.88689e+08	(delta): 12.7653
18 (QN/Block) 	Elapsed: 345.62	Loglikelihood: -3.88689e+08	(delta): 6.53742
19 (QN/Block) 	Elapsed: 420.877	Loglikelihood: -3.88689e+08	(delta): 5.1524
20 (QN/Block) 	Elapsed: 367.673	Loglikelihood: -3.88689e+08	(delta): 1.02192
21 (QN/Block) 	Elapsed: 348.49	Loglikelihood: -3.88689e+08	(delta): 0.725096
22 (QN/Block) 	Elapsed: 354.922	Loglikelihood: -3.88689e+08	(delta): 0.272717
23 (QN/Block) 	Elapsed: 355.244	Loglikelihood: -3.88689e+08	(delta): 0.0957323
24 (QN/Block) 	Elapsed: 360.229	Loglikelihood: -3.88689e+08	(delta): 0.0202234
25 (QN/Block) 	Elapsed: 481.846	Loglikelihood: -3.88689e+08	(delta): 0.00321406
26 (QN/Block) 	Elapsed: 363.622	Loglikelihood: -3.88689e+08	(delta): 0.000879347
27 (QN/Block) 	Elapsed: 342.05	Loglikelihood: -3.88689e+08	(delta): 2.62856e-05
Summary: 
Converged in 27 iterations (11023.9 sec)
Loglikelihood: -388689294.975174
Fst divergences between estimated populations: 
	Pop0	Pop1	Pop2	Pop3	Pop4	Pop5	Pop6	Pop7	Pop8	Pop9	Pop10	Pop11	Pop12	Pop13	Pop14	
Pop0	
Pop1	0.152	
Pop2	0.149	0.137	
Pop3	0.144	0.083	0.129	
Pop4	0.128	0.079	0.112	0.072	
Pop5	0.129	0.079	0.114	0.071	0.056	
Pop6	0.159	0.116	0.142	0.109	0.089	0.093	
Pop7	0.173	0.116	0.157	0.093	0.105	0.105	0.139	
Pop8	0.197	0.143	0.180	0.130	0.129	0.130	0.164	0.152	
Pop9	0.160	0.113	0.143	0.105	0.083	0.090	0.124	0.138	0.162	
Pop10	0.173	0.129	0.157	0.121	0.102	0.105	0.139	0.154	0.178	0.137	
Pop11	0.164	0.121	0.149	0.114	0.082	0.096	0.130	0.146	0.168	0.123	0.142	
Pop12	0.166	0.095	0.150	0.097	0.096	0.096	0.130	0.126	0.156	0.128	0.143	0.136	
Pop13	0.103	0.099	0.099	0.091	0.074	0.076	0.106	0.121	0.145	0.106	0.122	0.113	0.114	
Pop14	0.206	0.161	0.189	0.154	0.136	0.137	0.171	0.186	0.210	0.169	0.097	0.176	0.175	0.154	
Pop15	0.129	0.091	0.113	0.082	0.064	0.066	0.090	0.114	0.139	0.098	0.112	0.104	0.106	0.075	0.146	
CV error (K=16): 0.38149
Writing output files.
