****                   ADMIXTURE Version 1.3.0                  ****
****                    Copyright 2008-2015                     ****
****           David Alexander, Suyash Shringarpure,            ****
****                John  Novembre, Ken Lange                   ****
****                                                            ****
****                 Please cite our paper!                     ****
****   Information at www.genetics.ucla.edu/software/admixture  ****

Parallel execution requested.  Will use 16 threads.
Cross-validation will be performed.  Folds=5.
Random seed: 43
Point estimation method: Block relaxation algorithm
Convergence acceleration algorithm: QuasiNewton, 3 secant conditions
Point estimation will terminate when objective function delta < 0.0001
Estimation of standard errors disabled; will compute point estimates only.
Size of G: 424x1536138
Performing five EM steps to prime main algorithm
1 (EM) 	Elapsed: 286.319	Loglikelihood: -4.72845e+08	(delta): 4.70454e+08
2 (EM) 	Elapsed: 303.611	Loglikelihood: -4.52063e+08	(delta): 2.07829e+07
3 (EM) 	Elapsed: 298.98	Loglikelihood: -4.4884e+08	(delta): 3.22244e+06
4 (EM) 	Elapsed: 278.3	Loglikelihood: -4.47074e+08	(delta): 1.7661e+06
5 (EM) 	Elapsed: 265.704	Loglikelihood: -4.45706e+08	(delta): 1.36811e+06
Initial loglikelihood: -4.45706e+08
Starting main algorithm
1 (QN/Block) 	Elapsed: 350.85	Loglikelihood: -4.18492e+08	(delta): 2.72139e+07
2 (QN/Block) 	Elapsed: 389.894	Loglikelihood: -4.08069e+08	(delta): 1.04226e+07
3 (QN/Block) 	Elapsed: 391.338	Loglikelihood: -4.04392e+08	(delta): 3.67771e+06
4 (QN/Block) 	Elapsed: 328.746	Loglikelihood: -4.02149e+08	(delta): 2.24279e+06
5 (QN/Block) 	Elapsed: 344.454	Loglikelihood: -4.00885e+08	(delta): 1.26425e+06
6 (QN/Block) 	Elapsed: 326.911	Loglikelihood: -4.0004e+08	(delta): 845145
7 (QN/Block) 	Elapsed: 367.723	Loglikelihood: -3.99706e+08	(delta): 333485
8 (QN/Block) 	Elapsed: 338.749	Loglikelihood: -3.99491e+08	(delta): 215211
9 (QN/Block) 	Elapsed: 337.023	Loglikelihood: -3.99318e+08	(delta): 172802
10 (QN/Block) 	Elapsed: 353.566	Loglikelihood: -3.99243e+08	(delta): 75359.7
11 (QN/Block) 	Elapsed: 324.626	Loglikelihood: -3.99216e+08	(delta): 26795.6
12 (QN/Block) 	Elapsed: 340.131	Loglikelihood: -3.99202e+08	(delta): 14358
13 (QN/Block) 	Elapsed: 312.607	Loglikelihood: -3.99196e+08	(delta): 5808.27
14 (QN/Block) 	Elapsed: 374.84	Loglikelihood: -3.99194e+08	(delta): 1261.73
15 (QN/Block) 	Elapsed: 326.114	Loglikelihood: -3.99194e+08	(delta): 239.079
16 (QN/Block) 	Elapsed: 316.602	Loglikelihood: -3.99194e+08	(delta): 58.8138
17 (QN/Block) 	Elapsed: 345.994	Loglikelihood: -3.99194e+08	(delta): 22.7598
18 (QN/Block) 	Elapsed: 371.676	Loglikelihood: -3.99194e+08	(delta): 10.4863
19 (QN/Block) 	Elapsed: 332.436	Loglikelihood: -3.99194e+08	(delta): 1.79627
20 (QN/Block) 	Elapsed: 328.058	Loglikelihood: -3.99194e+08	(delta): 0.270675
21 (QN/Block) 	Elapsed: 313.769	Loglikelihood: -3.99194e+08	(delta): 0.0415768
22 (QN/Block) 	Elapsed: 306.814	Loglikelihood: -3.99194e+08	(delta): 0.00558901
23 (QN/Block) 	Elapsed: 307.296	Loglikelihood: -3.99194e+08	(delta): 0.000768483
24 (QN/Block) 	Elapsed: 285.337	Loglikelihood: -3.99194e+08	(delta): 3.08156e-05
Summary: 
Converged in 24 iterations (9574.81 sec)
Loglikelihood: -399194118.288212
Fst divergences between estimated populations: 
	Pop0	Pop1	Pop2	Pop3	Pop4	Pop5	Pop6	Pop7	Pop8	Pop9	
Pop0	
Pop1	0.114	
Pop2	0.134	0.069	
Pop3	0.100	0.064	0.083	
Pop4	0.110	0.073	0.092	0.061	
Pop5	0.124	0.075	0.092	0.074	0.085	
Pop6	0.136	0.097	0.118	0.081	0.095	0.109	
Pop7	0.155	0.120	0.138	0.108	0.110	0.132	0.142	
Pop8	0.096	0.146	0.167	0.134	0.143	0.157	0.169	0.188	
Pop9	0.153	0.117	0.136	0.106	0.111	0.129	0.140	0.133	0.186	
Pop10	0.138	0.101	0.120	0.087	0.087	0.111	0.123	0.141	0.171	0.139	
CV error (K=11): 0.37544
Writing output files.
