****                   ADMIXTURE Version 1.3.0                  ****
****                    Copyright 2008-2015                     ****
****           David Alexander, Suyash Shringarpure,            ****
****                John  Novembre, Ken Lange                   ****
****                                                            ****
****                 Please cite our paper!                     ****
****   Information at www.genetics.ucla.edu/software/admixture  ****

Parallel execution requested.  Will use 16 threads.
Cross-validation will be performed.  Folds=5.
Random seed: 43
Point estimation method: Block relaxation algorithm
Convergence acceleration algorithm: QuasiNewton, 3 secant conditions
Point estimation will terminate when objective function delta < 0.0001
Estimation of standard errors disabled; will compute point estimates only.
Size of G: 424x1536138
Performing five EM steps to prime main algorithm
1 (EM) 	Elapsed: 110.388	Loglikelihood: -4.74111e+08	(delta): 5.37186e+08
2 (EM) 	Elapsed: 92.927	Loglikelihood: -4.54688e+08	(delta): 1.94232e+07
3 (EM) 	Elapsed: 89.077	Loglikelihood: -4.5048e+08	(delta): 4.20858e+06
4 (EM) 	Elapsed: 85.386	Loglikelihood: -4.48132e+08	(delta): 2.34763e+06
5 (EM) 	Elapsed: 88.532	Loglikelihood: -4.46534e+08	(delta): 1.5978e+06
Initial loglikelihood: -4.46534e+08
Starting main algorithm
1 (QN/Block) 	Elapsed: 177.199	Loglikelihood: -4.33316e+08	(delta): 1.3218e+07
2 (QN/Block) 	Elapsed: 179.22	Loglikelihood: -4.25488e+08	(delta): 7.82856e+06
3 (QN/Block) 	Elapsed: 183.608	Loglikelihood: -4.22892e+08	(delta): 2.59597e+06
4 (QN/Block) 	Elapsed: 180.894	Loglikelihood: -4.21909e+08	(delta): 982765
5 (QN/Block) 	Elapsed: 181.832	Loglikelihood: -4.2151e+08	(delta): 398530
6 (QN/Block) 	Elapsed: 178.118	Loglikelihood: -4.21398e+08	(delta): 112234
7 (QN/Block) 	Elapsed: 176.77	Loglikelihood: -4.21361e+08	(delta): 37148
8 (QN/Block) 	Elapsed: 177.869	Loglikelihood: -4.2135e+08	(delta): 11399.1
9 (QN/Block) 	Elapsed: 177.344	Loglikelihood: -4.2134e+08	(delta): 9752.78
10 (QN/Block) 	Elapsed: 177.967	Loglikelihood: -4.21336e+08	(delta): 3653.59
11 (QN/Block) 	Elapsed: 182.493	Loglikelihood: -4.21333e+08	(delta): 2948.3
12 (QN/Block) 	Elapsed: 178.963	Loglikelihood: -4.21331e+08	(delta): 2401.22
13 (QN/Block) 	Elapsed: 177.249	Loglikelihood: -4.21328e+08	(delta): 2687.32
14 (QN/Block) 	Elapsed: 180.993	Loglikelihood: -4.21322e+08	(delta): 6388.63
15 (QN/Block) 	Elapsed: 178.032	Loglikelihood: -4.21315e+08	(delta): 7230.41
16 (QN/Block) 	Elapsed: 178.924	Loglikelihood: -4.21311e+08	(delta): 3726.15
17 (QN/Block) 	Elapsed: 183.367	Loglikelihood: -4.21303e+08	(delta): 8153.89
18 (QN/Block) 	Elapsed: 183.413	Loglikelihood: -4.21288e+08	(delta): 14331.1
19 (QN/Block) 	Elapsed: 185.795	Loglikelihood: -4.21285e+08	(delta): 3279.81
20 (QN/Block) 	Elapsed: 177.189	Loglikelihood: -4.21281e+08	(delta): 3667.16
21 (QN/Block) 	Elapsed: 177.098	Loglikelihood: -4.2128e+08	(delta): 1922.71
22 (QN/Block) 	Elapsed: 180.531	Loglikelihood: -4.21278e+08	(delta): 1673.89
23 (QN/Block) 	Elapsed: 181.684	Loglikelihood: -4.21277e+08	(delta): 701.221
24 (QN/Block) 	Elapsed: 179.614	Loglikelihood: -4.21276e+08	(delta): 637.809
25 (QN/Block) 	Elapsed: 179.897	Loglikelihood: -4.21276e+08	(delta): 564.758
26 (QN/Block) 	Elapsed: 183.663	Loglikelihood: -4.21276e+08	(delta): 136.13
27 (QN/Block) 	Elapsed: 184.013	Loglikelihood: -4.21276e+08	(delta): 76.4579
28 (QN/Block) 	Elapsed: 186.046	Loglikelihood: -4.21276e+08	(delta): 52.4781
29 (QN/Block) 	Elapsed: 183.559	Loglikelihood: -4.21276e+08	(delta): 17.7252
30 (QN/Block) 	Elapsed: 183.977	Loglikelihood: -4.21276e+08	(delta): 7.5969
31 (QN/Block) 	Elapsed: 183.755	Loglikelihood: -4.21276e+08	(delta): -1.513
32 (QN/Block) 	Elapsed: 185.647	Loglikelihood: -4.21276e+08	(delta): 8.93496
33 (QN/Block) 	Elapsed: 184.538	Loglikelihood: -4.21276e+08	(delta): 2.09851
34 (QN/Block) 	Elapsed: 183.735	Loglikelihood: -4.21276e+08	(delta): 0.0289697
35 (QN/Block) 	Elapsed: 185.821	Loglikelihood: -4.21276e+08	(delta): 0.00180393
36 (QN/Block) 	Elapsed: 183.915	Loglikelihood: -4.21276e+08	(delta): 0.00125998
37 (QN/Block) 	Elapsed: 183.226	Loglikelihood: -4.21276e+08	(delta): 0.000305772
38 (QN/Block) 	Elapsed: 184.401	Loglikelihood: -4.21276e+08	(delta): 4.5836e-05
Summary: 
Converged in 38 iterations (7377.52 sec)
Loglikelihood: -421275625.460916
Fst divergences between estimated populations: 
	Pop0	Pop1	Pop2	
Pop0	
Pop1	0.077	
Pop2	0.076	0.058	
Pop3	0.119	0.100	0.100	
CV error (K=4): 0.38332
Writing output files.
