****                   ADMIXTURE Version 1.3.0                  ****
****                    Copyright 2008-2015                     ****
****           David Alexander, Suyash Shringarpure,            ****
****                John  Novembre, Ken Lange                   ****
****                                                            ****
****                 Please cite our paper!                     ****
****   Information at www.genetics.ucla.edu/software/admixture  ****

Parallel execution requested.  Will use 16 threads.
Cross-validation will be performed.  Folds=5.
Random seed: 43
Point estimation method: Block relaxation algorithm
Convergence acceleration algorithm: QuasiNewton, 3 secant conditions
Point estimation will terminate when objective function delta < 0.0001
Estimation of standard errors disabled; will compute point estimates only.
Size of G: 424x1536138
Performing five EM steps to prime main algorithm
1 (EM) 	Elapsed: 242.98	Loglikelihood: -4.73837e+08	(delta): 4.83739e+08
2 (EM) 	Elapsed: 223.255	Loglikelihood: -4.534e+08	(delta): 2.04371e+07
3 (EM) 	Elapsed: 230.973	Loglikelihood: -4.49925e+08	(delta): 3.47557e+06
4 (EM) 	Elapsed: 246.195	Loglikelihood: -4.48007e+08	(delta): 1.91754e+06
5 (EM) 	Elapsed: 231.801	Loglikelihood: -4.46575e+08	(delta): 1.43271e+06
Initial loglikelihood: -4.46575e+08
Starting main algorithm
1 (QN/Block) 	Elapsed: 294.189	Loglikelihood: -4.24017e+08	(delta): 2.25578e+07
2 (QN/Block) 	Elapsed: 299.027	Loglikelihood: -4.1532e+08	(delta): 8.69722e+06
3 (QN/Block) 	Elapsed: 300.795	Loglikelihood: -4.12426e+08	(delta): 2.89365e+06
4 (QN/Block) 	Elapsed: 299.329	Loglikelihood: -4.09972e+08	(delta): 2.45418e+06
5 (QN/Block) 	Elapsed: 303.626	Loglikelihood: -4.08133e+08	(delta): 1.83845e+06
6 (QN/Block) 	Elapsed: 298.527	Loglikelihood: -4.06942e+08	(delta): 1.19157e+06
7 (QN/Block) 	Elapsed: 299.58	Loglikelihood: -4.06306e+08	(delta): 635720
8 (QN/Block) 	Elapsed: 301.886	Loglikelihood: -4.06029e+08	(delta): 276813
9 (QN/Block) 	Elapsed: 292.775	Loglikelihood: -4.05883e+08	(delta): 146324
10 (QN/Block) 	Elapsed: 293.731	Loglikelihood: -4.05828e+08	(delta): 55287.6
11 (QN/Block) 	Elapsed: 302.068	Loglikelihood: -4.05798e+08	(delta): 29203
12 (QN/Block) 	Elapsed: 301.011	Loglikelihood: -4.05778e+08	(delta): 20639.1
13 (QN/Block) 	Elapsed: 297.396	Loglikelihood: -4.05767e+08	(delta): 10569.6
14 (QN/Block) 	Elapsed: 295.302	Loglikelihood: -4.05764e+08	(delta): 3272.2
15 (QN/Block) 	Elapsed: 296.306	Loglikelihood: -4.05763e+08	(delta): 1362.36
16 (QN/Block) 	Elapsed: 293.404	Loglikelihood: -4.05762e+08	(delta): 310.256
17 (QN/Block) 	Elapsed: 288.516	Loglikelihood: -4.05762e+08	(delta): 89.8315
18 (QN/Block) 	Elapsed: 299.906	Loglikelihood: -4.05762e+08	(delta): 21.8256
19 (QN/Block) 	Elapsed: 304.216	Loglikelihood: -4.05762e+08	(delta): 8.05189
20 (QN/Block) 	Elapsed: 294.431	Loglikelihood: -4.05762e+08	(delta): 2.13016
21 (QN/Block) 	Elapsed: 281.36	Loglikelihood: -4.05762e+08	(delta): 0.153163
22 (QN/Block) 	Elapsed: 289.031	Loglikelihood: -4.05762e+08	(delta): 0.0563852
23 (QN/Block) 	Elapsed: 292.73	Loglikelihood: -4.05762e+08	(delta): 0.000989556
24 (QN/Block) 	Elapsed: 303.311	Loglikelihood: -4.05762e+08	(delta): 0.000177443
25 (QN/Block) 	Elapsed: 300.801	Loglikelihood: -4.05762e+08	(delta): 2.14577e-06
Summary: 
Converged in 25 iterations (8622.67 sec)
Loglikelihood: -405762083.296264
Fst divergences between estimated populations: 
	Pop0	Pop1	Pop2	Pop3	Pop4	Pop5	Pop6	
Pop0	
Pop1	0.110	
Pop2	0.103	0.056	
Pop3	0.125	0.069	0.072	
Pop4	0.137	0.093	0.079	0.107	
Pop5	0.147	0.106	0.095	0.118	0.133	
Pop6	0.119	0.077	0.070	0.091	0.104	0.115	
Pop7	0.131	0.115	0.106	0.130	0.142	0.152	0.120	
CV error (K=8): 0.37375
Writing output files.
