****                   ADMIXTURE Version 1.3.0                  ****
****                    Copyright 2008-2015                     ****
****           David Alexander, Suyash Shringarpure,            ****
****                John  Novembre, Ken Lange                   ****
****                                                            ****
****                 Please cite our paper!                     ****
****   Information at www.genetics.ucla.edu/software/admixture  ****

Parallel execution requested.  Will use 16 threads.
Cross-validation will be performed.  Folds=5.
Random seed: 43
Point estimation method: Block relaxation algorithm
Convergence acceleration algorithm: QuasiNewton, 3 secant conditions
Point estimation will terminate when objective function delta < 0.0001
Estimation of standard errors disabled; will compute point estimates only.
Size of G: 424x1536138
Performing five EM steps to prime main algorithm
1 (EM) 	Elapsed: 241.366	Loglikelihood: -4.7129e+08	(delta): 4.57035e+08
2 (EM) 	Elapsed: 249.471	Loglikelihood: -4.50061e+08	(delta): 2.12292e+07
3 (EM) 	Elapsed: 302.433	Loglikelihood: -4.47254e+08	(delta): 2.80689e+06
4 (EM) 	Elapsed: 364.976	Loglikelihood: -4.45799e+08	(delta): 1.45493e+06
5 (EM) 	Elapsed: 340.157	Loglikelihood: -4.4463e+08	(delta): 1.16838e+06
Initial loglikelihood: -4.4463e+08
Starting main algorithm
1 (QN/Block) 	Elapsed: 508.036	Loglikelihood: -4.14301e+08	(delta): 3.03293e+07
2 (QN/Block) 	Elapsed: 474.163	Loglikelihood: -4.01412e+08	(delta): 1.28891e+07
3 (QN/Block) 	Elapsed: 413.154	Loglikelihood: -3.9548e+08	(delta): 5.93159e+06
4 (QN/Block) 	Elapsed: 408.377	Loglikelihood: -3.92239e+08	(delta): 3.24165e+06
5 (QN/Block) 	Elapsed: 398.874	Loglikelihood: -3.90575e+08	(delta): 1.66429e+06
6 (QN/Block) 	Elapsed: 398.003	Loglikelihood: -3.89388e+08	(delta): 1.18683e+06
7 (QN/Block) 	Elapsed: 371.391	Loglikelihood: -3.88719e+08	(delta): 668249
8 (QN/Block) 	Elapsed: 365.32	Loglikelihood: -3.8842e+08	(delta): 299327
9 (QN/Block) 	Elapsed: 374.103	Loglikelihood: -3.88283e+08	(delta): 136656
10 (QN/Block) 	Elapsed: 383.096	Loglikelihood: -3.8821e+08	(delta): 73554.7
11 (QN/Block) 	Elapsed: 376.317	Loglikelihood: -3.88173e+08	(delta): 36586.8
12 (QN/Block) 	Elapsed: 374.14	Loglikelihood: -3.88155e+08	(delta): 18282.5
13 (QN/Block) 	Elapsed: 375.366	Loglikelihood: -3.88145e+08	(delta): 10123.7
14 (QN/Block) 	Elapsed: 368.074	Loglikelihood: -3.88136e+08	(delta): 8645.76
15 (QN/Block) 	Elapsed: 364.357	Loglikelihood: -3.88135e+08	(delta): 1660.58
16 (QN/Block) 	Elapsed: 357.667	Loglikelihood: -3.88134e+08	(delta): 274.716
17 (QN/Block) 	Elapsed: 374.012	Loglikelihood: -3.88134e+08	(delta): 148.464
18 (QN/Block) 	Elapsed: 385.714	Loglikelihood: -3.88134e+08	(delta): 55.4084
19 (QN/Block) 	Elapsed: 388.463	Loglikelihood: -3.88134e+08	(delta): 25.7591
20 (QN/Block) 	Elapsed: 406.425	Loglikelihood: -3.88134e+08	(delta): 14.3199
21 (QN/Block) 	Elapsed: 405.548	Loglikelihood: -3.88134e+08	(delta): 12.3881
22 (QN/Block) 	Elapsed: 376.446	Loglikelihood: -3.88134e+08	(delta): 52.0166
23 (QN/Block) 	Elapsed: 362.299	Loglikelihood: -3.88134e+08	(delta): 11.6679
24 (QN/Block) 	Elapsed: 368.999	Loglikelihood: -3.88134e+08	(delta): 11.9223
25 (QN/Block) 	Elapsed: 392.215	Loglikelihood: -3.88134e+08	(delta): 12.886
26 (QN/Block) 	Elapsed: 374.046	Loglikelihood: -3.88134e+08	(delta): 14.1474
27 (QN/Block) 	Elapsed: 384.153	Loglikelihood: -3.88134e+08	(delta): 15.6022
28 (QN/Block) 	Elapsed: 374.95	Loglikelihood: -3.88134e+08	(delta): 17.2019
29 (QN/Block) 	Elapsed: 376.856	Loglikelihood: -3.88134e+08	(delta): 18.9513
30 (QN/Block) 	Elapsed: 373.254	Loglikelihood: -3.88134e+08	(delta): 20.8733
31 (QN/Block) 	Elapsed: 369.838	Loglikelihood: -3.88134e+08	(delta): 22.9743
32 (QN/Block) 	Elapsed: 393.175	Loglikelihood: -3.88134e+08	(delta): 25.2873
33 (QN/Block) 	Elapsed: 368.332	Loglikelihood: -3.88134e+08	(delta): 27.8222
34 (QN/Block) 	Elapsed: 377.294	Loglikelihood: -3.88134e+08	(delta): 30.6228
35 (QN/Block) 	Elapsed: 360.731	Loglikelihood: -3.88134e+08	(delta): 33.7228
36 (QN/Block) 	Elapsed: 366.926	Loglikelihood: -3.88134e+08	(delta): 37.1408
37 (QN/Block) 	Elapsed: 455.356	Loglikelihood: -3.88134e+08	(delta): 43.9085
38 (QN/Block) 	Elapsed: 511.985	Loglikelihood: -3.88134e+08	(delta): 46.1601
39 (QN/Block) 	Elapsed: 355.129	Loglikelihood: -3.88134e+08	(delta): 20.9616
40 (QN/Block) 	Elapsed: 354.7	Loglikelihood: -3.88134e+08	(delta): 21.9275
41 (QN/Block) 	Elapsed: 330.625	Loglikelihood: -3.88134e+08	(delta): 19.7901
42 (QN/Block) 	Elapsed: 342.764	Loglikelihood: -3.88134e+08	(delta): 11.4091
43 (QN/Block) 	Elapsed: 343.201	Loglikelihood: -3.88134e+08	(delta): 10.2136
44 (QN/Block) 	Elapsed: 335.701	Loglikelihood: -3.88134e+08	(delta): 9.02213
45 (QN/Block) 	Elapsed: 335.74	Loglikelihood: -3.88134e+08	(delta): 2.75123
46 (QN/Block) 	Elapsed: 337.619	Loglikelihood: -3.88134e+08	(delta): 1.26284
47 (QN/Block) 	Elapsed: 326.278	Loglikelihood: -3.88134e+08	(delta): 0.590822
48 (QN/Block) 	Elapsed: 332.21	Loglikelihood: -3.88134e+08	(delta): 0.191272
49 (QN/Block) 	Elapsed: 365.723	Loglikelihood: -3.88134e+08	(delta): 0.116222
50 (QN/Block) 	Elapsed: 375.31	Loglikelihood: -3.88134e+08	(delta): 0.0426133
51 (QN/Block) 	Elapsed: 369.541	Loglikelihood: -3.88134e+08	(delta): 0.0138852
52 (QN/Block) 	Elapsed: 327.962	Loglikelihood: -3.88134e+08	(delta): 0.00716877
53 (QN/Block) 	Elapsed: 331.52	Loglikelihood: -3.88134e+08	(delta): 0.00263149
54 (QN/Block) 	Elapsed: 328.79	Loglikelihood: -3.88134e+08	(delta): 0.00129348
55 (QN/Block) 	Elapsed: 328.69	Loglikelihood: -3.88134e+08	(delta): 0.000517368
56 (QN/Block) 	Elapsed: 328.914	Loglikelihood: -3.88134e+08	(delta): 0.000108898
57 (QN/Block) 	Elapsed: 326.406	Loglikelihood: -3.88134e+08	(delta): 2.61068e-05
Summary: 
Converged in 57 iterations (22941.6 sec)
Loglikelihood: -388133533.711597
Fst divergences between estimated populations: 
	Pop0	Pop1	Pop2	Pop3	Pop4	Pop5	Pop6	Pop7	Pop8	Pop9	Pop10	Pop11	Pop12	Pop13	Pop14	Pop15	
Pop0	
Pop1	0.164	
Pop2	0.178	0.188	
Pop3	0.112	0.116	0.130	
Pop4	0.134	0.146	0.160	0.088	
Pop5	0.154	0.165	0.152	0.105	0.135	
Pop6	0.140	0.148	0.162	0.090	0.119	0.138	
Pop7	0.146	0.153	0.168	0.096	0.125	0.146	0.123	
Pop8	0.133	0.167	0.179	0.113	0.135	0.156	0.142	0.148	
Pop9	0.189	0.124	0.214	0.141	0.171	0.190	0.173	0.180	0.191	
Pop10	0.185	0.120	0.211	0.138	0.167	0.187	0.170	0.176	0.186	0.125	
Pop11	0.133	0.140	0.143	0.079	0.111	0.116	0.113	0.121	0.136	0.165	0.162	
Pop12	0.125	0.133	0.130	0.071	0.104	0.093	0.105	0.114	0.127	0.158	0.155	0.083	
Pop13	0.147	0.154	0.156	0.096	0.125	0.126	0.128	0.136	0.149	0.179	0.176	0.095	0.097	
Pop14	0.114	0.124	0.139	0.067	0.078	0.115	0.098	0.105	0.113	0.150	0.146	0.091	0.082	0.106	
Pop15	0.161	0.172	0.185	0.114	0.109	0.160	0.145	0.151	0.162	0.196	0.191	0.138	0.131	0.151	0.110	
Pop16	0.109	0.114	0.129	0.056	0.085	0.105	0.083	0.082	0.111	0.140	0.137	0.079	0.072	0.096	0.064	0.111	
CV error (K=17): 0.38313
Writing output files.
