****                   ADMIXTURE Version 1.3.0                  ****
****                    Copyright 2008-2015                     ****
****           David Alexander, Suyash Shringarpure,            ****
****                John  Novembre, Ken Lange                   ****
****                                                            ****
****                 Please cite our paper!                     ****
****   Information at www.genetics.ucla.edu/software/admixture  ****

Parallel execution requested.  Will use 16 threads.
Cross-validation will be performed.  Folds=5.
Random seed: 43
Point estimation method: Block relaxation algorithm
Convergence acceleration algorithm: QuasiNewton, 3 secant conditions
Point estimation will terminate when objective function delta < 0.0001
Estimation of standard errors disabled; will compute point estimates only.
Size of G: 424x1536138
Performing five EM steps to prime main algorithm
1 (EM) 	Elapsed: 287.438	Loglikelihood: -4.70978e+08	(delta): 4.54871e+08
2 (EM) 	Elapsed: 285.547	Loglikelihood: -4.4963e+08	(delta): 2.13479e+07
3 (EM) 	Elapsed: 282.863	Loglikelihood: -4.46882e+08	(delta): 2.74782e+06
4 (EM) 	Elapsed: 288.226	Loglikelihood: -4.45468e+08	(delta): 1.41412e+06
5 (EM) 	Elapsed: 291.916	Loglikelihood: -4.4432e+08	(delta): 1.14777e+06
Initial loglikelihood: -4.4432e+08
Starting main algorithm
1 (QN/Block) 	Elapsed: 387.391	Loglikelihood: -4.11586e+08	(delta): 3.27341e+07
2 (QN/Block) 	Elapsed: 373.296	Loglikelihood: -4.0009e+08	(delta): 1.14966e+07
3 (QN/Block) 	Elapsed: 400.696	Loglikelihood: -3.95323e+08	(delta): 4.76635e+06
4 (QN/Block) 	Elapsed: 383.136	Loglikelihood: -3.92089e+08	(delta): 3.23472e+06
5 (QN/Block) 	Elapsed: 390.57	Loglikelihood: -3.89258e+08	(delta): 2.83029e+06
6 (QN/Block) 	Elapsed: 372.273	Loglikelihood: -3.8713e+08	(delta): 2.12795e+06
7 (QN/Block) 	Elapsed: 369.923	Loglikelihood: -3.85898e+08	(delta): 1.23298e+06
8 (QN/Block) 	Elapsed: 381.64	Loglikelihood: -3.8538e+08	(delta): 517466
9 (QN/Block) 	Elapsed: 384.581	Loglikelihood: -3.85098e+08	(delta): 281567
10 (QN/Block) 	Elapsed: 391.213	Loglikelihood: -3.8498e+08	(delta): 118719
11 (QN/Block) 	Elapsed: 382.749	Loglikelihood: -3.84927e+08	(delta): 52903.9
12 (QN/Block) 	Elapsed: 367.28	Loglikelihood: -3.84902e+08	(delta): 24517.6
13 (QN/Block) 	Elapsed: 395.605	Loglikelihood: -3.84893e+08	(delta): 8853.33
14 (QN/Block) 	Elapsed: 396.932	Loglikelihood: -3.84889e+08	(delta): 4365.2
15 (QN/Block) 	Elapsed: 375.052	Loglikelihood: -3.84888e+08	(delta): 1446.76
16 (QN/Block) 	Elapsed: 383.957	Loglikelihood: -3.84887e+08	(delta): 447.956
17 (QN/Block) 	Elapsed: 372.068	Loglikelihood: -3.84887e+08	(delta): 515.554
18 (QN/Block) 	Elapsed: 371.855	Loglikelihood: -3.84887e+08	(delta): 103.272
19 (QN/Block) 	Elapsed: 370.844	Loglikelihood: -3.84887e+08	(delta): 111.42
20 (QN/Block) 	Elapsed: 379.506	Loglikelihood: -3.84886e+08	(delta): 66.72
21 (QN/Block) 	Elapsed: 365.654	Loglikelihood: -3.84886e+08	(delta): 41.5994
22 (QN/Block) 	Elapsed: 366.329	Loglikelihood: -3.84886e+08	(delta): 45.8739
23 (QN/Block) 	Elapsed: 394.541	Loglikelihood: -3.84886e+08	(delta): 33.1735
24 (QN/Block) 	Elapsed: 378.616	Loglikelihood: -3.84886e+08	(delta): 116.231
25 (QN/Block) 	Elapsed: 367.761	Loglikelihood: -3.84886e+08	(delta): 41.3692
26 (QN/Block) 	Elapsed: 377.893	Loglikelihood: -3.84886e+08	(delta): 23.0676
27 (QN/Block) 	Elapsed: 370.049	Loglikelihood: -3.84886e+08	(delta): 4.52015
28 (QN/Block) 	Elapsed: 373.378	Loglikelihood: -3.84886e+08	(delta): 1.54037
29 (QN/Block) 	Elapsed: 377.316	Loglikelihood: -3.84886e+08	(delta): 0.581419
30 (QN/Block) 	Elapsed: 364.372	Loglikelihood: -3.84886e+08	(delta): 0.352075
31 (QN/Block) 	Elapsed: 361.82	Loglikelihood: -3.84886e+08	(delta): 0.108598
32 (QN/Block) 	Elapsed: 374.634	Loglikelihood: -3.84886e+08	(delta): 0.0573464
33 (QN/Block) 	Elapsed: 366.728	Loglikelihood: -3.84886e+08	(delta): 0.0111674
34 (QN/Block) 	Elapsed: 370.843	Loglikelihood: -3.84886e+08	(delta): 0.0049457
35 (QN/Block) 	Elapsed: 373.187	Loglikelihood: -3.84886e+08	(delta): 0.00105882
36 (QN/Block) 	Elapsed: 379.263	Loglikelihood: -3.84886e+08	(delta): 0.000682533
37 (QN/Block) 	Elapsed: 372.768	Loglikelihood: -3.84886e+08	(delta): 0.000143409
38 (QN/Block) 	Elapsed: 370.873	Loglikelihood: -3.84886e+08	(delta): 6.86646e-05
Summary: 
Converged in 38 iterations (15845.8 sec)
Loglikelihood: -384886125.712973
Fst divergences between estimated populations: 
	Pop0	Pop1	Pop2	Pop3	Pop4	Pop5	Pop6	Pop7	Pop8	Pop9	Pop10	Pop11	Pop12	Pop13	Pop14	Pop15	Pop16	Pop17	
Pop0	
Pop1	0.114	
Pop2	0.129	0.149	
Pop3	0.150	0.200	0.217	
Pop4	0.076	0.099	0.103	0.165	
Pop5	0.096	0.149	0.164	0.188	0.113	
Pop6	0.116	0.168	0.183	0.208	0.133	0.153	
Pop7	0.093	0.142	0.159	0.184	0.106	0.130	0.151	
Pop8	0.106	0.159	0.174	0.197	0.121	0.138	0.164	0.139	
Pop9	0.108	0.160	0.175	0.168	0.124	0.148	0.168	0.142	0.157	
Pop10	0.066	0.113	0.129	0.159	0.075	0.104	0.124	0.090	0.114	0.117	
Pop11	0.079	0.137	0.152	0.163	0.099	0.121	0.141	0.116	0.129	0.118	0.091	
Pop12	0.078	0.135	0.150	0.142	0.097	0.120	0.139	0.115	0.127	0.097	0.089	0.089	
Pop13	0.069	0.125	0.141	0.122	0.088	0.111	0.130	0.106	0.117	0.090	0.080	0.081	0.064	
Pop14	0.097	0.152	0.167	0.172	0.115	0.137	0.156	0.131	0.145	0.128	0.107	0.096	0.102	0.092	
Pop15	0.138	0.187	0.204	0.231	0.153	0.176	0.120	0.171	0.186	0.189	0.146	0.162	0.161	0.153	0.178	
Pop16	0.056	0.112	0.128	0.149	0.074	0.082	0.114	0.089	0.100	0.108	0.064	0.080	0.079	0.069	0.097	0.137	
Pop17	0.113	0.163	0.181	0.204	0.127	0.146	0.169	0.146	0.089	0.162	0.119	0.135	0.133	0.123	0.151	0.191	0.104	
Pop18	0.141	0.192	0.209	0.234	0.157	0.180	0.124	0.175	0.188	0.192	0.150	0.165	0.164	0.156	0.180	0.125	0.140	0.194	
CV error (K=19): 0.38713
Writing output files.
