****                   ADMIXTURE Version 1.3.0                  ****
****                    Copyright 2008-2015                     ****
****           David Alexander, Suyash Shringarpure,            ****
****                John  Novembre, Ken Lange                   ****
****                                                            ****
****                 Please cite our paper!                     ****
****   Information at www.genetics.ucla.edu/software/admixture  ****

Parallel execution requested.  Will use 16 threads.
Cross-validation will be performed.  Folds=5.
Random seed: 43
Point estimation method: Block relaxation algorithm
Convergence acceleration algorithm: QuasiNewton, 3 secant conditions
Point estimation will terminate when objective function delta < 0.0001
Estimation of standard errors disabled; will compute point estimates only.
Size of G: 424x1536138
Performing five EM steps to prime main algorithm
1 (EM) 	Elapsed: 181.76	Loglikelihood: -4.72579e+08	(delta): 4.6692e+08
2 (EM) 	Elapsed: 175.584	Loglikelihood: -4.51729e+08	(delta): 2.08491e+07
3 (EM) 	Elapsed: 165.194	Loglikelihood: -4.48635e+08	(delta): 3.09439e+06
4 (EM) 	Elapsed: 163.782	Loglikelihood: -4.46973e+08	(delta): 1.6622e+06
5 (EM) 	Elapsed: 160.997	Loglikelihood: -4.45683e+08	(delta): 1.29013e+06
Initial loglikelihood: -4.45683e+08
Starting main algorithm
1 (QN/Block) 	Elapsed: 294.293	Loglikelihood: -4.17938e+08	(delta): 2.77443e+07
2 (QN/Block) 	Elapsed: 292.155	Loglikelihood: -4.06386e+08	(delta): 1.15526e+07
3 (QN/Block) 	Elapsed: 321.289	Loglikelihood: -4.01701e+08	(delta): 4.68444e+06
4 (QN/Block) 	Elapsed: 276.344	Loglikelihood: -3.99247e+08	(delta): 2.45399e+06
5 (QN/Block) 	Elapsed: 307.555	Loglikelihood: -3.98375e+08	(delta): 872787
6 (QN/Block) 	Elapsed: 307.567	Loglikelihood: -3.97968e+08	(delta): 406378
7 (QN/Block) 	Elapsed: 289.96	Loglikelihood: -3.97824e+08	(delta): 143881
8 (QN/Block) 	Elapsed: 301.687	Loglikelihood: -3.97723e+08	(delta): 100946
9 (QN/Block) 	Elapsed: 298.12	Loglikelihood: -3.97629e+08	(delta): 94522.3
10 (QN/Block) 	Elapsed: 283.761	Loglikelihood: -3.97562e+08	(delta): 66806
11 (QN/Block) 	Elapsed: 288.25	Loglikelihood: -3.97509e+08	(delta): 53093
12 (QN/Block) 	Elapsed: 288.722	Loglikelihood: -3.97449e+08	(delta): 59661.5
13 (QN/Block) 	Elapsed: 294.584	Loglikelihood: -3.97399e+08	(delta): 50859.1
14 (QN/Block) 	Elapsed: 300.162	Loglikelihood: -3.97352e+08	(delta): 46066.8
15 (QN/Block) 	Elapsed: 294.416	Loglikelihood: -3.97316e+08	(delta): 36151.7
16 (QN/Block) 	Elapsed: 307.17	Loglikelihood: -3.97293e+08	(delta): 23155.2
17 (QN/Block) 	Elapsed: 299.243	Loglikelihood: -3.97274e+08	(delta): 19585.1
18 (QN/Block) 	Elapsed: 294.034	Loglikelihood: -3.97209e+08	(delta): 64416.1
19 (QN/Block) 	Elapsed: 298.896	Loglikelihood: -3.97114e+08	(delta): 94832.3
20 (QN/Block) 	Elapsed: 271.043	Loglikelihood: -3.96994e+08	(delta): 119985
21 (QN/Block) 	Elapsed: 297.167	Loglikelihood: -3.96885e+08	(delta): 108967
22 (QN/Block) 	Elapsed: 302.793	Loglikelihood: -3.96783e+08	(delta): 102086
23 (QN/Block) 	Elapsed: 272.828	Loglikelihood: -3.96729e+08	(delta): 54277.5
24 (QN/Block) 	Elapsed: 301.146	Loglikelihood: -3.96704e+08	(delta): 25000.6
25 (QN/Block) 	Elapsed: 306.809	Loglikelihood: -3.96696e+08	(delta): 7754.03
26 (QN/Block) 	Elapsed: 282.255	Loglikelihood: -3.96693e+08	(delta): 2905.54
27 (QN/Block) 	Elapsed: 300.725	Loglikelihood: -3.96693e+08	(delta): 723.488
28 (QN/Block) 	Elapsed: 292.11	Loglikelihood: -3.96692e+08	(delta): 240.456
29 (QN/Block) 	Elapsed: 294.469	Loglikelihood: -3.96692e+08	(delta): 125.45
30 (QN/Block) 	Elapsed: 300.122	Loglikelihood: -3.96692e+08	(delta): 59.1874
31 (QN/Block) 	Elapsed: 322.816	Loglikelihood: -3.96692e+08	(delta): 33.3803
32 (QN/Block) 	Elapsed: 326.179	Loglikelihood: -3.96692e+08	(delta): 13.5962
33 (QN/Block) 	Elapsed: 286.867	Loglikelihood: -3.96692e+08	(delta): 6.20967
34 (QN/Block) 	Elapsed: 290.622	Loglikelihood: -3.96692e+08	(delta): 2.61294
35 (QN/Block) 	Elapsed: 282.259	Loglikelihood: -3.96692e+08	(delta): 2.32557
36 (QN/Block) 	Elapsed: 313.539	Loglikelihood: -3.96692e+08	(delta): 0.145904
37 (QN/Block) 	Elapsed: 298.928	Loglikelihood: -3.96692e+08	(delta): 0.0173863
38 (QN/Block) 	Elapsed: 289.521	Loglikelihood: -3.96692e+08	(delta): 0.00119466
39 (QN/Block) 	Elapsed: 273.011	Loglikelihood: -3.96692e+08	(delta): 0.000415862
40 (QN/Block) 	Elapsed: 300.093	Loglikelihood: -3.96692e+08	(delta): 2.81334e-05
Summary: 
Converged in 40 iterations (12752.7 sec)
Loglikelihood: -396692114.038745
Fst divergences between estimated populations: 
	Pop0	Pop1	Pop2	Pop3	Pop4	Pop5	Pop6	Pop7	Pop8	Pop9	Pop10	
Pop0	
Pop1	0.066	
Pop2	0.098	0.090	
Pop3	0.072	0.061	0.095	
Pop4	0.112	0.112	0.142	0.118	
Pop5	0.112	0.104	0.137	0.112	0.156	
Pop6	0.113	0.112	0.140	0.116	0.133	0.153	
Pop7	0.146	0.137	0.169	0.145	0.188	0.097	0.186	
Pop8	0.062	0.054	0.082	0.061	0.109	0.102	0.107	0.135	
Pop9	0.086	0.075	0.109	0.071	0.132	0.124	0.129	0.157	0.075	
Pop10	0.090	0.092	0.123	0.099	0.141	0.139	0.139	0.171	0.088	0.111	
Pop11	0.114	0.105	0.138	0.085	0.156	0.154	0.154	0.186	0.105	0.112	0.139	
CV error (K=12): 0.37619
Writing output files.
