****                   ADMIXTURE Version 1.3.0                  ****
****                    Copyright 2008-2015                     ****
****           David Alexander, Suyash Shringarpure,            ****
****                John  Novembre, Ken Lange                   ****
****                                                            ****
****                 Please cite our paper!                     ****
****   Information at www.genetics.ucla.edu/software/admixture  ****

Parallel execution requested.  Will use 16 threads.
Cross-validation will be performed.  Folds=5.
Random seed: 43
Point estimation method: Block relaxation algorithm
Convergence acceleration algorithm: QuasiNewton, 3 secant conditions
Point estimation will terminate when objective function delta < 0.0001
Estimation of standard errors disabled; will compute point estimates only.
Size of G: 424x1536138
Performing five EM steps to prime main algorithm
1 (EM) 	Elapsed: 201.292	Loglikelihood: -4.7203e+08	(delta): 4.62318e+08
2 (EM) 	Elapsed: 248.815	Loglikelihood: -4.51022e+08	(delta): 2.10078e+07
3 (EM) 	Elapsed: 260.075	Loglikelihood: -4.48057e+08	(delta): 2.96444e+06
4 (EM) 	Elapsed: 222.756	Loglikelihood: -4.46484e+08	(delta): 1.57392e+06
5 (EM) 	Elapsed: 179.922	Loglikelihood: -4.45242e+08	(delta): 1.24188e+06
Initial loglikelihood: -4.45242e+08
Starting main algorithm
1 (QN/Block) 	Elapsed: 298.477	Loglikelihood: -4.17926e+08	(delta): 2.7316e+07
2 (QN/Block) 	Elapsed: 421.405	Loglikelihood: -4.06967e+08	(delta): 1.09587e+07
3 (QN/Block) 	Elapsed: 468.042	Loglikelihood: -4.02197e+08	(delta): 4.77043e+06
4 (QN/Block) 	Elapsed: 472.524	Loglikelihood: -3.98866e+08	(delta): 3.33017e+06
5 (QN/Block) 	Elapsed: 421.222	Loglikelihood: -3.9673e+08	(delta): 2.13637e+06
6 (QN/Block) 	Elapsed: 467.838	Loglikelihood: -3.9497e+08	(delta): 1.76026e+06
7 (QN/Block) 	Elapsed: 482.219	Loglikelihood: -3.93784e+08	(delta): 1.18529e+06
8 (QN/Block) 	Elapsed: 512.88	Loglikelihood: -3.93302e+08	(delta): 482371
9 (QN/Block) 	Elapsed: 478.688	Loglikelihood: -3.93068e+08	(delta): 234262
10 (QN/Block) 	Elapsed: 474.999	Loglikelihood: -3.9298e+08	(delta): 87691.9
11 (QN/Block) 	Elapsed: 476.894	Loglikelihood: -3.92916e+08	(delta): 64297.1
12 (QN/Block) 	Elapsed: 483.077	Loglikelihood: -3.92874e+08	(delta): 41558.4
13 (QN/Block) 	Elapsed: 481.522	Loglikelihood: -3.92836e+08	(delta): 37801.1
14 (QN/Block) 	Elapsed: 478.07	Loglikelihood: -3.92814e+08	(delta): 22404.1
15 (QN/Block) 	Elapsed: 498.974	Loglikelihood: -3.92799e+08	(delta): 14800.1
16 (QN/Block) 	Elapsed: 494.755	Loglikelihood: -3.92791e+08	(delta): 7806.15
17 (QN/Block) 	Elapsed: 493.082	Loglikelihood: -3.92786e+08	(delta): 5014.38
18 (QN/Block) 	Elapsed: 485.468	Loglikelihood: -3.92783e+08	(delta): 3965.27
19 (QN/Block) 	Elapsed: 480.711	Loglikelihood: -3.92781e+08	(delta): 1830.93
20 (QN/Block) 	Elapsed: 483.518	Loglikelihood: -3.9278e+08	(delta): 509.744
21 (QN/Block) 	Elapsed: 481.772	Loglikelihood: -3.9278e+08	(delta): 151.177
22 (QN/Block) 	Elapsed: 502.674	Loglikelihood: -3.9278e+08	(delta): 54.0312
23 (QN/Block) 	Elapsed: 488.994	Loglikelihood: -3.9278e+08	(delta): 27.9929
24 (QN/Block) 	Elapsed: 479.447	Loglikelihood: -3.9278e+08	(delta): 14.3535
25 (QN/Block) 	Elapsed: 507.67	Loglikelihood: -3.9278e+08	(delta): 1.47741
26 (QN/Block) 	Elapsed: 495.889	Loglikelihood: -3.9278e+08	(delta): 0.470632
27 (QN/Block) 	Elapsed: 491.518	Loglikelihood: -3.9278e+08	(delta): 0.0945644
28 (QN/Block) 	Elapsed: 478.831	Loglikelihood: -3.9278e+08	(delta): 0.0176715
29 (QN/Block) 	Elapsed: 441.303	Loglikelihood: -3.9278e+08	(delta): 0.00244004
30 (QN/Block) 	Elapsed: 302.811	Loglikelihood: -3.9278e+08	(delta): 0.000437975
31 (QN/Block) 	Elapsed: 289.574	Loglikelihood: -3.9278e+08	(delta): 5.82337e-05
Summary: 
Converged in 31 iterations (15472.4 sec)
Loglikelihood: -392779915.712120
Fst divergences between estimated populations: 
	Pop0	Pop1	Pop2	Pop3	Pop4	Pop5	Pop6	Pop7	Pop8	Pop9	Pop10	Pop11	Pop12	
Pop0	
Pop1	0.139	
Pop2	0.129	0.143	
Pop3	0.171	0.097	0.175	
Pop4	0.088	0.102	0.095	0.136	
Pop5	0.141	0.156	0.149	0.188	0.109	
Pop6	0.164	0.178	0.156	0.210	0.128	0.179	
Pop7	0.139	0.154	0.126	0.186	0.105	0.156	0.152	
Pop8	0.092	0.104	0.096	0.137	0.054	0.113	0.130	0.105	
Pop9	0.116	0.129	0.095	0.161	0.079	0.136	0.143	0.116	0.079	
Pop10	0.109	0.121	0.097	0.154	0.072	0.127	0.130	0.093	0.071	0.083	
Pop11	0.139	0.153	0.147	0.186	0.107	0.133	0.178	0.154	0.112	0.133	0.125	
Pop12	0.123	0.137	0.128	0.169	0.083	0.142	0.162	0.138	0.090	0.113	0.105	0.140	
Pop13	0.090	0.112	0.105	0.146	0.062	0.112	0.139	0.114	0.066	0.090	0.082	0.113	0.098	
CV error (K=14): 0.37790
Writing output files.
