****                   ADMIXTURE Version 1.3.0                  ****
****                    Copyright 2008-2015                     ****
****           David Alexander, Suyash Shringarpure,            ****
****                John  Novembre, Ken Lange                   ****
****                                                            ****
****                 Please cite our paper!                     ****
****   Information at www.genetics.ucla.edu/software/admixture  ****

Parallel execution requested.  Will use 16 threads.
Cross-validation will be performed.  Folds=5.
Random seed: 43
Point estimation method: Block relaxation algorithm
Convergence acceleration algorithm: QuasiNewton, 3 secant conditions
Point estimation will terminate when objective function delta < 0.0001
Estimation of standard errors disabled; will compute point estimates only.
Size of G: 424x1536138
Performing five EM steps to prime main algorithm
1 (EM) 	Elapsed: 41.525	Loglikelihood: -4.72007e+08	(delta): 5.76398e+08
2 (EM) 	Elapsed: 40.913	Loglikelihood: -4.53647e+08	(delta): 1.83602e+07
3 (EM) 	Elapsed: 39.695	Loglikelihood: -4.49326e+08	(delta): 4.32068e+06
4 (EM) 	Elapsed: 38.605	Loglikelihood: -4.46973e+08	(delta): 2.353e+06
5 (EM) 	Elapsed: 39.237	Loglikelihood: -4.45496e+08	(delta): 1.47758e+06
Initial loglikelihood: -4.45496e+08
Starting main algorithm
1 (QN/Block) 	Elapsed: 141.515	Loglikelihood: -4.37029e+08	(delta): 8.46642e+06
2 (QN/Block) 	Elapsed: 144.478	Loglikelihood: -4.33523e+08	(delta): 3.50636e+06
3 (QN/Block) 	Elapsed: 133.271	Loglikelihood: -4.31689e+08	(delta): 1.83358e+06
4 (QN/Block) 	Elapsed: 131.647	Loglikelihood: -4.29615e+08	(delta): 2.07439e+06
5 (QN/Block) 	Elapsed: 133.765	Loglikelihood: -4.28377e+08	(delta): 1.23768e+06
6 (QN/Block) 	Elapsed: 134.385	Loglikelihood: -4.2799e+08	(delta): 386764
7 (QN/Block) 	Elapsed: 135.62	Loglikelihood: -4.27796e+08	(delta): 193882
8 (QN/Block) 	Elapsed: 135.147	Loglikelihood: -4.2764e+08	(delta): 156663
9 (QN/Block) 	Elapsed: 135.934	Loglikelihood: -4.27566e+08	(delta): 73427.8
10 (QN/Block) 	Elapsed: 131.476	Loglikelihood: -4.27547e+08	(delta): 19014
11 (QN/Block) 	Elapsed: 129.62	Loglikelihood: -4.27538e+08	(delta): 9767.35
12 (QN/Block) 	Elapsed: 129.349	Loglikelihood: -4.27533e+08	(delta): 4575.6
13 (QN/Block) 	Elapsed: 130.353	Loglikelihood: -4.27529e+08	(delta): 4541.3
14 (QN/Block) 	Elapsed: 130.56	Loglikelihood: -4.27518e+08	(delta): 10156.1
15 (QN/Block) 	Elapsed: 131.669	Loglikelihood: -4.27504e+08	(delta): 14484.6
16 (QN/Block) 	Elapsed: 130.068	Loglikelihood: -4.27495e+08	(delta): 8922.2
17 (QN/Block) 	Elapsed: 130.331	Loglikelihood: -4.2749e+08	(delta): 4916.31
18 (QN/Block) 	Elapsed: 134.622	Loglikelihood: -4.27485e+08	(delta): 5264.02
19 (QN/Block) 	Elapsed: 134.718	Loglikelihood: -4.27483e+08	(delta): 1956.31
20 (QN/Block) 	Elapsed: 134.329	Loglikelihood: -4.27482e+08	(delta): 707.742
21 (QN/Block) 	Elapsed: 133.692	Loglikelihood: -4.27482e+08	(delta): 212.106
22 (QN/Block) 	Elapsed: 134.04	Loglikelihood: -4.27482e+08	(delta): 211.174
23 (QN/Block) 	Elapsed: 134.467	Loglikelihood: -4.27482e+08	(delta): 47.0501
24 (QN/Block) 	Elapsed: 133.001	Loglikelihood: -4.27482e+08	(delta): 13.9617
25 (QN/Block) 	Elapsed: 138.901	Loglikelihood: -4.27482e+08	(delta): 2.74612
26 (QN/Block) 	Elapsed: 156.979	Loglikelihood: -4.27482e+08	(delta): 4.20478
27 (QN/Block) 	Elapsed: 132.709	Loglikelihood: -4.27482e+08	(delta): 0.487116
28 (QN/Block) 	Elapsed: 129.919	Loglikelihood: -4.27482e+08	(delta): 0.0546983
29 (QN/Block) 	Elapsed: 131.155	Loglikelihood: -4.27482e+08	(delta): 0.00545633
30 (QN/Block) 	Elapsed: 132.015	Loglikelihood: -4.27482e+08	(delta): 0.00020957
31 (QN/Block) 	Elapsed: 136.373	Loglikelihood: -4.27482e+08	(delta): 7.39098e-06
Summary: 
Converged in 31 iterations (4381.26 sec)
Loglikelihood: -427481609.821239
Fst divergences between estimated populations: 
	Pop0	Pop1	
Pop0	
Pop1	0.098	
Pop2	0.100	0.060	
CV error (K=3): 0.38951
Writing output files.
