****                   ADMIXTURE Version 1.3.0                  ****
****                    Copyright 2008-2015                     ****
****           David Alexander, Suyash Shringarpure,            ****
****                John  Novembre, Ken Lange                   ****
****                                                            ****
****                 Please cite our paper!                     ****
****   Information at www.genetics.ucla.edu/software/admixture  ****

Parallel execution requested.  Will use 16 threads.
Cross-validation will be performed.  Folds=5.
Random seed: 43
Point estimation method: Block relaxation algorithm
Convergence acceleration algorithm: QuasiNewton, 3 secant conditions
Point estimation will terminate when objective function delta < 0.0001
Estimation of standard errors disabled; will compute point estimates only.
Size of G: 424x1536138
Performing five EM steps to prime main algorithm
1 (EM) 	Elapsed: 46.293	Loglikelihood: -4.44554e+08	(delta): 8.58083e+08
2 (EM) 	Elapsed: 46.785	Loglikelihood: -4.44554e+08	(delta): 0
3 (EM) 	Elapsed: 46.331	Loglikelihood: -4.44554e+08	(delta): 0
4 (EM) 	Elapsed: 48.483	Loglikelihood: -4.44554e+08	(delta): 0
5 (EM) 	Elapsed: 50.119	Loglikelihood: -4.44554e+08	(delta): -5.96046e-08
Initial loglikelihood: -4.44554e+08
Starting main algorithm
1 (QN/Block) 	Elapsed: 42.999	Loglikelihood: -4.44554e+08	(delta): 5.96046e-08
Summary: 
Converged in 1 iterations (284.376 sec)
Loglikelihood: -444554048.350745
CV error (K=1): 0.40959
Writing output files.
