****                   ADMIXTURE Version 1.3.0                  ****
****                    Copyright 2008-2015                     ****
****           David Alexander, Suyash Shringarpure,            ****
****                John  Novembre, Ken Lange                   ****
****                                                            ****
****                 Please cite our paper!                     ****
****   Information at www.genetics.ucla.edu/software/admixture  ****

Parallel execution requested.  Will use 16 threads.
Cross-validation will be performed.  Folds=5.
Random seed: 43
Point estimation method: Block relaxation algorithm
Convergence acceleration algorithm: QuasiNewton, 3 secant conditions
Point estimation will terminate when objective function delta < 0.0001
Estimation of standard errors disabled; will compute point estimates only.
Size of G: 424x1536138
Performing five EM steps to prime main algorithm
1 (EM) 	Elapsed: 183.41	Loglikelihood: -4.72183e+08	(delta): 4.64243e+08
2 (EM) 	Elapsed: 175.091	Loglikelihood: -4.5124e+08	(delta): 2.09428e+07
3 (EM) 	Elapsed: 192.854	Loglikelihood: -4.4823e+08	(delta): 3.01048e+06
4 (EM) 	Elapsed: 190.034	Loglikelihood: -4.46627e+08	(delta): 1.60241e+06
5 (EM) 	Elapsed: 187.37	Loglikelihood: -4.4537e+08	(delta): 1.25763e+06
Initial loglikelihood: -4.4537e+08
Starting main algorithm
1 (QN/Block) 	Elapsed: 475.549	Loglikelihood: -4.18223e+08	(delta): 2.71465e+07
2 (QN/Block) 	Elapsed: 480.903	Loglikelihood: -4.06763e+08	(delta): 1.146e+07
3 (QN/Block) 	Elapsed: 448.412	Loglikelihood: -4.02312e+08	(delta): 4.4516e+06
4 (QN/Block) 	Elapsed: 455.673	Loglikelihood: -3.99004e+08	(delta): 3.30733e+06
5 (QN/Block) 	Elapsed: 515.482	Loglikelihood: -3.97105e+08	(delta): 1.89977e+06
6 (QN/Block) 	Elapsed: 512.503	Loglikelihood: -3.95963e+08	(delta): 1.14179e+06
7 (QN/Block) 	Elapsed: 526.097	Loglikelihood: -3.951e+08	(delta): 862790
8 (QN/Block) 	Elapsed: 491.621	Loglikelihood: -3.94496e+08	(delta): 603845
9 (QN/Block) 	Elapsed: 475.438	Loglikelihood: -3.94264e+08	(delta): 231965
10 (QN/Block) 	Elapsed: 515.295	Loglikelihood: -3.94195e+08	(delta): 69184.6
11 (QN/Block) 	Elapsed: 475.948	Loglikelihood: -3.94169e+08	(delta): 26046.1
12 (QN/Block) 	Elapsed: 476.195	Loglikelihood: -3.94159e+08	(delta): 9487.4
13 (QN/Block) 	Elapsed: 477.563	Loglikelihood: -3.94155e+08	(delta): 4082.48
14 (QN/Block) 	Elapsed: 495.886	Loglikelihood: -3.94154e+08	(delta): 1807.5
15 (QN/Block) 	Elapsed: 464.906	Loglikelihood: -3.94152e+08	(delta): 1115.07
16 (QN/Block) 	Elapsed: 484.541	Loglikelihood: -3.94152e+08	(delta): 828.891
17 (QN/Block) 	Elapsed: 480.621	Loglikelihood: -3.94151e+08	(delta): 709.168
18 (QN/Block) 	Elapsed: 507.351	Loglikelihood: -3.94151e+08	(delta): 316.523
19 (QN/Block) 	Elapsed: 452.43	Loglikelihood: -3.9415e+08	(delta): 141.518
20 (QN/Block) 	Elapsed: 461.657	Loglikelihood: -3.9415e+08	(delta): 58.6514
21 (QN/Block) 	Elapsed: 471.75	Loglikelihood: -3.9415e+08	(delta): 17.5115
22 (QN/Block) 	Elapsed: 473.984	Loglikelihood: -3.9415e+08	(delta): 3.20722
23 (QN/Block) 	Elapsed: 474.884	Loglikelihood: -3.9415e+08	(delta): 1.56736
24 (QN/Block) 	Elapsed: 506.107	Loglikelihood: -3.9415e+08	(delta): 1.13001
25 (QN/Block) 	Elapsed: 496.904	Loglikelihood: -3.9415e+08	(delta): 0.135381
26 (QN/Block) 	Elapsed: 468.613	Loglikelihood: -3.9415e+08	(delta): 0.0748728
27 (QN/Block) 	Elapsed: 491.257	Loglikelihood: -3.9415e+08	(delta): 0.0568259
28 (QN/Block) 	Elapsed: 482.008	Loglikelihood: -3.9415e+08	(delta): 0.00787258
29 (QN/Block) 	Elapsed: 477.314	Loglikelihood: -3.9415e+08	(delta): 0.00302339
30 (QN/Block) 	Elapsed: 485.297	Loglikelihood: -3.9415e+08	(delta): 0.000912547
31 (QN/Block) 	Elapsed: 499.345	Loglikelihood: -3.9415e+08	(delta): 0.000106633
32 (QN/Block) 	Elapsed: 484.186	Loglikelihood: -3.9415e+08	(delta): 3.91603e-05
Summary: 
Converged in 32 iterations (16468.9 sec)
Loglikelihood: -394150328.977688
Fst divergences between estimated populations: 
	Pop0	Pop1	Pop2	Pop3	Pop4	Pop5	Pop6	Pop7	Pop8	Pop9	Pop10	Pop11	
Pop0	
Pop1	0.092	
Pop2	0.090	0.123	
Pop3	0.067	0.105	0.101	
Pop4	0.105	0.139	0.138	0.090	
Pop5	0.101	0.135	0.133	0.114	0.151	
Pop6	0.075	0.112	0.109	0.079	0.112	0.121	
Pop7	0.129	0.159	0.160	0.141	0.173	0.170	0.149	
Pop8	0.054	0.088	0.082	0.068	0.105	0.098	0.075	0.126	
Pop9	0.113	0.142	0.143	0.125	0.157	0.154	0.133	0.149	0.110	
Pop10	0.130	0.164	0.162	0.129	0.152	0.175	0.138	0.198	0.128	0.181	
Pop11	0.076	0.106	0.106	0.088	0.122	0.118	0.095	0.103	0.072	0.099	0.145	
Pop12	0.066	0.090	0.098	0.078	0.115	0.109	0.087	0.129	0.062	0.113	0.140	0.075	
CV error (K=13): 0.37921
Writing output files.
