****                   ADMIXTURE Version 1.3.0                  ****
****                    Copyright 2008-2015                     ****
****           David Alexander, Suyash Shringarpure,            ****
****                John  Novembre, Ken Lange                   ****
****                                                            ****
****                 Please cite our paper!                     ****
****   Information at www.genetics.ucla.edu/software/admixture  ****

Parallel execution requested.  Will use 16 threads.
Cross-validation will be performed.  Folds=5.
Random seed: 43
Point estimation method: Block relaxation algorithm
Convergence acceleration algorithm: QuasiNewton, 3 secant conditions
Point estimation will terminate when objective function delta < 0.0001
Estimation of standard errors disabled; will compute point estimates only.
Size of G: 424x1536138
Performing five EM steps to prime main algorithm
1 (EM) 	Elapsed: 381.533	Loglikelihood: -4.71097e+08	(delta): 4.55716e+08
2 (EM) 	Elapsed: 364.092	Loglikelihood: -4.49789e+08	(delta): 2.13074e+07
3 (EM) 	Elapsed: 348.383	Loglikelihood: -4.47014e+08	(delta): 2.77502e+06
4 (EM) 	Elapsed: 347.759	Loglikelihood: -4.45582e+08	(delta): 1.43188e+06
5 (EM) 	Elapsed: 355.732	Loglikelihood: -4.44424e+08	(delta): 1.15796e+06
Initial loglikelihood: -4.44424e+08
Starting main algorithm
1 (QN/Block) 	Elapsed: 402.039	Loglikelihood: -4.12961e+08	(delta): 3.14635e+07
2 (QN/Block) 	Elapsed: 396.951	Loglikelihood: -4.00967e+08	(delta): 1.19938e+07
3 (QN/Block) 	Elapsed: 385.07	Loglikelihood: -3.9579e+08	(delta): 5.17724e+06
4 (QN/Block) 	Elapsed: 369.741	Loglikelihood: -3.92932e+08	(delta): 2.85785e+06
5 (QN/Block) 	Elapsed: 391.777	Loglikelihood: -3.91027e+08	(delta): 1.90486e+06
6 (QN/Block) 	Elapsed: 393.545	Loglikelihood: -3.89542e+08	(delta): 1.48524e+06
7 (QN/Block) 	Elapsed: 390.318	Loglikelihood: -3.88637e+08	(delta): 904727
8 (QN/Block) 	Elapsed: 370.703	Loglikelihood: -3.88111e+08	(delta): 526410
9 (QN/Block) 	Elapsed: 374.163	Loglikelihood: -3.87494e+08	(delta): 616866
10 (QN/Block) 	Elapsed: 370.054	Loglikelihood: -3.87135e+08	(delta): 358872
11 (QN/Block) 	Elapsed: 372.689	Loglikelihood: -3.86935e+08	(delta): 199813
12 (QN/Block) 	Elapsed: 379.488	Loglikelihood: -3.86854e+08	(delta): 81279.8
13 (QN/Block) 	Elapsed: 387.143	Loglikelihood: -3.86826e+08	(delta): 27889.6
14 (QN/Block) 	Elapsed: 390.285	Loglikelihood: -3.86803e+08	(delta): 22656.2
15 (QN/Block) 	Elapsed: 381.523	Loglikelihood: -3.86768e+08	(delta): 34900
16 (QN/Block) 	Elapsed: 384.187	Loglikelihood: -3.86705e+08	(delta): 63544.7
17 (QN/Block) 	Elapsed: 398.056	Loglikelihood: -3.86667e+08	(delta): 38160.4
18 (QN/Block) 	Elapsed: 393.433	Loglikelihood: -3.86639e+08	(delta): 28010.9
19 (QN/Block) 	Elapsed: 431.108	Loglikelihood: -3.86622e+08	(delta): 16286.6
20 (QN/Block) 	Elapsed: 456.703	Loglikelihood: -3.86602e+08	(delta): 20860.1
21 (QN/Block) 	Elapsed: 392.172	Loglikelihood: -3.86582e+08	(delta): 19126.3
22 (QN/Block) 	Elapsed: 389.823	Loglikelihood: -3.86567e+08	(delta): 15754.3
23 (QN/Block) 	Elapsed: 466.482	Loglikelihood: -3.86557e+08	(delta): 9743.28
24 (QN/Block) 	Elapsed: 479.565	Loglikelihood: -3.86549e+08	(delta): 7647.12
25 (QN/Block) 	Elapsed: 459.85	Loglikelihood: -3.86542e+08	(delta): 7582.54
26 (QN/Block) 	Elapsed: 434.9	Loglikelihood: -3.86533e+08	(delta): 8304.31
27 (QN/Block) 	Elapsed: 430.375	Loglikelihood: -3.86525e+08	(delta): 8663.72
28 (QN/Block) 	Elapsed: 426.753	Loglikelihood: -3.86514e+08	(delta): 10313.5
29 (QN/Block) 	Elapsed: 405.602	Loglikelihood: -3.86488e+08	(delta): 26079.2
30 (QN/Block) 	Elapsed: 447.413	Loglikelihood: -3.86434e+08	(delta): 53961.2
31 (QN/Block) 	Elapsed: 452.214	Loglikelihood: -3.86356e+08	(delta): 78583.7
32 (QN/Block) 	Elapsed: 410.688	Loglikelihood: -3.86212e+08	(delta): 144027
33 (QN/Block) 	Elapsed: 401.455	Loglikelihood: -3.86099e+08	(delta): 112551
34 (QN/Block) 	Elapsed: 385.254	Loglikelihood: -3.86046e+08	(delta): 53522.1
35 (QN/Block) 	Elapsed: 401.78	Loglikelihood: -3.86024e+08	(delta): 21830.5
36 (QN/Block) 	Elapsed: 387.708	Loglikelihood: -3.86015e+08	(delta): 8860.48
37 (QN/Block) 	Elapsed: 396.631	Loglikelihood: -3.86011e+08	(delta): 3678.5
38 (QN/Block) 	Elapsed: 390.601	Loglikelihood: -3.86011e+08	(delta): 603.677
39 (QN/Block) 	Elapsed: 402.446	Loglikelihood: -3.86011e+08	(delta): 141.485
40 (QN/Block) 	Elapsed: 402.424	Loglikelihood: -3.86011e+08	(delta): 72.6695
41 (QN/Block) 	Elapsed: 392.458	Loglikelihood: -3.8601e+08	(delta): 130.373
42 (QN/Block) 	Elapsed: 384.655	Loglikelihood: -3.8601e+08	(delta): 433.931
43 (QN/Block) 	Elapsed: 383.625	Loglikelihood: -3.86009e+08	(delta): 507.49
44 (QN/Block) 	Elapsed: 389.427	Loglikelihood: -3.86009e+08	(delta): 415.352
45 (QN/Block) 	Elapsed: 380.369	Loglikelihood: -3.86009e+08	(delta): 231.386
46 (QN/Block) 	Elapsed: 373.705	Loglikelihood: -3.86009e+08	(delta): 24.9148
47 (QN/Block) 	Elapsed: 420.538	Loglikelihood: -3.86009e+08	(delta): 5.12846
48 (QN/Block) 	Elapsed: 395.816	Loglikelihood: -3.86009e+08	(delta): 3.18577
49 (QN/Block) 	Elapsed: 405.988	Loglikelihood: -3.86009e+08	(delta): 0.441415
50 (QN/Block) 	Elapsed: 417.156	Loglikelihood: -3.86009e+08	(delta): 0.144107
51 (QN/Block) 	Elapsed: 415.055	Loglikelihood: -3.86009e+08	(delta): 0.016534
52 (QN/Block) 	Elapsed: 406.018	Loglikelihood: -3.86009e+08	(delta): 0.00182962
53 (QN/Block) 	Elapsed: 395.47	Loglikelihood: -3.86009e+08	(delta): 0.000223279
54 (QN/Block) 	Elapsed: 401.211	Loglikelihood: -3.86009e+08	(delta): 3.18885e-05
Summary: 
Converged in 54 iterations (23651.7 sec)
Loglikelihood: -386008788.044780
Fst divergences between estimated populations: 
	Pop0	Pop1	Pop2	Pop3	Pop4	Pop5	Pop6	Pop7	Pop8	Pop9	Pop10	Pop11	Pop12	Pop13	Pop14	Pop15	Pop16	
Pop0	
Pop1	0.091	
Pop2	0.093	0.058	
Pop3	0.164	0.131	0.130	
Pop4	0.175	0.142	0.141	0.214	
Pop5	0.142	0.114	0.114	0.180	0.192	
Pop6	0.185	0.140	0.153	0.223	0.236	0.202	
Pop7	0.171	0.139	0.139	0.211	0.125	0.187	0.231	
Pop8	0.125	0.079	0.091	0.164	0.174	0.144	0.171	0.171	
Pop9	0.130	0.098	0.096	0.156	0.179	0.150	0.190	0.176	0.132	
Pop10	0.090	0.066	0.066	0.139	0.150	0.113	0.161	0.146	0.099	0.106	
Pop11	0.159	0.130	0.130	0.197	0.209	0.149	0.218	0.204	0.159	0.166	0.129	
Pop12	0.116	0.082	0.079	0.143	0.165	0.137	0.177	0.162	0.115	0.095	0.091	0.152	
Pop13	0.124	0.085	0.091	0.162	0.173	0.143	0.179	0.170	0.119	0.128	0.098	0.160	0.113	
Pop14	0.151	0.117	0.116	0.188	0.124	0.168	0.208	0.120	0.149	0.154	0.124	0.183	0.140	0.148	
Pop15	0.109	0.075	0.071	0.130	0.158	0.129	0.170	0.155	0.109	0.097	0.082	0.144	0.083	0.105	0.133	
Pop16	0.106	0.076	0.076	0.145	0.157	0.099	0.167	0.153	0.107	0.114	0.075	0.103	0.099	0.106	0.133	0.091	
Pop17	0.139	0.108	0.105	0.152	0.190	0.157	0.201	0.187	0.141	0.126	0.114	0.173	0.116	0.138	0.165	0.093	0.121	
CV error (K=18): 0.38467
Writing output files.
