****                   ADMIXTURE Version 1.3.0                  ****
****                    Copyright 2008-2015                     ****
****           David Alexander, Suyash Shringarpure,            ****
****                John  Novembre, Ken Lange                   ****
****                                                            ****
****                 Please cite our paper!                     ****
****   Information at www.genetics.ucla.edu/software/admixture  ****

Parallel execution requested.  Will use 16 threads.
Cross-validation will be performed.  Folds=5.
Random seed: 43
Point estimation method: Block relaxation algorithm
Convergence acceleration algorithm: QuasiNewton, 3 secant conditions
Point estimation will terminate when objective function delta < 0.0001
Estimation of standard errors disabled; will compute point estimates only.
Size of G: 424x1536138
Performing five EM steps to prime main algorithm
1 (EM) 	Elapsed: 29.173	Loglikelihood: -4.65505e+08	(delta): 6.53829e+08
2 (EM) 	Elapsed: 28.778	Loglikelihood: -4.50489e+08	(delta): 1.5016e+07
3 (EM) 	Elapsed: 28.154	Loglikelihood: -4.46959e+08	(delta): 3.53026e+06
4 (EM) 	Elapsed: 28.659	Loglikelihood: -4.45301e+08	(delta): 1.6583e+06
5 (EM) 	Elapsed: 28.706	Loglikelihood: -4.44485e+08	(delta): 815588
Initial loglikelihood: -4.44485e+08
Starting main algorithm
1 (QN/Block) 	Elapsed: 87.008	Loglikelihood: -4.40333e+08	(delta): 4.15261e+06
2 (QN/Block) 	Elapsed: 91.298	Loglikelihood: -4.38604e+08	(delta): 1.72874e+06
3 (QN/Block) 	Elapsed: 88.171	Loglikelihood: -4.37118e+08	(delta): 1.48574e+06
4 (QN/Block) 	Elapsed: 88.628	Loglikelihood: -4.36141e+08	(delta): 976901
5 (QN/Block) 	Elapsed: 88.882	Loglikelihood: -4.35783e+08	(delta): 358405
6 (QN/Block) 	Elapsed: 92.668	Loglikelihood: -4.35501e+08	(delta): 282069
7 (QN/Block) 	Elapsed: 88.623	Loglikelihood: -4.35303e+08	(delta): 197214
8 (QN/Block) 	Elapsed: 90.798	Loglikelihood: -4.3525e+08	(delta): 53422.9
9 (QN/Block) 	Elapsed: 88.031	Loglikelihood: -4.35225e+08	(delta): 24937.5
10 (QN/Block) 	Elapsed: 90.258	Loglikelihood: -4.35189e+08	(delta): 35872.5
11 (QN/Block) 	Elapsed: 89.634	Loglikelihood: -4.35172e+08	(delta): 16947.6
12 (QN/Block) 	Elapsed: 92.499	Loglikelihood: -4.35167e+08	(delta): 5697.83
13 (QN/Block) 	Elapsed: 90.321	Loglikelihood: -4.35165e+08	(delta): 1988.95
14 (QN/Block) 	Elapsed: 90.239	Loglikelihood: -4.35164e+08	(delta): 885.338
15 (QN/Block) 	Elapsed: 91.831	Loglikelihood: -4.35164e+08	(delta): 174.139
16 (QN/Block) 	Elapsed: 91.559	Loglikelihood: -4.35163e+08	(delta): 39.9967
17 (QN/Block) 	Elapsed: 90.213	Loglikelihood: -4.35163e+08	(delta): 4.65462
18 (QN/Block) 	Elapsed: 91.431	Loglikelihood: -4.35163e+08	(delta): 0.165151
19 (QN/Block) 	Elapsed: 90.58	Loglikelihood: -4.35163e+08	(delta): 0.0149291
20 (QN/Block) 	Elapsed: 89.593	Loglikelihood: -4.35163e+08	(delta): 0.000403225
21 (QN/Block) 	Elapsed: 87.742	Loglikelihood: -4.35163e+08	(delta): 1.91927e-05
Summary: 
Converged in 21 iterations (2043.06 sec)
Loglikelihood: -435163468.429613
Fst divergences between estimated populations: 
	Pop0	
Pop0	
Pop1	0.085	
CV error (K=2): 0.39807
Writing output files.
