****                   ADMIXTURE Version 1.3.0                  ****
****                    Copyright 2008-2015                     ****
****           David Alexander, Suyash Shringarpure,            ****
****                John  Novembre, Ken Lange                   ****
****                                                            ****
****                 Please cite our paper!                     ****
****   Information at www.genetics.ucla.edu/software/admixture  ****

Parallel execution requested.  Will use 16 threads.
Cross-validation will be performed.  Folds=5.
Random seed: 43
Point estimation method: Block relaxation algorithm
Convergence acceleration algorithm: QuasiNewton, 3 secant conditions
Point estimation will terminate when objective function delta < 0.0001
Estimation of standard errors disabled; will compute point estimates only.
Size of G: 424x1536138
Performing five EM steps to prime main algorithm
1 (EM) 	Elapsed: 121.341	Loglikelihood: -4.74351e+08	(delta): 5.01689e+08
2 (EM) 	Elapsed: 127.931	Loglikelihood: -4.54203e+08	(delta): 2.01482e+07
3 (EM) 	Elapsed: 125.26	Loglikelihood: -4.50338e+08	(delta): 3.86517e+06
4 (EM) 	Elapsed: 118.514	Loglikelihood: -4.48159e+08	(delta): 2.1789e+06
5 (EM) 	Elapsed: 118.589	Loglikelihood: -4.46578e+08	(delta): 1.58044e+06
Initial loglikelihood: -4.46578e+08
Starting main algorithm
1 (QN/Block) 	Elapsed: 237.18	Loglikelihood: -4.26501e+08	(delta): 2.00769e+07
2 (QN/Block) 	Elapsed: 236.246	Loglikelihood: -4.19087e+08	(delta): 7.41394e+06
3 (QN/Block) 	Elapsed: 238.638	Loglikelihood: -4.1597e+08	(delta): 3.11787e+06
4 (QN/Block) 	Elapsed: 239.568	Loglikelihood: -4.14064e+08	(delta): 1.90593e+06
5 (QN/Block) 	Elapsed: 241.53	Loglikelihood: -4.13347e+08	(delta): 716795
6 (QN/Block) 	Elapsed: 235.085	Loglikelihood: -4.13031e+08	(delta): 315400
7 (QN/Block) 	Elapsed: 250.574	Loglikelihood: -4.12905e+08	(delta): 126664
8 (QN/Block) 	Elapsed: 238.975	Loglikelihood: -4.1286e+08	(delta): 44333.3
9 (QN/Block) 	Elapsed: 237.335	Loglikelihood: -4.12821e+08	(delta): 39902.5
10 (QN/Block) 	Elapsed: 237.58	Loglikelihood: -4.12802e+08	(delta): 18704.2
11 (QN/Block) 	Elapsed: 237.829	Loglikelihood: -4.12778e+08	(delta): 23990.2
12 (QN/Block) 	Elapsed: 237.657	Loglikelihood: -4.12742e+08	(delta): 35543.1
13 (QN/Block) 	Elapsed: 244.235	Loglikelihood: -4.12712e+08	(delta): 30790
14 (QN/Block) 	Elapsed: 238.315	Loglikelihood: -4.12678e+08	(delta): 33735.5
15 (QN/Block) 	Elapsed: 250.646	Loglikelihood: -4.12631e+08	(delta): 46424.3
16 (QN/Block) 	Elapsed: 243.164	Loglikelihood: -4.12592e+08	(delta): 39387.3
17 (QN/Block) 	Elapsed: 252.485	Loglikelihood: -4.12551e+08	(delta): 40683.5
18 (QN/Block) 	Elapsed: 242.291	Loglikelihood: -4.1253e+08	(delta): 20832.8
19 (QN/Block) 	Elapsed: 243.099	Loglikelihood: -4.12521e+08	(delta): 9723.4
20 (QN/Block) 	Elapsed: 237.368	Loglikelihood: -4.12516e+08	(delta): 5007.91
21 (QN/Block) 	Elapsed: 242.096	Loglikelihood: -4.12515e+08	(delta): 1154.85
22 (QN/Block) 	Elapsed: 242.33	Loglikelihood: -4.12514e+08	(delta): 431.81
23 (QN/Block) 	Elapsed: 243.965	Loglikelihood: -4.12514e+08	(delta): 201.267
24 (QN/Block) 	Elapsed: 239.124	Loglikelihood: -4.12514e+08	(delta): 75.6491
25 (QN/Block) 	Elapsed: 241.782	Loglikelihood: -4.12514e+08	(delta): 18.996
26 (QN/Block) 	Elapsed: 241.579	Loglikelihood: -4.12514e+08	(delta): 4.64398
27 (QN/Block) 	Elapsed: 240.874	Loglikelihood: -4.12514e+08	(delta): 0.92028
28 (QN/Block) 	Elapsed: 238.658	Loglikelihood: -4.12514e+08	(delta): 0.334795
29 (QN/Block) 	Elapsed: 238.078	Loglikelihood: -4.12514e+08	(delta): 0.0237356
30 (QN/Block) 	Elapsed: 238.082	Loglikelihood: -4.12514e+08	(delta): 0.00271469
31 (QN/Block) 	Elapsed: 239.642	Loglikelihood: -4.12514e+08	(delta): 5.68628e-05
Summary: 
Converged in 31 iterations (8099.4 sec)
Loglikelihood: -412513860.822158
Fst divergences between estimated populations: 
	Pop0	Pop1	Pop2	Pop3	Pop4	
Pop0	
Pop1	0.068	
Pop2	0.093	0.115	
Pop3	0.079	0.103	0.133	
Pop4	0.055	0.073	0.103	0.091	
Pop5	0.073	0.090	0.121	0.110	0.081	
CV error (K=6): 0.37664
Writing output files.
