PLINK v2.0.0-a.6.9LM 64-bit Intel (29 Jan 2025)
Options in effect:
  --out Boltonia_decurrens_imputed_maf_mildLDpruned_pca
  --pca 4
  --pfile Boltonia_decurrens_imputed_maf_mildLDpruned

Hostname: compute1-exec-136.ris.wustl.edu
Working directory: /storage1/fs1/christine.e.edwards/Active/Wen/IMLS_analyses/Boltonia_decurrens_imputed_MAF_Low_LD
Start time: Thu Feb  5 16:32:45 2026

Random number seed: 1770309165
385055 MiB RAM detected, ~341600 available; reserving 192527 MiB for main
workspace.
Using up to 64 threads (change this with --threads).
424 samples (0 females, 0 males, 424 ambiguous; 424 founders) loaded from
Boltonia_decurrens_imputed_maf_mildLDpruned.psam.
1863350 variants loaded from Boltonia_decurrens_imputed_maf_mildLDpruned.pvar.
Note: No phenotype data present.
Calculating allele frequencies... done.
Constructing GRM: done.
Extracting eigenvalues and eigenvectors... done.
--pca: Eigenvectors written to
Boltonia_decurrens_imputed_maf_mildLDpruned_pca.eigenvec , and eigenvalues
written to Boltonia_decurrens_imputed_maf_mildLDpruned_pca.eigenval .

End time: Thu Feb  5 16:32:54 2026
