PLINK v2.00a2.3LM 64-bit Intel (24 Jan 2020)
Options in effect:
  --export vcf
  --extract Boltonia_all_ID_100kb0.2.prune.in
  --out Boltonia_all_ID_LD
  --vcf Boltonia_all_ID.vcf

Hostname: compute1-exec-120.ris.wustl.edu
Working directory: /storage1/fs1/christine.e.edwards/Active/Wen/IMLS_analyses/Boltonia
Start time: Sun Jul 20 04:21:57 2025

Random number seed: 1752985317
385047 MiB RAM detected; reserving 192523 MiB for main workspace.
Using up to 64 threads (change this with --threads).
--vcf: 1661728 variants scanned.
--vcf: Boltonia_all_ID_LD-temporary.pgen + Boltonia_all_ID_LD-temporary.pvar +
Boltonia_all_ID_LD-temporary.psam written.
467 samples (0 females, 0 males, 467 ambiguous; 467 founders) loaded from
Boltonia_all_ID_LD-temporary.psam.
1661728 variants loaded from Boltonia_all_ID_LD-temporary.pvar.
Note: No phenotype data present.
--extract: 193480 variants remaining.
193480 variants remaining after main filters.
Warning: '_' present in original sample IDs; --export vcf will not be able to
reconstruct them. Consider rerunning with a suitable --export id-delim= value.
--export vcf to Boltonia_all_ID_LD.vcf ... done.

End time: Sun Jul 20 04:22:09 2025
