== run_038 ==
Prefix: downstream
FSC_BIN: fastsimcoal2
Flags: -m -0 -C 10 -n 200000 -L 25 -s 0 -M
PWD: /storage1/fs1/kolsen/Active/Wen/IMLS_analysis/fastsimcoal2/runs/downstream
Start: 2025-11-07T06:24:17+00:00
Seed: 10038
fastsimcoal was invoked with the following command line arguments:
fastsimcoal2 -t downstream.tpl -e downstream.est -m -0 -C 10 -n 200000 -L 25 -s 0 -M -r 10038 
Reading parameter settings file downstream.est...
done reading parameter settings file!

Random generator seed : 10038

Deme sizes
Deme 0	61046
Deme 1	15439
Deme 2	75103
Deme 3	23566
Deme 4	48796
Deme 5	76247


Sample sizes
Deme 0	106
Deme 1	70
Deme 2	234
Deme 3	90
Deme 4	144
Deme 5	164

Sample ages
Deme 0	0
Deme 1	0
Deme 2	0
Deme 3	0
Deme 4	0
Deme 5	0


Inbreeding coefficients
Deme 0	0
Deme 1	0
Deme 2	0
Deme 3	0
Deme 4	0
Deme 5	0

Growth rates
Deme 0	0
Deme 1	0
Deme 2	0
Deme 3	0
Deme 4	0
Deme 5	0


Migration matrix 0	(note that migration rates have been pre-multiplied by 1e+06n
 0.0000000 52.6414212  0.0948778  0.0000000  0.0000000  0.0000000 
 0.0000000  0.0000000 10.8215509  0.0195041  0.0000000  0.0000000 
 0.0000000  0.0000000  0.0000000 34.4873121  0.0621579  0.0000000 
 0.0000000  0.0000000  0.0000000  0.0000000 16.6556563  0.0300192 
 0.0000000  0.0000000  0.0000000  0.0000000  0.0000000 10.6592008 
 0.0000000  0.0000000  0.0000000  0.0000000  0.0000000  0.0000000 


Migration matrix 1	(note that migration rates have been pre-multiplied by 1000000.0000000n
 0.0000000  0.0000000  0.0000000  0.0000000  0.0000000  0.0000000 
 0.0000000  0.0000000  0.0000000  0.0000000  0.0000000  0.0000000 
 0.0000000  0.0000000  0.0000000  0.0000000  0.0000000  0.0000000 
 0.0000000  0.0000000  0.0000000  0.0000000  0.0000000  0.0000000 
 0.0000000  0.0000000  0.0000000  0.0000000  0.0000000  0.0000000 
 0.0000000  0.0000000  0.0000000  0.0000000  0.0000000  0.0000000 


Historical events
Event 0

#Time              : 13
#Source            : 1
#Sink              : 0
#Migrants          : 1.0000000
#New relative size : 1.0000000
#New growth rate   : 0.0000000
#New migr. matrix  : 1
Event 1

#Time              : 13
#Source            : 2
#Sink              : 0
#Migrants          : 1.0000000
#New relative size : 1.0000000
#New growth rate   : 0.0000000
#New migr. matrix  : 1
Event 2

#Time              : 13
#Source            : 3
#Sink              : 0
#Migrants          : 1.0000000
#New relative size : 1.0000000
#New growth rate   : 0.0000000
#New migr. matrix  : 1
Event 3

#Time              : 13
#Source            : 4
#Sink              : 0
#Migrants          : 1.0000000
#New relative size : 1.0000000
#New growth rate   : 0.0000000
#New migr. matrix  : 1
Event 4

#Time              : 13
#Source            : 5
#Sink              : 0
#Migrants          : 1.0000000
#New relative size : 1.0000000
#New growth rate   : 0.0000000
#New migr. matrix  : 1


Number of independent loci to simulate : 1
with the same chromosomal structure

Number of linkage blocks to simulate in structure 1: 1
Data type: FREQ   :  recombination and mutation rates
0.0000000000   0.0000000250   
   Do not output expected MAF spectrum
   Do not output expected DAF spectrum

No population growth detected in input file

Estimating model parameters using 12 batches and 1 thread

Estimation of parameters by conditional maximization via Brent algorithm (initial lhood = -239881.5157237985)

Initial parameters:
61046	15439	75103	23566	48796	76247	0.8127351	0.0014648	13	5.26414e-05	1.08216e-05	3.44873e-05	1.66557e-05	1.06592e-05	9.48778e-08	1.95041e-08	6.21579e-08	3.00192e-08	lhood=-239881.5157237985



Current parameters:
61046	15439	75103	23566	48796	76247	0.8127351	0.0014648	13	5.26414e-05	1.08216e-05	3.44873e-05	1.66557e-05	1.06592e-05	9.48778e-08	1.95041e-08	6.21579e-08	3.00192e-08

200000 simulations per lhood estimation

Current search range : [  1.00000e+02  ;  1.00000e+05  ]
Brent minimization result: N_A = 1.39731e+03 (lhood = -2.37270e+05)

Current parameters:
1397	15439	75103	23566	48796	76247	0.8127351	0.0014648	13	5.26414e-05	1.08216e-05	3.44873e-05	1.66557e-05	1.06592e-05	9.48778e-08	1.95041e-08	6.21579e-08	3.00192e-08	(lhood=-2.37270e+05)

Current search range : [  1.00000e+02  ;  1.00000e+05  ]
Brent minimization result: N_B = 1.52549e+02 (lhood = -2.17427e+05)

Current parameters:
1397	153	75103	23566	48796	76247	0.8127351	0.0014648	13	0.0053277	1.08216e-05	3.44873e-05	1.66557e-05	1.06592e-05	9.60232e-06	1.95041e-08	6.21579e-08	3.00192e-08	(lhood=-2.17427e+05)

Current search range : [  1.00000e+02  ;  1.00000e+05  ]
Brent minimization result: N_C = 4.64546e+04 (lhood = -2.17263e+05)

Current parameters:
1397	153	46455	23566	48796	76247	0.8127351	0.0014648	13	0.0053277	1.74952e-05	3.44873e-05	1.66557e-05	1.06592e-05	9.60232e-06	3.15324e-08	6.21579e-08	3.00192e-08	(lhood=-2.17263e+05)

Current search range : [  1.00000e+02  ;  1.00000e+05  ]
Brent minimization result: N_D = 1.07785e+02 (lhood = -1.98023e+05)

Current parameters:
1397	153	46455	108	48796	76247	0.8127351	0.0014648	13	0.0053277	1.74952e-05	0.0075404	1.66557e-05	1.06592e-05	9.60232e-06	3.15324e-08	1.35903e-05	3.00192e-08	(lhood=-1.98023e+05)

Current search range : [  1.00000e+02  ;  1.00000e+05  ]
Brent minimization result: N_E = 3.93069e+02 (lhood = -1.92936e+05)

Current parameters:
1397	153	46455	108	393	76247	0.8127351	0.0014648	13	0.0053277	1.74952e-05	0.0075404	0.0020677	1.06592e-05	9.60232e-06	3.15324e-08	1.35903e-05	3.72664e-06	(lhood=-1.92936e+05)

Current search range : [  1.00000e+02  ;  1.00000e+05  ]
Brent minimization result: N_F = 7.62473e+04 (lhood = -1.92898e+05)

Current parameters:
1397	153	46455	108	393	76247	0.8127351	0.0014648	13	0.0053277	1.74952e-05	0.0075404	0.0020677	1.06592e-05	9.60232e-06	3.15324e-08	1.35903e-05	3.72664e-06	(lhood=-1.92898e+05)

Current search range : [  1.00000e-02  ;  2.00000e+01  ]
Brent minimization result: NMIG_1POP = 2.94218e-01 (lhood = -1.92853e+05)

Current parameters:
1397	153	46455	108	393	76247	0.2942176	0.0014648	13	0.0019287	6.33344e-06	0.0027297	7.48514e-04	3.85873e-06	9.60232e-06	3.15324e-08	1.35903e-05	3.72664e-06	(lhood=-1.92853e+05)

Current search range : [  1.00000e-03  ;  2.00000e+00  ]
Brent minimization result: NMIG_2POP = 1.32399e-02 (lhood = -1.92871e+05)

Current parameters:
1397	153	46455	108	393	76247	0.2942176	0.0132399	13	0.0019287	6.33344e-06	0.0027297	7.48514e-04	3.85873e-06	8.67909e-05	2.85006e-07	1.22836e-04	3.36834e-05	(lhood=-1.92871e+05)

Current search range : [  1.00000e+01  ;  2.00000e+02  ]
Brent minimization result: TDIV = 1.27653e+01 (lhood = -1.92885e+05)

Current parameters:
1397	153	46455	108	393	76247	0.2942176	0.0132399	13	0.0019287	6.33344e-06	0.0027297	7.48514e-04	3.85873e-06	8.67909e-05	2.85006e-07	1.22836e-04	3.36834e-05	(lhood=-1.92885e+05)

Iter 1	Curr best params:	1397	153	46455	108	393	76247	0.2942176	0.0014648	13	0.0019287	6.33344e-06	0.0027297	7.48514e-04	3.85873e-06	9.60232e-06	3.15324e-08	1.35903e-05	3.72664e-06	lhood=-1.92853e+05

200000 simulations per lhood estimation

Current search range : [  1.00000e+02  ;  1.00000e+05  ]
Brent minimization result: N_A = 4.99674e+04 (lhood = -1.92569e+05)

Current parameters:
49967	153	46455	108	393	76247	0.2942176	0.0132399	13	0.0019287	6.33344e-06	0.0027297	7.48514e-04	3.85873e-06	8.67909e-05	2.85006e-07	1.22836e-04	3.36834e-05	(lhood=-1.92569e+05)

Current search range : [  1.00000e+02  ;  1.00000e+05  ]
Brent minimization result: N_B = 1.40252e+02 (lhood = -1.92480e+05)

Current parameters:
49967	140	46455	108	393	76247	0.2942176	0.0132399	13	0.0020978	6.33344e-06	0.0027297	7.48514e-04	3.85873e-06	9.44008e-05	2.85006e-07	1.22836e-04	3.36834e-05	(lhood=-1.92480e+05)

Current search range : [  1.00000e+02  ;  1.00000e+05  ]
Brent minimization result: N_C = 8.18316e+04 (lhood = -1.92636e+05)

Current parameters:
49967	140	81832	108	393	76247	0.2942176	0.0132399	13	0.0020978	3.59540e-06	0.0027297	7.48514e-04	3.85873e-06	9.44008e-05	1.61794e-07	1.22836e-04	3.36834e-05	(lhood=-1.92636e+05)

Current search range : [  1.00000e+02  ;  1.00000e+05  ]
Brent minimization result: N_D = 1.10973e+02 (lhood = -1.92462e+05)

Current parameters:
49967	140	81832	111	393	76247	0.2942176	0.0132399	13	0.0020978	3.59540e-06	0.0026513	7.48514e-04	3.85873e-06	9.44008e-05	1.61794e-07	1.19307e-04	3.36834e-05	(lhood=-1.92462e+05)

Current search range : [  1.00000e+02  ;  1.00000e+05  ]
Brent minimization result: N_E = 4.22944e+02 (lhood = -1.92481e+05)

Current parameters:
49967	140	81832	111	423	76247	0.2942176	0.0132399	13	0.0020978	3.59540e-06	0.0026513	6.95643e-04	3.85873e-06	9.44008e-05	1.61794e-07	1.19307e-04	3.13041e-05	(lhood=-1.92481e+05)

Current search range : [  1.00000e+02  ;  1.00000e+05  ]
Brent minimization result: N_F = 2.56394e+02 (lhood = -1.84512e+05)

Current parameters:
49967	140	81832	111	423	256	0.2942176	0.0132399	13	0.0020978	3.59540e-06	0.0026513	6.95643e-04	0.0011475	9.44008e-05	1.61794e-07	1.19307e-04	3.13041e-05	(lhood=-1.84512e+05)

Current search range : [  1.00000e-02  ;  2.00000e+01  ]
Brent minimization result: NMIG_1POP = 7.88912e+00 (lhood = -1.83515e+05)

Current parameters:
49967	140	81832	111	423	256	7.8891232	0.0132399	13	0.0562497	9.64068e-05	0.0710904	0.0186529	0.0307695	9.44008e-05	1.61794e-07	1.19307e-04	3.13041e-05	(lhood=-1.83515e+05)

Current search range : [  1.00000e-03  ;  2.00000e+00  ]
Brent minimization result: NMIG_2POP = 4.93585e-03 (lhood = -1.83501e+05)

Current parameters:
49967	140	81832	111	423	256	7.8891232	0.0049359	13	0.0562497	9.64068e-05	0.0710904	0.0186529	0.0307695	3.51928e-05	6.03172e-08	4.44779e-05	1.16702e-05	(lhood=-1.83501e+05)

Current search range : [  1.00000e+01  ;  2.00000e+02  ]
Brent minimization result: TDIV = 1.86258e+01 (lhood = -1.82504e+05)

Current parameters:
49967	140	81832	111	423	256	7.8891232	0.0049359	19	0.0562497	9.64068e-05	0.0710904	0.0186529	0.0307695	3.51928e-05	6.03172e-08	4.44779e-05	1.16702e-05	(lhood=-1.82504e+05)

Iter 2	Curr best params:	49967	140	81832	111	423	256	7.8891232	0.0049359	19	0.0562497	9.64068e-05	0.0710904	0.0186529	0.0307695	3.51928e-05	6.03172e-08	4.44779e-05	1.16702e-05	lhood=-1.82504e+05

200000 simulations per lhood estimation

Current search range : [  1.00000e+02  ;  1.00000e+05  ]
Brent minimization result: N_A = 7.91660e+04 (lhood = -1.82489e+05)

Current parameters:
79166	140	81832	111	423	256	7.8891232	0.0049359	19	0.0562497	9.64068e-05	0.0710904	0.0186529	0.0307695	3.51928e-05	6.03172e-08	4.44779e-05	1.16702e-05	(lhood=-1.82489e+05)

Current search range : [  1.00000e+02  ;  1.00000e+05  ]
Brent minimization result: N_B = 1.48438e+02 (lhood = -1.82505e+05)

Current parameters:
79166	148	81832	111	423	256	7.8891232	0.0049359	19	0.0531475	9.64068e-05	0.0710904	0.0186529	0.0307695	3.32519e-05	6.03172e-08	4.44779e-05	1.16702e-05	(lhood=-1.82505e+05)

Current search range : [  1.00000e+02  ;  1.15132e+05  ]
Brent minimization result: N_C = 9.07290e+02 (lhood = -1.81511e+05)

Current parameters:
79166	148	907	111	423	256	7.8891232	0.0049359	19	0.0531475	0.0086953	0.0710904	0.0186529	0.0307695	3.32519e-05	5.44022e-06	4.44779e-05	1.16702e-05	(lhood=-1.81511e+05)

Current search range : [  1.00000e+02  ;  1.00000e+05  ]
Brent minimization result: N_D = 1.07850e+02 (lhood = -1.81481e+05)

Current parameters:
79166	148	907	108	423	256	7.8891232	0.0049359	19	0.0531475	0.0086953	0.0731493	0.0186529	0.0307695	3.32519e-05	5.44022e-06	4.57661e-05	1.16702e-05	(lhood=-1.81481e+05)

Current search range : [  1.00000e+02  ;  1.00000e+05  ]
Brent minimization result: N_E = 5.67991e+02 (lhood = -1.81382e+05)

Current parameters:
79166	148	907	108	568	256	7.8891232	0.0049359	19	0.0531475	0.0086953	0.0731493	0.0138895	0.0307695	3.32519e-05	5.44022e-06	4.57661e-05	8.69002e-06	(lhood=-1.81382e+05)

Current search range : [  1.00000e+02  ;  1.00000e+05  ]
Brent minimization result: N_F = 2.53049e+02 (lhood = -1.81395e+05)

Current parameters:
79166	148	907	108	568	253	7.8891232	0.0049359	19	0.0531475	0.0086953	0.0731493	0.0138895	0.0311763	3.32519e-05	5.44022e-06	4.57661e-05	8.69002e-06	(lhood=-1.81395e+05)

Current search range : [  1.00000e-02  ;  2.00000e+01  ]
Brent minimization result: NMIG_1POP = 4.92228e+00 (lhood = -1.81233e+05)

Current parameters:
79166	148	907	108	568	253	4.9222789	0.0049359	19	0.0331604	0.0054253	0.0456402	0.0086661	0.0194519	3.32519e-05	5.44022e-06	4.57661e-05	8.69002e-06	(lhood=-1.81233e+05)

Current search range : [  1.00000e-03  ;  2.00000e+00  ]
Brent minimization result: NMIG_2POP = 1.95902e-02 (lhood = -1.81243e+05)

Current parameters:
79166	148	907	108	568	253	4.9222789	0.0195902	19	0.0331604	0.0054253	0.0456402	0.0086661	0.0194519	1.31975e-04	2.15920e-05	1.81644e-04	3.44903e-05	(lhood=-1.81243e+05)

Current search range : [  1.00000e+01  ;  2.00000e+02  ]
Brent minimization result: TDIV = 2.28351e+01 (lhood = -1.81093e+05)

Current parameters:
79166	148	907	108	568	253	4.9222789	0.0195902	23	0.0331604	0.0054253	0.0456402	0.0086661	0.0194519	1.31975e-04	2.15920e-05	1.81644e-04	3.44903e-05	(lhood=-1.81093e+05)

Iter 3	Curr best params:	79166	148	907	108	568	253	4.9222789	0.0195902	23	0.0331604	0.0054253	0.0456402	0.0086661	0.0194519	1.31975e-04	2.15920e-05	1.81644e-04	3.44903e-05	lhood=-1.81093e+05

200000 simulations per lhood estimation

Current search range : [  1.00000e+02  ;  1.00000e+05  ]
Brent minimization result: N_A = 3.09096e+04 (lhood = -1.81075e+05)

Current parameters:
30910	148	907	108	568	253	4.9222789	0.0195902	23	0.0331604	0.0054253	0.0456402	0.0086661	0.0194519	1.31975e-04	2.15920e-05	1.81644e-04	3.44903e-05	(lhood=-1.81075e+05)

Current search range : [  1.00000e+02  ;  1.00000e+05  ]
Brent minimization result: N_B = 1.27263e+02 (lhood = -1.80975e+05)

Current parameters:
30910	127	907	108	568	253	4.9222789	0.0195902	23	0.0386779	0.0054253	0.0456402	0.0086661	0.0194519	1.53934e-04	2.15920e-05	1.81644e-04	3.44903e-05	(lhood=-1.80975e+05)

Current search range : [  1.00000e+02  ;  1.00000e+05  ]
Brent minimization result: N_C = 6.56667e+02 (lhood = -1.80900e+05)

Current parameters:
30910	127	657	108	568	253	4.9222789	0.0195902	23	0.0386779	0.0074958	0.0456402	0.0086661	0.0194519	1.53934e-04	2.98327e-05	1.81644e-04	3.44903e-05	(lhood=-1.80900e+05)

Current search range : [  1.00000e+02  ;  1.00000e+05  ]
Brent minimization result: N_D = 1.09840e+02 (lhood = -1.80890e+05)

Current parameters:
30910	127	657	110	568	253	4.9222789	0.0195902	23	0.0386779	0.0074958	0.0448133	0.0086661	0.0194519	1.53934e-04	2.98327e-05	1.78353e-04	3.44903e-05	(lhood=-1.80890e+05)

Current search range : [  1.00000e+02  ;  1.00000e+05  ]
Brent minimization result: N_E = 5.58334e+02 (lhood = -1.80875e+05)

Current parameters:
30910	127	657	110	558	253	4.9222789	0.0195902	23	0.0386779	0.0074958	0.0448133	0.0088160	0.0194519	1.53934e-04	2.98327e-05	1.78353e-04	3.50869e-05	(lhood=-1.80875e+05)

Current search range : [  1.00000e+02  ;  1.00000e+05  ]
Brent minimization result: N_F = 3.99304e+02 (lhood = -1.80557e+05)

Current parameters:
30910	127	657	110	558	399	4.9222789	0.0195902	23	0.0386779	0.0074958	0.0448133	0.0088160	0.0123272	1.53934e-04	2.98327e-05	1.78353e-04	3.50869e-05	(lhood=-1.80557e+05)

Current search range : [  1.00000e-02  ;  2.00000e+01  ]
Brent minimization result: NMIG_1POP = 5.54358e+00 (lhood = -1.80520e+05)

Current parameters:
30910	127	657	110	558	399	5.5435771	0.0195902	23	0.0435599	0.0084420	0.0504698	0.0099288	0.0138831	1.53934e-04	2.98327e-05	1.78353e-04	3.50869e-05	(lhood=-1.80520e+05)

Current search range : [  1.00000e-03  ;  2.00000e+00  ]
Brent minimization result: NMIG_2POP = 9.19228e-02 (lhood = -1.80537e+05)

Current parameters:
30910	127	657	110	558	399	5.5435771	0.0919228	23	0.0435599	0.0084420	0.0504698	0.0099288	0.0138831	7.22305e-04	1.39984e-04	8.36883e-04	1.64638e-04	(lhood=-1.80537e+05)

Current search range : [  1.00000e+01  ;  2.00000e+02  ]
Brent minimization result: TDIV = 2.46121e+01 (lhood = -1.80517e+05)

Current parameters:
30910	127	657	110	558	399	5.5435771	0.0919228	25	0.0435599	0.0084420	0.0504698	0.0099288	0.0138831	7.22305e-04	1.39984e-04	8.36883e-04	1.64638e-04	(lhood=-1.80517e+05)

Iter 4	Curr best params:	30910	127	657	110	558	399	5.5435771	0.0919228	25	0.0435599	0.0084420	0.0504698	0.0099288	0.0138831	7.22305e-04	1.39984e-04	8.36883e-04	1.64638e-04	lhood=-1.80517e+05

200000 simulations per lhood estimation

Current search range : [  1.00000e+02  ;  1.00000e+05  ]
Brent minimization result: N_A = 5.12431e+04 (lhood = -1.80506e+05)

Current parameters:
51243	127	657	110	558	399	5.5435771	0.0919228	25	0.0435599	0.0084420	0.0504698	0.0099288	0.0138831	7.22305e-04	1.39984e-04	8.36883e-04	1.64638e-04	(lhood=-1.80506e+05)

Current search range : [  1.00000e+02  ;  1.00000e+05  ]
Brent minimization result: N_B = 1.27263e+02 (lhood = -1.80510e+05)

Current parameters:
51243	127	657	110	558	399	5.5435771	0.0919228	25	0.0435599	0.0084420	0.0504698	0.0099288	0.0138831	7.22305e-04	1.39984e-04	8.36883e-04	1.64638e-04	(lhood=-1.80510e+05)

Current search range : [  1.00000e+02  ;  1.00000e+05  ]
Brent minimization result: N_C = 6.90904e+02 (lhood = -1.80511e+05)

Current parameters:
51243	127	691	110	558	399	5.5435771	0.0919228	25	0.0435599	0.0080237	0.0504698	0.0099288	0.0138831	7.22305e-04	1.33047e-04	8.36883e-04	1.64638e-04	(lhood=-1.80511e+05)

Current search range : [  1.00000e+02  ;  1.00000e+05  ]
Brent minimization result: N_D = 1.09840e+02 (lhood = -1.80515e+05)

Current parameters:
51243	127	691	110	558	399	5.5435771	0.0919228	25	0.0435599	0.0080237	0.0504698	0.0099288	0.0138831	7.22305e-04	1.33047e-04	8.36883e-04	1.64638e-04	(lhood=-1.80515e+05)

Current search range : [  1.00000e+02  ;  1.00000e+05  ]
Brent minimization result: N_E = 5.71852e+02 (lhood = -1.80508e+05)

Current parameters:
51243	127	691	110	572	399	5.5435771	0.0919228	25	0.0435599	0.0080237	0.0504698	0.0096941	0.0138831	7.22305e-04	1.33047e-04	8.36883e-04	1.60746e-04	(lhood=-1.80508e+05)

Current search range : [  1.00000e+02  ;  1.00000e+05  ]
Brent minimization result: N_F = 3.99304e+02 (lhood = -1.80511e+05)

Current parameters:
51243	127	691	110	572	399	5.5435771	0.0919228	25	0.0435599	0.0080237	0.0504698	0.0096941	0.0138831	7.22305e-04	1.33047e-04	8.36883e-04	1.60746e-04	(lhood=-1.80511e+05)

Current search range : [  1.00000e-02  ;  2.00000e+01  ]
Brent minimization result: NMIG_1POP = 5.43637e+00 (lhood = -1.80508e+05)

Current parameters:
51243	127	691	110	572	399	5.4363672	0.0919228	25	0.0427175	0.0078685	0.0494937	0.0095066	0.0136146	7.22305e-04	1.33047e-04	8.36883e-04	1.60746e-04	(lhood=-1.80508e+05)

Current search range : [  1.00000e-03  ;  2.00000e+00  ]
Brent minimization result: NMIG_2POP = 1.63479e-02 (lhood = -1.80508e+05)

Current parameters:
51243	127	691	110	572	399	5.4363672	0.0163479	25	0.0427175	0.0078685	0.0494937	0.0095066	0.0136146	1.28458e-04	2.36616e-05	1.48834e-04	2.85877e-05	(lhood=-1.80508e+05)

Current search range : [  1.00000e+01  ;  2.00000e+02  ]
Brent minimization result: TDIV = 2.46121e+01 (lhood = -1.80513e+05)

Current parameters:
51243	127	691	110	572	399	5.4363672	0.0163479	25	0.0427175	0.0078685	0.0494937	0.0095066	0.0136146	1.28458e-04	2.36616e-05	1.48834e-04	2.85877e-05	(lhood=-1.80513e+05)

Iter 5	Curr best params:	51243	127	657	110	558	399	5.5435771	0.0919228	25	0.0435599	0.0084420	0.0504698	0.0099288	0.0138831	7.22305e-04	1.39984e-04	8.36883e-04	1.64638e-04	lhood=-1.80506e+05

200000 simulations per lhood estimation

Current search range : [  1.00000e+02  ;  1.00000e+05  ]
Brent minimization result: N_A = 5.83566e+04 (lhood = -1.80512e+05)

Current parameters:
58357	127	691	110	572	399	5.4363672	0.0163479	25	0.0427175	0.0078685	0.0494937	0.0095066	0.0136146	1.28458e-04	2.36616e-05	1.48834e-04	2.85877e-05	(lhood=-1.80512e+05)

Current search range : [  1.00000e+02  ;  1.00000e+05  ]
Brent minimization result: N_B = 1.25382e+02 (lhood = -1.80520e+05)

Current parameters:
58357	125	691	110	572	399	5.4363672	0.0163479	25	0.0433583	0.0078685	0.0494937	0.0095066	0.0136146	1.30384e-04	2.36616e-05	1.48834e-04	2.85877e-05	(lhood=-1.80520e+05)

Current search range : [  1.00000e+02  ;  1.00000e+05  ]
Brent minimization result: N_C = 6.31925e+02 (lhood = -1.80505e+05)

Current parameters:
58357	125	632	110	572	399	5.4363672	0.0163479	25	0.0433583	0.0086029	0.0494937	0.0095066	0.0136146	1.30384e-04	2.58700e-05	1.48834e-04	2.85877e-05	(lhood=-1.80505e+05)

Current search range : [  1.00000e+02  ;  1.00000e+05  ]
Brent minimization result: N_D = 1.10938e+02 (lhood = -1.80506e+05)

Current parameters:
58357	125	632	111	572	399	5.4363672	0.0163479	25	0.0433583	0.0086029	0.0490037	0.0095066	0.0136146	1.30384e-04	2.58700e-05	1.47361e-04	2.85877e-05	(lhood=-1.80506e+05)

Current search range : [  1.00000e+02  ;  1.00000e+05  ]
Brent minimization result: N_E = 6.37289e+02 (lhood = -1.80512e+05)

Current parameters:
58357	125	632	111	637	399	5.4363672	0.0163479	25	0.0433583	0.0086029	0.0490037	0.0085305	0.0136146	1.30384e-04	2.58700e-05	1.47361e-04	2.56523e-05	(lhood=-1.80512e+05)

Current search range : [  1.00000e+02  ;  1.00000e+05  ]
Brent minimization result: N_F = 4.21004e+02 (lhood = -1.80509e+05)

Current parameters:
58357	125	632	111	637	421	5.4363672	0.0163479	25	0.0433583	0.0086029	0.0490037	0.0085305	0.0129129	1.30384e-04	2.58700e-05	1.47361e-04	2.56523e-05	(lhood=-1.80509e+05)

Current search range : [  1.00000e-02  ;  2.00000e+01  ]
Brent minimization result: NMIG_1POP = 5.43637e+00 (lhood = -1.80508e+05)

Current parameters:
58357	125	632	111	637	421	5.4363672	0.0163479	25	0.0433583	0.0086029	0.0490037	0.0085305	0.0129129	1.30384e-04	2.58700e-05	1.47361e-04	2.56523e-05	(lhood=-1.80508e+05)

Current search range : [  1.00000e-03  ;  2.00000e+00  ]
Brent minimization result: NMIG_2POP = 1.23320e-01 (lhood = -1.80504e+05)

Current parameters:
58357	125	632	111	637	421	5.4363672	0.1233196	25	0.0433583	0.0086029	0.0490037	0.0085305	0.0129129	9.83548e-04	1.95149e-04	0.0011116	1.93507e-04	(lhood=-1.80504e+05)

Current search range : [  1.00000e+01  ;  2.00000e+02  ]
Brent minimization result: TDIV = 2.51227e+01 (lhood = -1.80500e+05)

Current parameters:
58357	125	632	111	637	421	5.4363672	0.1233196	25	0.0433583	0.0086029	0.0490037	0.0085305	0.0129129	9.83548e-04	1.95149e-04	0.0011116	1.93507e-04	(lhood=-1.80500e+05)

Iter 6	Curr best params:	58357	125	632	111	637	421	5.4363672	0.1233196	25	0.0433583	0.0086029	0.0490037	0.0085305	0.0129129	9.83548e-04	1.95149e-04	0.0011116	1.93507e-04	lhood=-1.80500e+05

200000 simulations per lhood estimation

Current search range : [  1.00000e+02  ;  1.00000e+05  ]
Brent minimization result: N_A = 4.71169e+04 (lhood = -1.80516e+05)

Current parameters:
47117	125	632	111	637	421	5.4363672	0.1233196	25	0.0433583	0.0086029	0.0490037	0.0085305	0.0129129	9.83548e-04	1.95149e-04	0.0011116	1.93507e-04	(lhood=-1.80516e+05)

Current search range : [  1.00000e+02  ;  1.00000e+05  ]
Brent minimization result: N_B = 1.18536e+02 (lhood = -1.80512e+05)

Current parameters:
47117	119	632	111	637	421	5.4363672	0.1233196	25	0.0458624	0.0086029	0.0490037	0.0085305	0.0129129	0.0010404	1.95149e-04	0.0011116	1.93507e-04	(lhood=-1.80512e+05)

Current search range : [  1.00000e+02  ;  1.00000e+05  ]
Brent minimization result: N_C = 6.05016e+02 (lhood = -1.80500e+05)

Current parameters:
47117	119	605	111	637	421	5.4363672	0.1233196	25	0.0458624	0.0089855	0.0490037	0.0085305	0.0129129	0.0010404	2.03829e-04	0.0011116	1.93507e-04	(lhood=-1.80500e+05)

Current search range : [  1.00000e+02  ;  1.00000e+05  ]
Brent minimization result: N_D = 1.15317e+02 (lhood = -1.80477e+05)

Current parameters:
47117	119	605	115	637	421	5.4363672	0.1233196	25	0.0458624	0.0089855	0.0471430	0.0085305	0.0129129	0.0010404	2.03829e-04	0.0010694	1.93507e-04	(lhood=-1.80477e+05)

Current search range : [  1.00000e+02  ;  1.00000e+05  ]
Brent minimization result: N_E = 6.30916e+02 (lhood = -1.80466e+05)

Current parameters:
47117	119	605	115	631	421	5.4363672	0.1233196	25	0.0458624	0.0089855	0.0471430	0.0086166	0.0129129	0.0010404	2.03829e-04	0.0010694	1.95461e-04	(lhood=-1.80466e+05)

Current search range : [  1.00000e+02  ;  1.00000e+05  ]
Brent minimization result: N_F = 4.34609e+02 (lhood = -1.80481e+05)

Current parameters:
47117	119	605	115	631	435	5.4363672	0.1233196	25	0.0458624	0.0089855	0.0471430	0.0086166	0.0125086	0.0010404	2.03829e-04	0.0010694	1.95461e-04	(lhood=-1.80481e+05)

Current search range : [  1.00000e-02  ;  2.00000e+01  ]
Brent minimization result: NMIG_1POP = 5.57397e+00 (lhood = -1.80492e+05)

Current parameters:
47117	119	605	115	631	435	5.5739673	0.1233196	25	0.0470232	0.0092129	0.0483362	0.0088347	0.0128253	0.0010404	2.03829e-04	0.0010694	1.95461e-04	(lhood=-1.80492e+05)

Current search range : [  1.00000e-03  ;  2.00000e+00  ]
Brent minimization result: NMIG_2POP = 2.10935e-01 (lhood = -1.80470e+05)

Current parameters:
47117	119	605	115	631	435	5.5739673	0.2109351	25	0.0470232	0.0092129	0.0483362	0.0088347	0.0128253	0.0017795	3.48644e-04	0.0018292	3.34331e-04	(lhood=-1.80470e+05)

Current search range : [  1.00000e+01  ;  2.00000e+02  ]
Brent minimization result: TDIV = 2.51227e+01 (lhood = -1.80486e+05)

Current parameters:
47117	119	605	115	631	435	5.5739673	0.2109351	25	0.0470232	0.0092129	0.0483362	0.0088347	0.0128253	0.0017795	3.48644e-04	0.0018292	3.34331e-04	(lhood=-1.80486e+05)

Iter 7	Curr best params:	47117	119	605	115	631	421	5.4363672	0.1233196	25	0.0458624	0.0089855	0.0471430	0.0086166	0.0129129	0.0010404	2.03829e-04	0.0010694	1.95461e-04	lhood=-1.80466e+05

200000 simulations per lhood estimation

Current search range : [  1.00000e+02  ;  1.00000e+05  ]
Brent minimization result: N_A = 4.61161e+04 (lhood = -1.80471e+05)

Current parameters:
46116	119	605	115	631	435	5.5739673	0.2109351	25	0.0470232	0.0092129	0.0483362	0.0088347	0.0128253	0.0017795	3.48644e-04	0.0018292	3.34331e-04	(lhood=-1.80471e+05)

Current search range : [  1.00000e+02  ;  1.00000e+05  ]
Brent minimization result: N_B = 1.17351e+02 (lhood = -1.80478e+05)

Current parameters:
46116	117	605	115	631	435	5.5739673	0.2109351	25	0.0474982	0.0092129	0.0483362	0.0088347	0.0128253	0.0017975	3.48644e-04	0.0018292	3.34331e-04	(lhood=-1.80478e+05)

Current search range : [  1.00000e+02  ;  1.00000e+05  ]
Brent minimization result: N_C = 6.22893e+02 (lhood = -1.80477e+05)

Current parameters:
46116	117	623	115	631	435	5.5739673	0.2109351	25	0.0474982	0.0089485	0.0483362	0.0088347	0.0128253	0.0017975	3.38638e-04	0.0018292	3.34331e-04	(lhood=-1.80477e+05)

Current search range : [  1.00000e+02  ;  1.00000e+05  ]
Brent minimization result: N_D = 1.21780e+02 (lhood = -1.80486e+05)

Current parameters:
46116	117	623	122	631	435	5.5739673	0.2109351	25	0.0474982	0.0089485	0.0457706	0.0088347	0.0128253	0.0017975	3.38638e-04	0.0017321	3.34331e-04	(lhood=-1.80486e+05)

Current search range : [  1.00000e+02  ;  1.00000e+05  ]
Brent minimization result: N_E = 5.94345e+02 (lhood = -1.80486e+05)

Current parameters:
46116	117	623	122	594	435	5.5739673	0.2109351	25	0.0474982	0.0089485	0.0457706	0.0093783	0.0128253	0.0017975	3.38638e-04	0.0017321	3.54904e-04	(lhood=-1.80486e+05)

Current search range : [  1.00000e+02  ;  1.00000e+05  ]
Brent minimization result: N_F = 4.58619e+02 (lhood = -1.80484e+05)

Current parameters:
46116	117	623	122	594	459	5.5739673	0.2109351	25	0.0474982	0.0089485	0.0457706	0.0093783	0.0121538	0.0017975	3.38638e-04	0.0017321	3.54904e-04	(lhood=-1.80484e+05)

Current search range : [  1.00000e-02  ;  2.00000e+01  ]
Brent minimization result: NMIG_1POP = 5.57397e+00 (lhood = -1.80504e+05)

Current parameters:
46116	117	623	122	594	459	5.5739673	0.2109351	25	0.0474982	0.0089485	0.0457706	0.0093783	0.0121538	0.0017975	3.38638e-04	0.0017321	3.54904e-04	(lhood=-1.80504e+05)

Current search range : [  1.00000e-03  ;  2.00000e+00  ]
Brent minimization result: NMIG_2POP = 4.89243e-01 (lhood = -1.80483e+05)

Current parameters:
46116	117	623	122	594	459	5.5739673	0.4892428	25	0.0474982	0.0089485	0.0457706	0.0093783	0.0121538	0.0041691	7.85436e-04	0.0040174	8.23164e-04	(lhood=-1.80483e+05)

Current search range : [  1.00000e+01  ;  2.00000e+02  ]
Brent minimization result: TDIV = 2.51227e+01 (lhood = -1.80485e+05)

Current parameters:
46116	117	623	122	594	459	5.5739673	0.4892428	25	0.0474982	0.0089485	0.0457706	0.0093783	0.0121538	0.0041691	7.85436e-04	0.0040174	8.23164e-04	(lhood=-1.80485e+05)

Iter 8	Curr best params:	47117	119	605	115	631	421	5.4363672	0.1233196	25	0.0458624	0.0089855	0.0471430	0.0086166	0.0129129	0.0010404	2.03829e-04	0.0010694	1.95461e-04	lhood=-1.80466e+05

200000 simulations per lhood estimation

Current search range : [  1.00000e+02  ;  1.00000e+05  ]
Brent minimization result: N_A = 8.72797e+04 (lhood = -1.80475e+05)

Current parameters:
87280	117	623	122	594	459	5.5739673	0.4892428	25	0.0474982	0.0089485	0.0457706	0.0093783	0.0121538	0.0041691	7.85436e-04	0.0040174	8.23164e-04	(lhood=-1.80475e+05)

Current search range : [  1.00000e+02  ;  1.00000e+05  ]
Brent minimization result: N_B = 1.17351e+02 (lhood = -1.80482e+05)

Current parameters:
87280	117	623	122	594	459	5.5739673	0.4892428	25	0.0474982	0.0089485	0.0457706	0.0093783	0.0121538	0.0041691	7.85436e-04	0.0040174	8.23164e-04	(lhood=-1.80482e+05)

Current search range : [  1.00000e+02  ;  1.00000e+05  ]
Brent minimization result: N_C = 5.37429e+02 (lhood = -1.80458e+05)

Current parameters:
87280	117	537	122	594	459	5.5739673	0.4892428	25	0.0474982	0.0103715	0.0457706	0.0093783	0.0121538	0.0041691	9.10339e-04	0.0040174	8.23164e-04	(lhood=-1.80458e+05)

Current search range : [  1.00000e+02  ;  1.00000e+05  ]
Brent minimization result: N_D = 1.21780e+02 (lhood = -1.80462e+05)

Current parameters:
87280	117	537	122	594	459	5.5739673	0.4892428	25	0.0474982	0.0103715	0.0457706	0.0093783	0.0121538	0.0041691	9.10339e-04	0.0040174	8.23164e-04	(lhood=-1.80462e+05)

Current search range : [  1.00000e+02  ;  1.00000e+05  ]
Brent minimization result: N_E = 5.94345e+02 (lhood = -1.80464e+05)

Current parameters:
87280	117	537	122	594	459	5.5739673	0.4892428	25	0.0474982	0.0103715	0.0457706	0.0093783	0.0121538	0.0041691	9.10339e-04	0.0040174	8.23164e-04	(lhood=-1.80464e+05)

Current search range : [  1.00000e+02  ;  1.00000e+05  ]
Brent minimization result: N_F = 4.58619e+02 (lhood = -1.80473e+05)

Current parameters:
87280	117	537	122	594	459	5.5739673	0.4892428	25	0.0474982	0.0103715	0.0457706	0.0093783	0.0121538	0.0041691	9.10339e-04	0.0040174	8.23164e-04	(lhood=-1.80473e+05)

Current search range : [  1.00000e-02  ;  2.00000e+01  ]
Brent minimization result: NMIG_1POP = 5.41422e+00 (lhood = -1.80472e+05)

Current parameters:
87280	117	537	122	594	459	5.4142242	0.4892428	25	0.0461370	0.0100743	0.0444589	0.0091096	0.0118055	0.0041691	9.10339e-04	0.0040174	8.23164e-04	(lhood=-1.80472e+05)

Current search range : [  1.00000e-03  ;  2.00000e+00  ]
Brent minimization result: NMIG_2POP = 9.51126e-01 (lhood = -1.80450e+05)

Current parameters:
87280	117	537	122	594	459	5.4142242	0.9511263	25	0.0461370	0.0100743	0.0444589	0.0091096	0.0118055	0.0081050	0.0017698	0.0078102	0.0016003	(lhood=-180449.6536045)

Current search range : [  10.0000000  ;  200.0000000  ]
Brent minimization result: TDIV = 28.2962644 (lhood = -180430.1114558)

Current parameters:
87280	117	537	122	594	459	5.4142242	0.9511263	28	0.0461370	0.0100743	0.0444589	0.0091096	0.0118055	0.0081050	0.0017698	0.0078102	0.0016003	(lhood=-180430.1114558)

Iter 9	Curr best params:	87280	117	537	122	594	459	5.4142242	0.9511263	28	0.0461370	0.0100743	0.0444589	0.0091096	0.0118055	0.0081050	0.0017698	0.0078102	0.0016003	lhood=-180430.1114558

200000 simulations per lhood estimation

Current search range : [  100.0000000  ;  120579.7298819  ]
Brent minimization result: N_A = 83815.1306330 (lhood = -180438.1125769)

Current parameters:
83815	117	537	122	594	459	5.4142242	0.9511263	28	0.0461370	0.0100743	0.0444589	0.0091096	0.0118055	0.0081050	0.0017698	0.0078102	0.0016003	(lhood=-180438.1125769)

Current search range : [  100.0000000  ;  100000.0000000  ]
Brent minimization result: N_B = 117.3511023 (lhood = -180432.3247340)

Current parameters:
83815	117	537	122	594	459	5.4142242	0.9511263	28	0.0461370	0.0100743	0.0444589	0.0091096	0.0118055	0.0081050	0.0017698	0.0078102	0.0016003	(lhood=-180432.3247340)

Current search range : [  100.0000000  ;  100000.0000000  ]
Brent minimization result: N_C = 537.4293294 (lhood = -180444.6611722)

Current parameters:
83815	117	537	122	594	459	5.4142242	0.9511263	28	0.0461370	0.0100743	0.0444589	0.0091096	0.0118055	0.0081050	0.0017698	0.0078102	0.0016003	(lhood=-180444.6611722)

Current search range : [  100.0000000  ;  100000.0000000  ]
Brent minimization result: N_D = 113.0777101 (lhood = -180416.6085781)

Current parameters:
83815	117	537	113	594	459	5.4142242	0.9511263	28	0.0461370	0.0100743	0.0478806	0.0091096	0.0118055	0.0081050	0.0017698	0.0084113	0.0016003	(lhood=-180416.6085781)

Current search range : [  100.0000000  ;  100000.0000000  ]
Brent minimization result: N_E = 594.3445915 (lhood = -180430.2996922)

Current parameters:
83815	117	537	113	594	459	5.4142242	0.9511263	28	0.0461370	0.0100743	0.0478806	0.0091096	0.0118055	0.0081050	0.0017698	0.0084113	0.0016003	(lhood=-180430.2996922)

Current search range : [  100.0000000  ;  100000.0000000  ]
Brent minimization result: N_F = 508.0957804 (lhood = -180449.5777631)

Current parameters:
83815	117	537	113	594	508	5.4142242	0.9511263	28	0.0461370	0.0100743	0.0478806	0.0091096	0.0106559	0.0081050	0.0017698	0.0084113	0.0016003	(lhood=-180449.5777631)

Current search range : [  0.0100000  ;  20.0000000  ]
Brent minimization result: NMIG_1POP = 5.4142242 (lhood = -180440.7375569)

Current parameters:
83815	117	537	113	594	508	5.4142242	0.9511263	28	0.0461370	0.0100743	0.0478806	0.0091096	0.0106559	0.0081050	0.0017698	0.0084113	0.0016003	(lhood=-180440.7375569)

Current search range : [  0.0010000  ;  2.0000000  ]
Brent minimization result: NMIG_2POP = 1.4780121 (lhood = -180395.5919094)

Current parameters:
83815	117	537	113	594	508	5.4142242	1.4780121	28	0.0461370	0.0100743	0.0478806	0.0091096	0.0106559	0.0125948	0.0027502	0.0130708	0.0024868	(lhood=-180395.5919094)

Current search range : [  10.0000000  ;  200.0000000  ]
Brent minimization result: TDIV = 28.6602369 (lhood = -180396.4243891)

Current parameters:
83815	117	537	113	594	508	5.4142242	1.4780121	29	0.0461370	0.0100743	0.0478806	0.0091096	0.0106559	0.0125948	0.0027502	0.0130708	0.0024868	(lhood=-180396.4243891)

Iter 10	Curr best params:	83815	117	537	113	594	508	5.4142242	1.4780121	28	0.0461370	0.0100743	0.0478806	0.0091096	0.0106559	0.0125948	0.0027502	0.0130708	0.0024868	lhood=-180395.5919094

200000 simulations per lhood estimation

Current search range : [  100.0000000  ;  117115.1306330  ]
Brent minimization result: N_A = 85341.3256191 (lhood = -180393.9071094)

Current parameters:
85341	117	537	113	594	508	5.4142242	1.4780121	29	0.0461370	0.0100743	0.0478806	0.0091096	0.0106559	0.0125948	0.0027502	0.0130708	0.0024868	(lhood=-180393.9071094)

Current search range : [  100.0000000  ;  100000.0000000  ]
Brent minimization result: N_B = 114.7922656 (lhood = -180395.0813026)

Current parameters:
85341	115	537	113	594	508	5.4142242	1.4780121	29	0.0471654	0.0100743	0.0478806	0.0091096	0.0106559	0.0128755	0.0027502	0.0130708	0.0024868	(lhood=-180395.0813026)

Current search range : [  100.0000000  ;  100000.0000000  ]
Brent minimization result: N_C = 486.1566904 (lhood = -180370.5679974)

Current parameters:
85341	115	486	113	594	508	5.4142242	1.4780121	29	0.0471654	0.0111368	0.0478806	0.0091096	0.0106559	0.0128755	0.0030402	0.0130708	0.0024868	(lhood=-180370.5679974)

Current search range : [  100.0000000  ;  100000.0000000  ]
Brent minimization result: N_D = 117.3328659 (lhood = -180382.8039077)

Current parameters:
85341	115	486	117	594	508	5.4142242	1.4780121	29	0.0471654	0.0111368	0.0461441	0.0091096	0.0106559	0.0128755	0.0030402	0.0125967	0.0024868	(lhood=-180382.8039077)

Current search range : [  100.0000000  ;  100000.0000000  ]
Brent minimization result: N_E = 682.6692167 (lhood = -180355.7569299)

Current parameters:
85341	115	486	117	683	508	5.4142242	1.4780121	29	0.0471654	0.0111368	0.0461441	0.0079310	0.0106559	0.0128755	0.0030402	0.0125967	0.0021650	(lhood=-180355.7569299)

Current search range : [  100.0000000  ;  100000.0000000  ]
Brent minimization result: N_F = 498.1924527 (lhood = -180351.8378255)

Current parameters:
85341	115	486	117	683	498	5.4142242	1.4780121	29	0.0471654	0.0111368	0.0461441	0.0079310	0.0108677	0.0128755	0.0030402	0.0125967	0.0021650	(lhood=-180351.8378255)

Current search range : [  0.0100000  ;  20.0000000  ]
Brent minimization result: NMIG_1POP = 5.0218927 (lhood = -180363.3470931)

Current parameters:
85341	115	486	117	683	498	5.0218927	1.4780121	29	0.0437477	0.0103298	0.0428004	0.0073563	0.0100802	0.0128755	0.0030402	0.0125967	0.0021650	(lhood=-180363.3470931)

Current search range : [  0.0010000  ;  2.0000000  ]
Brent minimization result: NMIG_2POP = 1.9468791 (lhood = -180299.6146699)

Current parameters:
85341	115	486	117	683	498	5.0218927	1.9468791	29	0.0437477	0.0103298	0.0428004	0.0073563	0.0100802	0.0169600	0.0040046	0.0165928	0.0028519	(lhood=-180299.6146699)

Current search range : [  10.0000000  ;  200.0000000  ]
Brent minimization result: TDIV = 31.8428027 (lhood = -180288.8119367)

Current parameters:
85341	115	486	117	683	498	5.0218927	1.9468791	32	0.0437477	0.0103298	0.0428004	0.0073563	0.0100802	0.0169600	0.0040046	0.0165928	0.0028519	(lhood=-180288.8119367)

Iter 11	Curr best params:	85341	115	486	117	683	498	5.0218927	1.9468791	32	0.0437477	0.0103298	0.0428004	0.0073563	0.0100802	0.0169600	0.0040046	0.0165928	0.0028519	lhood=-180288.8119367

200000 simulations per lhood estimation

Current search range : [  100.0000000  ;  118641.3256191  ]
Brent minimization result: N_A = 52137.4063862 (lhood = -180289.2312580)

Current parameters:
52137	115	486	117	683	498	5.0218927	1.9468791	32	0.0437477	0.0103298	0.0428004	0.0073563	0.0100802	0.0169600	0.0040046	0.0165928	0.0028519	(lhood=-180289.2312580)

Current search range : [  100.0000000  ;  100000.0000000  ]
Brent minimization result: N_B = 114.7922656 (lhood = -180304.2336501)

Current parameters:
52137	115	486	117	683	498	5.0218927	1.9468791	32	0.0437477	0.0103298	0.0428004	0.0073563	0.0100802	0.0169600	0.0040046	0.0165928	0.0028519	(lhood=-180304.2336501)

Current search range : [  100.0000000  ;  100000.0000000  ]
Brent minimization result: N_C = 486.1566904 (lhood = -180294.9075817)

Current parameters:
52137	115	486	117	683	498	5.0218927	1.9468791	32	0.0437477	0.0103298	0.0428004	0.0073563	0.0100802	0.0169600	0.0040046	0.0165928	0.0028519	(lhood=-180294.9075817)

Current search range : [  100.0000000  ;  100000.0000000  ]
Brent minimization result: N_D = 122.1004619 (lhood = -180284.6557743)

Current parameters:
52137	115	486	122	683	498	5.0218927	1.9468791	32	0.0437477	0.0103298	0.0411292	0.0073563	0.0100802	0.0169600	0.0040046	0.0159449	0.0028519	(lhood=-180284.6557743)

Current search range : [  100.0000000  ;  100000.0000000  ]
Brent minimization result: N_E = 682.6692167 (lhood = -180297.1319507)

Current parameters:
52137	115	486	122	683	498	5.0218927	1.9468791	32	0.0437477	0.0103298	0.0411292	0.0073563	0.0100802	0.0169600	0.0040046	0.0159449	0.0028519	(lhood=-180297.1319507)

Current search range : [  100.0000000  ;  100000.0000000  ]
Brent minimization result: N_F = 527.5334392 (lhood = -180293.4090552)

Current parameters:
52137	115	486	122	683	528	5.0218927	1.9468791	32	0.0437477	0.0103298	0.0411292	0.0073563	0.0095196	0.0169600	0.0040046	0.0159449	0.0028519	(lhood=-180293.4090552)

Current search range : [  0.0100000  ;  20.0000000  ]
Brent minimization result: NMIG_1POP = 4.6987366 (lhood = -180283.6385188)

Current parameters:
52137	115	486	122	683	528	4.6987366	1.9468791	32	0.0409325	0.0096651	0.0384825	0.0068829	0.0089070	0.0169600	0.0040046	0.0159449	0.0028519	(lhood=-180283.6385188)

Current search range : [  0.0010000  ;  2.0000000  ]
Brent minimization result: NMIG_2POP = 1.9468791 (lhood = -180300.8898052)

Current parameters:
52137	115	486	122	683	528	4.6987366	1.9468791	32	0.0409325	0.0096651	0.0384825	0.0068829	0.0089070	0.0169600	0.0040046	0.0159449	0.0028519	(lhood=-180300.8898052)

Current search range : [  10.0000000  ;  200.0000000  ]
Brent minimization result: TDIV = 32.9698618 (lhood = -180293.4745277)

Current parameters:
52137	115	486	122	683	528	4.6987366	1.9468791	33	0.0409325	0.0096651	0.0384825	0.0068829	0.0089070	0.0169600	0.0040046	0.0159449	0.0028519	(lhood=-180293.4745277)

Iter 12	Curr best params:	52137	115	486	122	683	528	4.6987366	1.9468791	32	0.0409325	0.0096651	0.0384825	0.0068829	0.0089070	0.0169600	0.0040046	0.0159449	0.0028519	lhood=-180283.6385188

200000 simulations per lhood estimation

Current search range : [  100.0000000  ;  100000.0000000  ]
Brent minimization result: N_A = 52137.4063862 (lhood = -180285.6778739)

Current parameters:
52137	115	486	122	683	528	4.6987366	1.9468791	33	0.0409325	0.0096651	0.0384825	0.0068829	0.0089070	0.0169600	0.0040046	0.0159449	0.0028519	(lhood=-180285.6778739)

Current search range : [  100.0000000  ;  100000.0000000  ]
Brent minimization result: N_B = 117.0995901 (lhood = -180298.5345069)

Current parameters:
52137	117	486	122	683	528	4.6987366	1.9468791	33	0.0401260	0.0096651	0.0384825	0.0068829	0.0089070	0.0166258	0.0040046	0.0159449	0.0028519	(lhood=-180298.5345069)

Current search range : [  100.0000000  ;  100000.0000000  ]
Brent minimization result: N_C = 455.6046588 (lhood = -180277.8508590)

Current parameters:
52137	117	456	122	683	528	4.6987366	1.9468791	33	0.0401260	0.0103132	0.0384825	0.0068829	0.0089070	0.0166258	0.0042732	0.0159449	0.0028519	(lhood=-180277.8508590)

Current search range : [  100.0000000  ;  100000.0000000  ]
Brent minimization result: N_D = 122.1004619 (lhood = -180275.8461745)

Current parameters:
52137	117	456	122	683	528	4.6987366	1.9468791	33	0.0401260	0.0103132	0.0384825	0.0068829	0.0089070	0.0166258	0.0042732	0.0159449	0.0028519	(lhood=-180275.8461745)

Current search range : [  100.0000000  ;  100000.0000000  ]
Brent minimization result: N_E = 744.8479132 (lhood = -180287.2164784)

Current parameters:
52137	117	456	122	745	528	4.6987366	1.9468791	33	0.0401260	0.0103132	0.0384825	0.0063083	0.0089070	0.0166258	0.0042732	0.0159449	0.0026138	(lhood=-180287.2164784)

Current search range : [  100.0000000  ;  100000.0000000  ]
Brent minimization result: N_F = 527.5334392 (lhood = -180284.3365757)

Current parameters:
52137	117	456	122	745	528	4.6987366	1.9468791	33	0.0401260	0.0103132	0.0384825	0.0063083	0.0089070	0.0166258	0.0042732	0.0159449	0.0026138	(lhood=-180284.3365757)

Current search range : [  0.0100000  ;  20.0000000  ]
Brent minimization result: NMIG_1POP = 4.6987366 (lhood = -180273.1802175)

Current parameters:
52137	117	456	122	745	528	4.6987366	1.9468791	33	0.0401260	0.0103132	0.0384825	0.0063083	0.0089070	0.0166258	0.0042732	0.0159449	0.0026138	(lhood=-180273.1802175)

Current search range : [  0.0010000  ;  2.0000000  ]
Brent minimization result: NMIG_2POP = 1.9339516 (lhood = -180280.3183550)

Current parameters:
52137	117	456	122	745	528	4.6987366	1.9339516	33	0.0401260	0.0103132	0.0384825	0.0063083	0.0089070	0.0165154	0.0042448	0.0158390	0.0025964	(lhood=-180280.3183550)

Current search range : [  10.0000000  ;  200.0000000  ]
Brent minimization result: TDIV = 31.6898920 (lhood = -180281.3421232)

Current parameters:
52137	117	456	122	745	528	4.6987366	1.9339516	32	0.0401260	0.0103132	0.0384825	0.0063083	0.0089070	0.0165154	0.0042448	0.0158390	0.0025964	(lhood=-180281.3421232)

Iter 13	Curr best params:	52137	117	456	122	745	528	4.6987366	1.9468791	33	0.0401260	0.0103132	0.0384825	0.0063083	0.0089070	0.0166258	0.0042732	0.0159449	0.0026138	lhood=-180273.1802175

200000 simulations per lhood estimation

Current search range : [  100.0000000  ;  100000.0000000  ]
Brent minimization result: N_A = 81718.1153637 (lhood = -180274.4030000)

Current parameters:
81718	117	456	122	745	528	4.6987366	1.9339516	32	0.0401260	0.0103132	0.0384825	0.0063083	0.0089070	0.0165154	0.0042448	0.0158390	0.0025964	(lhood=-180274.4030000)

Current search range : [  100.0000000  ;  100000.0000000  ]
Brent minimization result: N_B = 114.7693083 (lhood = -180276.5826435)

Current parameters:
81718	115	456	122	745	528	4.6987366	1.9339516	32	0.0409407	0.0103132	0.0384825	0.0063083	0.0089070	0.0168508	0.0042448	0.0158390	0.0025964	(lhood=-180276.5826435)

Current search range : [  100.0000000  ;  100000.0000000  ]
Brent minimization result: N_C = 440.9613623 (lhood = -180276.4813503)

Current parameters:
81718	115	441	122	745	528	4.6987366	1.9339516	32	0.0409407	0.0106557	0.0384825	0.0063083	0.0089070	0.0168508	0.0043858	0.0158390	0.0025964	(lhood=-180276.4813503)

Current search range : [  100.0000000  ;  100000.0000000  ]
Brent minimization result: N_D = 120.6807807 (lhood = -180284.7773865)

Current parameters:
81718	115	441	121	745	528	4.6987366	1.9339516	32	0.0409407	0.0106557	0.0389353	0.0063083	0.0089070	0.0168508	0.0043858	0.0160253	0.0025964	(lhood=-180284.7773865)

Current search range : [  100.0000000  ;  100000.0000000  ]
Brent minimization result: N_E = 782.6632123 (lhood = -180270.2720494)

Current parameters:
81718	115	441	121	783	528	4.6987366	1.9339516	32	0.0409407	0.0106557	0.0389353	0.0060035	0.0089070	0.0168508	0.0043858	0.0160253	0.0024710	(lhood=-180270.2720494)

Current search range : [  100.0000000  ;  100000.0000000  ]
Brent minimization result: N_F = 503.7078193 (lhood = -180292.5302083)

Current parameters:
81718	115	441	121	783	504	4.6987366	1.9339516	32	0.0409407	0.0106557	0.0389353	0.0060035	0.0093283	0.0168508	0.0043858	0.0160253	0.0024710	(lhood=-180292.5302083)

Current search range : [  0.0100000  ;  20.0000000  ]
Brent minimization result: NMIG_1POP = 4.6987366 (lhood = -180290.9483538)

Current parameters:
81718	115	441	121	783	504	4.6987366	1.9339516	32	0.0409407	0.0106557	0.0389353	0.0060035	0.0093283	0.0168508	0.0043858	0.0160253	0.0024710	(lhood=-180290.9483538)

Current search range : [  0.0010000  ;  2.0000000  ]
Brent minimization result: NMIG_2POP = 1.9589184 (lhood = -180280.9490751)

Current parameters:
81718	115	441	121	783	504	4.6987366	1.9589184	32	0.0409407	0.0106557	0.0389353	0.0060035	0.0093283	0.0170683	0.0044424	0.0162322	0.0025029	(lhood=-180280.9490751)

Current search range : [  10.0000000  ;  200.0000000  ]
Brent minimization result: TDIV = 32.1946415 (lhood = -180286.4332024)

Current parameters:
81718	115	441	121	783	504	4.6987366	1.9589184	32	0.0409407	0.0106557	0.0389353	0.0060035	0.0093283	0.0170683	0.0044424	0.0162322	0.0025029	(lhood=-180286.4332024)

Iter 14	Curr best params:	81718	115	441	121	783	528	4.6987366	1.9339516	32	0.0409407	0.0106557	0.0389353	0.0060035	0.0089070	0.0168508	0.0043858	0.0160253	0.0024710	lhood=-180270.2720494

200000 simulations per lhood estimation

Current search range : [  100.0000000  ;  115018.1153637  ]
Brent minimization result: N_A = 81718.1153637 (lhood = -180282.3577020)

Current parameters:
81718	115	441	121	783	504	4.6987366	1.9589184	32	0.0409407	0.0106557	0.0389353	0.0060035	0.0093283	0.0170683	0.0044424	0.0162322	0.0025029	(lhood=-180282.3577020)

Current search range : [  100.0000000  ;  100000.0000000  ]
Brent minimization result: N_B = 110.0031930 (lhood = -180275.8972322)

Current parameters:
81718	110	441	121	783	504	4.6987366	1.9589184	32	0.0427145	0.0106557	0.0389353	0.0060035	0.0093283	0.0178078	0.0044424	0.0162322	0.0025029	(lhood=-180275.8972322)

Current search range : [  100.0000000  ;  100000.0000000  ]
Brent minimization result: N_C = 440.9613623 (lhood = -180290.0508663)

Current parameters:
81718	110	441	121	783	504	4.6987366	1.9589184	32	0.0427145	0.0106557	0.0389353	0.0060035	0.0093283	0.0178078	0.0044424	0.0162322	0.0025029	(lhood=-180290.0508663)

Current search range : [  100.0000000  ;  100000.0000000  ]
Brent minimization result: N_D = 120.6807807 (lhood = -180276.6953896)

Current parameters:
81718	110	441	121	783	504	4.6987366	1.9589184	32	0.0427145	0.0106557	0.0389353	0.0060035	0.0093283	0.0178078	0.0044424	0.0162322	0.0025029	(lhood=-180276.6953896)

Current search range : [  100.0000000  ;  100000.0000000  ]
Brent minimization result: N_E = 748.3715961 (lhood = -180262.1412829)

Current parameters:
81718	110	441	121	748	504	4.6987366	1.9589184	32	0.0427145	0.0106557	0.0389353	0.0062786	0.0093283	0.0178078	0.0044424	0.0162322	0.0026176	(lhood=-180262.1412829)

Current search range : [  100.0000000  ;  100000.0000000  ]
Brent minimization result: N_F = 535.1700435 (lhood = -180269.6774493)

Current parameters:
81718	110	441	121	748	535	4.6987366	1.9589184	32	0.0427145	0.0106557	0.0389353	0.0062786	0.0087799	0.0178078	0.0044424	0.0162322	0.0026176	(lhood=-180269.6774493)

Current search range : [  0.0100000  ;  20.0000000  ]
Brent minimization result: NMIG_1POP = 5.0315901 (lhood = -180261.1887412)

Current parameters:
81718	110	441	121	748	535	5.0315901	1.9589184	32	0.0457404	0.0114105	0.0416934	0.0067234	0.0094019	0.0178078	0.0044424	0.0162322	0.0026176	(lhood=-180261.1887412)

Current search range : [  0.0010000  ;  2.0000000  ]
Brent minimization result: NMIG_2POP = 1.9413830 (lhood = -180261.1252574)

Current parameters:
81718	110	441	121	748	535	5.0315901	1.9413830	32	0.0457404	0.0114105	0.0416934	0.0067234	0.0094019	0.0176484	0.0044026	0.0160869	0.0025941	(lhood=-180261.1252574)

Current search range : [  10.0000000  ;  200.0000000  ]
Brent minimization result: TDIV = 31.3247669 (lhood = -180273.5844428)

Current parameters:
81718	110	441	121	748	535	5.0315901	1.9413830	31	0.0457404	0.0114105	0.0416934	0.0067234	0.0094019	0.0176484	0.0044026	0.0160869	0.0025941	(lhood=-180273.5844428)

Iter 15	Curr best params:	81718	110	441	121	748	535	5.0315901	1.9413830	32	0.0457404	0.0114105	0.0416934	0.0067234	0.0094019	0.0176484	0.0044026	0.0160869	0.0025941	lhood=-180261.1252574

200000 simulations per lhood estimation

Current search range : [  100.0000000  ;  115018.1153637  ]
Brent minimization result: N_A = 92017.6329869 (lhood = -180274.2881584)

Current parameters:
92018	110	441	121	748	535	5.0315901	1.9413830	31	0.0457404	0.0114105	0.0416934	0.0067234	0.0094019	0.0176484	0.0044026	0.0160869	0.0025941	(lhood=-180274.2881584)

Current search range : [  100.0000000  ;  100000.0000000  ]
Brent minimization result: N_B = 102.4635033 (lhood = -180279.6004716)

Current parameters:
92018	102	441	121	748	535	5.0315901	1.9413830	31	0.0491062	0.0114105	0.0416934	0.0067234	0.0094019	0.0189471	0.0044026	0.0160869	0.0025941	(lhood=-180279.6004716)

Current search range : [  100.0000000  ;  100000.0000000  ]
Brent minimization result: N_C = 436.5517487 (lhood = -180288.3799618)

Current parameters:
92018	102	437	121	748	535	5.0315901	1.9413830	31	0.0491062	0.0115258	0.0416934	0.0067234	0.0094019	0.0189471	0.0044471	0.0160869	0.0025941	(lhood=-180288.3799618)

Current search range : [  100.0000000  ;  100000.0000000  ]
Brent minimization result: N_D = 119.4739729 (lhood = -180282.3599766)

Current parameters:
92018	102	437	119	748	535	5.0315901	1.9413830	31	0.0491062	0.0115258	0.0421145	0.0067234	0.0094019	0.0189471	0.0044471	0.0162494	0.0025941	(lhood=-180282.3599766)

Current search range : [  100.0000000  ;  100000.0000000  ]
Brent minimization result: N_E = 790.7363087 (lhood = -180288.5329151)

Current parameters:
92018	102	437	119	791	535	5.0315901	1.9413830	31	0.0491062	0.0115258	0.0421145	0.0063632	0.0094019	0.0189471	0.0044471	0.0162494	0.0024552	(lhood=-180288.5329151)

Current search range : [  100.0000000  ;  100000.0000000  ]
Brent minimization result: N_F = 550.3286756 (lhood = -180311.7704353)

Current parameters:
92018	102	437	119	791	550	5.0315901	1.9413830	31	0.0491062	0.0115258	0.0421145	0.0063632	0.0091429	0.0189471	0.0044471	0.0162494	0.0024552	(lhood=-180311.7704353)

Current search range : [  0.0100000  ;  20.0000000  ]
Brent minimization result: NMIG_1POP = 4.9187339 (lhood = -180310.7500061)

Current parameters:
92018	102	437	119	791	550	4.9187339	1.9413830	31	0.0480047	0.0112672	0.0411699	0.0062204	0.0089378	0.0189471	0.0044471	0.0162494	0.0024552	(lhood=-180310.7500061)

Current search range : [  0.0010000  ;  2.0000000  ]
Brent minimization result: NMIG_2POP = 1.9774042 (lhood = -180312.1648278)

Current parameters:
92018	102	437	119	791	550	4.9187339	1.9774042	31	0.0480047	0.0112672	0.0411699	0.0062204	0.0089378	0.0192986	0.0045296	0.0165509	0.0025007	(lhood=-180312.1648278)

Current search range : [  10.0000000  ;  200.0000000  ]
Brent minimization result: TDIV = 31.6380145 (lhood = -180293.3537724)

Current parameters:
92018	102	437	119	791	550	4.9187339	1.9774042	32	0.0480047	0.0112672	0.0411699	0.0062204	0.0089378	0.0192986	0.0045296	0.0165509	0.0025007	(lhood=-180293.3537724)

Iter 16	Curr best params:	81718	110	441	121	748	535	5.0315901	1.9413830	32	0.0457404	0.0114105	0.0416934	0.0067234	0.0094019	0.0176484	0.0044026	0.0160869	0.0025941	lhood=-180261.1252574

200000 simulations per lhood estimation

Current search range : [  100.0000000  ;  125317.6329869  ]
Brent minimization result: N_A = 90061.0527659 (lhood = -180296.3418613)

Current parameters:
90061	102	437	119	791	550	4.9187339	1.9774042	32	0.0480047	0.0112672	0.0411699	0.0062204	0.0089378	0.0192986	0.0045296	0.0165509	0.0025007	(lhood=-180296.3418613)

Current search range : [  100.0000000  ;  100000.0000000  ]
Brent minimization result: N_B = 115.0257036 (lhood = -180281.0199987)

Current parameters:
90061	115	437	119	791	550	4.9187339	1.9774042	32	0.0427620	0.0112672	0.0411699	0.0062204	0.0089378	0.0171910	0.0045296	0.0165509	0.0025007	(lhood=-180281.0199987)

Current search range : [  100.0000000  ;  100000.0000000  ]
Brent minimization result: N_C = 417.7963642 (lhood = -180286.2949792)

Current parameters:
90061	115	418	119	791	550	4.9187339	1.9774042	32	0.0427620	0.0117730	0.0411699	0.0062204	0.0089378	0.0171910	0.0047329	0.0165509	0.0025007	(lhood=-180286.2949792)

Current search range : [  100.0000000  ;  100000.0000000  ]
Brent minimization result: N_D = 130.1445302 (lhood = -180268.2464655)

Current parameters:
90061	115	418	130	791	550	4.9187339	1.9774042	32	0.0427620	0.0117730	0.0377944	0.0062204	0.0089378	0.0171910	0.0047329	0.0151939	0.0025007	(lhood=-180268.2464655)

Current search range : [  100.0000000  ;  100000.0000000  ]
Brent minimization result: N_E = 732.7391895 (lhood = -180257.9304658)

Current parameters:
90061	115	418	130	733	550	4.9187339	1.9774042	32	0.0427620	0.0117730	0.0377944	0.0067128	0.0089378	0.0171910	0.0047329	0.0151939	0.0026986	(lhood=-180257.9304658)

Current search range : [  100.0000000  ;  100000.0000000  ]
Brent minimization result: N_F = 590.9657581 (lhood = -180271.4494653)

Current parameters:
90061	115	418	130	733	591	4.9187339	1.9774042	32	0.0427620	0.0117730	0.0377944	0.0067128	0.0083232	0.0171910	0.0047329	0.0151939	0.0026986	(lhood=-180271.4494653)

Current search range : [  0.0100000  ;  20.0000000  ]
Brent minimization result: NMIG_1POP = 4.9187339 (lhood = -180273.7801271)

Current parameters:
90061	115	418	130	733	591	4.9187339	1.9774042	32	0.0427620	0.0117730	0.0377944	0.0067128	0.0083232	0.0171910	0.0047329	0.0151939	0.0026986	(lhood=-180273.7801271)

Current search range : [  0.0010000  ;  2.0000000  ]
Brent minimization result: NMIG_2POP = 1.9596815 (lhood = -180294.2473371)

Current parameters:
90061	115	418	130	733	591	4.9187339	1.9596815	32	0.0427620	0.0117730	0.0377944	0.0067128	0.0083232	0.0170369	0.0046905	0.0150577	0.0026745	(lhood=-180294.2473371)

Current search range : [  10.0000000  ;  200.0000000  ]
Brent minimization result: TDIV = 34.5740507 (lhood = -180256.5406808)

Current parameters:
90061	115	418	130	733	591	4.9187339	1.9596815	35	0.0427620	0.0117730	0.0377944	0.0067128	0.0083232	0.0170369	0.0046905	0.0150577	0.0026745	(lhood=-180256.5406808)

Iter 17	Curr best params:	90061	115	418	130	733	591	4.9187339	1.9596815	35	0.0427620	0.0117730	0.0377944	0.0067128	0.0083232	0.0170369	0.0046905	0.0150577	0.0026745	lhood=-180256.5406808

200000 simulations per lhood estimation

Current search range : [  100.0000000  ;  123361.0527659  ]
Brent minimization result: N_A = 90061.0527659 (lhood = -180256.0289041)

Current parameters:
90061	115	418	130	733	591	4.9187339	1.9596815	35	0.0427620	0.0117730	0.0377944	0.0067128	0.0083232	0.0170369	0.0046905	0.0150577	0.0026745	(lhood=-180256.0289041)

Current search range : [  100.0000000  ;  100000.0000000  ]
Brent minimization result: N_B = 113.8754465 (lhood = -180266.2610313)

Current parameters:
90061	114	418	130	733	591	4.9187339	1.9596815	35	0.0431940	0.0117730	0.0377944	0.0067128	0.0083232	0.0172090	0.0046905	0.0150577	0.0026745	(lhood=-180266.2610313)

Current search range : [  100.0000000  ;  100000.0000000  ]
Brent minimization result: N_C = 426.1940711 (lhood = -180275.1201771)

Current parameters:
90061	114	426	130	733	591	4.9187339	1.9596815	35	0.0431940	0.0115411	0.0377944	0.0067128	0.0083232	0.0172090	0.0045981	0.0150577	0.0026745	(lhood=-180275.1201771)

Current search range : [  100.0000000  ;  100000.0000000  ]
Brent minimization result: N_D = 127.7934661 (lhood = -180256.9869006)

Current parameters:
90061	114	426	128	733	591	4.9187339	1.9596815	35	0.0431940	0.0115411	0.0384897	0.0067128	0.0083232	0.0172090	0.0045981	0.0153348	0.0026745	(lhood=-180256.9869006)

Current search range : [  100.0000000  ;  100000.0000000  ]
Brent minimization result: N_E = 786.6928171 (lhood = -180272.4762318)

Current parameters:
90061	114	426	128	787	591	4.9187339	1.9596815	35	0.0431940	0.0115411	0.0384897	0.0062524	0.0083232	0.0172090	0.0045981	0.0153348	0.0024910	(lhood=-180272.4762318)

Current search range : [  100.0000000  ;  100000.0000000  ]
Brent minimization result: N_F = 585.0561005 (lhood = -180258.1193772)

Current parameters:
90061	114	426	128	787	585	4.9187339	1.9596815	35	0.0431940	0.0115411	0.0384897	0.0062524	0.0084073	0.0172090	0.0045981	0.0153348	0.0024910	(lhood=-180258.1193772)

Current search range : [  0.0100000  ;  20.0000000  ]
Brent minimization result: NMIG_1POP = 4.9187339 (lhood = -180247.4269967)

Current parameters:
90061	114	426	128	787	585	4.9187339	1.9596815	35	0.0431940	0.0115411	0.0384897	0.0062524	0.0084073	0.0172090	0.0045981	0.0153348	0.0024910	(lhood=-180247.4269967)

Current search range : [  0.0010000  ;  2.0000000  ]
Brent minimization result: NMIG_2POP = 1.8425445 (lhood = -180267.1077933)

Current parameters:
90061	114	426	128	787	585	4.9187339	1.8425445	35	0.0431940	0.0115411	0.0384897	0.0062524	0.0084073	0.0161803	0.0043233	0.0144181	0.0023421	(lhood=-180267.1077933)

Current search range : [  10.0000000  ;  200.0000000  ]
Brent minimization result: TDIV = 35.4173554 (lhood = -180289.2733655)

Current parameters:
90061	114	426	128	787	585	4.9187339	1.8425445	35	0.0431940	0.0115411	0.0384897	0.0062524	0.0084073	0.0161803	0.0043233	0.0144181	0.0023421	(lhood=-180289.2733655)

Iter 18	Curr best params:	90061	114	426	128	787	585	4.9187339	1.9596815	35	0.0431940	0.0115411	0.0384897	0.0062524	0.0084073	0.0172090	0.0045981	0.0153348	0.0024910	lhood=-180247.4269967

200000 simulations per lhood estimation

Current search range : [  100.0000000  ;  123361.0527659  ]
Brent minimization result: N_A = 91916.7979989 (lhood = -180287.5831947)

Current parameters:
91917	114	426	128	787	585	4.9187339	1.8425445	35	0.0431940	0.0115411	0.0384897	0.0062524	0.0084073	0.0161803	0.0043233	0.0144181	0.0023421	(lhood=-180287.5831947)

Current search range : [  100.0000000  ;  100000.0000000  ]
Brent minimization result: N_B = 113.8754465 (lhood = -180282.5165776)

Current parameters:
91917	114	426	128	787	585	4.9187339	1.8425445	35	0.0431940	0.0115411	0.0384897	0.0062524	0.0084073	0.0161803	0.0043233	0.0144181	0.0023421	(lhood=-180282.5165776)

Current search range : [  100.0000000  ;  100000.0000000  ]
Brent minimization result: N_C = 457.2128470 (lhood = -180284.0182845)

Current parameters:
91917	114	457	128	787	585	4.9187339	1.8425445	35	0.0431940	0.0107581	0.0384897	0.0062524	0.0084073	0.0161803	0.0040299	0.0144181	0.0023421	(lhood=-180284.0182845)

Current search range : [  100.0000000  ;  100000.0000000  ]
Brent minimization result: N_D = 127.7934661 (lhood = -180285.5229041)

Current parameters:
91917	114	457	128	787	585	4.9187339	1.8425445	35	0.0431940	0.0107581	0.0384897	0.0062524	0.0084073	0.0161803	0.0040299	0.0144181	0.0023421	(lhood=-180285.5229041)

Current search range : [  100.0000000  ;  100000.0000000  ]
Brent minimization result: N_E = 753.5710648 (lhood = -180305.2938880)

Current parameters:
91917	114	457	128	754	585	4.9187339	1.8425445	35	0.0431940	0.0107581	0.0384897	0.0065272	0.0084073	0.0161803	0.0040299	0.0144181	0.0024451	(lhood=-180305.2938880)

Current search range : [  100.0000000  ;  100000.0000000  ]
Brent minimization result: N_F = 585.0561005 (lhood = -180287.6612330)

Current parameters:
91917	114	457	128	754	585	4.9187339	1.8425445	35	0.0431940	0.0107581	0.0384897	0.0065272	0.0084073	0.0161803	0.0040299	0.0144181	0.0024451	(lhood=-180287.6612330)

Current search range : [  0.0100000  ;  20.0000000  ]
Brent minimization result: NMIG_1POP = 4.7422968 (lhood = -180293.8624430)

Current parameters:
91917	114	457	128	754	585	4.7422968	1.8425445	35	0.0416446	0.0103722	0.0371091	0.0062931	0.0081057	0.0161803	0.0040299	0.0144181	0.0024451	(lhood=-180293.8624430)

Current search range : [  0.0010000  ;  2.0000000  ]
Brent minimization result: NMIG_2POP = 1.9011683 (lhood = -180276.8901071)

Current parameters:
91917	114	457	128	754	585	4.7422968	1.9011683	35	0.0416446	0.0103722	0.0371091	0.0062931	0.0081057	0.0166952	0.0041582	0.0148769	0.0025229	(lhood=-180276.8901071)

Current search range : [  10.0000000  ;  200.0000000  ]
Brent minimization result: TDIV = 34.4593251 (lhood = -180269.2942066)

Current parameters:
91917	114	457	128	754	585	4.7422968	1.9011683	34	0.0416446	0.0103722	0.0371091	0.0062931	0.0081057	0.0166952	0.0041582	0.0148769	0.0025229	(lhood=-180269.2942066)

Iter 19	Curr best params:	90061	114	426	128	787	585	4.9187339	1.9596815	35	0.0431940	0.0115411	0.0384897	0.0062524	0.0084073	0.0172090	0.0045981	0.0153348	0.0024910	lhood=-180247.4269967

200000 simulations per lhood estimation

Current search range : [  100.0000000  ;  125216.7979989  ]
Brent minimization result: N_A = 77259.4630750 (lhood = -180282.1923299)

Current parameters:
77259	114	457	128	754	585	4.7422968	1.9011683	34	0.0416446	0.0103722	0.0371091	0.0062931	0.0081057	0.0166952	0.0041582	0.0148769	0.0025229	(lhood=-180282.1923299)

Current search range : [  100.0000000  ;  100000.0000000  ]
Brent minimization result: N_B = 120.4936644 (lhood = -180283.0356463)

Current parameters:
77259	120	457	128	754	585	4.7422968	1.9011683	34	0.0393572	0.0103722	0.0371091	0.0062931	0.0081057	0.0157782	0.0041582	0.0148769	0.0025229	(lhood=-180283.0356463)

Current search range : [  100.0000000  ;  100000.0000000  ]
Brent minimization result: N_C = 471.5012117 (lhood = -180281.2591499)

Current parameters:
77259	120	472	128	754	585	4.7422968	1.9011683	34	0.0393572	0.0100579	0.0371091	0.0062931	0.0081057	0.0157782	0.0040322	0.0148769	0.0025229	(lhood=-180281.2591499)

Current search range : [  100.0000000  ;  100000.0000000  ]
Brent minimization result: N_D = 135.4641059 (lhood = -180269.9238814)

Current parameters:
77259	120	472	135	754	585	4.7422968	1.9011683	34	0.0393572	0.0100579	0.0350078	0.0062931	0.0081057	0.0157782	0.0040322	0.0140345	0.0025229	(lhood=-180269.9238814)

Current search range : [  100.0000000  ;  100000.0000000  ]
Brent minimization result: N_E = 821.5601538 (lhood = -180276.4524968)

Current parameters:
77259	120	472	135	822	585	4.7422968	1.9011683	34	0.0393572	0.0100579	0.0350078	0.0057723	0.0081057	0.0157782	0.0040322	0.0140345	0.0023141	(lhood=-180276.4524968)

Current search range : [  100.0000000  ;  100000.0000000  ]
Brent minimization result: N_F = 579.2055395 (lhood = -180280.1287056)

Current parameters:
77259	120	472	135	822	579	4.7422968	1.9011683	34	0.0393572	0.0100579	0.0350078	0.0057723	0.0081876	0.0157782	0.0040322	0.0140345	0.0023141	(lhood=-180280.1287056)

Current search range : [  0.0100000  ;  20.0000000  ]
Brent minimization result: NMIG_1POP = 4.3948256 (lhood = -180278.1104385)

Current parameters:
77259	120	472	135	822	579	4.3948256	1.9011683	34	0.0364735	0.0093209	0.0324427	0.0053494	0.0075877	0.0157782	0.0040322	0.0140345	0.0023141	(lhood=-180278.1104385)

Current search range : [  0.0010000  ;  2.0000000  ]
Brent minimization result: NMIG_2POP = 1.9011683 (lhood = -180297.1210374)

Current parameters:
77259	120	472	135	822	579	4.3948256	1.9011683	34	0.0364735	0.0093209	0.0324427	0.0053494	0.0075877	0.0157782	0.0040322	0.0140345	0.0023141	(lhood=-180297.1210374)

Current search range : [  10.0000000  ;  200.0000000  ]
Brent minimization result: TDIV = 34.8039183 (lhood = -180287.0699738)

Current parameters:
77259	120	472	135	822	579	4.3948256	1.9011683	35	0.0364735	0.0093209	0.0324427	0.0053494	0.0075877	0.0157782	0.0040322	0.0140345	0.0023141	(lhood=-180287.0699738)

Iter 20	Curr best params:	90061	114	426	128	787	585	4.9187339	1.9596815	35	0.0431940	0.0115411	0.0384897	0.0062524	0.0084073	0.0172090	0.0045981	0.0153348	0.0024910	lhood=-180247.4269967

200000 simulations per lhood estimation

Current search range : [  100.0000000  ;  100000.0000000  ]
Brent minimization result: N_A = 77259.4630750 (lhood = -180285.9931078)

Current parameters:
77259	120	472	135	822	579	4.3948256	1.9011683	35	0.0364735	0.0093209	0.0324427	0.0053494	0.0075877	0.0157782	0.0040322	0.0140345	0.0023141	(lhood=-180285.9931078)

Current search range : [  100.0000000  ;  100000.0000000  ]
Brent minimization result: N_B = 122.4267786 (lhood = -180288.9043481)

Current parameters:
77259	122	472	135	822	579	4.3948256	1.9011683	35	0.0358976	0.0093209	0.0324427	0.0053494	0.0075877	0.0155290	0.0040322	0.0140345	0.0023141	(lhood=-180288.9043481)

Current search range : [  100.0000000  ;  100000.0000000  ]
Brent minimization result: N_C = 471.5012117 (lhood = -180282.0247358)

Current parameters:
77259	122	472	135	822	579	4.3948256	1.9011683	35	0.0358976	0.0093209	0.0324427	0.0053494	0.0075877	0.0155290	0.0040322	0.0140345	0.0023141	(lhood=-180282.0247358)

Current search range : [  100.0000000  ;  100000.0000000  ]
Brent minimization result: N_D = 143.4865034 (lhood = -180264.4977809)

Current parameters:
77259	122	472	143	822	579	4.3948256	1.9011683	35	0.0358976	0.0093209	0.0306288	0.0053494	0.0075877	0.0155290	0.0040322	0.0132498	0.0023141	(lhood=-180264.4977809)

Current search range : [  100.0000000  ;  100000.0000000  ]
Brent minimization result: N_E = 796.7082873 (lhood = -180283.2382112)

Current parameters:
77259	122	472	143	797	579	4.3948256	1.9011683	35	0.0358976	0.0093209	0.0306288	0.0055162	0.0075877	0.0155290	0.0040322	0.0132498	0.0023863	(lhood=-180283.2382112)

Current search range : [  100.0000000  ;  100000.0000000  ]
Brent minimization result: N_F = 553.3935924 (lhood = -180281.4531150)

Current parameters:
77259	122	472	143	797	553	4.3948256	1.9011683	35	0.0358976	0.0093209	0.0306288	0.0055162	0.0079416	0.0155290	0.0040322	0.0132498	0.0023863	(lhood=-180281.4531150)

Current search range : [  0.0100000  ;  20.0000000  ]
Brent minimization result: NMIG_1POP = 4.5973441 (lhood = -180292.5504828)

Current parameters:
77259	122	472	143	797	553	4.5973441	1.9011683	35	0.0375518	0.0097504	0.0320403	0.0057704	0.0083075	0.0155290	0.0040322	0.0132498	0.0023863	(lhood=-180292.5504828)

Current search range : [  0.0010000  ;  2.0000000  ]
Brent minimization result: NMIG_2POP = 1.7879695 (lhood = -180291.2557984)

Current parameters:
77259	122	472	143	797	553	4.5973441	1.7879695	35	0.0375518	0.0097504	0.0320403	0.0057704	0.0083075	0.0146044	0.0037921	0.0124609	0.0022442	(lhood=-180291.2557984)

Current search range : [  10.0000000  ;  200.0000000  ]
Brent minimization result: TDIV = 36.0345319 (lhood = -180296.8464158)

Current parameters:
77259	122	472	143	797	553	4.5973441	1.7879695	36	0.0375518	0.0097504	0.0320403	0.0057704	0.0083075	0.0146044	0.0037921	0.0124609	0.0022442	(lhood=-180296.8464158)

Iter 21	Curr best params:	90061	114	426	128	787	585	4.9187339	1.9596815	35	0.0431940	0.0115411	0.0384897	0.0062524	0.0084073	0.0172090	0.0045981	0.0153348	0.0024910	lhood=-180247.4269967

200000 simulations per lhood estimation

Current search range : [  100.0000000  ;  100000.0000000  ]
Brent minimization result: N_A = 80577.2625033 (lhood = -180279.5234214)

Current parameters:
80577	122	472	143	797	553	4.5973441	1.7879695	36	0.0375518	0.0097504	0.0320403	0.0057704	0.0083075	0.0146044	0.0037921	0.0124609	0.0022442	(lhood=-180279.5234214)

Current search range : [  100.0000000  ;  100000.0000000  ]
Brent minimization result: N_B = 122.4267786 (lhood = -180312.1011962)

Current parameters:
80577	122	472	143	797	553	4.5973441	1.7879695	36	0.0375518	0.0097504	0.0320403	0.0057704	0.0083075	0.0146044	0.0037921	0.0124609	0.0022442	(lhood=-180312.1011962)

Current search range : [  100.0000000  ;  100000.0000000  ]
Brent minimization result: N_C = 466.7861996 (lhood = -180320.7317964)

Current parameters:
80577	122	467	143	797	553	4.5973441	1.7879695	36	0.0375518	0.0098489	0.0320403	0.0057704	0.0083075	0.0146044	0.0038304	0.0124609	0.0022442	(lhood=-180320.7317964)

Current search range : [  100.0000000  ;  100000.0000000  ]
Brent minimization result: N_D = 144.9213684 (lhood = -180296.5864002)

Current parameters:
80577	122	467	145	797	553	4.5973441	1.7879695	36	0.0375518	0.0098489	0.0317230	0.0057704	0.0083075	0.0146044	0.0038304	0.0123375	0.0022442	(lhood=-180296.5864002)

Current search range : [  100.0000000  ;  100000.0000000  ]
Brent minimization result: N_E = 878.3437998 (lhood = -180308.1246750)

Current parameters:
80577	122	467	145	878	553	4.5973441	1.7879695	36	0.0375518	0.0098489	0.0317230	0.0052341	0.0083075	0.0146044	0.0038304	0.0123375	0.0020356	(lhood=-180308.1246750)

Current search range : [  100.0000000  ;  100000.0000000  ]
Brent minimization result: N_F = 541.1786551 (lhood = -180316.4915062)

Current parameters:
80577	122	467	145	878	541	4.5973441	1.7879695	36	0.0375518	0.0098489	0.0317230	0.0052341	0.0084951	0.0146044	0.0038304	0.0123375	0.0020356	(lhood=-180316.4915062)

Current search range : [  0.0100000  ;  20.0000000  ]
Brent minimization result: NMIG_1POP = 4.4389430 (lhood = -180330.5851469)

Current parameters:
80577	122	467	145	878	541	4.4389430	1.7879695	36	0.0362579	0.0095096	0.0306300	0.0050538	0.0082024	0.0146044	0.0038304	0.0123375	0.0020356	(lhood=-180330.5851469)

Current search range : [  0.0010000  ;  2.0000000  ]
Brent minimization result: NMIG_2POP = 1.8327239 (lhood = -180302.5557841)

Current parameters:
80577	122	467	145	878	541	4.4389430	1.8327239	36	0.0362579	0.0095096	0.0306300	0.0050538	0.0082024	0.0149700	0.0039263	0.0126463	0.0020866	(lhood=-180302.5557841)

Current search range : [  10.0000000  ;  200.0000000  ]
Brent minimization result: TDIV = 36.7668056 (lhood = -180316.3486544)

Current parameters:
80577	122	467	145	878	541	4.4389430	1.8327239	37	0.0362579	0.0095096	0.0306300	0.0050538	0.0082024	0.0149700	0.0039263	0.0126463	0.0020866	(lhood=-180316.3486544)

Iter 22	Curr best params:	90061	114	426	128	787	585	4.9187339	1.9596815	35	0.0431940	0.0115411	0.0384897	0.0062524	0.0084073	0.0172090	0.0045981	0.0153348	0.0024910	lhood=-180247.4269967

200000 simulations per lhood estimation

Current search range : [  100.0000000  ;  113877.2625033  ]
Brent minimization result: N_A = 94229.6976063 (lhood = -180299.9094972)

Current parameters:
94230	122	467	145	878	541	4.4389430	1.8327239	37	0.0362579	0.0095096	0.0306300	0.0050538	0.0082024	0.0149700	0.0039263	0.0126463	0.0020866	(lhood=-180299.9094972)

Current search range : [  100.0000000  ;  100000.0000000  ]
Brent minimization result: N_B = 118.9674134 (lhood = -180321.8163384)

Current parameters:
94230	119	467	145	878	541	4.4389430	1.8327239	37	0.0373123	0.0095096	0.0306300	0.0050538	0.0082024	0.0154053	0.0039263	0.0126463	0.0020866	(lhood=-180321.8163384)

Current search range : [  100.0000000  ;  100000.0000000  ]
Brent minimization result: N_C = 448.8203381 (lhood = -180310.0151656)

Current parameters:
94230	119	449	145	878	541	4.4389430	1.8327239	37	0.0373123	0.0098902	0.0306300	0.0050538	0.0082024	0.0154053	0.0040834	0.0126463	0.0020866	(lhood=-180310.0151656)

Current search range : [  100.0000000  ;  100000.0000000  ]
Brent minimization result: N_D = 144.9213684 (lhood = -180315.9113492)

Current parameters:
94230	119	449	145	878	541	4.4389430	1.8327239	37	0.0373123	0.0098902	0.0306300	0.0050538	0.0082024	0.0154053	0.0040834	0.0126463	0.0020866	(lhood=-180315.9113492)

Current search range : [  100.0000000  ;  100000.0000000  ]
Brent minimization result: N_E = 814.8149965 (lhood = -180304.7518392)

Current parameters:
94230	119	449	145	815	541	4.4389430	1.8327239	37	0.0373123	0.0098902	0.0306300	0.0054478	0.0082024	0.0154053	0.0040834	0.0126463	0.0022493	(lhood=-180304.7518392)

Current search range : [  100.0000000  ;  100000.0000000  ]
Brent minimization result: N_F = 614.6991467 (lhood = -180301.4989598)

Current parameters:
94230	119	449	145	815	615	4.4389430	1.8327239	37	0.0373123	0.0098902	0.0306300	0.0054478	0.0072213	0.0154053	0.0040834	0.0126463	0.0022493	(lhood=-180301.4989598)

Current search range : [  0.0100000  ;  20.0000000  ]
Brent minimization result: NMIG_1POP = 4.8444954 (lhood = -180290.6665911)

Current parameters:
94230	119	449	145	815	615	4.8444954	1.8327239	37	0.0407212	0.0107938	0.0334284	0.0059455	0.0078811	0.0154053	0.0040834	0.0126463	0.0022493	(lhood=-180290.6665911)

Current search range : [  0.0010000  ;  2.0000000  ]
Brent minimization result: NMIG_2POP = 1.9522812 (lhood = -180263.7965570)

Current parameters:
94230	119	449	145	815	615	4.8444954	1.9522812	37	0.0407212	0.0107938	0.0334284	0.0059455	0.0078811	0.0164102	0.0043498	0.0134713	0.0023960	(lhood=-180263.7965570)

Current search range : [  10.0000000  ;  200.0000000  ]
Brent minimization result: TDIV = 37.2774283 (lhood = -180266.1739922)

Current parameters:
94230	119	449	145	815	615	4.8444954	1.9522812	37	0.0407212	0.0107938	0.0334284	0.0059455	0.0078811	0.0164102	0.0043498	0.0134713	0.0023960	(lhood=-180266.1739922)

Iter 23	Curr best params:	90061	114	426	128	787	585	4.9187339	1.9596815	35	0.0431940	0.0115411	0.0384897	0.0062524	0.0084073	0.0172090	0.0045981	0.0153348	0.0024910	lhood=-180247.4269967

200000 simulations per lhood estimation

Current search range : [  100.0000000  ;  127529.6976063  ]
Brent minimization result: N_A = 99088.1018440 (lhood = -180266.2899581)

Current parameters:
99088	119	449	145	815	615	4.8444954	1.9522812	37	0.0407212	0.0107938	0.0334284	0.0059455	0.0078811	0.0164102	0.0043498	0.0134713	0.0023960	(lhood=-180266.2899581)

Current search range : [  100.0000000  ;  100000.0000000  ]
Brent minimization result: N_B = 125.1320452 (lhood = -180270.2797933)

Current parameters:
99088	125	449	145	815	615	4.8444954	1.9522812	37	0.0387151	0.0107938	0.0334284	0.0059455	0.0078811	0.0156018	0.0043498	0.0134713	0.0023960	(lhood=-180270.2797933)

Current search range : [  100.0000000  ;  100000.0000000  ]
Brent minimization result: N_C = 470.3621871 (lhood = -180261.1027435)

Current parameters:
99088	125	470	145	815	615	4.8444954	1.9522812	37	0.0387151	0.0102995	0.0334284	0.0059455	0.0078811	0.0156018	0.0041506	0.0134713	0.0023960	(lhood=-180261.1027435)

Current search range : [  100.0000000  ;  100000.0000000  ]
Brent minimization result: N_D = 144.9213684 (lhood = -180243.6441240)

Current parameters:
99088	125	470	145	815	615	4.8444954	1.9522812	37	0.0387151	0.0102995	0.0334284	0.0059455	0.0078811	0.0156018	0.0041506	0.0134713	0.0023960	(lhood=-180243.6441240)

Current search range : [  100.0000000  ;  100000.0000000  ]
Brent minimization result: N_E = 879.7843891 (lhood = -180272.0144061)

Current parameters:
99088	125	470	145	880	615	4.8444954	1.9522812	37	0.0387151	0.0102995	0.0334284	0.0055065	0.0078811	0.0156018	0.0041506	0.0134713	0.0022190	(lhood=-180272.0144061)

Current search range : [  100.0000000  ;  100000.0000000  ]
Brent minimization result: N_F = 672.2486921 (lhood = -180269.9828125)

Current parameters:
99088	125	470	145	880	672	4.8444954	1.9522812	37	0.0387151	0.0102995	0.0334284	0.0055065	0.0072064	0.0156018	0.0041506	0.0134713	0.0022190	(lhood=-180269.9828125)

Current search range : [  0.0100000  ;  20.0000000  ]
Brent minimization result: NMIG_1POP = 4.2535411 (lhood = -180283.3158648)

Current parameters:
99088	125	470	145	880	672	4.2535411	1.9522812	37	0.0339924	0.0090431	0.0293507	0.0048348	0.0063273	0.0156018	0.0041506	0.0134713	0.0022190	(lhood=-180283.3158648)

Current search range : [  0.0010000  ;  2.0000000  ]
Brent minimization result: NMIG_2POP = 1.9703723 (lhood = -180289.5059236)

Current parameters:
99088	125	470	145	880	672	4.2535411	1.9703723	37	0.0339924	0.0090431	0.0293507	0.0048348	0.0063273	0.0157463	0.0041891	0.0135961	0.0022396	(lhood=-180289.5059236)

Current search range : [  10.0000000  ;  200.0000000  ]
Brent minimization result: TDIV = 37.7843333 (lhood = -180284.8154489)

Current parameters:
99088	125	470	145	880	672	4.2535411	1.9703723	38	0.0339924	0.0090431	0.0293507	0.0048348	0.0063273	0.0157463	0.0041891	0.0135961	0.0022396	(lhood=-180284.8154489)

Iter 24	Curr best params:	99088	125	470	145	815	615	4.8444954	1.9522812	37	0.0387151	0.0102995	0.0334284	0.0059455	0.0078811	0.0156018	0.0041506	0.0134713	0.0023960	lhood=-180243.6441240

200000 simulations per lhood estimation

Current search range : [  100.0000000  ;  132388.1018440  ]
Brent minimization result: N_A = 96926.6235523 (lhood = -180278.0794815)

Current parameters:
96927	125	470	145	880	672	4.2535411	1.9703723	38	0.0339924	0.0090431	0.0293507	0.0048348	0.0063273	0.0157463	0.0041891	0.0135961	0.0022396	(lhood=-180278.0794815)

Current search range : [  100.0000000  ;  100000.0000000  ]
Brent minimization result: N_B = 125.1320452 (lhood = -180291.0179305)

Current parameters:
96927	125	470	145	880	672	4.2535411	1.9703723	38	0.0339924	0.0090431	0.0293507	0.0048348	0.0063273	0.0157463	0.0041891	0.0135961	0.0022396	(lhood=-180291.0179305)

Current search range : [  100.0000000  ;  100000.0000000  ]
Brent minimization result: N_C = 465.6585652 (lhood = -180281.7158575)

Current parameters:
96927	125	466	145	880	672	4.2535411	1.9703723	38	0.0339924	0.0091345	0.0293507	0.0048348	0.0063273	0.0157463	0.0042314	0.0135961	0.0022396	(lhood=-180281.7158575)

Current search range : [  100.0000000  ;  100000.0000000  ]
Brent minimization result: N_D = 144.9213684 (lhood = -180277.2336309)

Current parameters:
96927	125	466	145	880	672	4.2535411	1.9703723	38	0.0339924	0.0091345	0.0293507	0.0048348	0.0063273	0.0157463	0.0042314	0.0135961	0.0022396	(lhood=-180277.2336309)

Current search range : [  100.0000000  ;  100000.0000000  ]
Brent minimization result: N_E = 945.8119049 (lhood = -180290.3656514)

Current parameters:
96927	125	466	145	946	672	4.2535411	1.9703723	38	0.0339924	0.0091345	0.0293507	0.0044972	0.0063273	0.0157463	0.0042314	0.0135961	0.0020833	(lhood=-180290.3656514)

Current search range : [  100.0000000  ;  100000.0000000  ]
Brent minimization result: N_F = 680.5200334 (lhood = -180298.0686592)

Current parameters:
96927	125	466	145	946	681	4.2535411	1.9703723	38	0.0339924	0.0091345	0.0293507	0.0044972	0.0062504	0.0157463	0.0042314	0.0135961	0.0020833	(lhood=-180298.0686592)

Current search range : [  0.0100000  ;  20.0000000  ]
Brent minimization result: NMIG_1POP = 4.7104139 (lhood = -180275.9280083)

Current parameters:
96927	125	466	145	946	681	4.7104139	1.9703723	38	0.0376435	0.0101156	0.0325032	0.0049803	0.0069218	0.0157463	0.0042314	0.0135961	0.0020833	(lhood=-180275.9280083)

Current search range : [  0.0010000  ;  2.0000000  ]
Brent minimization result: NMIG_2POP = 1.9527208 (lhood = -180278.9302508)

Current parameters:
96927	125	466	145	946	681	4.7104139	1.9527208	38	0.0376435	0.0101156	0.0325032	0.0049803	0.0069218	0.0156053	0.0041935	0.0134743	0.0020646	(lhood=-180278.9302508)

Current search range : [  10.0000000  ;  200.0000000  ]
Brent minimization result: TDIV = 38.6715867 (lhood = -180270.7204108)

Current parameters:
96927	125	466	145	946	681	4.7104139	1.9527208	39	0.0376435	0.0101156	0.0325032	0.0049803	0.0069218	0.0156053	0.0041935	0.0134743	0.0020646	(lhood=-180270.7204108)

Iter 25	Curr best params:	99088	125	470	145	815	615	4.8444954	1.9522812	37	0.0387151	0.0102995	0.0334284	0.0059455	0.0078811	0.0156018	0.0041506	0.0134713	0.0023960	lhood=-180243.6441240

Program total execution time: 147825.044 seconds

Finish: 2025-11-08T23:28:11+00:00
