 I J M_lda_ij SD_lda_ij M_omega_ij SD_omega_ij
    1     1     28.46623128      0.17351788      0.07931320      0.00052793
    1     2     -6.09491048      0.06777616      0.07359012      0.00060826
    1     3     -6.71427922      0.07463754      0.06447743      0.00048511
    1     4      1.35083121      0.06337600      0.02798493      0.00036778
    1     5     -0.50647129      0.09451385      0.03665179      0.00036011
    1     6     -3.43748310      0.10287921      0.04199272      0.00037469
    1     7     -0.37746494      0.13747053      0.03710108      0.00045042
    1     8     -5.27262459      0.15772599      0.03749588      0.00039578
    1     9      0.79691834      0.09880991      0.03823978      0.00040211
    1    10      0.51883134      0.15176880      0.03959823      0.00039600
    1    11      0.17087516      0.15555233      0.03943051      0.00040459
    1    12     -1.95027501      0.11763994      0.03794565      0.00038624
    1    13     -1.39746392      0.16092176      0.03263614      0.00034577
    1    14      0.06197563      0.07835240      0.03482062      0.00038309
    1    15      0.05050027      0.13472530      0.03367614      0.00038986
    1    16     -0.07357311      0.13617988      0.03288668      0.00035486
    1    17      0.61985794      0.08616374      0.03421497      0.00037043
    2     1     -6.09491048      0.06777616      0.07359012      0.00060826
    2     2      8.11765912      0.05257698      0.19587126      0.00118087
    2     3     -0.72554213      0.02870127      0.07184277      0.00064153
    2     4     -0.47193358      0.02995678      0.03964905      0.00048729
    2     5      0.08110756      0.04894444      0.04326046      0.00045355
    2     6     -0.28655765      0.04622341      0.04858073      0.00047271
    2     7     -0.13995282      0.06534707      0.04506704      0.00058932
    2     8      0.03660144      0.07118317      0.04352475      0.00046346
    2     9     -0.35365003      0.04900243      0.04772736      0.00053065
    2    10     -0.42100392      0.07397858      0.05519676      0.00059317
    2    11     -0.06153943      0.07555632      0.05410596      0.00058310
    2    12     -0.21012968      0.05440244      0.04512383      0.00046273
    2    13      0.66970377      0.07133702      0.03830217      0.00044789
    2    14     -0.26525382      0.03879882      0.04348576      0.00051955
    2    15     -0.07079401      0.05931688      0.04168560      0.00050789
    2    16     -0.11322565      0.06505784      0.04056377      0.00044912
    2    17     -0.20582217      0.04543100      0.04355390      0.00052089
    3     1     -6.71427922      0.07463754      0.06447743      0.00048511
    3     2     -0.72554213      0.02870127      0.07184277      0.00064153
    3     3     11.17316778      0.05576181      0.14740393      0.00071178
    3     4     -0.28658891      0.03541525      0.03636522      0.00044462
    3     5     -0.52291504      0.05318715      0.04357063      0.00039246
    3     6     -0.77119940      0.05126017      0.04752171      0.00042292
    3     7     -0.57602541      0.09196723      0.04429395      0.00044875
    3     8      0.11205463      0.07608834      0.04098085      0.00039310
    3     9     -0.36180858      0.05005739      0.04505789      0.00043184
    3    10     -0.10714595      0.08426891      0.05155316      0.00046480
    3    11     -0.38075073      0.08710897      0.05155260      0.00046239
    3    12     -0.46984392      0.06276791      0.04361616      0.00039530
    3    13     -0.04727080      0.07972158      0.03803098      0.00036227
    3    14     -0.06105714      0.04300981      0.04105673      0.00041915
    3    15      0.21150630      0.07324030      0.03976489      0.00042227
    3    16      0.15662085      0.07566710      0.03863549      0.00039041
    3    17     -0.45201640      0.04942931      0.04242059      0.00044788
    4     1      1.35083121      0.06337600      0.02798493      0.00036778
    4     2     -0.47193358      0.02995678      0.03964905      0.00048729
    4     3     -0.28658891      0.03541525      0.03636522      0.00044462
    4     4     14.56994385      0.06133349      0.10830058      0.00057070
    4     5     -0.77069049      0.06093976      0.04411490      0.00035447
    4     6     -1.73898471      0.05341895      0.04498293      0.00035879
    4     7     -1.47790325      0.07776642      0.04783090      0.00044973
    4     8     -2.13626367      0.08581766      0.04419855      0.00036558
    4     9     -2.39269508      0.05743130      0.05375535      0.00042791
    4    10     -0.95265513      0.09196444      0.05917389      0.00044226
    4    11     -0.25425877      0.09927906      0.05770925      0.00048279
    4    12     -0.99961133      0.06254674      0.04437410      0.00039029
    4    13      0.27428646      0.08676350      0.04059022      0.00035244
    4    14     -0.57402706      0.04911517      0.04551946      0.00044160
    4    15      0.05815775      0.07729910      0.04443211      0.00037901
    4    16     -0.69722973      0.07352253      0.04361344      0.00036706
    4    17     -0.47499954      0.05139603      0.04684570      0.00041529
    5     1     -0.50647129      0.09451385      0.03665179      0.00036011
    5     2      0.08110756      0.04894444      0.04326046      0.00045355
    5     3     -0.52291504      0.05318715      0.04357063      0.00039246
    5     4     -0.77069049      0.06093976      0.04411490      0.00035447
    5     5     29.06164035      0.14004931      0.08410165      0.00042701
    5     6     -8.75521920      0.08775401      0.05726664      0.00036463
    5     7     -3.12327464      0.12279363      0.05237382      0.00039890
    5     8     -3.51214691      0.12245653      0.04629450      0.00034270
    5     9     -0.69608182      0.09110189      0.05150683      0.00038031
    5    10      4.26233961      0.13954022      0.06103884      0.00039540
    5    11     -6.78677365      0.14513284      0.06496657      0.00041205
    5    12     -2.53184426      0.09569472      0.04955257      0.00033530
    5    13     -1.52744809      0.13522042      0.04600032      0.00033578
    5    14     -0.41709945      0.07275541      0.04924148      0.00038992
    5    15      0.72797557      0.11772452      0.04893607      0.00036335
    5    16     -2.37210095      0.12630393      0.04878632      0.00033764
    5    17     -0.61576178      0.08356989      0.05132000      0.00036879
    6     1     -3.43748310      0.10287921      0.04199272      0.00037469
    6     2     -0.28655765      0.04622341      0.04858073      0.00047271
    6     3     -0.77119940      0.05126017      0.04752171      0.00042292
    6     4     -1.73898471      0.05341895      0.04498293      0.00035879
    6     5     -8.75521920      0.08775401      0.05726664      0.00036463
    6     6     24.81714924      0.12445418      0.08883423      0.00045699
    6     7     -1.51850160      0.10636631      0.05042962      0.00041576
    6     8     -2.33897759      0.12642107      0.04565485      0.00036637
    6     9     -0.39263855      0.08320255      0.05053676      0.00037505
    6    10     -1.04325304      0.13787595      0.05624314      0.00041032
    6    11      0.91203203      0.14064183      0.05607472      0.00042753
    6    12     -2.30360363      0.09482607      0.04900380      0.00037841
    6    13     -1.76737547      0.11733875      0.04460534      0.00036983
    6    14     -0.20908013      0.06262301      0.04744349      0.00039438
    6    15     -0.44361945      0.11636192      0.04723234      0.00037907
    6    16      0.20461971      0.11900187      0.04565748      0.00036783
    6    17     -0.12180054      0.07231558      0.04854248      0.00038923
    7     1     -0.37746494      0.13747053      0.03710108      0.00045042
    7     2     -0.13995282      0.06534707      0.04506704      0.00058932
    7     3     -0.57602541      0.09196723      0.04429395      0.00044875
    7     4     -1.47790325      0.07776642      0.04783090      0.00044973
    7     5     -3.12327464      0.12279363      0.05237382      0.00039890
    7     6     -1.51850160      0.10636631      0.05042962      0.00041576
    7     7     26.03498132      0.22729199      0.09173485      0.00059588
    7     8     -4.74875411      0.18539140      0.05012735      0.00041783
    7     9     -1.67338602      0.13377862      0.05695981      0.00048841
    7    10     -0.68835170      0.15774656      0.06165911      0.00051136
    7    11     -0.07317519      0.17190083      0.06079814      0.00054361
    7    12     -3.62939561      0.13216098      0.05373283      0.00046422
    7    13     -1.71670870      0.15377900      0.05053803      0.00042512
    7    14     -0.70100362      0.08863898      0.05442352      0.00043822
    7    15     -6.92456312      0.16800637      0.06069802      0.00045126
    7    16      1.21715291      0.15658990      0.05334834      0.00043036
    7    17      0.42634344      0.09644874      0.05700450      0.00045969
    8     1     -5.27262459      0.15772599      0.03749588      0.00039578
    8     2      0.03660144      0.07118317      0.04352475      0.00046346
    8     3      0.11205463      0.07608834      0.04098085      0.00039310
    8     4     -2.13626367      0.08581766      0.04419855      0.00036558
    8     5     -3.51214691      0.12245653      0.04629450      0.00034270
    8     6     -2.33897759      0.12642107      0.04565485      0.00036637
    8     7     -4.74875411      0.18539140      0.05012735      0.00041783
    8     8     48.06931568      0.27968537      0.06696518      0.00043996
    8     9    -16.19791747      0.14899935      0.06271960      0.00044647
    8    10     -1.70071833      0.21510559      0.05584167      0.00039251
    8    11      0.52768759      0.21879912      0.05448379      0.00041014
    8    12     -3.91719388      0.12360119      0.04763119      0.00035975
    8    13     -1.87980044      0.20673967      0.04304923      0.00035570
    8    14     -0.56774578      0.11222841      0.04634774      0.00040069
    8    15      1.33774292      0.17493813      0.04498679      0.00037482
    8    16     -2.69998551      0.17134839      0.04472000      0.00036571
    8    17      0.24124865      0.11623970      0.04635328      0.00038124
    9     1      0.79691834      0.09880991      0.03823978      0.00040211
    9     2     -0.35365003      0.04900243      0.04772736      0.00053065
    9     3     -0.36180858      0.05005739      0.04505789      0.00043184
    9     4     -2.39269508      0.05743130      0.05375535      0.00042791
    9     5     -0.69608182      0.09110189      0.05150683      0.00038031
    9     6     -0.39263855      0.08320255      0.05053676      0.00037505
    9     7     -1.67338602      0.13377862      0.05695981      0.00048841
    9     8    -16.19791747      0.14899935      0.06271960      0.00044647
    9     9     25.44668074      0.14203352      0.10273010      0.00056601
    9    10     -0.97649602      0.15973849      0.06471005      0.00044444
    9    11      0.40892422      0.16777767      0.06279798      0.00046646
    9    12     -2.61479182      0.08901584      0.05508111      0.00040259
    9    13     -2.10725924      0.13570535      0.05012330      0.00039554
    9    14     -0.66477017      0.07244793      0.05428077      0.00043434
    9    15     -0.05264740      0.13212807      0.05204692      0.00044298
    9    16      0.49621730      0.11131041      0.05056534      0.00042071
    9    17     -0.27455370      0.08137169      0.05381126      0.00042829
   10     1      0.51883134      0.15176880      0.03959823      0.00039600
   10     2     -0.42100392      0.07397858      0.05519676      0.00059317
   10     3     -0.10714595      0.08426891      0.05155316      0.00046480
   10     4     -0.95265513      0.09196444      0.05917389      0.00044226
   10     5      4.26233961      0.13954022      0.06103884      0.00039540
   10     6     -1.04325304      0.13787595      0.05624314      0.00041032
   10     7     -0.68835170      0.15774656      0.06165911      0.00051136
   10     8     -1.70071833      0.21510559      0.05584167      0.00039251
   10     9     -0.97649602      0.15973849      0.06471005      0.00044444
   10    10     41.52778576      0.32656847      0.18453544      0.00072310
   10    11    -38.01784402      0.34441876      0.16850103      0.00069205
   10    12     -0.36836653      0.13994711      0.05968443      0.00040280
   10    13     -2.43608633      0.21146448      0.05985460      0.00039253
   10    14      0.37492983      0.12106910      0.06232153      0.00048067
   10    15      0.21700467      0.21521624      0.05941186      0.00043133
   10    16     -0.88421189      0.23409120      0.05847956      0.00042237
   10    17     -0.16255760      0.13951009      0.06258967      0.00043974
   11     1      0.17087516      0.15555233      0.03943051      0.00040459
   11     2     -0.06153943      0.07555632      0.05410596      0.00058310
   11     3     -0.38075073      0.08710897      0.05155260      0.00046239
   11     4     -0.25425877      0.09927906      0.05770925      0.00048279
   11     5     -6.78677365      0.14513284      0.06496657      0.00041205
   11     6      0.91203203      0.14064183      0.05607472      0.00042753
   11     7     -0.07317519      0.17190083      0.06079814      0.00054361
   11     8      0.52768759      0.21879912      0.05448379      0.00041014
   11     9      0.40892422      0.16777767      0.06279798      0.00046646
   11    10    -38.01784402      0.34441876      0.16850103      0.00069205
   11    11     43.91269902      0.39417773      0.17804691      0.00082888
   11    12     -0.69637761      0.14244739      0.05912688      0.00043249
   11    13     -0.20212169      0.22817969      0.05838839      0.00042291
   11    14     -0.73845553      0.12671971      0.06179782      0.00049105
   11    15      0.06775952      0.22762203      0.05800623      0.00047779
   11    16      0.93334212      0.23543547      0.05687364      0.00044132
   11    17      0.00301900      0.15170280      0.06111883      0.00049402
   12     1     -1.95027501      0.11763994      0.03794565      0.00038624
   12     2     -0.21012968      0.05440244      0.04512383      0.00046273
   12     3     -0.46984392      0.06276791      0.04361616      0.00039530
   12     4     -0.99961133      0.06254674      0.04437410      0.00039029
   12     5     -2.53184426      0.09569472      0.04955257      0.00033530
   12     6     -2.30360363      0.09482607      0.04900380      0.00037841
   12     7     -3.62939561      0.13216098      0.05373283      0.00046422
   12     8     -3.91719388      0.12360119      0.04763119      0.00035975
   12     9     -2.61479182      0.08901584      0.05508111      0.00040259
   12    10     -0.36836653      0.13994711      0.05968443      0.00040280
   12    11     -0.69637761      0.14244739      0.05912688      0.00043249
   12    12     29.86238874      0.15021813      0.08110337      0.00046495
   12    13     -5.15255440      0.13071091      0.04966908      0.00037033
   12    14     -1.57259123      0.07268897      0.05350617      0.00040470
   12    15     -0.66712421      0.11979612      0.05223591      0.00038306
   12    16     -1.00896240      0.12001883      0.05046895      0.00036562
   12    17     -0.38186431      0.09027931      0.05348737      0.00040618
   13     1     -1.39746392      0.16092176      0.03263614      0.00034577
   13     2      0.66970377      0.07133702      0.03830217      0.00044789
   13     3     -0.04727080      0.07972158      0.03803098      0.00036227
   13     4      0.27428646      0.08676350      0.04059022      0.00035244
   13     5     -1.52744809      0.13522042      0.04600032      0.00033578
   13     6     -1.76737547      0.11733875      0.04460534      0.00036983
   13     7     -1.71670870      0.15377900      0.05053803      0.00042512
   13     8     -1.87980044      0.20673967      0.04304923      0.00035570
   13     9     -2.10725924      0.13570535      0.05012330      0.00039554
   13    10     -2.43608633      0.21146448      0.05985460      0.00039253
   13    11     -0.20212169      0.22817969      0.05838839      0.00042291
   13    12     -5.15255440      0.13071091      0.04966908      0.00037033
   13    13     51.80470045      0.36310942      0.07046952      0.00043670
   13    14     -9.86934913      0.12546919      0.06292731      0.00042554
   13    15     -6.33626318      0.17952676      0.06150975      0.00039715
   13    16     -9.65965285      0.20624430      0.06011229      0.00038324
   13    17     -3.33581449      0.12750384      0.06365828      0.00038332
   14     1      0.06197563      0.07835240      0.03482062      0.00038309
   14     2     -0.26525382      0.03879882      0.04348576      0.00051955
   14     3     -0.06105714      0.04300981      0.04105673      0.00041915
   14     4     -0.57402706      0.04911517      0.04551946      0.00044160
   14     5     -0.41709945      0.07275541      0.04924148      0.00038992
   14     6     -0.20908013      0.06262301      0.04744349      0.00039438
   14     7     -0.70100362      0.08863898      0.05442352      0.00043822
   14     8     -0.56774578      0.11222841      0.04634774      0.00040069
   14     9     -0.66477017      0.07244793      0.05428077      0.00043434
   14    10      0.37492983      0.12106910      0.06232153      0.00048067
   14    11     -0.73845553      0.12671971      0.06179782      0.00049105
   14    12     -1.57259123      0.07268897      0.05350617      0.00040470
   14    13     -9.86934913      0.12546919      0.06292731      0.00042554
   14    14     18.53755406      0.09589429      0.11447763      0.00061629
   14    15     -1.32606265      0.09178274      0.06411124      0.00043730
   14    16     -1.23188731      0.09804488      0.06193888      0.00042217
   14    17     -0.96140221      0.06851948      0.06672670      0.00045011
   15     1      0.05050027      0.13472530      0.03367614      0.00038986
   15     2     -0.07079401      0.05931688      0.04168560      0.00050789
   15     3      0.21150630      0.07324030      0.03976489      0.00042227
   15     4      0.05815775      0.07729910      0.04443211      0.00037901
   15     5      0.72797557      0.11772452      0.04893607      0.00036335
   15     6     -0.44361945      0.11636192      0.04723234      0.00037907
   15     7     -6.92456312      0.16800637      0.06069802      0.00045126
   15     8      1.33774292      0.17493813      0.04498679      0.00037482
   15     9     -0.05264740      0.13212807      0.05204692      0.00044298
   15    10      0.21700467      0.21521624      0.05941186      0.00043133
   15    11      0.06775952      0.22762203      0.05800623      0.00047779
   15    12     -0.66712421      0.11979612      0.05223591      0.00038306
   15    13     -6.33626318      0.17952676      0.06150975      0.00039715
   15    14     -1.32606265      0.09178274      0.06411124      0.00043730
   15    15     38.21537280      0.23878817      0.10004041      0.00051661
   15    16    -16.59709267      0.15498129      0.07752107      0.00043858
   15    17     -8.40171131      0.11718918      0.08391134      0.00047733
   16     1     -0.07357311      0.13617988      0.03288668      0.00035486
   16     2     -0.11322565      0.06505784      0.04056377      0.00044912
   16     3      0.15662085      0.07566710      0.03863549      0.00039041
   16     4     -0.69722973      0.07352253      0.04361344      0.00036706
   16     5     -2.37210095      0.12630393      0.04878632      0.00033764
   16     6      0.20461971      0.11900187      0.04565748      0.00036783
   16     7      1.21715291      0.15658990      0.05334834      0.00043036
   16     8     -2.69998551      0.17134839      0.04472000      0.00036571
   16     9      0.49621730      0.11131041      0.05056534      0.00042071
   16    10     -0.88421189      0.23409120      0.05847956      0.00042237
   16    11      0.93334212      0.23543547      0.05687364      0.00044132
   16    12     -1.00896240      0.12001883      0.05046895      0.00036562
   16    13     -9.65965285      0.20624430      0.06011229      0.00038324
   16    14     -1.23188731      0.09804488      0.06193888      0.00042217
   16    15    -16.59709267      0.15498129      0.07752107      0.00043858
   16    16     43.06739240      0.23223894      0.09122066      0.00049247
   16    17     -9.46137171      0.11252344      0.08104364      0.00044482
   17     1      0.61985794      0.08616374      0.03421497      0.00037043
   17     2     -0.20582217      0.04543100      0.04355390      0.00052089
   17     3     -0.45201640      0.04942931      0.04242059      0.00044788
   17     4     -0.47499954      0.05139603      0.04684570      0.00041529
   17     5     -0.61576178      0.08356989      0.05132000      0.00036879
   17     6     -0.12180054      0.07231558      0.04854248      0.00038923
   17     7      0.42634344      0.09644874      0.05700450      0.00045969
   17     8      0.24124865      0.11623970      0.04635328      0.00038124
   17     9     -0.27455370      0.08137169      0.05381126      0.00042829
   17    10     -0.16255760      0.13951009      0.06258967      0.00043974
   17    11      0.00301900      0.15170280      0.06111883      0.00049402
   17    12     -0.38186431      0.09027931      0.05348737      0.00040618
   17    13     -3.33581449      0.12750384      0.06365828      0.00038332
   17    14     -0.96140221      0.06851948      0.06672670      0.00045011
   17    15     -8.40171131      0.11718918      0.08391134      0.00047733
   17    16     -9.46137171      0.11252344      0.08104364      0.00044482
   17    17     22.76706074      0.11978060      0.12407709      0.00061919
