PLINK v2.0.0-a.6.15LM AVX2 AMD (4 Jun 2025)
Options in effect:
  --allow-extra-chr
  --fst Sample_Group
  --out ./../../../MOBOT_Boltonia/Data/Boltonia_decurrens_100kb0.8
  --pfile Boltonia_decurrens_100kb0.8
  --psam Boltonia_decurrens_100kb0.8.withpop.psam

Hostname: 3d3f076db2b4
Working directory: /Desktop/REUProject_LargeFiles/Data/PCadapt_output
Start time: Tue Jul 22 22:40:05 2025

Random number seed: 1753224005
3587 MiB RAM detected, ~3072 available; reserving 1793 MiB for main workspace.
Using up to 12 threads (change this with --threads).
424 samples (0 females, 0 males, 424 ambiguous; 0 founders) loaded from
Boltonia_decurrens_100kb0.8.withpop.psam.
1536138 variants loaded from Boltonia_decurrens_100kb0.8.pvar.
2 categorical phenotypes loaded.
--fst: Analyzing 424 samples across 17 populations.
Autosomal --fst: done.
Autosomal --fst: Summary written to
./../../../MOBOT_Boltonia/Data/Boltonia_decurrens_100kb0.8.fst.summary .

End time: Tue Jul 22 22:40:07 2025
