g3732	sp|Q9SSB8|CX5B2_ARATH	57.862	159	90	1.18e-56	177	sp|Q9SSB8|CX5B2_ARATH Cytochrome c oxidase subunit 5b-2, mitochondrial OS=Arabidopsis thaliana OX=3702 GN=COX5B-2 PE=1 SV=1	0	N/A	N/A
g3732	sp|Q9LW15|CX5B1_ARATH	54.802	177	100	3.25e-49	159	sp|Q9LW15|CX5B1_ARATH Cytochrome c oxidase subunit 5b-1, mitochondrial OS=Arabidopsis thaliana OX=3702 GN=COX5B-1 PE=1 SV=1	0	N/A	N/A
g3732	sp|Q9SSS5|CX5BL_ARATH	59.783	92	58	1.21e-32	114	sp|Q9SSS5|CX5BL_ARATH Putative cytochrome c oxidase subunit 5b-like OS=Arabidopsis thaliana OX=3702 GN=At1g52710 PE=3 SV=2	0	N/A	N/A
g3732	sp|P00428|COX5B_BOVIN	44.444	81	52	6.42e-15	70.1	sp|P00428|COX5B_BOVIN Cytochrome c oxidase subunit 5B, mitochondrial OS=Bos taurus OX=9913 GN=COX5B PE=1 SV=2	0	N/A	N/A
g3732	sp|P10606|COX5B_HUMAN	44.444	81	52	1.39e-14	69.3	sp|P10606|COX5B_HUMAN Cytochrome c oxidase subunit 5B, mitochondrial OS=Homo sapiens OX=9606 GN=COX5B PE=1 SV=2	0	N/A	N/A
g7187	sp|Q9ASZ8|PPR37_ARATH	24.528	265	30	5.28e-11	70.1	sp|Q9ASZ8|PPR37_ARATH Pentatricopeptide repeat-containing protein At1g12620 OS=Arabidopsis thaliana OX=3702 GN=At1g12620 PE=2 SV=1	0	N/A	N/A
g7187	sp|P0C7Q7|PPR38_ARATH	24.497	298	33	1.47e-10	68.6	sp|P0C7Q7|PPR38_ARATH Putative pentatricopeptide repeat-containing protein At1g12700, mitochondrial OS=Arabidopsis thaliana OX=3702 GN=At1g12700 PE=3 SV=1	0	N/A	N/A
g7187	sp|Q0WMY5|PP365_ARATH	20.455	352	43	4.16e-09	64.3	sp|Q0WMY5|PP365_ARATH Pentatricopeptide repeat-containing protein At5g04810, chloroplastic OS=Arabidopsis thaliana OX=3702 GN=PPR4 PE=1 SV=1	0	N/A	N/A
g7187	sp|Q0WMY5|PP365_ARATH	22.981	322	43	4.66e-07	57.8	sp|Q0WMY5|PP365_ARATH Pentatricopeptide repeat-containing protein At5g04810, chloroplastic OS=Arabidopsis thaliana OX=3702 GN=PPR4 PE=1 SV=1	0	N/A	N/A
g7187	sp|Q9FIX3|PP407_ARATH	28.627	255	28	5.83e-09	63.5	sp|Q9FIX3|PP407_ARATH Pentatricopeptide repeat-containing protein At5g39710 OS=Arabidopsis thaliana OX=3702 GN=EMB2745 PE=2 SV=1	0	N/A	N/A
g7187	sp|Q8GYP6|PPR49_ARATH	21.107	289	29	7.02e-09	63.5	sp|Q8GYP6|PPR49_ARATH Pentatricopeptide repeat-containing protein At1g18900 OS=Arabidopsis thaliana OX=3702 GN=At1g18900 PE=2 SV=1	0	N/A	N/A
g7188	sp|Q9M8Y5|LTL1_ARATH	63.636	363	99	3.75e-171	484	sp|Q9M8Y5|LTL1_ARATH GDSL esterase/lipase LTL1 OS=Arabidopsis thaliana OX=3702 GN=LTL1 PE=1 SV=1	0	N/A	N/A
g7188	sp|Q8LB81|GDL79_ARATH	60.440	364	99	1.61e-166	472	sp|Q8LB81|GDL79_ARATH GDSL esterase/lipase At5g33370 OS=Arabidopsis thaliana OX=3702 GN=At5g33370 PE=2 SV=1	0	N/A	N/A
g7188	sp|Q5PNZ0|GDL77_ARATH	60.055	363	98	1.75e-157	449	sp|Q5PNZ0|GDL77_ARATH GDSL esterase/lipase At5g18430 OS=Arabidopsis thaliana OX=3702 GN=At5g18430 PE=2 SV=1	0	N/A	N/A
g7188	sp|Q9SVU5|GDL67_ARATH	63.905	338	92	2.78e-156	446	sp|Q9SVU5|GDL67_ARATH GDSL esterase/lipase At4g28780 OS=Arabidopsis thaliana OX=3702 GN=At4g28780 PE=2 SV=1	0	N/A	N/A
g7188	sp|O23470|GDL64_ARATH	38.525	366	97	1.12e-79	251	sp|O23470|GDL64_ARATH GDSL esterase/lipase At4g16230 OS=Arabidopsis thaliana OX=3702 GN=At4g16230 PE=3 SV=2	0	N/A	N/A
g10845	sp|Q9C994|DTX14_ARATH	56.223	466	98	0.0	556	sp|Q9C994|DTX14_ARATH Protein DETOXIFICATION 14 OS=Arabidopsis thaliana OX=3702 GN=DTX14 PE=1 SV=1	0	N/A	N/A
g10845	sp|Q8L731|DTX12_ARATH	58.145	442	93	0.0	544	sp|Q8L731|DTX12_ARATH Protein DETOXIFICATION 12 OS=Arabidopsis thaliana OX=3702 GN=DTX12 PE=2 SV=1	0	N/A	N/A
g10845	sp|Q8VYL8|DTX10_ARATH	54.977	442	93	0.0	533	sp|Q8VYL8|DTX10_ARATH Protein DETOXIFICATION 10 OS=Arabidopsis thaliana OX=3702 GN=DTX10 PE=2 SV=1	0	N/A	N/A
g10845	sp|F4HZH9|DTX11_ARATH	55.204	442	93	0.0	529	sp|F4HZH9|DTX11_ARATH Protein DETOXIFICATION 11 OS=Arabidopsis thaliana OX=3702 GN=DTX11 PE=3 SV=1	0	N/A	N/A
g10845	sp|Q94AL1|DTX13_ARATH	56.559	465	97	1.31e-180	517	sp|Q94AL1|DTX13_ARATH Protein DETOXIFICATION 13 OS=Arabidopsis thaliana OX=3702 GN=DTX13 PE=2 SV=1	0	N/A	N/A
g10846	sp|Q9C994|DTX14_ARATH	57.356	469	96	0.0	565	sp|Q9C994|DTX14_ARATH Protein DETOXIFICATION 14 OS=Arabidopsis thaliana OX=3702 GN=DTX14 PE=1 SV=1	0	N/A	N/A
g10846	sp|Q8VYL8|DTX10_ARATH	53.638	481	96	0.0	549	sp|Q8VYL8|DTX10_ARATH Protein DETOXIFICATION 10 OS=Arabidopsis thaliana OX=3702 GN=DTX10 PE=2 SV=1	0	N/A	N/A
g10846	sp|Q8L731|DTX12_ARATH	57.112	457	94	0.0	543	sp|Q8L731|DTX12_ARATH Protein DETOXIFICATION 12 OS=Arabidopsis thaliana OX=3702 GN=DTX12 PE=2 SV=1	0	N/A	N/A
g10846	sp|F4HZH9|DTX11_ARATH	55.240	458	93	0.0	537	sp|F4HZH9|DTX11_ARATH Protein DETOXIFICATION 11 OS=Arabidopsis thaliana OX=3702 GN=DTX11 PE=3 SV=1	0	N/A	N/A
g10846	sp|Q94AL1|DTX13_ARATH	56.541	451	92	5.70e-177	508	sp|Q94AL1|DTX13_ARATH Protein DETOXIFICATION 13 OS=Arabidopsis thaliana OX=3702 GN=DTX13 PE=2 SV=1	0	N/A	N/A
g11037	sp|Q40392|TMVRN_NICGU	33.860	1013	81	4.22e-151	485	sp|Q40392|TMVRN_NICGU TMV resistance protein N OS=Nicotiana glutinosa OX=35889 GN=N PE=1 SV=1	0	N/A	N/A
g11037	sp|A0A290U7C4|ROQ1_NICBE	34.113	941	76	8.12e-139	456	sp|A0A290U7C4|ROQ1_NICBE Disease resistance protein Roq1 OS=Nicotiana benthamiana OX=4100 GN=ROQ1 PE=1 SV=1	0	N/A	N/A
g11037	sp|A0A290U7C4|ROQ1_NICBE	26.706	337	76	4.65e-09	64.7	sp|A0A290U7C4|ROQ1_NICBE Disease resistance protein Roq1 OS=Nicotiana benthamiana OX=4100 GN=ROQ1 PE=1 SV=1	0	N/A	N/A
g11037	sp|V9M398|RUN1_VITRO	32.551	937	72	1.03e-115	393	sp|V9M398|RUN1_VITRO Disease resistance protein RUN1 OS=Vitis rotundifolia OX=103349 GN=RUN1 PE=1 SV=1	0	N/A	N/A
g11037	sp|V9M398|RUN1_VITRO	27.619	420	72	2.43e-23	111	sp|V9M398|RUN1_VITRO Disease resistance protein RUN1 OS=Vitis rotundifolia OX=103349 GN=RUN1 PE=1 SV=1	0	N/A	N/A
g11037	sp|O82500|Y4117_ARATH	31.566	830	65	3.47e-99	343	sp|O82500|Y4117_ARATH Putative disease resistance protein At4g11170 OS=Arabidopsis thaliana OX=3702 GN=At4g11170 PE=2 SV=1	0	N/A	N/A
g11037	sp|V9M2S5|RPV1_VITRO	31.597	883	76	1.05e-93	332	sp|V9M2S5|RPV1_VITRO Disease resistance protein RPV1 OS=Vitis rotundifolia OX=103349 GN=RPV1 PE=1 SV=1	0	N/A	N/A
g11037	sp|V9M2S5|RPV1_VITRO	29.639	415	76	2.06e-30	134	sp|V9M2S5|RPV1_VITRO Disease resistance protein RPV1 OS=Vitis rotundifolia OX=103349 GN=RPV1 PE=1 SV=1	0	N/A	N/A
g11037	sp|V9M2S5|RPV1_VITRO	26.990	289	76	3.95e-07	58.5	sp|V9M2S5|RPV1_VITRO Disease resistance protein RPV1 OS=Vitis rotundifolia OX=103349 GN=RPV1 PE=1 SV=1	0	N/A	N/A
g17785	sp|Q9LRR4|R13L1_ARATH	34.877	1015	76	3.15e-168	532	sp|Q9LRR4|R13L1_ARATH Putative disease resistance RPP13-like protein 1 OS=Arabidopsis thaliana OX=3702 GN=RPPL1 PE=3 SV=1	0	N/A	N/A
g17785	sp|Q9LRR5|DRL21_ARATH	35.256	919	99	4.36e-145	479	sp|Q9LRR5|DRL21_ARATH Putative disease resistance protein At3g14460 OS=Arabidopsis thaliana OX=3702 GN=At3g14460 PE=3 SV=1	0	N/A	N/A
g17785	sp|Q9LRR5|DRL21_ARATH	24.069	403	99	1.54e-10	69.7	sp|Q9LRR5|DRL21_ARATH Putative disease resistance protein At3g14460 OS=Arabidopsis thaliana OX=3702 GN=At3g14460 PE=3 SV=1	0	N/A	N/A
g17785	sp|Q7XA39|RGA4_SOLBU	32.890	1052	80	4.37e-134	439	sp|Q7XA39|RGA4_SOLBU Putative disease resistance protein RGA4 OS=Solanum bulbocastanum OX=147425 GN=RGA4 PE=2 SV=1	0	N/A	N/A
g17785	sp|Q7XA40|RGA3_SOLBU	32.378	1047	80	5.72e-133	436	sp|Q7XA40|RGA3_SOLBU Putative disease resistance protein RGA3 OS=Solanum bulbocastanum OX=147425 GN=RGA3 PE=2 SV=2	0	N/A	N/A
g17785	sp|Q7XA42|RGA1_SOLBU	32.185	1016	78	1.84e-127	421	sp|Q7XA42|RGA1_SOLBU Putative disease resistance protein RGA1 OS=Solanum bulbocastanum OX=147425 GN=RGA1 PE=2 SV=2	0	N/A	N/A
g23771	sp|Q96533|ADHX_ARATH	90.107	374	98	0.0	710	sp|Q96533|ADHX_ARATH Alcohol dehydrogenase class-3 OS=Arabidopsis thaliana OX=3702 GN=ADH2 PE=1 SV=2	0	N/A	N/A
g23771	sp|A2XAZ3|ADHX_ORYSI	88.830	376	98	0.0	708	sp|A2XAZ3|ADHX_ORYSI Alcohol dehydrogenase class-3 OS=Oryza sativa subsp. indica OX=39946 GN=ADHIII PE=3 SV=1	0	N/A	N/A
g23771	sp|Q0DWH1|ADHX_ORYSJ	88.564	376	98	0.0	707	sp|Q0DWH1|ADHX_ORYSJ Alcohol dehydrogenase class-3 OS=Oryza sativa subsp. japonica OX=39947 GN=Os02g0815500 PE=2 SV=1	0	N/A	N/A
g23771	sp|P93629|ADHX_MAIZE	89.096	376	98	0.0	701	sp|P93629|ADHX_MAIZE Alcohol dehydrogenase class-3 OS=Zea mays OX=4577 GN=FDH PE=2 SV=1	0	N/A	N/A
g23771	sp|P80572|ADHX_PEA	86.968	376	98	0.0	686	sp|P80572|ADHX_PEA Alcohol dehydrogenase class-3 OS=Pisum sativum OX=3888 PE=1 SV=1	0	N/A	N/A
g23772	sp|Q9SK71|RIN13_ARATH	30.743	296	54	1.02e-28	121	sp|Q9SK71|RIN13_ARATH RPM1 interacting protein 13 OS=Arabidopsis thaliana OX=3702 GN=RIN13 PE=1 SV=1	0	N/A	N/A
g23775	sp|Q38831|IAA13_ARATH	43.590	195	73	2.40e-37	134	sp|Q38831|IAA13_ARATH Auxin-responsive protein IAA13 OS=Arabidopsis thaliana OX=3702 GN=IAA13 PE=1 SV=2	0	N/A	N/A
g23775	sp|Q38830|IAA12_ARATH	41.451	193	72	1.85e-36	131	sp|Q38830|IAA12_ARATH Auxin-responsive protein IAA12 OS=Arabidopsis thaliana OX=3702 GN=IAA12 PE=1 SV=1	0	N/A	N/A
g23775	sp|Q38829|IAA11_ARATH	45.714	210	79	5.45e-36	130	sp|Q38829|IAA11_ARATH Auxin-responsive protein IAA11 OS=Arabidopsis thaliana OX=3702 GN=IAA11 PE=1 SV=1	0	N/A	N/A
g23775	sp|A2XB18|IAA10_ORYSI	38.326	227	79	4.66e-31	118	sp|A2XB18|IAA10_ORYSI Auxin-responsive protein IAA10 OS=Oryza sativa subsp. indica OX=39946 GN=IAA10 PE=2 SV=2	0	N/A	N/A
g23775	sp|Q0DWF2|IAA10_ORYSJ	38.326	227	79	4.96e-31	118	sp|Q0DWF2|IAA10_ORYSJ Auxin-responsive protein IAA10 OS=Oryza sativa subsp. japonica OX=39947 GN=IAA10 PE=2 SV=2	0	N/A	N/A
g23776	sp|Q501D1|Y1490_ARATH	53.860	570	99	0.0	629	sp|Q501D1|Y1490_ARATH Hypothetical protein At1g04090 OS=Arabidopsis thaliana OX=3702 GN=At1g04090 PE=2 SV=1	0	N/A	N/A
g29333	sp|Q8VDM6|HNRL1_MOUSE	38.265	392	58	1.63e-79	273	sp|Q8VDM6|HNRL1_MOUSE Heterogeneous nuclear ribonucleoprotein U-like protein 1 OS=Mus musculus OX=10090 GN=Hnrnpul1 PE=1 SV=1	0	N/A	N/A
g29333	sp|Q9BUJ2|HNRL1_HUMAN	38.000	400	58	2.64e-79	272	sp|Q9BUJ2|HNRL1_HUMAN Heterogeneous nuclear ribonucleoprotein U-like protein 1 OS=Homo sapiens OX=9606 GN=HNRNPUL1 PE=1 SV=2	0	N/A	N/A
g29333	sp|Q1KMD3|HNRL2_HUMAN	35.623	393	58	4.83e-62	223	sp|Q1KMD3|HNRL2_HUMAN Heterogeneous nuclear ribonucleoprotein U-like protein 2 OS=Homo sapiens OX=9606 GN=HNRNPUL2 PE=1 SV=1	0	N/A	N/A
g29333	sp|Q00PI9|HNRL2_MOUSE	35.623	393	58	9.73e-62	222	sp|Q00PI9|HNRL2_MOUSE Heterogeneous nuclear ribonucleoprotein U-like protein 2 OS=Mus musculus OX=10090 GN=Hnrnpul2 PE=1 SV=2	0	N/A	N/A
g29333	sp|Q6IMY8|HNRPU_RAT	34.264	394	58	3.37e-59	216	sp|Q6IMY8|HNRPU_RAT Heterogeneous nuclear ribonucleoprotein U OS=Rattus norvegicus OX=10116 GN=Hnrnpu PE=1 SV=1	0	N/A	N/A
g33823	sp|Q43463|RAB7_SOYBN	92.432	185	100	5.43e-130	365	sp|Q43463|RAB7_SOYBN Ras-related protein Rab7 OS=Glycine max OX=3847 PE=2 SV=1	0	N/A	N/A
g33823	sp|Q41640|RAB7_VIGAC	91.892	185	100	9.40e-130	365	sp|Q41640|RAB7_VIGAC Ras-related protein Rab7 OS=Vigna aconitifolia OX=3918 PE=2 SV=1	0	N/A	N/A
g33823	sp|Q948K8|RAG3A_ARATH	83.784	185	100	1.50e-118	337	sp|Q948K8|RAG3A_ARATH Ras-related protein RABG3a OS=Arabidopsis thaliana OX=3702 GN=RABG3A PE=2 SV=1	0	N/A	N/A
g33823	sp|O04157|RAG3B_ARATH	84.324	185	100	1.69e-116	332	sp|O04157|RAG3B_ARATH Ras-related protein RABG3b OS=Arabidopsis thaliana OX=3702 GN=RABG3B PE=1 SV=1	0	N/A	N/A
g33823	sp|Q9XER8|RAB7_GOSHI	78.378	185	100	5.31e-110	315	sp|Q9XER8|RAB7_GOSHI Ras-related protein Rab7 OS=Gossypium hirsutum OX=3635 GN=RAB7 PE=2 SV=1	0	N/A	N/A
g35152	sp|P48392|CHS3_GERHY	91.067	403	100	0.0	778	sp|P48392|CHS3_GERHY Chalcone synthase 3 OS=Gerbera hybrida OX=18101 GN=CHS3 PE=2 SV=1	0	N/A	N/A
g35152	sp|P48385|CHSY_CALCH	89.848	394	98	0.0	754	sp|P48385|CHSY_CALCH Chalcone synthase OS=Callistephus chinensis OX=13379 GN=CHS PE=2 SV=2	0	N/A	N/A
g35152	sp|P48390|CHS1_GERHY	88.529	401	99	0.0	749	sp|P48390|CHS1_GERHY Chalcone synthase 1 OS=Gerbera hybrida OX=18101 GN=CHS1 PE=2 SV=1	0	N/A	N/A
g35152	sp|Q9ZS40|CHS2_DAUCA	88.175	389	97	0.0	729	sp|Q9ZS40|CHS2_DAUCA Chalcone synthase 2 OS=Daucus carota OX=4039 GN=CHS2 PE=2 SV=1	0	N/A	N/A
g35152	sp|P16107|CHSY_PETCR	87.918	389	97	0.0	729	sp|P16107|CHSY_PETCR Chalcone synthase OS=Petroselinum crispum OX=4043 GN=CHS PE=3 SV=1	0	N/A	N/A
