****                   ADMIXTURE Version 1.3.0                  ****
****                    Copyright 2008-2015                     ****
****           David Alexander, Suyash Shringarpure,            ****
****                John  Novembre, Ken Lange                   ****
****                                                            ****
****                 Please cite our paper!                     ****
****   Information at www.genetics.ucla.edu/software/admixture  ****

Parallel execution requested.  Will use 16 threads.
Cross-validation will be performed.  Folds=5.
Random seed: 43
Point estimation method: Block relaxation algorithm
Convergence acceleration algorithm: QuasiNewton, 3 secant conditions
Point estimation will terminate when objective function delta < 0.0001
Estimation of standard errors disabled; will compute point estimates only.
Size of G: 457x298369
Performing five EM steps to prime main algorithm
1 (EM) 	Elapsed: 36.118	Loglikelihood: -9.16973e+07	(delta): 1.0276e+08
2 (EM) 	Elapsed: 38.438	Loglikelihood: -8.74891e+07	(delta): 4.20812e+06
3 (EM) 	Elapsed: 41.624	Loglikelihood: -8.68314e+07	(delta): 657792
4 (EM) 	Elapsed: 38.611	Loglikelihood: -8.64651e+07	(delta): 366218
5 (EM) 	Elapsed: 40.618	Loglikelihood: -8.61747e+07	(delta): 290387
Initial loglikelihood: -8.61747e+07
Starting main algorithm
1 (QN/Block) 	Elapsed: 69.182	Loglikelihood: -7.96363e+07	(delta): 6.53844e+06
2 (QN/Block) 	Elapsed: 68.483	Loglikelihood: -7.71309e+07	(delta): 2.50538e+06
3 (QN/Block) 	Elapsed: 68.865	Loglikelihood: -7.60885e+07	(delta): 1.04239e+06
4 (QN/Block) 	Elapsed: 71.056	Loglikelihood: -7.52312e+07	(delta): 857384
5 (QN/Block) 	Elapsed: 71.096	Loglikelihood: -7.48291e+07	(delta): 402089
6 (QN/Block) 	Elapsed: 70.779	Loglikelihood: -7.46505e+07	(delta): 178566
7 (QN/Block) 	Elapsed: 70.533	Loglikelihood: -7.46021e+07	(delta): 48399.6
8 (QN/Block) 	Elapsed: 70.612	Loglikelihood: -7.45923e+07	(delta): 9849.66
9 (QN/Block) 	Elapsed: 70.928	Loglikelihood: -7.45873e+07	(delta): 4933.87
10 (QN/Block) 	Elapsed: 70.791	Loglikelihood: -7.45852e+07	(delta): 2097.4
11 (QN/Block) 	Elapsed: 68.808	Loglikelihood: -7.45841e+07	(delta): 1131.12
12 (QN/Block) 	Elapsed: 68.42	Loglikelihood: -7.4583e+07	(delta): 1088.15
13 (QN/Block) 	Elapsed: 68.465	Loglikelihood: -7.45826e+07	(delta): 446.718
14 (QN/Block) 	Elapsed: 68.495	Loglikelihood: -7.45824e+07	(delta): 144.335
15 (QN/Block) 	Elapsed: 70.033	Loglikelihood: -7.45824e+07	(delta): 52.0483
16 (QN/Block) 	Elapsed: 70.264	Loglikelihood: -7.45823e+07	(delta): 22.6389
17 (QN/Block) 	Elapsed: 69.823	Loglikelihood: -7.45823e+07	(delta): 9.2995
18 (QN/Block) 	Elapsed: 70.095	Loglikelihood: -7.45823e+07	(delta): 8.0343
19 (QN/Block) 	Elapsed: 70.229	Loglikelihood: -7.45823e+07	(delta): 1.57158
20 (QN/Block) 	Elapsed: 70.494	Loglikelihood: -7.45823e+07	(delta): 0.402658
21 (QN/Block) 	Elapsed: 70.194	Loglikelihood: -7.45823e+07	(delta): 0.127832
22 (QN/Block) 	Elapsed: 69.901	Loglikelihood: -7.45823e+07	(delta): 0.044134
23 (QN/Block) 	Elapsed: 70.019	Loglikelihood: -7.45823e+07	(delta): 0.0227238
24 (QN/Block) 	Elapsed: 69.761	Loglikelihood: -7.45823e+07	(delta): 0.010598
25 (QN/Block) 	Elapsed: 70.012	Loglikelihood: -7.45823e+07	(delta): 0.000569135
26 (QN/Block) 	Elapsed: 70.875	Loglikelihood: -7.45823e+07	(delta): 3.5271e-05
Summary: 
Converged in 26 iterations (2017.57 sec)
Loglikelihood: -74582315.172624
Fst divergences between estimated populations: 
	Pop0	Pop1	Pop2	Pop3	Pop4	Pop5	Pop6	Pop7	Pop8	
Pop0	
Pop1	0.075	
Pop2	0.066	0.068	
Pop3	0.110	0.096	0.098	
Pop4	0.108	0.107	0.094	0.141	
Pop5	0.130	0.121	0.121	0.158	0.160	
Pop6	0.122	0.116	0.113	0.150	0.152	0.140	
Pop7	0.161	0.152	0.154	0.183	0.185	0.168	0.155	
Pop8	0.079	0.093	0.083	0.124	0.122	0.144	0.136	0.171	
Pop9	0.123	0.120	0.112	0.154	0.153	0.174	0.165	0.196	0.135	
CV error (K=10): 0.33403
Writing output files.
