****                   ADMIXTURE Version 1.3.0                  ****
****                    Copyright 2008-2015                     ****
****           David Alexander, Suyash Shringarpure,            ****
****                John  Novembre, Ken Lange                   ****
****                                                            ****
****                 Please cite our paper!                     ****
****   Information at www.genetics.ucla.edu/software/admixture  ****

Parallel execution requested.  Will use 16 threads.
Cross-validation will be performed.  Folds=5.
Random seed: 43
Point estimation method: Block relaxation algorithm
Convergence acceleration algorithm: QuasiNewton, 3 secant conditions
Point estimation will terminate when objective function delta < 0.0001
Estimation of standard errors disabled; will compute point estimates only.
Size of G: 457x298369
Performing five EM steps to prime main algorithm
1 (EM) 	Elapsed: 52.798	Loglikelihood: -9.1486e+07	(delta): 1.00245e+08
2 (EM) 	Elapsed: 46.415	Loglikelihood: -8.72076e+07	(delta): 4.2784e+06
3 (EM) 	Elapsed: 38.952	Loglikelihood: -8.66189e+07	(delta): 588728
4 (EM) 	Elapsed: 37.191	Loglikelihood: -8.63046e+07	(delta): 314282
5 (EM) 	Elapsed: 35.225	Loglikelihood: -8.60513e+07	(delta): 253338
Initial loglikelihood: -8.60513e+07
Starting main algorithm
1 (QN/Block) 	Elapsed: 68.934	Loglikelihood: -7.87083e+07	(delta): 7.34303e+06
2 (QN/Block) 	Elapsed: 65.495	Loglikelihood: -7.56484e+07	(delta): 3.05984e+06
3 (QN/Block) 	Elapsed: 65.888	Loglikelihood: -7.48002e+07	(delta): 848256
4 (QN/Block) 	Elapsed: 68.87	Loglikelihood: -7.42993e+07	(delta): 500901
5 (QN/Block) 	Elapsed: 66.821	Loglikelihood: -7.3903e+07	(delta): 396219
6 (QN/Block) 	Elapsed: 70.237	Loglikelihood: -7.35285e+07	(delta): 374581
7 (QN/Block) 	Elapsed: 68.005	Loglikelihood: -7.32522e+07	(delta): 276209
8 (QN/Block) 	Elapsed: 62.677	Loglikelihood: -7.31489e+07	(delta): 103373
9 (QN/Block) 	Elapsed: 63.182	Loglikelihood: -7.31126e+07	(delta): 36258.4
10 (QN/Block) 	Elapsed: 63.122	Loglikelihood: -7.31012e+07	(delta): 11391.9
11 (QN/Block) 	Elapsed: 66.875	Loglikelihood: -7.30968e+07	(delta): 4471.14
12 (QN/Block) 	Elapsed: 64.747	Loglikelihood: -7.30948e+07	(delta): 1985.98
13 (QN/Block) 	Elapsed: 70.266	Loglikelihood: -7.30927e+07	(delta): 2077.05
14 (QN/Block) 	Elapsed: 67.52	Loglikelihood: -7.30912e+07	(delta): 1495.86
15 (QN/Block) 	Elapsed: 62.609	Loglikelihood: -7.30905e+07	(delta): 677.175
16 (QN/Block) 	Elapsed: 70.509	Loglikelihood: -7.30902e+07	(delta): 286.002
17 (QN/Block) 	Elapsed: 64.819	Loglikelihood: -7.30901e+07	(delta): 108.637
18 (QN/Block) 	Elapsed: 67.162	Loglikelihood: -7.30901e+07	(delta): 39.4657
19 (QN/Block) 	Elapsed: 69.807	Loglikelihood: -7.30901e+07	(delta): 18.5499
20 (QN/Block) 	Elapsed: 65.072	Loglikelihood: -7.30901e+07	(delta): 6.42885
21 (QN/Block) 	Elapsed: 62.813	Loglikelihood: -7.30901e+07	(delta): 2.96427
22 (QN/Block) 	Elapsed: 65.267	Loglikelihood: -7.30901e+07	(delta): 0.762144
23 (QN/Block) 	Elapsed: 66.933	Loglikelihood: -7.30901e+07	(delta): 0.336544
24 (QN/Block) 	Elapsed: 65.432	Loglikelihood: -7.30901e+07	(delta): 0.212149
25 (QN/Block) 	Elapsed: 62.588	Loglikelihood: -7.30901e+07	(delta): 0.0733913
26 (QN/Block) 	Elapsed: 62.335	Loglikelihood: -7.30901e+07	(delta): 0.023056
27 (QN/Block) 	Elapsed: 63.424	Loglikelihood: -7.30901e+07	(delta): 0.00714396
28 (QN/Block) 	Elapsed: 64.505	Loglikelihood: -7.30901e+07	(delta): 0.000921249
29 (QN/Block) 	Elapsed: 62.885	Loglikelihood: -7.30901e+07	(delta): 0.000118643
30 (QN/Block) 	Elapsed: 62.777	Loglikelihood: -7.30901e+07	(delta): 1.65254e-05
Summary: 
Converged in 30 iterations (2204.47 sec)
Loglikelihood: -73090056.213709
Fst divergences between estimated populations: 
	Pop0	Pop1	Pop2	Pop3	Pop4	Pop5	Pop6	Pop7	Pop8	Pop9	Pop10	Pop11	Pop12	
Pop0	
Pop1	0.125	
Pop2	0.109	0.158	
Pop3	0.154	0.198	0.185	
Pop4	0.123	0.178	0.161	0.170	
Pop5	0.095	0.142	0.124	0.173	0.147	
Pop6	0.127	0.179	0.159	0.199	0.178	0.128	
Pop7	0.086	0.134	0.114	0.167	0.138	0.088	0.103	
Pop8	0.156	0.207	0.186	0.220	0.206	0.158	0.175	0.147	
Pop9	0.069	0.116	0.095	0.154	0.123	0.085	0.119	0.076	0.147	
Pop10	0.079	0.138	0.121	0.135	0.108	0.106	0.137	0.097	0.166	0.080	
Pop11	0.166	0.117	0.196	0.231	0.218	0.181	0.218	0.174	0.248	0.157	0.176	
Pop12	0.139	0.196	0.179	0.183	0.165	0.165	0.195	0.156	0.224	0.140	0.114	0.235	
Pop13	0.097	0.158	0.141	0.184	0.159	0.126	0.160	0.118	0.189	0.098	0.119	0.199	0.177	
CV error (K=14): 0.33434
Writing output files.
