****                   ADMIXTURE Version 1.3.0                  ****
****                    Copyright 2008-2015                     ****
****           David Alexander, Suyash Shringarpure,            ****
****                John  Novembre, Ken Lange                   ****
****                                                            ****
****                 Please cite our paper!                     ****
****   Information at www.genetics.ucla.edu/software/admixture  ****

Parallel execution requested.  Will use 16 threads.
Cross-validation will be performed.  Folds=5.
Random seed: 43
Point estimation method: Block relaxation algorithm
Convergence acceleration algorithm: QuasiNewton, 3 secant conditions
Point estimation will terminate when objective function delta < 0.0001
Estimation of standard errors disabled; will compute point estimates only.
Size of G: 457x298369
Performing five EM steps to prime main algorithm
1 (EM) 	Elapsed: 71.665	Loglikelihood: -9.13277e+07	(delta): 9.90615e+07
2 (EM) 	Elapsed: 72.887	Loglikelihood: -8.69855e+07	(delta): 4.34215e+06
3 (EM) 	Elapsed: 70.757	Loglikelihood: -8.64291e+07	(delta): 556451
4 (EM) 	Elapsed: 67.267	Loglikelihood: -8.61371e+07	(delta): 292025
5 (EM) 	Elapsed: 68.262	Loglikelihood: -8.58946e+07	(delta): 242417
Initial loglikelihood: -8.58946e+07
Starting main algorithm
1 (QN/Block) 	Elapsed: 125.108	Loglikelihood: -7.75662e+07	(delta): 8.32843e+06
2 (QN/Block) 	Elapsed: 123.038	Loglikelihood: -7.45382e+07	(delta): 3.02806e+06
3 (QN/Block) 	Elapsed: 131.711	Loglikelihood: -7.34651e+07	(delta): 1.07308e+06
4 (QN/Block) 	Elapsed: 129.78	Loglikelihood: -7.28822e+07	(delta): 582897
5 (QN/Block) 	Elapsed: 129.086	Loglikelihood: -7.25532e+07	(delta): 328997
6 (QN/Block) 	Elapsed: 128.928	Loglikelihood: -7.23026e+07	(delta): 250605
7 (QN/Block) 	Elapsed: 126.175	Loglikelihood: -7.2164e+07	(delta): 138580
8 (QN/Block) 	Elapsed: 125.497	Loglikelihood: -7.20514e+07	(delta): 112563
9 (QN/Block) 	Elapsed: 125.044	Loglikelihood: -7.19024e+07	(delta): 149021
10 (QN/Block) 	Elapsed: 124.901	Loglikelihood: -7.17839e+07	(delta): 118514
11 (QN/Block) 	Elapsed: 128.515	Loglikelihood: -7.17287e+07	(delta): 55218.9
12 (QN/Block) 	Elapsed: 125.073	Loglikelihood: -7.17075e+07	(delta): 21144.3
13 (QN/Block) 	Elapsed: 125.325	Loglikelihood: -7.16944e+07	(delta): 13174.5
14 (QN/Block) 	Elapsed: 123.621	Loglikelihood: -7.16902e+07	(delta): 4204.5
15 (QN/Block) 	Elapsed: 124.02	Loglikelihood: -7.16891e+07	(delta): 1056.09
16 (QN/Block) 	Elapsed: 124.485	Loglikelihood: -7.16887e+07	(delta): 407.18
17 (QN/Block) 	Elapsed: 125.027	Loglikelihood: -7.16885e+07	(delta): 152.597
18 (QN/Block) 	Elapsed: 124.905	Loglikelihood: -7.16884e+07	(delta): 102.495
19 (QN/Block) 	Elapsed: 124.296	Loglikelihood: -7.16883e+07	(delta): 103.736
20 (QN/Block) 	Elapsed: 124.084	Loglikelihood: -7.16882e+07	(delta): 82.876
21 (QN/Block) 	Elapsed: 129.2	Loglikelihood: -7.16881e+07	(delta): 131.454
22 (QN/Block) 	Elapsed: 128.707	Loglikelihood: -7.1688e+07	(delta): 148.545
23 (QN/Block) 	Elapsed: 128.077	Loglikelihood: -7.16877e+07	(delta): 251.441
24 (QN/Block) 	Elapsed: 128.769	Loglikelihood: -7.16873e+07	(delta): 424.657
25 (QN/Block) 	Elapsed: 128.543	Loglikelihood: -7.16866e+07	(delta): 711.898
26 (QN/Block) 	Elapsed: 130.509	Loglikelihood: -7.16853e+07	(delta): 1260.33
27 (QN/Block) 	Elapsed: 130.567	Loglikelihood: -7.16832e+07	(delta): 2124.05
28 (QN/Block) 	Elapsed: 129.31	Loglikelihood: -7.16791e+07	(delta): 4123.22
29 (QN/Block) 	Elapsed: 128.293	Loglikelihood: -7.16759e+07	(delta): 3174.04
30 (QN/Block) 	Elapsed: 127.473	Loglikelihood: -7.16726e+07	(delta): 3257.45
31 (QN/Block) 	Elapsed: 127.988	Loglikelihood: -7.16669e+07	(delta): 5702.57
32 (QN/Block) 	Elapsed: 126.78	Loglikelihood: -7.16599e+07	(delta): 7035.12
33 (QN/Block) 	Elapsed: 127.155	Loglikelihood: -7.16527e+07	(delta): 7169.88
34 (QN/Block) 	Elapsed: 125.789	Loglikelihood: -7.16448e+07	(delta): 7955.23
35 (QN/Block) 	Elapsed: 125.982	Loglikelihood: -7.16377e+07	(delta): 7098.35
36 (QN/Block) 	Elapsed: 125.182	Loglikelihood: -7.16359e+07	(delta): 1740.93
37 (QN/Block) 	Elapsed: 126.139	Loglikelihood: -7.16355e+07	(delta): 426.113
38 (QN/Block) 	Elapsed: 123.714	Loglikelihood: -7.16354e+07	(delta): 128.866
39 (QN/Block) 	Elapsed: 123.434	Loglikelihood: -7.1635e+07	(delta): 361.291
40 (QN/Block) 	Elapsed: 124.936	Loglikelihood: -7.16347e+07	(delta): 295.986
41 (QN/Block) 	Elapsed: 124.841	Loglikelihood: -7.16346e+07	(delta): 80.8037
42 (QN/Block) 	Elapsed: 126.685	Loglikelihood: -7.16346e+07	(delta): 14.8591
43 (QN/Block) 	Elapsed: 123.906	Loglikelihood: -7.16346e+07	(delta): 3.31084
44 (QN/Block) 	Elapsed: 123.969	Loglikelihood: -7.16346e+07	(delta): 1.26142
45 (QN/Block) 	Elapsed: 124.304	Loglikelihood: -7.16346e+07	(delta): 0.557599
46 (QN/Block) 	Elapsed: 124.191	Loglikelihood: -7.16346e+07	(delta): 0.164398
47 (QN/Block) 	Elapsed: 124.875	Loglikelihood: -7.16346e+07	(delta): 0.0155906
48 (QN/Block) 	Elapsed: 128.934	Loglikelihood: -7.16346e+07	(delta): 0.0014302
49 (QN/Block) 	Elapsed: 129.787	Loglikelihood: -7.16346e+07	(delta): 0.000237942
50 (QN/Block) 	Elapsed: 125.423	Loglikelihood: -7.16346e+07	(delta): 6.3777e-05
Summary: 
Converged in 50 iterations (6683.02 sec)
Loglikelihood: -71634625.544800
Fst divergences between estimated populations: 
	Pop0	Pop1	Pop2	Pop3	Pop4	Pop5	Pop6	Pop7	Pop8	Pop9	Pop10	Pop11	Pop12	Pop13	Pop14	Pop15	Pop16	
Pop0	
Pop1	0.170	
Pop2	0.143	0.090	
Pop3	0.196	0.147	0.118	
Pop4	0.164	0.152	0.125	0.178	
Pop5	0.184	0.106	0.107	0.162	0.166	
Pop6	0.195	0.133	0.119	0.178	0.177	0.142	
Pop7	0.222	0.215	0.193	0.240	0.207	0.230	0.240	
Pop8	0.235	0.186	0.158	0.117	0.218	0.202	0.217	0.275	
Pop9	0.183	0.137	0.092	0.162	0.166	0.151	0.165	0.230	0.204	
Pop10	0.160	0.092	0.080	0.139	0.142	0.106	0.106	0.209	0.178	0.127	
Pop11	0.143	0.089	0.062	0.120	0.126	0.106	0.119	0.194	0.160	0.107	0.078	
Pop12	0.178	0.132	0.100	0.159	0.159	0.146	0.160	0.223	0.200	0.146	0.123	0.103	
Pop13	0.187	0.181	0.161	0.203	0.174	0.194	0.203	0.106	0.234	0.194	0.175	0.161	0.188	
Pop14	0.179	0.129	0.096	0.158	0.161	0.145	0.159	0.226	0.196	0.140	0.119	0.104	0.141	0.189	
Pop15	0.222	0.162	0.146	0.205	0.204	0.174	0.174	0.261	0.246	0.191	0.149	0.147	0.188	0.223	0.184	
Pop16	0.143	0.102	0.072	0.129	0.127	0.118	0.130	0.194	0.170	0.117	0.091	0.073	0.101	0.162	0.112	0.158	
Pop17	0.114	0.110	0.083	0.138	0.108	0.126	0.137	0.171	0.177	0.126	0.101	0.084	0.119	0.141	0.121	0.164	0.084	
CV error (K=18): 0.33993
Writing output files.
