****                   ADMIXTURE Version 1.3.0                  ****
****                    Copyright 2008-2015                     ****
****           David Alexander, Suyash Shringarpure,            ****
****                John  Novembre, Ken Lange                   ****
****                                                            ****
****                 Please cite our paper!                     ****
****   Information at www.genetics.ucla.edu/software/admixture  ****

Parallel execution requested.  Will use 16 threads.
Cross-validation will be performed.  Folds=5.
Random seed: 43
Point estimation method: Block relaxation algorithm
Convergence acceleration algorithm: QuasiNewton, 3 secant conditions
Point estimation will terminate when objective function delta < 0.0001
Estimation of standard errors disabled; will compute point estimates only.
Size of G: 457x298369
Performing five EM steps to prime main algorithm
1 (EM) 	Elapsed: 14.112	Loglikelihood: -9.1395e+07	(delta): 1.24153e+08
2 (EM) 	Elapsed: 16.303	Loglikelihood: -8.77183e+07	(delta): 3.67675e+06
3 (EM) 	Elapsed: 14.447	Loglikelihood: -8.68767e+07	(delta): 841547
4 (EM) 	Elapsed: 13.959	Loglikelihood: -8.6417e+07	(delta): 459672
5 (EM) 	Elapsed: 14.924	Loglikelihood: -8.61244e+07	(delta): 292622
Initial loglikelihood: -8.61244e+07
Starting main algorithm
1 (QN/Block) 	Elapsed: 23.671	Loglikelihood: -8.26539e+07	(delta): 3.47051e+06
2 (QN/Block) 	Elapsed: 23.443	Loglikelihood: -8.14183e+07	(delta): 1.23563e+06
3 (QN/Block) 	Elapsed: 24.602	Loglikelihood: -8.10592e+07	(delta): 359079
4 (QN/Block) 	Elapsed: 24.388	Loglikelihood: -8.0925e+07	(delta): 134220
5 (QN/Block) 	Elapsed: 25.053	Loglikelihood: -8.08774e+07	(delta): 47575.2
6 (QN/Block) 	Elapsed: 22.111	Loglikelihood: -8.08626e+07	(delta): 14840.1
7 (QN/Block) 	Elapsed: 22.989	Loglikelihood: -8.08606e+07	(delta): 1949
8 (QN/Block) 	Elapsed: 24.19	Loglikelihood: -8.08603e+07	(delta): 312.581
9 (QN/Block) 	Elapsed: 24.181	Loglikelihood: -8.08601e+07	(delta): 190.24
10 (QN/Block) 	Elapsed: 23.475	Loglikelihood: -8.086e+07	(delta): 91.5255
11 (QN/Block) 	Elapsed: 23.137	Loglikelihood: -8.086e+07	(delta): 8.14308
12 (QN/Block) 	Elapsed: 23.881	Loglikelihood: -8.086e+07	(delta): 2.41884
13 (QN/Block) 	Elapsed: 22.667	Loglikelihood: -8.086e+07	(delta): 2.4333
14 (QN/Block) 	Elapsed: 24.348	Loglikelihood: -8.086e+07	(delta): 8.33314
15 (QN/Block) 	Elapsed: 24.472	Loglikelihood: -8.086e+07	(delta): 10.7141
16 (QN/Block) 	Elapsed: 24.462	Loglikelihood: -8.086e+07	(delta): 8.89095
17 (QN/Block) 	Elapsed: 22.281	Loglikelihood: -8.086e+07	(delta): 4.75495
18 (QN/Block) 	Elapsed: 23.571	Loglikelihood: -8.086e+07	(delta): 4.22256
19 (QN/Block) 	Elapsed: 23.183	Loglikelihood: -8.086e+07	(delta): 4.12337
20 (QN/Block) 	Elapsed: 23.079	Loglikelihood: -8.086e+07	(delta): 5.74456
21 (QN/Block) 	Elapsed: 23.478	Loglikelihood: -8.086e+07	(delta): 3.61806
22 (QN/Block) 	Elapsed: 23.897	Loglikelihood: -8.086e+07	(delta): 1.93816
23 (QN/Block) 	Elapsed: 21.538	Loglikelihood: -8.086e+07	(delta): 0.612125
24 (QN/Block) 	Elapsed: 22.908	Loglikelihood: -8.086e+07	(delta): 1.26012
25 (QN/Block) 	Elapsed: 21.327	Loglikelihood: -8.086e+07	(delta): 0.310735
26 (QN/Block) 	Elapsed: 20.884	Loglikelihood: -8.086e+07	(delta): 0.234195
27 (QN/Block) 	Elapsed: 20.547	Loglikelihood: -8.086e+07	(delta): 0.0731118
28 (QN/Block) 	Elapsed: 20.613	Loglikelihood: -8.086e+07	(delta): 0.0971339
29 (QN/Block) 	Elapsed: 20.532	Loglikelihood: -8.086e+07	(delta): 0.0917639
30 (QN/Block) 	Elapsed: 20.631	Loglikelihood: -8.086e+07	(delta): 0.0142465
31 (QN/Block) 	Elapsed: 20.826	Loglikelihood: -8.086e+07	(delta): 0.00170462
32 (QN/Block) 	Elapsed: 20.852	Loglikelihood: -8.086e+07	(delta): 0.000177085
33 (QN/Block) 	Elapsed: 20.078	Loglikelihood: -8.086e+07	(delta): 0.000518382
34 (QN/Block) 	Elapsed: 20.755	Loglikelihood: -8.086e+07	(delta): 0.000106633
35 (QN/Block) 	Elapsed: 21.096	Loglikelihood: -8.086e+07	(delta): 9.08971e-06
Summary: 
Converged in 35 iterations (876.107 sec)
Loglikelihood: -80859960.431948
Fst divergences between estimated populations: 
	Pop0	Pop1	
Pop0	
Pop1	0.053	
Pop2	0.153	0.136	
CV error (K=3): 0.36330
Writing output files.
