****                   ADMIXTURE Version 1.3.0                  ****
****                    Copyright 2008-2015                     ****
****           David Alexander, Suyash Shringarpure,            ****
****                John  Novembre, Ken Lange                   ****
****                                                            ****
****                 Please cite our paper!                     ****
****   Information at www.genetics.ucla.edu/software/admixture  ****

Parallel execution requested.  Will use 16 threads.
Cross-validation will be performed.  Folds=5.
Random seed: 43
Point estimation method: Block relaxation algorithm
Convergence acceleration algorithm: QuasiNewton, 3 secant conditions
Point estimation will terminate when objective function delta < 0.0001
Estimation of standard errors disabled; will compute point estimates only.
Size of G: 457x298369
Performing five EM steps to prime main algorithm
1 (EM) 	Elapsed: 4.216	Loglikelihood: -8.59597e+07	(delta): 1.81957e+08
2 (EM) 	Elapsed: 4.341	Loglikelihood: -8.59597e+07	(delta): -1.49012e-08
3 (EM) 	Elapsed: 5.052	Loglikelihood: -8.59597e+07	(delta): 0
4 (EM) 	Elapsed: 4.167	Loglikelihood: -8.59597e+07	(delta): 0
5 (EM) 	Elapsed: 4.561	Loglikelihood: -8.59597e+07	(delta): -1.49012e-08
Initial loglikelihood: -8.59597e+07
Starting main algorithm
1 (QN/Block) 	Elapsed: 9.337	Loglikelihood: -8.59597e+07	(delta): 0
Summary: 
Converged in 1 iterations (34.783 sec)
Loglikelihood: -85959738.126260
CV error (K=1): 0.39656
Writing output files.
