****                   ADMIXTURE Version 1.3.0                  ****
****                    Copyright 2008-2015                     ****
****           David Alexander, Suyash Shringarpure,            ****
****                John  Novembre, Ken Lange                   ****
****                                                            ****
****                 Please cite our paper!                     ****
****   Information at www.genetics.ucla.edu/software/admixture  ****

Parallel execution requested.  Will use 16 threads.
Cross-validation will be performed.  Folds=5.
Random seed: 43
Point estimation method: Block relaxation algorithm
Convergence acceleration algorithm: QuasiNewton, 3 secant conditions
Point estimation will terminate when objective function delta < 0.0001
Estimation of standard errors disabled; will compute point estimates only.
Size of G: 457x298369
Performing five EM steps to prime main algorithm
1 (EM) 	Elapsed: 5.917	Loglikelihood: -9.00526e+07	(delta): 1.40056e+08
2 (EM) 	Elapsed: 6.134	Loglikelihood: -8.70968e+07	(delta): 2.95578e+06
3 (EM) 	Elapsed: 6.095	Loglikelihood: -8.64091e+07	(delta): 687702
4 (EM) 	Elapsed: 6.036	Loglikelihood: -8.60827e+07	(delta): 326360
5 (EM) 	Elapsed: 5.878	Loglikelihood: -8.59204e+07	(delta): 162318
Initial loglikelihood: -8.59204e+07
Starting main algorithm
1 (QN/Block) 	Elapsed: 19.856	Loglikelihood: -8.44067e+07	(delta): 1.51376e+06
2 (QN/Block) 	Elapsed: 19.933	Loglikelihood: -8.36548e+07	(delta): 751814
3 (QN/Block) 	Elapsed: 20.613	Loglikelihood: -8.31314e+07	(delta): 523462
4 (QN/Block) 	Elapsed: 20.65	Loglikelihood: -8.24173e+07	(delta): 714101
5 (QN/Block) 	Elapsed: 21.365	Loglikelihood: -8.22952e+07	(delta): 122059
6 (QN/Block) 	Elapsed: 21.48	Loglikelihood: -8.22756e+07	(delta): 19591.8
7 (QN/Block) 	Elapsed: 20.911	Loglikelihood: -8.22705e+07	(delta): 5134.09
8 (QN/Block) 	Elapsed: 20.663	Loglikelihood: -8.22698e+07	(delta): 724.631
9 (QN/Block) 	Elapsed: 21.464	Loglikelihood: -8.22696e+07	(delta): 125.538
10 (QN/Block) 	Elapsed: 21.156	Loglikelihood: -8.22696e+07	(delta): 9.5691
11 (QN/Block) 	Elapsed: 21.039	Loglikelihood: -8.22696e+07	(delta): 0.6806
12 (QN/Block) 	Elapsed: 22.63	Loglikelihood: -8.22696e+07	(delta): 0.0461463
13 (QN/Block) 	Elapsed: 22.461	Loglikelihood: -8.22696e+07	(delta): 0.00556034
14 (QN/Block) 	Elapsed: 22.146	Loglikelihood: -8.22696e+07	(delta): 0.00016205
15 (QN/Block) 	Elapsed: 20.409	Loglikelihood: -8.22696e+07	(delta): 3.57628e-07
Summary: 
Converged in 15 iterations (353.705 sec)
Loglikelihood: -82269629.045023
Fst divergences between estimated populations: 
	Pop0	
Pop0	
Pop1	0.132	
CV error (K=2): 0.37156
Writing output files.
