****                   ADMIXTURE Version 1.3.0                  ****
****                    Copyright 2008-2015                     ****
****           David Alexander, Suyash Shringarpure,            ****
****                John  Novembre, Ken Lange                   ****
****                                                            ****
****                 Please cite our paper!                     ****
****   Information at www.genetics.ucla.edu/software/admixture  ****

Parallel execution requested.  Will use 16 threads.
Cross-validation will be performed.  Folds=5.
Random seed: 43
Point estimation method: Block relaxation algorithm
Convergence acceleration algorithm: QuasiNewton, 3 secant conditions
Point estimation will terminate when objective function delta < 0.0001
Estimation of standard errors disabled; will compute point estimates only.
Size of G: 457x298369
Performing five EM steps to prime main algorithm
1 (EM) 	Elapsed: 26.716	Loglikelihood: -9.17727e+07	(delta): 1.03816e+08
2 (EM) 	Elapsed: 17.65	Loglikelihood: -8.75954e+07	(delta): 4.17733e+06
3 (EM) 	Elapsed: 16.926	Loglikelihood: -8.69259e+07	(delta): 669514
4 (EM) 	Elapsed: 17.101	Loglikelihood: -8.65559e+07	(delta): 369976
5 (EM) 	Elapsed: 18.094	Loglikelihood: -8.62693e+07	(delta): 286558
Initial loglikelihood: -8.62693e+07
Starting main algorithm
1 (QN/Block) 	Elapsed: 50.917	Loglikelihood: -7.94375e+07	(delta): 6.83183e+06
2 (QN/Block) 	Elapsed: 51.395	Loglikelihood: -7.66997e+07	(delta): 2.73781e+06
3 (QN/Block) 	Elapsed: 58.807	Loglikelihood: -7.59282e+07	(delta): 771467
4 (QN/Block) 	Elapsed: 54.837	Loglikelihood: -7.54985e+07	(delta): 429690
5 (QN/Block) 	Elapsed: 54.091	Loglikelihood: -7.53117e+07	(delta): 186853
6 (QN/Block) 	Elapsed: 53.436	Loglikelihood: -7.51838e+07	(delta): 127906
7 (QN/Block) 	Elapsed: 47.92	Loglikelihood: -7.51143e+07	(delta): 69478.8
8 (QN/Block) 	Elapsed: 47.151	Loglikelihood: -7.50899e+07	(delta): 24423.7
9 (QN/Block) 	Elapsed: 51.103	Loglikelihood: -7.50814e+07	(delta): 8458.15
10 (QN/Block) 	Elapsed: 47.037	Loglikelihood: -7.50775e+07	(delta): 3856.55
11 (QN/Block) 	Elapsed: 47.614	Loglikelihood: -7.50768e+07	(delta): 739.479
12 (QN/Block) 	Elapsed: 48.317	Loglikelihood: -7.50766e+07	(delta): 178.313
13 (QN/Block) 	Elapsed: 49.513	Loglikelihood: -7.50765e+07	(delta): 98.7828
14 (QN/Block) 	Elapsed: 49.451	Loglikelihood: -7.50765e+07	(delta): 18.4877
15 (QN/Block) 	Elapsed: 47.183	Loglikelihood: -7.50765e+07	(delta): 7.12659
16 (QN/Block) 	Elapsed: 47.922	Loglikelihood: -7.50765e+07	(delta): 1.31511
17 (QN/Block) 	Elapsed: 47.158	Loglikelihood: -7.50765e+07	(delta): 0.393444
18 (QN/Block) 	Elapsed: 47.743	Loglikelihood: -7.50765e+07	(delta): 0.154061
19 (QN/Block) 	Elapsed: 46.153	Loglikelihood: -7.50765e+07	(delta): 0.0324829
20 (QN/Block) 	Elapsed: 46.154	Loglikelihood: -7.50765e+07	(delta): 0.00911902
21 (QN/Block) 	Elapsed: 47.416	Loglikelihood: -7.50765e+07	(delta): 0.00169557
22 (QN/Block) 	Elapsed: 53.265	Loglikelihood: -7.50765e+07	(delta): 0.00120753
23 (QN/Block) 	Elapsed: 46.499	Loglikelihood: -7.50765e+07	(delta): 5.23925e-05
Summary: 
Converged in 23 iterations (1251.06 sec)
Loglikelihood: -75076504.627548
Fst divergences between estimated populations: 
	Pop0	Pop1	Pop2	Pop3	Pop4	Pop5	Pop6	Pop7	
Pop0	
Pop1	0.174	
Pop2	0.123	0.130	
Pop3	0.134	0.144	0.079	
Pop4	0.162	0.138	0.119	0.134	
Pop5	0.153	0.159	0.108	0.122	0.150	
Pop6	0.130	0.131	0.085	0.100	0.123	0.117	
Pop7	0.196	0.168	0.161	0.170	0.153	0.184	0.162	
Pop8	0.109	0.118	0.064	0.081	0.109	0.092	0.076	0.151	
CV error (K=9): 0.33448
Writing output files.
