****                   ADMIXTURE Version 1.3.0                  ****
****                    Copyright 2008-2015                     ****
****           David Alexander, Suyash Shringarpure,            ****
****                John  Novembre, Ken Lange                   ****
****                                                            ****
****                 Please cite our paper!                     ****
****   Information at www.genetics.ucla.edu/software/admixture  ****

Parallel execution requested.  Will use 16 threads.
Cross-validation will be performed.  Folds=5.
Random seed: 43
Point estimation method: Block relaxation algorithm
Convergence acceleration algorithm: QuasiNewton, 3 secant conditions
Point estimation will terminate when objective function delta < 0.0001
Estimation of standard errors disabled; will compute point estimates only.
Size of G: 457x298369
Performing five EM steps to prime main algorithm
1 (EM) 	Elapsed: 23.039	Loglikelihood: -9.18496e+07	(delta): 1.06472e+08
2 (EM) 	Elapsed: 21.691	Loglikelihood: -8.77404e+07	(delta): 4.10919e+06
3 (EM) 	Elapsed: 22.152	Loglikelihood: -8.70134e+07	(delta): 726929
4 (EM) 	Elapsed: 19.665	Loglikelihood: -8.66011e+07	(delta): 412376
5 (EM) 	Elapsed: 14.631	Loglikelihood: -8.6289e+07	(delta): 312061
Initial loglikelihood: -8.6289e+07
Starting main algorithm
1 (QN/Block) 	Elapsed: 49.365	Loglikelihood: -7.99352e+07	(delta): 6.35383e+06
2 (QN/Block) 	Elapsed: 48.318	Loglikelihood: -7.7818e+07	(delta): 2.11717e+06
3 (QN/Block) 	Elapsed: 44.631	Loglikelihood: -7.71369e+07	(delta): 681117
4 (QN/Block) 	Elapsed: 43.608	Loglikelihood: -7.67734e+07	(delta): 363518
5 (QN/Block) 	Elapsed: 43.899	Loglikelihood: -7.66082e+07	(delta): 165178
6 (QN/Block) 	Elapsed: 44.6	Loglikelihood: -7.64836e+07	(delta): 124630
7 (QN/Block) 	Elapsed: 45.181	Loglikelihood: -7.6421e+07	(delta): 62513.5
8 (QN/Block) 	Elapsed: 45.375	Loglikelihood: -7.63858e+07	(delta): 35222.2
9 (QN/Block) 	Elapsed: 43.276	Loglikelihood: -7.63743e+07	(delta): 11566.4
10 (QN/Block) 	Elapsed: 44.657	Loglikelihood: -7.63702e+07	(delta): 4051.74
11 (QN/Block) 	Elapsed: 44.931	Loglikelihood: -7.63693e+07	(delta): 943.967
12 (QN/Block) 	Elapsed: 44.269	Loglikelihood: -7.63691e+07	(delta): 194.698
13 (QN/Block) 	Elapsed: 44.125	Loglikelihood: -7.6369e+07	(delta): 58.8988
14 (QN/Block) 	Elapsed: 42.966	Loglikelihood: -7.6369e+07	(delta): 5.84095
15 (QN/Block) 	Elapsed: 42.749	Loglikelihood: -7.6369e+07	(delta): 1.57666
16 (QN/Block) 	Elapsed: 45.105	Loglikelihood: -7.6369e+07	(delta): 0.468637
17 (QN/Block) 	Elapsed: 43.726	Loglikelihood: -7.6369e+07	(delta): 0.27619
18 (QN/Block) 	Elapsed: 42.7	Loglikelihood: -7.6369e+07	(delta): 0.0939208
19 (QN/Block) 	Elapsed: 43.6	Loglikelihood: -7.6369e+07	(delta): 0.0083687
20 (QN/Block) 	Elapsed: 46.021	Loglikelihood: -7.6369e+07	(delta): 0.000473842
21 (QN/Block) 	Elapsed: 42.595	Loglikelihood: -7.6369e+07	(delta): 8.1867e-05
Summary: 
Converged in 21 iterations (1049.02 sec)
Loglikelihood: -76368995.198453
Fst divergences between estimated populations: 
	Pop0	Pop1	Pop2	Pop3	Pop4	Pop5	
Pop0	
Pop1	0.138	
Pop2	0.123	0.113	
Pop3	0.173	0.162	0.116	
Pop4	0.159	0.149	0.101	0.152	
Pop5	0.112	0.105	0.061	0.109	0.099	
Pop6	0.168	0.153	0.156	0.195	0.184	0.146	
CV error (K=7): 0.33935
Writing output files.
