****                   ADMIXTURE Version 1.3.0                  ****
****                    Copyright 2008-2015                     ****
****           David Alexander, Suyash Shringarpure,            ****
****                John  Novembre, Ken Lange                   ****
****                                                            ****
****                 Please cite our paper!                     ****
****   Information at www.genetics.ucla.edu/software/admixture  ****

Parallel execution requested.  Will use 16 threads.
Cross-validation will be performed.  Folds=5.
Random seed: 43
Point estimation method: Block relaxation algorithm
Convergence acceleration algorithm: QuasiNewton, 3 secant conditions
Point estimation will terminate when objective function delta < 0.0001
Estimation of standard errors disabled; will compute point estimates only.
Size of G: 457x298369
Performing five EM steps to prime main algorithm
1 (EM) 	Elapsed: 40.411	Loglikelihood: -9.13919e+07	(delta): 9.94854e+07
2 (EM) 	Elapsed: 36.611	Loglikelihood: -8.70692e+07	(delta): 4.32268e+06
3 (EM) 	Elapsed: 35.15	Loglikelihood: -8.64986e+07	(delta): 570584
4 (EM) 	Elapsed: 35.288	Loglikelihood: -8.61967e+07	(delta): 301974
5 (EM) 	Elapsed: 34.947	Loglikelihood: -8.59477e+07	(delta): 248918
Initial loglikelihood: -8.59477e+07
Starting main algorithm
1 (QN/Block) 	Elapsed: 74.682	Loglikelihood: -7.78958e+07	(delta): 8.05194e+06
2 (QN/Block) 	Elapsed: 75.267	Loglikelihood: -7.52825e+07	(delta): 2.61328e+06
3 (QN/Block) 	Elapsed: 75.869	Loglikelihood: -7.42265e+07	(delta): 1.05598e+06
4 (QN/Block) 	Elapsed: 77.915	Loglikelihood: -7.35839e+07	(delta): 642681
5 (QN/Block) 	Elapsed: 77.16	Loglikelihood: -7.31791e+07	(delta): 404773
6 (QN/Block) 	Elapsed: 75.238	Loglikelihood: -7.29024e+07	(delta): 276668
7 (QN/Block) 	Elapsed: 76.621	Loglikelihood: -7.27559e+07	(delta): 146527
8 (QN/Block) 	Elapsed: 75.526	Loglikelihood: -7.25952e+07	(delta): 160717
9 (QN/Block) 	Elapsed: 75.594	Loglikelihood: -7.25103e+07	(delta): 84832.1
10 (QN/Block) 	Elapsed: 75.687	Loglikelihood: -7.24837e+07	(delta): 26604.4
11 (QN/Block) 	Elapsed: 77.194	Loglikelihood: -7.24736e+07	(delta): 10159.4
12 (QN/Block) 	Elapsed: 76.232	Loglikelihood: -7.24699e+07	(delta): 3634.49
13 (QN/Block) 	Elapsed: 77.208	Loglikelihood: -7.2467e+07	(delta): 2971.61
14 (QN/Block) 	Elapsed: 79.124	Loglikelihood: -7.24662e+07	(delta): 743.027
15 (QN/Block) 	Elapsed: 80.121	Loglikelihood: -7.24655e+07	(delta): 735.994
16 (QN/Block) 	Elapsed: 75.338	Loglikelihood: -7.2465e+07	(delta): 453.059
17 (QN/Block) 	Elapsed: 75.923	Loglikelihood: -7.24647e+07	(delta): 323.074
18 (QN/Block) 	Elapsed: 76.462	Loglikelihood: -7.24647e+07	(delta): 46.287
19 (QN/Block) 	Elapsed: 76.956	Loglikelihood: -7.24647e+07	(delta): 7.5727
20 (QN/Block) 	Elapsed: 76	Loglikelihood: -7.24647e+07	(delta): 4.98695
21 (QN/Block) 	Elapsed: 73.648	Loglikelihood: -7.24647e+07	(delta): 1.83911
22 (QN/Block) 	Elapsed: 77.314	Loglikelihood: -7.24647e+07	(delta): 1.64596
23 (QN/Block) 	Elapsed: 75.371	Loglikelihood: -7.24646e+07	(delta): 1.38954
24 (QN/Block) 	Elapsed: 78.44	Loglikelihood: -7.24646e+07	(delta): 1.49101
25 (QN/Block) 	Elapsed: 74.912	Loglikelihood: -7.24646e+07	(delta): 0.630416
26 (QN/Block) 	Elapsed: 77.735	Loglikelihood: -7.24646e+07	(delta): 0.652519
27 (QN/Block) 	Elapsed: 74.729	Loglikelihood: -7.24646e+07	(delta): 0.429198
28 (QN/Block) 	Elapsed: 97.605	Loglikelihood: -7.24646e+07	(delta): 0.540024
29 (QN/Block) 	Elapsed: 104.196	Loglikelihood: -7.24646e+07	(delta): 0.197113
30 (QN/Block) 	Elapsed: 108.657	Loglikelihood: -7.24646e+07	(delta): 0.0814519
31 (QN/Block) 	Elapsed: 102.319	Loglikelihood: -7.24646e+07	(delta): 0.0428745
32 (QN/Block) 	Elapsed: 98.99	Loglikelihood: -7.24646e+07	(delta): 0.0412641
33 (QN/Block) 	Elapsed: 98.746	Loglikelihood: -7.24646e+07	(delta): 0.0146751
34 (QN/Block) 	Elapsed: 101.018	Loglikelihood: -7.24646e+07	(delta): 0.0161751
35 (QN/Block) 	Elapsed: 106.638	Loglikelihood: -7.24646e+07	(delta): 0.0121032
36 (QN/Block) 	Elapsed: 107.42	Loglikelihood: -7.24646e+07	(delta): 0.0510086
37 (QN/Block) 	Elapsed: 107.236	Loglikelihood: -7.24646e+07	(delta): 0.039302
38 (QN/Block) 	Elapsed: 105.596	Loglikelihood: -7.24646e+07	(delta): 0.173474
39 (QN/Block) 	Elapsed: 101.258	Loglikelihood: -7.24646e+07	(delta): 0.0603591
40 (QN/Block) 	Elapsed: 99.988	Loglikelihood: -7.24646e+07	(delta): 0.0921257
41 (QN/Block) 	Elapsed: 102.152	Loglikelihood: -7.24646e+07	(delta): 0.0343067
42 (QN/Block) 	Elapsed: 98.852	Loglikelihood: -7.24646e+07	(delta): 0.11326
43 (QN/Block) 	Elapsed: 96.418	Loglikelihood: -7.24646e+07	(delta): 0.0311995
44 (QN/Block) 	Elapsed: 97.904	Loglikelihood: -7.24646e+07	(delta): 0.123146
45 (QN/Block) 	Elapsed: 97.656	Loglikelihood: -7.24646e+07	(delta): 0.0519431
46 (QN/Block) 	Elapsed: 98.09	Loglikelihood: -7.24646e+07	(delta): 0.0259574
47 (QN/Block) 	Elapsed: 97.471	Loglikelihood: -7.24646e+07	(delta): 0.0122997
48 (QN/Block) 	Elapsed: 98.909	Loglikelihood: -7.24646e+07	(delta): 0.0373756
49 (QN/Block) 	Elapsed: 96.74	Loglikelihood: -7.24646e+07	(delta): 0.0117461
50 (QN/Block) 	Elapsed: 98.677	Loglikelihood: -7.24646e+07	(delta): 0.00450867
51 (QN/Block) 	Elapsed: 96.925	Loglikelihood: -7.24646e+07	(delta): 0.00178969
52 (QN/Block) 	Elapsed: 97.243	Loglikelihood: -7.24646e+07	(delta): 0.000524059
53 (QN/Block) 	Elapsed: 104.258	Loglikelihood: -7.24646e+07	(delta): 0.000546277
54 (QN/Block) 	Elapsed: 109.294	Loglikelihood: -7.24646e+07	(delta): 0.000338048
55 (QN/Block) 	Elapsed: 107.214	Loglikelihood: -7.24646e+07	(delta): 0.000100374
56 (QN/Block) 	Elapsed: 107.629	Loglikelihood: -7.24646e+07	(delta): 1.25617e-05
Summary: 
Converged in 56 iterations (5201.89 sec)
Loglikelihood: -72464643.643276
Fst divergences between estimated populations: 
	Pop0	Pop1	Pop2	Pop3	Pop4	Pop5	Pop6	Pop7	Pop8	Pop9	Pop10	Pop11	Pop12	Pop13	Pop14	
Pop0	
Pop1	0.092	
Pop2	0.158	0.204	
Pop3	0.118	0.162	0.117	
Pop4	0.071	0.117	0.170	0.129	
Pop5	0.083	0.130	0.182	0.143	0.095	
Pop6	0.124	0.166	0.217	0.177	0.126	0.145	
Pop7	0.096	0.140	0.196	0.158	0.112	0.123	0.160	
Pop8	0.156	0.189	0.230	0.198	0.156	0.173	0.168	0.185	
Pop9	0.116	0.157	0.207	0.169	0.120	0.137	0.140	0.152	0.155	
Pop10	0.090	0.137	0.186	0.147	0.102	0.096	0.151	0.129	0.176	0.143	
Pop11	0.121	0.167	0.219	0.180	0.132	0.108	0.178	0.161	0.200	0.170	0.135	
Pop12	0.062	0.107	0.160	0.120	0.073	0.082	0.125	0.103	0.156	0.117	0.089	0.121	
Pop13	0.100	0.146	0.199	0.159	0.101	0.126	0.158	0.141	0.184	0.151	0.132	0.162	0.103	
Pop14	0.108	0.152	0.203	0.163	0.118	0.107	0.166	0.146	0.190	0.158	0.107	0.144	0.107	0.147	
Pop15	0.078	0.125	0.178	0.138	0.090	0.060	0.140	0.117	0.168	0.131	0.091	0.104	0.077	0.122	0.103	
CV error (K=16): 0.33483
Writing output files.
