****                   ADMIXTURE Version 1.3.0                  ****
****                    Copyright 2008-2015                     ****
****           David Alexander, Suyash Shringarpure,            ****
****                John  Novembre, Ken Lange                   ****
****                                                            ****
****                 Please cite our paper!                     ****
****   Information at www.genetics.ucla.edu/software/admixture  ****

Parallel execution requested.  Will use 16 threads.
Cross-validation will be performed.  Folds=5.
Random seed: 43
Point estimation method: Block relaxation algorithm
Convergence acceleration algorithm: QuasiNewton, 3 secant conditions
Point estimation will terminate when objective function delta < 0.0001
Estimation of standard errors disabled; will compute point estimates only.
Size of G: 457x298369
Performing five EM steps to prime main algorithm
1 (EM) 	Elapsed: 78.272	Loglikelihood: -9.13067e+07	(delta): 9.88092e+07
2 (EM) 	Elapsed: 85.145	Loglikelihood: -8.69543e+07	(delta): 4.35241e+06
3 (EM) 	Elapsed: 86.35	Loglikelihood: -8.64033e+07	(delta): 550955
4 (EM) 	Elapsed: 83.45	Loglikelihood: -8.6115e+07	(delta): 288363
5 (EM) 	Elapsed: 80.184	Loglikelihood: -8.58731e+07	(delta): 241853
Initial loglikelihood: -8.58731e+07
Starting main algorithm
1 (QN/Block) 	Elapsed: 101.857	Loglikelihood: -7.75507e+07	(delta): 8.32242e+06
2 (QN/Block) 	Elapsed: 95.277	Loglikelihood: -7.46049e+07	(delta): 2.9458e+06
3 (QN/Block) 	Elapsed: 84.756	Loglikelihood: -7.33994e+07	(delta): 1.20548e+06
4 (QN/Block) 	Elapsed: 80.039	Loglikelihood: -7.2646e+07	(delta): 753466
5 (QN/Block) 	Elapsed: 77.849	Loglikelihood: -7.21665e+07	(delta): 479496
6 (QN/Block) 	Elapsed: 88.989	Loglikelihood: -7.1908e+07	(delta): 258477
7 (QN/Block) 	Elapsed: 80.187	Loglikelihood: -7.17605e+07	(delta): 147443
8 (QN/Block) 	Elapsed: 84.83	Loglikelihood: -7.16161e+07	(delta): 144390
9 (QN/Block) 	Elapsed: 74.156	Loglikelihood: -7.15181e+07	(delta): 98057.6
10 (QN/Block) 	Elapsed: 89.998	Loglikelihood: -7.14454e+07	(delta): 72714.6
11 (QN/Block) 	Elapsed: 82.418	Loglikelihood: -7.14108e+07	(delta): 34603
12 (QN/Block) 	Elapsed: 79.209	Loglikelihood: -7.13988e+07	(delta): 12004.4
13 (QN/Block) 	Elapsed: 81.353	Loglikelihood: -7.13942e+07	(delta): 4521.61
14 (QN/Block) 	Elapsed: 75.877	Loglikelihood: -7.13929e+07	(delta): 1380.4
15 (QN/Block) 	Elapsed: 79.528	Loglikelihood: -7.13924e+07	(delta): 489.945
16 (QN/Block) 	Elapsed: 75.953	Loglikelihood: -7.13919e+07	(delta): 468.348
17 (QN/Block) 	Elapsed: 74.359	Loglikelihood: -7.13912e+07	(delta): 706.298
18 (QN/Block) 	Elapsed: 75.848	Loglikelihood: -7.13904e+07	(delta): 764.435
19 (QN/Block) 	Elapsed: 78.046	Loglikelihood: -7.13902e+07	(delta): 204.969
20 (QN/Block) 	Elapsed: 73.454	Loglikelihood: -7.13902e+07	(delta): 12.4137
21 (QN/Block) 	Elapsed: 77.128	Loglikelihood: -7.13902e+07	(delta): 2.99968
22 (QN/Block) 	Elapsed: 79.082	Loglikelihood: -7.13902e+07	(delta): 0.25312
23 (QN/Block) 	Elapsed: 74.445	Loglikelihood: -7.13902e+07	(delta): 0.0421279
24 (QN/Block) 	Elapsed: 79.614	Loglikelihood: -7.13902e+07	(delta): 0.0219609
25 (QN/Block) 	Elapsed: 87.998	Loglikelihood: -7.13902e+07	(delta): 0.0200278
26 (QN/Block) 	Elapsed: 77.981	Loglikelihood: -7.13902e+07	(delta): 0.00226812
27 (QN/Block) 	Elapsed: 73.667	Loglikelihood: -7.13902e+07	(delta): 0.000278294
28 (QN/Block) 	Elapsed: 82.506	Loglikelihood: -7.13902e+07	(delta): 0.000109285
29 (QN/Block) 	Elapsed: 80.529	Loglikelihood: -7.13902e+07	(delta): 1.52737e-05
Summary: 
Converged in 29 iterations (2770.08 sec)
Loglikelihood: -71390218.090865
Fst divergences between estimated populations: 
	Pop0	Pop1	Pop2	Pop3	Pop4	Pop5	Pop6	Pop7	Pop8	Pop9	Pop10	Pop11	Pop12	Pop13	Pop14	Pop15	Pop16	Pop17	
Pop0	
Pop1	0.202	
Pop2	0.230	0.275	
Pop3	0.174	0.246	0.261	
Pop4	0.108	0.158	0.193	0.146	
Pop5	0.119	0.171	0.195	0.159	0.072	
Pop6	0.146	0.200	0.222	0.188	0.101	0.094	
Pop7	0.126	0.177	0.171	0.164	0.083	0.084	0.118	
Pop8	0.106	0.186	0.215	0.162	0.090	0.103	0.131	0.110	
Pop9	0.166	0.218	0.207	0.204	0.125	0.127	0.157	0.108	0.152	
Pop10	0.185	0.235	0.222	0.222	0.143	0.144	0.175	0.114	0.170	0.164	
Pop11	0.162	0.117	0.240	0.205	0.118	0.130	0.159	0.138	0.147	0.178	0.196	
Pop12	0.173	0.226	0.246	0.214	0.127	0.126	0.143	0.145	0.158	0.185	0.203	0.185	
Pop13	0.194	0.234	0.106	0.223	0.161	0.162	0.187	0.141	0.181	0.174	0.187	0.203	0.208	
Pop14	0.151	0.204	0.230	0.191	0.092	0.118	0.146	0.126	0.137	0.166	0.183	0.162	0.173	0.194	
Pop15	0.142	0.217	0.240	0.174	0.119	0.131	0.160	0.137	0.133	0.177	0.195	0.178	0.186	0.203	0.165	
Pop16	0.145	0.196	0.226	0.184	0.096	0.113	0.141	0.121	0.129	0.161	0.179	0.158	0.167	0.189	0.140	0.159	
Pop17	0.106	0.178	0.209	0.149	0.080	0.092	0.121	0.101	0.092	0.142	0.160	0.139	0.149	0.175	0.127	0.106	0.119	
Pop18	0.106	0.160	0.194	0.147	0.063	0.074	0.104	0.084	0.089	0.126	0.143	0.120	0.130	0.161	0.107	0.119	0.104	0.078	
CV error (K=19): 0.34069
Writing output files.
