****                   ADMIXTURE Version 1.3.0                  ****
****                    Copyright 2008-2015                     ****
****           David Alexander, Suyash Shringarpure,            ****
****                John  Novembre, Ken Lange                   ****
****                                                            ****
****                 Please cite our paper!                     ****
****   Information at www.genetics.ucla.edu/software/admixture  ****

Parallel execution requested.  Will use 16 threads.
Cross-validation will be performed.  Folds=5.
Random seed: 43
Point estimation method: Block relaxation algorithm
Convergence acceleration algorithm: QuasiNewton, 3 secant conditions
Point estimation will terminate when objective function delta < 0.0001
Estimation of standard errors disabled; will compute point estimates only.
Size of G: 457x298369
Performing five EM steps to prime main algorithm
1 (EM) 	Elapsed: 61.874	Loglikelihood: -9.14375e+07	(delta): 9.99578e+07
2 (EM) 	Elapsed: 47.608	Loglikelihood: -8.71288e+07	(delta): 4.30866e+06
3 (EM) 	Elapsed: 46.648	Loglikelihood: -8.6547e+07	(delta): 581838
4 (EM) 	Elapsed: 42.353	Loglikelihood: -8.62358e+07	(delta): 311218
5 (EM) 	Elapsed: 42.395	Loglikelihood: -8.59797e+07	(delta): 256082
Initial loglikelihood: -8.59797e+07
Starting main algorithm
1 (QN/Block) 	Elapsed: 74.945	Loglikelihood: -7.78591e+07	(delta): 8.1206e+06
2 (QN/Block) 	Elapsed: 69.75	Loglikelihood: -7.50897e+07	(delta): 2.7694e+06
3 (QN/Block) 	Elapsed: 67.021	Loglikelihood: -7.41991e+07	(delta): 890542
4 (QN/Block) 	Elapsed: 76.934	Loglikelihood: -7.34608e+07	(delta): 738346
5 (QN/Block) 	Elapsed: 72.145	Loglikelihood: -7.30527e+07	(delta): 408042
6 (QN/Block) 	Elapsed: 67.779	Loglikelihood: -7.28358e+07	(delta): 216970
7 (QN/Block) 	Elapsed: 64.633	Loglikelihood: -7.27666e+07	(delta): 69145.9
8 (QN/Block) 	Elapsed: 69.166	Loglikelihood: -7.274e+07	(delta): 26626.5
9 (QN/Block) 	Elapsed: 74.222	Loglikelihood: -7.2733e+07	(delta): 7024.58
10 (QN/Block) 	Elapsed: 74.381	Loglikelihood: -7.27297e+07	(delta): 3300.27
11 (QN/Block) 	Elapsed: 72.647	Loglikelihood: -7.27282e+07	(delta): 1422.2
12 (QN/Block) 	Elapsed: 65.398	Loglikelihood: -7.27263e+07	(delta): 1901.52
13 (QN/Block) 	Elapsed: 70.532	Loglikelihood: -7.27256e+07	(delta): 781.846
14 (QN/Block) 	Elapsed: 69.886	Loglikelihood: -7.27253e+07	(delta): 227.733
15 (QN/Block) 	Elapsed: 66.257	Loglikelihood: -7.27251e+07	(delta): 241.078
16 (QN/Block) 	Elapsed: 72.028	Loglikelihood: -7.27249e+07	(delta): 198.81
17 (QN/Block) 	Elapsed: 75.353	Loglikelihood: -7.27249e+07	(delta): 43.3042
18 (QN/Block) 	Elapsed: 64.971	Loglikelihood: -7.27248e+07	(delta): 25.588
19 (QN/Block) 	Elapsed: 71.546	Loglikelihood: -7.27248e+07	(delta): 9.19324
20 (QN/Block) 	Elapsed: 68.06	Loglikelihood: -7.27248e+07	(delta): 2.74159
21 (QN/Block) 	Elapsed: 69.746	Loglikelihood: -7.27248e+07	(delta): 3.99975
22 (QN/Block) 	Elapsed: 73.376	Loglikelihood: -7.27248e+07	(delta): 1.05063
23 (QN/Block) 	Elapsed: 65.234	Loglikelihood: -7.27248e+07	(delta): 0.161445
24 (QN/Block) 	Elapsed: 67.163	Loglikelihood: -7.27248e+07	(delta): 0.0547067
25 (QN/Block) 	Elapsed: 66.455	Loglikelihood: -7.27248e+07	(delta): 0.0178113
26 (QN/Block) 	Elapsed: 68.345	Loglikelihood: -7.27248e+07	(delta): 0.00300919
27 (QN/Block) 	Elapsed: 70.651	Loglikelihood: -7.27248e+07	(delta): 0.00133391
28 (QN/Block) 	Elapsed: 77.805	Loglikelihood: -7.27248e+07	(delta): 0.000259787
29 (QN/Block) 	Elapsed: 67.26	Loglikelihood: -7.27248e+07	(delta): 6.3628e-05
Summary: 
Converged in 29 iterations (2295.25 sec)
Loglikelihood: -72724810.300216
Fst divergences between estimated populations: 
	Pop0	Pop1	Pop2	Pop3	Pop4	Pop5	Pop6	Pop7	Pop8	Pop9	Pop10	Pop11	Pop12	Pop13	
Pop0	
Pop1	0.159	
Pop2	0.103	0.199	
Pop3	0.083	0.181	0.126	
Pop4	0.119	0.117	0.159	0.141	
Pop5	0.118	0.217	0.160	0.128	0.178	
Pop6	0.107	0.203	0.146	0.131	0.162	0.165	
Pop7	0.062	0.158	0.100	0.085	0.118	0.120	0.092	
Pop8	0.103	0.196	0.141	0.124	0.158	0.159	0.140	0.096	
Pop9	0.125	0.217	0.158	0.146	0.177	0.176	0.166	0.124	0.160	
Pop10	0.160	0.234	0.188	0.177	0.202	0.203	0.194	0.160	0.189	0.173	
Pop11	0.193	0.275	0.223	0.211	0.240	0.240	0.230	0.193	0.226	0.205	0.106	
Pop12	0.069	0.170	0.113	0.080	0.129	0.099	0.117	0.070	0.110	0.133	0.168	0.201	
Pop13	0.118	0.207	0.151	0.138	0.169	0.168	0.157	0.117	0.153	0.141	0.160	0.192	0.125	
Pop14	0.073	0.170	0.101	0.096	0.129	0.130	0.117	0.071	0.112	0.126	0.161	0.193	0.082	0.120	
CV error (K=15): 0.33830
Writing output files.
