****                   ADMIXTURE Version 1.3.0                  ****
****                    Copyright 2008-2015                     ****
****           David Alexander, Suyash Shringarpure,            ****
****                John  Novembre, Ken Lange                   ****
****                                                            ****
****                 Please cite our paper!                     ****
****   Information at www.genetics.ucla.edu/software/admixture  ****

Parallel execution requested.  Will use 16 threads.
Cross-validation will be performed.  Folds=5.
Random seed: 43
Point estimation method: Block relaxation algorithm
Convergence acceleration algorithm: QuasiNewton, 3 secant conditions
Point estimation will terminate when objective function delta < 0.0001
Estimation of standard errors disabled; will compute point estimates only.
Size of G: 457x298369
Performing five EM steps to prime main algorithm
1 (EM) 	Elapsed: 30.883	Loglikelihood: -9.1901e+07	(delta): 1.08478e+08
2 (EM) 	Elapsed: 25.485	Loglikelihood: -8.78039e+07	(delta): 4.09714e+06
3 (EM) 	Elapsed: 21.303	Loglikelihood: -8.70295e+07	(delta): 774413
4 (EM) 	Elapsed: 24.809	Loglikelihood: -8.6588e+07	(delta): 441511
5 (EM) 	Elapsed: 20.925	Loglikelihood: -8.62594e+07	(delta): 328534
Initial loglikelihood: -8.62594e+07
Starting main algorithm
1 (QN/Block) 	Elapsed: 36.336	Loglikelihood: -8.11948e+07	(delta): 5.06468e+06
2 (QN/Block) 	Elapsed: 40.543	Loglikelihood: -7.9105e+07	(delta): 2.08977e+06
3 (QN/Block) 	Elapsed: 38.628	Loglikelihood: -7.81444e+07	(delta): 960606
4 (QN/Block) 	Elapsed: 39.077	Loglikelihood: -7.74788e+07	(delta): 665553
5 (QN/Block) 	Elapsed: 37.307	Loglikelihood: -7.72417e+07	(delta): 237135
6 (QN/Block) 	Elapsed: 36.624	Loglikelihood: -7.7114e+07	(delta): 127670
7 (QN/Block) 	Elapsed: 37.42	Loglikelihood: -7.70621e+07	(delta): 51983.4
8 (QN/Block) 	Elapsed: 37.447	Loglikelihood: -7.70374e+07	(delta): 24699.1
9 (QN/Block) 	Elapsed: 38.414	Loglikelihood: -7.7026e+07	(delta): 11375.9
10 (QN/Block) 	Elapsed: 38.006	Loglikelihood: -7.7023e+07	(delta): 2936.29
11 (QN/Block) 	Elapsed: 37.431	Loglikelihood: -7.70221e+07	(delta): 948.023
12 (QN/Block) 	Elapsed: 37.103	Loglikelihood: -7.70219e+07	(delta): 192.309
13 (QN/Block) 	Elapsed: 37.593	Loglikelihood: -7.70219e+07	(delta): 45.5194
14 (QN/Block) 	Elapsed: 37.025	Loglikelihood: -7.70218e+07	(delta): 19.3417
15 (QN/Block) 	Elapsed: 38.178	Loglikelihood: -7.70218e+07	(delta): 5.61522
16 (QN/Block) 	Elapsed: 37.244	Loglikelihood: -7.70218e+07	(delta): 1.07381
17 (QN/Block) 	Elapsed: 38.426	Loglikelihood: -7.70218e+07	(delta): 0.8432
18 (QN/Block) 	Elapsed: 37.587	Loglikelihood: -7.70218e+07	(delta): 0.0200369
19 (QN/Block) 	Elapsed: 38.354	Loglikelihood: -7.70218e+07	(delta): 0.000931203
20 (QN/Block) 	Elapsed: 38.312	Loglikelihood: -7.70218e+07	(delta): 3.51518e-05
Summary: 
Converged in 20 iterations (890.981 sec)
Loglikelihood: -77021828.718271
Fst divergences between estimated populations: 
	Pop0	Pop1	Pop2	Pop3	Pop4	
Pop0	
Pop1	0.184	
Pop2	0.195	0.152	
Pop3	0.146	0.099	0.108	
Pop4	0.156	0.101	0.116	0.060	
Pop5	0.135	0.124	0.137	0.077	0.087	
CV error (K=6): 0.34149
Writing output files.
