****                   ADMIXTURE Version 1.3.0                  ****
****                    Copyright 2008-2015                     ****
****           David Alexander, Suyash Shringarpure,            ****
****                John  Novembre, Ken Lange                   ****
****                                                            ****
****                 Please cite our paper!                     ****
****   Information at www.genetics.ucla.edu/software/admixture  ****

Parallel execution requested.  Will use 16 threads.
Cross-validation will be performed.  Folds=5.
Random seed: 43
Point estimation method: Block relaxation algorithm
Convergence acceleration algorithm: QuasiNewton, 3 secant conditions
Point estimation will terminate when objective function delta < 0.0001
Estimation of standard errors disabled; will compute point estimates only.
Size of G: 457x298369
Performing five EM steps to prime main algorithm
1 (EM) 	Elapsed: 26.318	Loglikelihood: -9.16416e+07	(delta): 1.01998e+08
2 (EM) 	Elapsed: 24.439	Loglikelihood: -8.74174e+07	(delta): 4.22421e+06
3 (EM) 	Elapsed: 24.108	Loglikelihood: -8.67822e+07	(delta): 635169
4 (EM) 	Elapsed: 24.14	Loglikelihood: -8.64301e+07	(delta): 352175
5 (EM) 	Elapsed: 23.53	Loglikelihood: -8.61473e+07	(delta): 282715
Initial loglikelihood: -8.61473e+07
Starting main algorithm
1 (QN/Block) 	Elapsed: 59.647	Loglikelihood: -7.93442e+07	(delta): 6.80319e+06
2 (QN/Block) 	Elapsed: 55.925	Loglikelihood: -7.67452e+07	(delta): 2.59891e+06
3 (QN/Block) 	Elapsed: 56.482	Loglikelihood: -7.57756e+07	(delta): 969679
4 (QN/Block) 	Elapsed: 55.714	Loglikelihood: -7.49881e+07	(delta): 787469
5 (QN/Block) 	Elapsed: 55.342	Loglikelihood: -7.46226e+07	(delta): 365530
6 (QN/Block) 	Elapsed: 55.963	Loglikelihood: -7.44341e+07	(delta): 188437
7 (QN/Block) 	Elapsed: 57.998	Loglikelihood: -7.43716e+07	(delta): 62507.3
8 (QN/Block) 	Elapsed: 56.415	Loglikelihood: -7.43409e+07	(delta): 30675.7
9 (QN/Block) 	Elapsed: 56.56	Loglikelihood: -7.43252e+07	(delta): 15736.9
10 (QN/Block) 	Elapsed: 57.856	Loglikelihood: -7.43135e+07	(delta): 11723.2
11 (QN/Block) 	Elapsed: 57.657	Loglikelihood: -7.43055e+07	(delta): 8011.56
12 (QN/Block) 	Elapsed: 58.146	Loglikelihood: -7.42997e+07	(delta): 5726.14
13 (QN/Block) 	Elapsed: 57.083	Loglikelihood: -7.4297e+07	(delta): 2740.77
14 (QN/Block) 	Elapsed: 56.386	Loglikelihood: -7.42961e+07	(delta): 893.853
15 (QN/Block) 	Elapsed: 57.669	Loglikelihood: -7.42958e+07	(delta): 343.531
16 (QN/Block) 	Elapsed: 57.464	Loglikelihood: -7.42957e+07	(delta): 96.5918
17 (QN/Block) 	Elapsed: 56.622	Loglikelihood: -7.42956e+07	(delta): 34.5004
18 (QN/Block) 	Elapsed: 56.728	Loglikelihood: -7.42956e+07	(delta): 5.7689
19 (QN/Block) 	Elapsed: 57.905	Loglikelihood: -7.42956e+07	(delta): 0.474457
20 (QN/Block) 	Elapsed: 57.661	Loglikelihood: -7.42956e+07	(delta): 0.212957
21 (QN/Block) 	Elapsed: 60.695	Loglikelihood: -7.42956e+07	(delta): 0.148276
22 (QN/Block) 	Elapsed: 56.732	Loglikelihood: -7.42956e+07	(delta): 0.0193255
23 (QN/Block) 	Elapsed: 56.916	Loglikelihood: -7.42956e+07	(delta): 0.00165117
24 (QN/Block) 	Elapsed: 57.488	Loglikelihood: -7.42956e+07	(delta): 0.000100523
25 (QN/Block) 	Elapsed: 56.783	Loglikelihood: -7.42956e+07	(delta): 3.75062e-05
Summary: 
Converged in 25 iterations (1557.68 sec)
Loglikelihood: -74295624.029294
Fst divergences between estimated populations: 
	Pop0	Pop1	Pop2	Pop3	Pop4	Pop5	Pop6	Pop7	Pop8	Pop9	
Pop0	
Pop1	0.150	
Pop2	0.110	0.122	
Pop3	0.199	0.207	0.168	
Pop4	0.183	0.155	0.161	0.230	
Pop5	0.124	0.137	0.079	0.179	0.171	
Pop6	0.098	0.113	0.066	0.157	0.154	0.083	
Pop7	0.096	0.116	0.075	0.165	0.152	0.093	0.068	
Pop8	0.158	0.169	0.128	0.117	0.198	0.139	0.116	0.124	
Pop9	0.141	0.152	0.108	0.196	0.185	0.122	0.095	0.107	0.158	
Pop10	0.158	0.140	0.130	0.217	0.168	0.144	0.121	0.121	0.177	0.160	
CV error (K=11): 0.33373
Writing output files.
