****                   ADMIXTURE Version 1.3.0                  ****
****                    Copyright 2008-2015                     ****
****           David Alexander, Suyash Shringarpure,            ****
****                John  Novembre, Ken Lange                   ****
****                                                            ****
****                 Please cite our paper!                     ****
****   Information at www.genetics.ucla.edu/software/admixture  ****

Parallel execution requested.  Will use 16 threads.
Cross-validation will be performed.  Folds=5.
Random seed: 43
Point estimation method: Block relaxation algorithm
Convergence acceleration algorithm: QuasiNewton, 3 secant conditions
Point estimation will terminate when objective function delta < 0.0001
Estimation of standard errors disabled; will compute point estimates only.
Size of G: 457x298369
Performing five EM steps to prime main algorithm
1 (EM) 	Elapsed: 47.162	Loglikelihood: -9.15208e+07	(delta): 1.00741e+08
2 (EM) 	Elapsed: 36.268	Loglikelihood: -8.72536e+07	(delta): 4.26722e+06
3 (EM) 	Elapsed: 37.407	Loglikelihood: -8.6653e+07	(delta): 600570
4 (EM) 	Elapsed: 38.118	Loglikelihood: -8.63274e+07	(delta): 325641
5 (EM) 	Elapsed: 31.018	Loglikelihood: -8.60623e+07	(delta): 265057
Initial loglikelihood: -8.60623e+07
Starting main algorithm
1 (QN/Block) 	Elapsed: 60.333	Loglikelihood: -7.79892e+07	(delta): 8.0731e+06
2 (QN/Block) 	Elapsed: 63.778	Loglikelihood: -7.54101e+07	(delta): 2.57912e+06
3 (QN/Block) 	Elapsed: 60.168	Loglikelihood: -7.46803e+07	(delta): 729754
4 (QN/Block) 	Elapsed: 63.751	Loglikelihood: -7.43277e+07	(delta): 352678
5 (QN/Block) 	Elapsed: 61.901	Loglikelihood: -7.41533e+07	(delta): 174376
6 (QN/Block) 	Elapsed: 64.248	Loglikelihood: -7.402e+07	(delta): 133280
7 (QN/Block) 	Elapsed: 60.724	Loglikelihood: -7.3841e+07	(delta): 179063
8 (QN/Block) 	Elapsed: 59.773	Loglikelihood: -7.368e+07	(delta): 160912
9 (QN/Block) 	Elapsed: 60.102	Loglikelihood: -7.35896e+07	(delta): 90414.7
10 (QN/Block) 	Elapsed: 69.226	Loglikelihood: -7.35519e+07	(delta): 37696.2
11 (QN/Block) 	Elapsed: 63.587	Loglikelihood: -7.35347e+07	(delta): 17263.9
12 (QN/Block) 	Elapsed: 65.443	Loglikelihood: -7.35249e+07	(delta): 9742.36
13 (QN/Block) 	Elapsed: 63.202	Loglikelihood: -7.35166e+07	(delta): 8287.38
14 (QN/Block) 	Elapsed: 62.755	Loglikelihood: -7.35116e+07	(delta): 5020.29
15 (QN/Block) 	Elapsed: 73.681	Loglikelihood: -7.35095e+07	(delta): 2075.3
16 (QN/Block) 	Elapsed: 74.37	Loglikelihood: -7.35092e+07	(delta): 314.956
17 (QN/Block) 	Elapsed: 60.858	Loglikelihood: -7.35091e+07	(delta): 109.129
18 (QN/Block) 	Elapsed: 60.25	Loglikelihood: -7.35091e+07	(delta): 17.0809
19 (QN/Block) 	Elapsed: 60.725	Loglikelihood: -7.35091e+07	(delta): 4.58441
20 (QN/Block) 	Elapsed: 59.884	Loglikelihood: -7.35091e+07	(delta): 2.05518
21 (QN/Block) 	Elapsed: 64.035	Loglikelihood: -7.35091e+07	(delta): 1.46892
22 (QN/Block) 	Elapsed: 63.236	Loglikelihood: -7.35091e+07	(delta): 2.57293
23 (QN/Block) 	Elapsed: 72.736	Loglikelihood: -7.35091e+07	(delta): 0.415487
24 (QN/Block) 	Elapsed: 60.484	Loglikelihood: -7.35091e+07	(delta): 0.0718735
25 (QN/Block) 	Elapsed: 66.623	Loglikelihood: -7.35091e+07	(delta): 0.0128369
26 (QN/Block) 	Elapsed: 64.75	Loglikelihood: -7.35091e+07	(delta): 0.00425117
27 (QN/Block) 	Elapsed: 60.697	Loglikelihood: -7.35091e+07	(delta): 0.00095734
28 (QN/Block) 	Elapsed: 64.173	Loglikelihood: -7.35091e+07	(delta): 0.000437811
29 (QN/Block) 	Elapsed: 67.212	Loglikelihood: -7.35091e+07	(delta): 0.000445664
30 (QN/Block) 	Elapsed: 60.5	Loglikelihood: -7.35091e+07	(delta): 0.000154287
31 (QN/Block) 	Elapsed: 59.751	Loglikelihood: -7.35091e+07	(delta): 0.000291198
32 (QN/Block) 	Elapsed: 60.807	Loglikelihood: -7.35091e+07	(delta): 5.49108e-05
Summary: 
Converged in 32 iterations (2246.91 sec)
Loglikelihood: -73509086.198812
Fst divergences between estimated populations: 
	Pop0	Pop1	Pop2	Pop3	Pop4	Pop5	Pop6	Pop7	Pop8	Pop9	Pop10	Pop11	
Pop0	
Pop1	0.122	
Pop2	0.141	0.114	
Pop3	0.145	0.084	0.138	
Pop4	0.217	0.157	0.208	0.180	
Pop5	0.173	0.159	0.160	0.176	0.234	
Pop6	0.176	0.118	0.168	0.127	0.217	0.203	
Pop7	0.158	0.098	0.151	0.124	0.199	0.188	0.159	
Pop8	0.160	0.095	0.153	0.123	0.196	0.188	0.159	0.141	
Pop9	0.205	0.191	0.192	0.210	0.275	0.106	0.240	0.223	0.226	
Pop10	0.132	0.069	0.125	0.080	0.169	0.168	0.099	0.112	0.109	0.201	
Pop11	0.122	0.068	0.116	0.093	0.165	0.157	0.125	0.096	0.108	0.189	0.078	
Pop12	0.177	0.116	0.169	0.140	0.117	0.202	0.178	0.158	0.158	0.239	0.129	0.124	
CV error (K=13): 0.33778
Writing output files.
