****                   ADMIXTURE Version 1.3.0                  ****
****                    Copyright 2008-2015                     ****
****           David Alexander, Suyash Shringarpure,            ****
****                John  Novembre, Ken Lange                   ****
****                                                            ****
****                 Please cite our paper!                     ****
****   Information at www.genetics.ucla.edu/software/admixture  ****

Parallel execution requested.  Will use 16 threads.
Cross-validation will be performed.  Folds=5.
Random seed: 43
Point estimation method: Block relaxation algorithm
Convergence acceleration algorithm: QuasiNewton, 3 secant conditions
Point estimation will terminate when objective function delta < 0.0001
Estimation of standard errors disabled; will compute point estimates only.
Size of G: 457x298369
Performing five EM steps to prime main algorithm
1 (EM) 	Elapsed: 12.794	Loglikelihood: -9.18822e+07	(delta): 1.11529e+08
2 (EM) 	Elapsed: 13.482	Loglikelihood: -8.78517e+07	(delta): 4.03054e+06
3 (EM) 	Elapsed: 13.091	Loglikelihood: -8.70466e+07	(delta): 805033
4 (EM) 	Elapsed: 13.04	Loglikelihood: -8.65862e+07	(delta): 460435
5 (EM) 	Elapsed: 13.417	Loglikelihood: -8.62505e+07	(delta): 335654
Initial loglikelihood: -8.62505e+07
Starting main algorithm
1 (QN/Block) 	Elapsed: 45.309	Loglikelihood: -8.12595e+07	(delta): 4.99101e+06
2 (QN/Block) 	Elapsed: 46.478	Loglikelihood: -7.91955e+07	(delta): 2.06401e+06
3 (QN/Block) 	Elapsed: 45.417	Loglikelihood: -7.84529e+07	(delta): 742662
4 (QN/Block) 	Elapsed: 46.807	Loglikelihood: -7.814e+07	(delta): 312820
5 (QN/Block) 	Elapsed: 45.738	Loglikelihood: -7.80466e+07	(delta): 93469.2
6 (QN/Block) 	Elapsed: 45.687	Loglikelihood: -7.80219e+07	(delta): 24677.4
7 (QN/Block) 	Elapsed: 46.106	Loglikelihood: -7.80164e+07	(delta): 5523.23
8 (QN/Block) 	Elapsed: 45.504	Loglikelihood: -7.80126e+07	(delta): 3785.07
9 (QN/Block) 	Elapsed: 45.758	Loglikelihood: -7.80089e+07	(delta): 3685.51
10 (QN/Block) 	Elapsed: 45.962	Loglikelihood: -7.80049e+07	(delta): 3974.46
11 (QN/Block) 	Elapsed: 45.857	Loglikelihood: -7.80003e+07	(delta): 4614.78
12 (QN/Block) 	Elapsed: 45.43	Loglikelihood: -7.79975e+07	(delta): 2825.7
13 (QN/Block) 	Elapsed: 45.869	Loglikelihood: -7.7994e+07	(delta): 3506.77
14 (QN/Block) 	Elapsed: 43.725	Loglikelihood: -7.79929e+07	(delta): 1077.05
15 (QN/Block) 	Elapsed: 44.127	Loglikelihood: -7.79923e+07	(delta): 602.419
16 (QN/Block) 	Elapsed: 44.75	Loglikelihood: -7.7992e+07	(delta): 290.688
17 (QN/Block) 	Elapsed: 43.368	Loglikelihood: -7.79919e+07	(delta): 123.789
18 (QN/Block) 	Elapsed: 44.402	Loglikelihood: -7.79918e+07	(delta): 48.4256
19 (QN/Block) 	Elapsed: 43.581	Loglikelihood: -7.79918e+07	(delta): 29.3305
20 (QN/Block) 	Elapsed: 44.237	Loglikelihood: -7.79918e+07	(delta): 8.66537
21 (QN/Block) 	Elapsed: 44.579	Loglikelihood: -7.79918e+07	(delta): 3.82502
22 (QN/Block) 	Elapsed: 44.151	Loglikelihood: -7.79918e+07	(delta): 0.805473
23 (QN/Block) 	Elapsed: 44.48	Loglikelihood: -7.79918e+07	(delta): 0.185707
24 (QN/Block) 	Elapsed: 46.337	Loglikelihood: -7.79918e+07	(delta): 0.0245161
25 (QN/Block) 	Elapsed: 46.093	Loglikelihood: -7.79918e+07	(delta): 0.0148638
26 (QN/Block) 	Elapsed: 45.039	Loglikelihood: -7.79918e+07	(delta): 0.00207841
27 (QN/Block) 	Elapsed: 44.492	Loglikelihood: -7.79918e+07	(delta): 0.00029178
28 (QN/Block) 	Elapsed: 45.051	Loglikelihood: -7.79918e+07	(delta): 2.26498e-06
Summary: 
Converged in 28 iterations (1333.13 sec)
Loglikelihood: -77991790.062118
Fst divergences between estimated populations: 
	Pop0	Pop1	Pop2	Pop3	
Pop0	
Pop1	0.149	
Pop2	0.064	0.155	
Pop3	0.112	0.195	0.115	
Pop4	0.081	0.134	0.085	0.135	
CV error (K=5): 0.34658
Writing output files.
