****                   ADMIXTURE Version 1.3.0                  ****
****                    Copyright 2008-2015                     ****
****           David Alexander, Suyash Shringarpure,            ****
****                John  Novembre, Ken Lange                   ****
****                                                            ****
****                 Please cite our paper!                     ****
****   Information at www.genetics.ucla.edu/software/admixture  ****

Parallel execution requested.  Will use 16 threads.
Cross-validation will be performed.  Folds=5.
Random seed: 43
Point estimation method: Block relaxation algorithm
Convergence acceleration algorithm: QuasiNewton, 3 secant conditions
Point estimation will terminate when objective function delta < 0.0001
Estimation of standard errors disabled; will compute point estimates only.
Size of G: 460x226161
Performing five EM steps to prime main algorithm
1 (EM) 	Elapsed: 8.208	Loglikelihood: -6.1698e+07	(delta): 1.06095e+08
2 (EM) 	Elapsed: 7.803	Loglikelihood: -5.89767e+07	(delta): 2.72131e+06
3 (EM) 	Elapsed: 6.994	Loglikelihood: -5.84263e+07	(delta): 550469
4 (EM) 	Elapsed: 8.431	Loglikelihood: -5.81269e+07	(delta): 299386
5 (EM) 	Elapsed: 6.721	Loglikelihood: -5.79382e+07	(delta): 188644
Initial loglikelihood: -5.79382e+07
Starting main algorithm
1 (QN/Block) 	Elapsed: 22.319	Loglikelihood: -5.6777e+07	(delta): 1.16122e+06
2 (QN/Block) 	Elapsed: 22.325	Loglikelihood: -5.62581e+07	(delta): 518936
3 (QN/Block) 	Elapsed: 22.898	Loglikelihood: -5.58972e+07	(delta): 360858
4 (QN/Block) 	Elapsed: 22.162	Loglikelihood: -5.56402e+07	(delta): 256982
5 (QN/Block) 	Elapsed: 22.242	Loglikelihood: -5.54973e+07	(delta): 142907
6 (QN/Block) 	Elapsed: 22.295	Loglikelihood: -5.54094e+07	(delta): 87908.2
7 (QN/Block) 	Elapsed: 22.916	Loglikelihood: -5.53641e+07	(delta): 45339
8 (QN/Block) 	Elapsed: 22.28	Loglikelihood: -5.53511e+07	(delta): 12966.9
9 (QN/Block) 	Elapsed: 22.154	Loglikelihood: -5.53418e+07	(delta): 9352.66
10 (QN/Block) 	Elapsed: 22.129	Loglikelihood: -5.53381e+07	(delta): 3670.56
11 (QN/Block) 	Elapsed: 21.732	Loglikelihood: -5.53358e+07	(delta): 2309.92
12 (QN/Block) 	Elapsed: 21.698	Loglikelihood: -5.53345e+07	(delta): 1289.96
13 (QN/Block) 	Elapsed: 21.438	Loglikelihood: -5.53341e+07	(delta): 425.616
14 (QN/Block) 	Elapsed: 21.749	Loglikelihood: -5.53339e+07	(delta): 140.131
15 (QN/Block) 	Elapsed: 22.009	Loglikelihood: -5.53339e+07	(delta): 34.3355
16 (QN/Block) 	Elapsed: 22.161	Loglikelihood: -5.53339e+07	(delta): 12.5701
17 (QN/Block) 	Elapsed: 22.488	Loglikelihood: -5.53339e+07	(delta): 4.72543
18 (QN/Block) 	Elapsed: 21.486	Loglikelihood: -5.53339e+07	(delta): 0.330796
19 (QN/Block) 	Elapsed: 21.851	Loglikelihood: -5.53339e+07	(delta): 0.0255825
20 (QN/Block) 	Elapsed: 21.306	Loglikelihood: -5.53339e+07	(delta): 0.00117857
21 (QN/Block) 	Elapsed: 20.257	Loglikelihood: -5.53339e+07	(delta): 0.00041467
22 (QN/Block) 	Elapsed: 20.309	Loglikelihood: -5.53339e+07	(delta): 1.41338e-05
Summary: 
Converged in 22 iterations (526.022 sec)
Loglikelihood: -55333876.378335
Fst divergences between estimated populations: 
	Pop0	Pop1	
Pop0	
Pop1	0.070	
Pop2	0.090	0.129	
CV error (K=3): 0.31184
Writing output files.
