****                   ADMIXTURE Version 1.3.0                  ****
****                    Copyright 2008-2015                     ****
****           David Alexander, Suyash Shringarpure,            ****
****                John  Novembre, Ken Lange                   ****
****                                                            ****
****                 Please cite our paper!                     ****
****   Information at www.genetics.ucla.edu/software/admixture  ****

Parallel execution requested.  Will use 16 threads.
Cross-validation will be performed.  Folds=5.
Random seed: 43
Point estimation method: Block relaxation algorithm
Convergence acceleration algorithm: QuasiNewton, 3 secant conditions
Point estimation will terminate when objective function delta < 0.0001
Estimation of standard errors disabled; will compute point estimates only.
Size of G: 460x226161
Performing five EM steps to prime main algorithm
1 (EM) 	Elapsed: 5.962	Loglikelihood: -6.06532e+07	(delta): 1.18451e+08
2 (EM) 	Elapsed: 6.845	Loglikelihood: -5.85745e+07	(delta): 2.07868e+06
3 (EM) 	Elapsed: 6.305	Loglikelihood: -5.81286e+07	(delta): 445935
4 (EM) 	Elapsed: 5.428	Loglikelihood: -5.7916e+07	(delta): 212658
5 (EM) 	Elapsed: 4.262	Loglikelihood: -5.78113e+07	(delta): 104674
Initial loglikelihood: -5.78113e+07
Starting main algorithm
1 (QN/Block) 	Elapsed: 17.322	Loglikelihood: -5.70563e+07	(delta): 755020
2 (QN/Block) 	Elapsed: 17.376	Loglikelihood: -5.65362e+07	(delta): 520068
3 (QN/Block) 	Elapsed: 16.994	Loglikelihood: -5.6388e+07	(delta): 148168
4 (QN/Block) 	Elapsed: 18.148	Loglikelihood: -5.62955e+07	(delta): 92509.8
5 (QN/Block) 	Elapsed: 18.109	Loglikelihood: -5.6257e+07	(delta): 38472.7
6 (QN/Block) 	Elapsed: 17.38	Loglikelihood: -5.62525e+07	(delta): 4506.75
7 (QN/Block) 	Elapsed: 17.099	Loglikelihood: -5.62515e+07	(delta): 1041.41
8 (QN/Block) 	Elapsed: 17.381	Loglikelihood: -5.62513e+07	(delta): 161.178
9 (QN/Block) 	Elapsed: 17.17	Loglikelihood: -5.62513e+07	(delta): 14.9356
10 (QN/Block) 	Elapsed: 17.303	Loglikelihood: -5.62513e+07	(delta): 0.999144
11 (QN/Block) 	Elapsed: 17.28	Loglikelihood: -5.62513e+07	(delta): 0.26333
12 (QN/Block) 	Elapsed: 17.68	Loglikelihood: -5.62513e+07	(delta): 0.0462178
13 (QN/Block) 	Elapsed: 17.429	Loglikelihood: -5.62513e+07	(delta): 0.00404744
14 (QN/Block) 	Elapsed: 17.114	Loglikelihood: -5.62513e+07	(delta): 6.58259e-05
Summary: 
Converged in 14 iterations (276.046 sec)
Loglikelihood: -56251318.924225
Fst divergences between estimated populations: 
	Pop0	
Pop0	
Pop1	0.090	
CV error (K=2): 0.31793
Writing output files.
