****                   ADMIXTURE Version 1.3.0                  ****
****                    Copyright 2008-2015                     ****
****           David Alexander, Suyash Shringarpure,            ****
****                John  Novembre, Ken Lange                   ****
****                                                            ****
****                 Please cite our paper!                     ****
****   Information at www.genetics.ucla.edu/software/admixture  ****

Parallel execution requested.  Will use 16 threads.
Cross-validation will be performed.  Folds=5.
Random seed: 43
Point estimation method: Block relaxation algorithm
Convergence acceleration algorithm: QuasiNewton, 3 secant conditions
Point estimation will terminate when objective function delta < 0.0001
Estimation of standard errors disabled; will compute point estimates only.
Size of G: 460x226161
Performing five EM steps to prime main algorithm
1 (EM) 	Elapsed: 12.489	Loglikelihood: -6.22687e+07	(delta): 9.20085e+07
2 (EM) 	Elapsed: 11.753	Loglikelihood: -5.90376e+07	(delta): 3.23117e+06
3 (EM) 	Elapsed: 11.024	Loglikelihood: -5.85164e+07	(delta): 521203
4 (EM) 	Elapsed: 11.328	Loglikelihood: -5.82348e+07	(delta): 281598
5 (EM) 	Elapsed: 12.215	Loglikelihood: -5.80288e+07	(delta): 205979
Initial loglikelihood: -5.80288e+07
Starting main algorithm
1 (QN/Block) 	Elapsed: 36.901	Loglikelihood: -5.53104e+07	(delta): 2.71839e+06
2 (QN/Block) 	Elapsed: 33.947	Loglikelihood: -5.40891e+07	(delta): 1.22128e+06
3 (QN/Block) 	Elapsed: 32.387	Loglikelihood: -5.37142e+07	(delta): 374945
4 (QN/Block) 	Elapsed: 28.893	Loglikelihood: -5.35178e+07	(delta): 196350
5 (QN/Block) 	Elapsed: 29.884	Loglikelihood: -5.34068e+07	(delta): 111011
6 (QN/Block) 	Elapsed: 29.562	Loglikelihood: -5.33022e+07	(delta): 104663
7 (QN/Block) 	Elapsed: 28.698	Loglikelihood: -5.32324e+07	(delta): 69726.7
8 (QN/Block) 	Elapsed: 29.279	Loglikelihood: -5.31744e+07	(delta): 58009.1
9 (QN/Block) 	Elapsed: 28.825	Loglikelihood: -5.31215e+07	(delta): 52895.2
10 (QN/Block) 	Elapsed: 29.294	Loglikelihood: -5.30962e+07	(delta): 25363.2
11 (QN/Block) 	Elapsed: 28.936	Loglikelihood: -5.30873e+07	(delta): 8882.75
12 (QN/Block) 	Elapsed: 29.909	Loglikelihood: -5.3085e+07	(delta): 2256.27
13 (QN/Block) 	Elapsed: 29.06	Loglikelihood: -5.30842e+07	(delta): 792.6
14 (QN/Block) 	Elapsed: 28.002	Loglikelihood: -5.30838e+07	(delta): 450.28
15 (QN/Block) 	Elapsed: 28.062	Loglikelihood: -5.30833e+07	(delta): 451.713
16 (QN/Block) 	Elapsed: 27.436	Loglikelihood: -5.30829e+07	(delta): 464.481
17 (QN/Block) 	Elapsed: 28.113	Loglikelihood: -5.30825e+07	(delta): 342.561
18 (QN/Block) 	Elapsed: 28.612	Loglikelihood: -5.30822e+07	(delta): 355.723
19 (QN/Block) 	Elapsed: 28.443	Loglikelihood: -5.30818e+07	(delta): 333.249
20 (QN/Block) 	Elapsed: 27.303	Loglikelihood: -5.30814e+07	(delta): 437.908
21 (QN/Block) 	Elapsed: 29.417	Loglikelihood: -5.3081e+07	(delta): 376.297
22 (QN/Block) 	Elapsed: 28.54	Loglikelihood: -5.30794e+07	(delta): 1570.55
23 (QN/Block) 	Elapsed: 29.86	Loglikelihood: -5.30758e+07	(delta): 3621.16
24 (QN/Block) 	Elapsed: 28.673	Loglikelihood: -5.30689e+07	(delta): 6935.24
25 (QN/Block) 	Elapsed: 28.854	Loglikelihood: -5.30615e+07	(delta): 7412.04
26 (QN/Block) 	Elapsed: 27.655	Loglikelihood: -5.30548e+07	(delta): 6643.26
27 (QN/Block) 	Elapsed: 28.444	Loglikelihood: -5.30486e+07	(delta): 6211.14
28 (QN/Block) 	Elapsed: 28.627	Loglikelihood: -5.30437e+07	(delta): 4967.57
29 (QN/Block) 	Elapsed: 28.885	Loglikelihood: -5.30402e+07	(delta): 3423.75
30 (QN/Block) 	Elapsed: 30.052	Loglikelihood: -5.30381e+07	(delta): 2102.08
31 (QN/Block) 	Elapsed: 29.19	Loglikelihood: -5.30374e+07	(delta): 750.04
32 (QN/Block) 	Elapsed: 30.219	Loglikelihood: -5.30371e+07	(delta): 280.329
33 (QN/Block) 	Elapsed: 30.94	Loglikelihood: -5.3037e+07	(delta): 141.346
34 (QN/Block) 	Elapsed: 28.167	Loglikelihood: -5.30369e+07	(delta): 92.9666
35 (QN/Block) 	Elapsed: 28.767	Loglikelihood: -5.30368e+07	(delta): 52.1984
36 (QN/Block) 	Elapsed: 30.134	Loglikelihood: -5.30368e+07	(delta): 18.909
37 (QN/Block) 	Elapsed: 29.073	Loglikelihood: -5.30368e+07	(delta): 8.28918
38 (QN/Block) 	Elapsed: 30.277	Loglikelihood: -5.30368e+07	(delta): 5.95983
39 (QN/Block) 	Elapsed: 32.249	Loglikelihood: -5.30368e+07	(delta): 6.52915
40 (QN/Block) 	Elapsed: 32.571	Loglikelihood: -5.30368e+07	(delta): 5.84028
41 (QN/Block) 	Elapsed: 27.924	Loglikelihood: -5.30368e+07	(delta): 9.14998
42 (QN/Block) 	Elapsed: 31.582	Loglikelihood: -5.30367e+07	(delta): 15.7803
43 (QN/Block) 	Elapsed: 29.724	Loglikelihood: -5.30367e+07	(delta): 24.6513
44 (QN/Block) 	Elapsed: 29.975	Loglikelihood: -5.30367e+07	(delta): 30.9441
45 (QN/Block) 	Elapsed: 29.241	Loglikelihood: -5.30367e+07	(delta): 31.0331
46 (QN/Block) 	Elapsed: 30.357	Loglikelihood: -5.30366e+07	(delta): 27.9506
47 (QN/Block) 	Elapsed: 31.338	Loglikelihood: -5.30366e+07	(delta): 23.135
48 (QN/Block) 	Elapsed: 28.523	Loglikelihood: -5.30366e+07	(delta): 19.1437
49 (QN/Block) 	Elapsed: 27.982	Loglikelihood: -5.30366e+07	(delta): 20.171
50 (QN/Block) 	Elapsed: 31.187	Loglikelihood: -5.30366e+07	(delta): 10.5436
51 (QN/Block) 	Elapsed: 28.53	Loglikelihood: -5.30365e+07	(delta): 7.41865
52 (QN/Block) 	Elapsed: 29.789	Loglikelihood: -5.30365e+07	(delta): 4.54042
53 (QN/Block) 	Elapsed: 27.478	Loglikelihood: -5.30365e+07	(delta): 2.03935
54 (QN/Block) 	Elapsed: 29.718	Loglikelihood: -5.30365e+07	(delta): 1.08643
55 (QN/Block) 	Elapsed: 27.714	Loglikelihood: -5.30365e+07	(delta): 0.463053
56 (QN/Block) 	Elapsed: 28.53	Loglikelihood: -5.30365e+07	(delta): 0.179093
57 (QN/Block) 	Elapsed: 28.167	Loglikelihood: -5.30365e+07	(delta): 0.0651413
58 (QN/Block) 	Elapsed: 29.995	Loglikelihood: -5.30365e+07	(delta): 0.0198849
59 (QN/Block) 	Elapsed: 27.919	Loglikelihood: -5.30365e+07	(delta): 0.00349708
60 (QN/Block) 	Elapsed: 28.123	Loglikelihood: -5.30365e+07	(delta): 0.000594459
61 (QN/Block) 	Elapsed: 28.286	Loglikelihood: -5.30365e+07	(delta): 0.000167824
62 (QN/Block) 	Elapsed: 28.673	Loglikelihood: -5.30365e+07	(delta): 2.80142e-05
Summary: 
Converged in 62 iterations (1900.57 sec)
Loglikelihood: -53036541.291919
Fst divergences between estimated populations: 
	Pop0	Pop1	Pop2	Pop3	Pop4	Pop5	
Pop0	
Pop1	0.083	
Pop2	0.051	0.066	
Pop3	0.110	0.133	0.103	
Pop4	0.089	0.110	0.074	0.140	
Pop5	0.070	0.094	0.061	0.096	0.100	
Pop6	0.055	0.075	0.043	0.110	0.081	0.067	
CV error (K=7): 0.30346
Writing output files.
