****                   ADMIXTURE Version 1.3.0                  ****
****                    Copyright 2008-2015                     ****
****           David Alexander, Suyash Shringarpure,            ****
****                John  Novembre, Ken Lange                   ****
****                                                            ****
****                 Please cite our paper!                     ****
****   Information at www.genetics.ucla.edu/software/admixture  ****

Parallel execution requested.  Will use 16 threads.
Cross-validation will be performed.  Folds=5.
Random seed: 43
Point estimation method: Block relaxation algorithm
Convergence acceleration algorithm: QuasiNewton, 3 secant conditions
Point estimation will terminate when objective function delta < 0.0001
Estimation of standard errors disabled; will compute point estimates only.
Size of G: 460x226161
Performing five EM steps to prime main algorithm
1 (EM) 	Elapsed: 12.375	Loglikelihood: -6.20969e+07	(delta): 9.97275e+07
2 (EM) 	Elapsed: 12.125	Loglikelihood: -5.9101e+07	(delta): 2.99589e+06
3 (EM) 	Elapsed: 12.156	Loglikelihood: -5.85419e+07	(delta): 559057
4 (EM) 	Elapsed: 11.839	Loglikelihood: -5.82345e+07	(delta): 307454
5 (EM) 	Elapsed: 11.124	Loglikelihood: -5.80243e+07	(delta): 210176
Initial loglikelihood: -5.80243e+07
Starting main algorithm
1 (QN/Block) 	Elapsed: 29.177	Loglikelihood: -5.63944e+07	(delta): 1.62996e+06
2 (QN/Block) 	Elapsed: 29.203	Loglikelihood: -5.56161e+07	(delta): 778247
3 (QN/Block) 	Elapsed: 29.584	Loglikelihood: -5.53257e+07	(delta): 290376
4 (QN/Block) 	Elapsed: 29.821	Loglikelihood: -5.4986e+07	(delta): 339682
5 (QN/Block) 	Elapsed: 29.87	Loglikelihood: -5.48713e+07	(delta): 114772
6 (QN/Block) 	Elapsed: 29.69	Loglikelihood: -5.48016e+07	(delta): 69708.3
7 (QN/Block) 	Elapsed: 29.03	Loglikelihood: -5.47547e+07	(delta): 46900.1
8 (QN/Block) 	Elapsed: 28.943	Loglikelihood: -5.47243e+07	(delta): 30369.3
9 (QN/Block) 	Elapsed: 29.131	Loglikelihood: -5.47026e+07	(delta): 21713.8
10 (QN/Block) 	Elapsed: 29.604	Loglikelihood: -5.46897e+07	(delta): 12892.5
11 (QN/Block) 	Elapsed: 29.193	Loglikelihood: -5.46814e+07	(delta): 8282.11
12 (QN/Block) 	Elapsed: 29.434	Loglikelihood: -5.46745e+07	(delta): 6862.01
13 (QN/Block) 	Elapsed: 29.635	Loglikelihood: -5.46689e+07	(delta): 5623.97
14 (QN/Block) 	Elapsed: 29.923	Loglikelihood: -5.46655e+07	(delta): 3430
15 (QN/Block) 	Elapsed: 30.118	Loglikelihood: -5.46609e+07	(delta): 4619.61
16 (QN/Block) 	Elapsed: 30.095	Loglikelihood: -5.46547e+07	(delta): 6183.71
17 (QN/Block) 	Elapsed: 30.227	Loglikelihood: -5.46469e+07	(delta): 7839.2
18 (QN/Block) 	Elapsed: 30.474	Loglikelihood: -5.46374e+07	(delta): 9443.42
19 (QN/Block) 	Elapsed: 29.895	Loglikelihood: -5.46253e+07	(delta): 12108.2
20 (QN/Block) 	Elapsed: 29.822	Loglikelihood: -5.46149e+07	(delta): 10424.7
21 (QN/Block) 	Elapsed: 30.093	Loglikelihood: -5.46125e+07	(delta): 2348.72
22 (QN/Block) 	Elapsed: 29.074	Loglikelihood: -5.46114e+07	(delta): 1134.43
23 (QN/Block) 	Elapsed: 28.919	Loglikelihood: -5.46109e+07	(delta): 492.569
24 (QN/Block) 	Elapsed: 29.369	Loglikelihood: -5.46107e+07	(delta): 149.555
25 (QN/Block) 	Elapsed: 29.475	Loglikelihood: -5.46107e+07	(delta): 29.4677
26 (QN/Block) 	Elapsed: 28.366	Loglikelihood: -5.46107e+07	(delta): 9.25876
27 (QN/Block) 	Elapsed: 28.005	Loglikelihood: -5.46107e+07	(delta): 0.809155
28 (QN/Block) 	Elapsed: 29.104	Loglikelihood: -5.46107e+07	(delta): 0.0879613
29 (QN/Block) 	Elapsed: 28.517	Loglikelihood: -5.46107e+07	(delta): 0.0350935
30 (QN/Block) 	Elapsed: 27.524	Loglikelihood: -5.46107e+07	(delta): 0.00145331
31 (QN/Block) 	Elapsed: 29.423	Loglikelihood: -5.46107e+07	(delta): 0.000263743
32 (QN/Block) 	Elapsed: 27.807	Loglikelihood: -5.46107e+07	(delta): 5.13345e-05
Summary: 
Converged in 32 iterations (1007.18 sec)
Loglikelihood: -54610709.883612
Fst divergences between estimated populations: 
	Pop0	Pop1	Pop2	
Pop0	
Pop1	0.038	
Pop2	0.095	0.100	
Pop3	0.072	0.079	0.132	
CV error (K=4): 0.30790
Writing output files.
