****                   ADMIXTURE Version 1.3.0                  ****
****                    Copyright 2008-2015                     ****
****           David Alexander, Suyash Shringarpure,            ****
****                John  Novembre, Ken Lange                   ****
****                                                            ****
****                 Please cite our paper!                     ****
****   Information at www.genetics.ucla.edu/software/admixture  ****

Parallel execution requested.  Will use 16 threads.
Cross-validation will be performed.  Folds=5.
Random seed: 43
Point estimation method: Block relaxation algorithm
Convergence acceleration algorithm: QuasiNewton, 3 secant conditions
Point estimation will terminate when objective function delta < 0.0001
Estimation of standard errors disabled; will compute point estimates only.
Size of G: 460x226161
Performing five EM steps to prime main algorithm
1 (EM) 	Elapsed: 5.101	Loglikelihood: -5.78317e+07	(delta): 1.50979e+08
2 (EM) 	Elapsed: 5.23	Loglikelihood: -5.78317e+07	(delta): 0
3 (EM) 	Elapsed: 4.429	Loglikelihood: -5.78317e+07	(delta): 7.45058e-09
4 (EM) 	Elapsed: 4.723	Loglikelihood: -5.78317e+07	(delta): -7.45058e-09
5 (EM) 	Elapsed: 4.348	Loglikelihood: -5.78317e+07	(delta): 0
Initial loglikelihood: -5.78317e+07
Starting main algorithm
1 (QN/Block) 	Elapsed: 9.69	Loglikelihood: -5.78317e+07	(delta): 0
Summary: 
Converged in 1 iterations (34.2 sec)
Loglikelihood: -57831677.363886
CV error (K=1): 0.32966
Writing output files.
